
> nexus@0.0.1 build
> astro check && astro build && echo _worker.js > dist/.assetsignore

[2m10:06:44[22m [34m[@astrojs/cloudflare][39m Enabling sessions with Cloudflare KV with the "SESSION" KV binding.
[2m10:06:44[22m [34m[@astrojs/cloudflare][39m If you see the error "Invalid binding `SESSION`" in your build output, you need to add the binding to your wrangler config file.
[33m[1m10:06:44[22m [WARN] [adapter][39m Cloudflare does not support sharp at runtime. However, you can configure `imageService: "compile"` to optimize images with sharp on prerendered pages during build time.

Auto-generating collections for folders in "src/content/" that are not defined as collections.
This is deprecated, so you should define these collections yourself in "src/content.config.ts".
The following collections have been auto-generated: civilization-roots, evolution, future, systems

[2m10:06:44[22m [34m[content][39m Syncing content
[33m[1m10:06:44[22m [WARN] [glob-loader][39m The base directory "F:\GitHub\NEXUS\src\content\娴嬭瘯\" does not exist.
[2m10:06:45[22m [34m[content][39m Synced content
[2m10:06:45[22m [34m[types][39m Generated [2m1.20s[22m
[2m10:06:45[22m [34m[check][39m Getting diagnostics for Astro files in F:\GitHub\NEXUS...
[96mscripts/annotate_build.js[0m:[93m74[0m:[93m15[0m - [93mwarning[0m[90m ts(6133): [0m'basename' is declared but its value is never read.

[7m74[0m   for (const [basename, notes] of mapping.entries()) {
[7m  [0m [93m              ~~~~~~~~[0m
[96mscripts/annotate_build.js[0m:[93m13[0m:[93m7[0m - [93mwarning[0m[90m ts(6133): [0m'SRC_MD_DIR' is declared but its value is never read.

[7m13[0m const SRC_MD_DIR = path.resolve(process.cwd(), 'src', 'content');
[7m  [0m [93m      ~~~~~~~~~~[0m

[96mscripts/validate-relations.mjs[0m:[93m4[0m:[93m1[0m - [93mwarning[0m[90m ts(6133): [0m'path' is declared but its value is never read.

[7m4[0m import path from 'path';
[7m [0m [93m~~~~~~~~~~~~~~~~~~~~~~~~[0m

[96msrc/plugins/remark-entity-annotation-fixed.js[0m:[93m276[0m:[93m7[0m - [93mwarning[0m[90m ts(6133): [0m'inAttributeValue' is declared but its value is never read.

[7m276[0m   let inAttributeValue = false;
[7m   [0m [93m      ~~~~~~~~~~~~~~~~[0m
[96msrc/plugins/remark-entity-annotation-fixed.js[0m:[93m267[0m:[93m50[0m - [93mwarning[0m[90m ts(6133): [0m'match' is declared but its value is never read.

[7m267[0m   return text.replace(PARAGRAPH_NUMBER_PATTERN, (match, num) => {
[7m   [0m [93m                                                 ~~~~~[0m

[96msrc/plugins/remark-entity-annotation.js[0m:[93m260[0m:[93m7[0m - [93mwarning[0m[90m ts(6133): [0m'inAttributeValue' is declared but its value is never read.

[7m260[0m   let inAttributeValue = false;
[7m   [0m [93m      ~~~~~~~~~~~~~~~~[0m
[96msrc/plugins/remark-entity-annotation.js[0m:[93m251[0m:[93m50[0m - [93mwarning[0m[90m ts(6133): [0m'match' is declared but its value is never read.

[7m251[0m   return text.replace(PARAGRAPH_NUMBER_PATTERN, (match, num) => {
[7m   [0m [93m                                                 ~~~~~[0m

Result (18 files):
- 0 errors
- 0 warnings
- 7 hints

[2m10:06:55[22m [34m[@astrojs/cloudflare][39m Enabling sessions with Cloudflare KV with the "SESSION" KV binding.
[2m10:06:55[22m [34m[@astrojs/cloudflare][39m If you see the error "Invalid binding `SESSION`" in your build output, you need to add the binding to your wrangler config file.
[33m[1m10:06:55[22m [WARN] [adapter][39m Cloudflare does not support sharp at runtime. However, you can configure `imageService: "compile"` to optimize images with sharp on prerendered pages during build time.

Auto-generating collections for folders in "src/content/" that are not defined as collections.
This is deprecated, so you should define these collections yourself in "src/content.config.ts".
The following collections have been auto-generated: civilization-roots, evolution, future, systems

[2m10:06:56[22m [34m[content][39m Syncing content
[33m[1m10:06:56[22m [WARN] [glob-loader][39m The base directory "F:\GitHub\NEXUS\src\content\娴嬭瘯\" does not exist.
[2m10:06:56[22m [34m[content][39m Synced content
[2m10:06:56[22m [34m[types][39m Generated [2m1.22s[22m
[2m10:06:56[22m [34m[build][39m output: [34m"static"[39m
[2m10:06:56[22m [34m[build][39m mode: [34m"server"[39m
[2m10:06:56[22m [34m[build][39m directory: [34mF:\GitHub\NEXUS\dist\[39m
[2m10:06:56[22m [34m[build][39m adapter: [32m@astrojs/cloudflare[39m
[2m10:06:56[22m [34m[build][39m Collecting build info...
[2m10:06:56[22m [34m[build][39m [32m鉁?Completed in 1.25s.[39m
[2m10:06:59[22m [34m[build][39m Building server entrypoints...
[33m[1m10:07:00[22m [WARN] [vite][39m [33m[plugin vite:resolve] Automatically externalized node built-in module "fs" imported from "src\pages\[category]\[slug].astro". Consider adding it to environments.ssr.external if it is intended.[39m
[33m[1m10:07:00[22m [WARN] [vite][39m [33m[plugin vite:resolve] Automatically externalized node built-in module "path" imported from "src\pages\[category]\[slug].astro". Consider adding it to environments.ssr.external if it is intended.[39m
[2m10:07:01[22m [34m[vite][39m [32m鉁?built in 2.55s[39m
[2m10:07:01[22m [34m[build][39m [32m鉁?Completed in 2.60s.[39m

[42m[30m building client (vite) [39m[49m
[2m10:07:01[22m [34m[vite][39m transforming...
[2m10:07:02[22m [34m[vite][39m [32m鉁?[39m 76 modules transformed.
[2m10:07:02[22m [34m[vite][39m rendering chunks...
[2m10:07:02[22m [34m[vite][39m computing gzip size...
[2m10:07:02[22m [34m[vite][39m [2mdist/[22m[36m_astro/BaseLayout.astro_astro_type_script_index_1_lang.N5AWs188.js  [39m[1m[2m  0.08 kB[22m[1m[22m[2m 鈹?gzip:  0.09 kB[22m
[2m10:07:02[22m [34m[vite][39m [2mdist/[22m[36m_astro/index.astro_astro_type_script_index_0_lang.DW8R1Jsn.js       [39m[1m[2m  4.33 kB[22m[1m[22m[2m 鈹?gzip:  1.90 kB[22m
[2m10:07:02[22m [34m[vite][39m [2mdist/[22m[36m_astro/lunar_calendar.D7Bg_lHs.js                                   [39m[1m[2m  4.97 kB[22m[1m[22m[2m 鈹?gzip:  2.92 kB[22m
[2m10:07:02[22m [34m[vite][39m [2mdist/[22m[36m_astro/index.D9eKHA8R.js                                            [39m[1m[2m151.71 kB[22m[1m[22m[2m 鈹?gzip: 56.37 kB[22m
[2m10:07:02[22m [34m[vite][39m [32m鉁?built in 710ms[39m

[42m[30m prerendering static routes [39m[49m
[2m10:07:02[22m [32m鈻?[39m src/pages/404.astro
[2m10:07:02[22m   [34m鈹斺攢[39m [2m/404.html[22m [2m(+15ms)[22m
[2m10:07:02[22m [32m鈻?[39m src/pages/pdf-viewer.astro
[2m10:07:02[22m   [34m鈹斺攢[39m [2m/pdf-viewer/index.html[22m [2m(+4ms)[22m
[2m10:07:02[22m [32m鈻?[39m src/pages/[category]/[slug].astro
The collection "娴嬭瘯" does not exist or is empty. Please check your content config file for errors.
[2m10:07:02[22m   [34m鈹溾攢[39m [2m/鏂囨槑鏍瑰熀/0-閮ㄥ簭/index.html[22m========== 鏍囨敞鏂囦欢鍔犺浇璋冭瘯 ==========
article.id 鍘熷鍊硷細 0-閮ㄥ簭.md
article.id 绫诲瀷锛?string
article.id 闀垮害锛?7
article.id 瀛楃浠ｇ爜锛?0(48) -(45) 閮?37096) 搴?24207) .(46) m(109) d(100)
annotationRoot锛?F:\GitHub\NEXUS\src\annotations
articlePathWithoutExt锛?0-閮ㄥ簭
eventsPath锛?F:\GitHub\NEXUS\src\annotations\0-�.events.jsonvents.md
relationsPath锛?F:\GitHub\NEXUS\src\annotations\0-�.relations.jsontions.md
eventsPath 瀛樺湪锛?false
relationsPath 瀛樺湪锛?false
鍔犺浇鐨勬爣娉ㄦ枃浠舵暟閲忥細 0
鍔犺浇鐨勬爣娉ㄦ枃浠讹細 []
浼犻€掔粰鍓嶇鐨勬爣娉ㄦ暟鎹細 { files: [] }
 [2m(+8ms)[22m
[2m10:07:02[22m   [34m鈹溾攢[39m [2m/鏂囨槑鏍瑰熀/澶╁/index.html[22m========== 鏍囨敞鏂囦欢鍔犺浇璋冭瘯 ==========
article.id 鍘熷鍊硷細 澶╁.md
article.id 绫诲瀷锛?string
article.id 闀垮害锛?5
article.id 瀛楃浠ｇ爜锛?澶?22825) 瀛?23398) .(46) m(109) d(100)
annotationRoot锛?F:\GitHub\NEXUS\src\annotations
articlePathWithoutExt锛?澶╁
eventsPath锛?F:\GitHub\NEXUS\src\annotations\�.events.jsonvents.md
relationsPath锛?F:\GitHub\NEXUS\src\annotations\�.relations.jsontions.md
eventsPath 瀛樺湪锛?false
relationsPath 瀛樺湪锛?false
鍔犺浇鐨勬爣娉ㄦ枃浠舵暟閲忥細 0
鍔犺浇鐨勬爣娉ㄦ枃浠讹細 []
浼犻€掔粰鍓嶇鐨勬爣娉ㄦ暟鎹細 { files: [] }
 [2m(+5ms)[22m
[2m10:07:02[22m   [34m鈹溾攢[39m [2m/鏂囨槑鏍瑰熀/澶╂枃浼?index.html[22m========== 鏍囨敞鏂囦欢鍔犺浇璋冭瘯 ==========
article.id 鍘熷鍊硷細 娴嬭瘯鏂囦欢澶?澶╂枃浼?md
article.id 绫诲瀷锛?string
article.id 闀垮害锛?12
article.id 瀛楃浠ｇ爜锛?娴?27979) 璇?35797) 鏂?25991) 浠?20214) 澶?22841) /(47) 澶?22825) 鏂?25991) 浼?20256) .(46) m(109) d(100)
annotationRoot锛?F:\GitHub\NEXUS\src\annotations
articlePathWithoutExt锛?娴嬭瘯鏂囦欢澶?澶╂枃浼?eventsPath锛?F:\GitHub\NEXUS\src\annotations\娴嬭瘯鏂囦欢澶筡澶╂枃浼?events.md
relationsPath锛?F:\GitHub\NEXUS\src\annotations\娴嬭瘯鏂囦欢澶筡澶╂枃浼?relations.md
eventsPath 瀛樺湪锛?false
relationsPath 瀛樺湪锛?false
鍔犺浇鐨勬爣娉ㄦ枃浠舵暟閲忥細 0
鍔犺浇鐨勬爣娉ㄦ枃浠讹細 []
浼犻€掔粰鍓嶇鐨勬爣娉ㄦ暟鎹細 { files: [] }
 [2m(+5ms)[22m
[2m10:07:02[22m   [34m鈹溾攢[39m [2m/鏂囨槑鏍瑰熀/浜烘璁?index.html[22m========== 鏍囨敞鏂囦欢鍔犺浇璋冭瘯 ==========
article.id 鍘熷鍊硷細 娴嬭瘯鏂囦欢澶?浜烘璁?md
article.id 绫诲瀷锛?string
article.id 闀垮害锛?12
article.id 瀛楃浠ｇ爜锛?娴?27979) 璇?35797) 鏂?25991) 浠?20214) 澶?22841) /(47) 浜?20154) 姝?27491) 璁?35770) .(46) m(109) d(100)
annotationRoot锛?F:\GitHub\NEXUS\src\annotations
articlePathWithoutExt锛?娴嬭瘯鏂囦欢澶?浜烘璁?eventsPath锛?F:\GitHub\NEXUS\src\annotations\娴嬭瘯鏂囦欢澶筡浜烘璁?events.md
relationsPath锛?F:\GitHub\NEXUS\src\annotations\娴嬭瘯鏂囦欢澶筡浜烘璁?relations.md
eventsPath 瀛樺湪锛?false
relationsPath 瀛樺湪锛?false
鍔犺浇鐨勬爣娉ㄦ枃浠舵暟閲忥細 0
鍔犺浇鐨勬爣娉ㄦ枃浠讹細 []
浼犻€掔粰鍓嶇鐨勬爣娉ㄦ暟鎹細 { files: [] }
 [2m(+6ms)[22m
[2m10:07:02[22m   [34m鈹溾攢[39m [2m/鏂囨槑鏍瑰熀/娴嬭瘯椤圭洰绗﹀彿鍒楄〃/index.html[22m========== 鏍囨敞鏂囦欢鍔犺浇璋冭瘯 ==========
article.id 鍘熷鍊硷細 娴嬭瘯鏂囦欢澶?娴嬭瘯椤圭洰绗﹀彿鍒楄〃.md
article.id 绫诲瀷锛?string
article.id 闀垮害锛?17
article.id 瀛楃浠ｇ爜锛?娴?27979) 璇?35797) 鏂?25991) 浠?20214) 澶?22841) /(47) 娴?27979) 璇?35797) 椤?39033) 鐩?30446) 绗?31526) 鍙?21495) 鍒?21015) 琛?34920) .(46) m(109) d(100)
annotationRoot锛?F:\GitHub\NEXUS\src\annotations
articlePathWithoutExt锛?娴嬭瘯鏂囦欢澶?娴嬭瘯椤圭洰绗﹀彿鍒楄〃
eventsPath锛?F:\GitHub\NEXUS\src\annotations\娴嬭瘯鏂囦欢.events.json��瘯椤圭洰绗﹀彿鍒楄〃.events.md
relationsPath锛?F:\GitHub\NEXUS\src\annotations\娴嬭瘯鏂囦欢.relations.json��椤圭洰绗﹀彿鍒楄〃.relations.md
eventsPath 瀛樺湪锛?false
relationsPath 瀛樺湪锛?false
鍔犺浇鐨勬爣娉ㄦ枃浠舵暟閲忥細 0
鍔犺浇鐨勬爣娉ㄦ枃浠讹細 []
浼犻€掔粰鍓嶇鐨勬爣娉ㄦ暟鎹細 { files: [] }
 [2m(+5ms)[22m
[2m10:07:02[22m   [34m鈹溾攢[39m [2m/鏂囨槑鏍瑰熀/鍦扮悊蹇?index.html[22m========== 鏍囨敞鏂囦欢鍔犺浇璋冭瘯 ==========
article.id 鍘熷鍊硷細 娴嬭瘯鏂囦欢澶?鍦扮悊蹇?md
article.id 绫诲瀷锛?string
article.id 闀垮害锛?12
article.id 瀛楃浠ｇ爜锛?娴?27979) 璇?35797) 鏂?25991) 浠?20214) 澶?22841) /(47) 鍦?22320) 鐞?29702) 蹇?24535) .(46) m(109) d(100)
annotationRoot锛?F:\GitHub\NEXUS\src\annotations
articlePathWithoutExt锛?娴嬭瘯鏂囦欢澶?鍦扮悊蹇?eventsPath锛?F:\GitHub\NEXUS\src\annotations\娴嬭瘯鏂囦欢澶筡鍦扮悊蹇?events.md
relationsPath锛?F:\GitHub\NEXUS\src\annotations\娴嬭瘯鏂囦欢澶筡鍦扮悊蹇?relations.md
eventsPath 瀛樺湪锛?false
relationsPath 瀛樺湪锛?false
鍔犺浇鐨勬爣娉ㄦ枃浠舵暟閲忥細 0
鍔犺浇鐨勬爣娉ㄦ枃浠讹細 []
浼犻€掔粰鍓嶇鐨勬爣娉ㄦ暟鎹細 { files: [] }
 [2m(+6ms)[22m
[2m10:07:02[22m   [34m鈹溾攢[39m [2m/鏂囨槑鏍瑰熀/娴嬭瘯鏍囨敞绀轰緥/index.html[22m========== 鏍囨敞鏂囦欢鍔犺浇璋冭瘯 ==========
article.id 鍘熷鍊硷細 娴嬭瘯鏂囦欢澶?娴嬭瘯鏍囨敞绀轰緥.md
article.id 绫诲瀷锛?string
article.id 闀垮害锛?15
article.id 瀛楃浠ｇ爜锛?娴?27979) 璇?35797) 鏂?25991) 浠?20214) 澶?22841) /(47) 娴?27979) 璇?35797) 鏍?26631) 娉?27880) 绀?31034) 渚?20363) .(46) m(109) d(100)
annotationRoot锛?F:\GitHub\NEXUS\src\annotations
articlePathWithoutExt锛?娴嬭瘯鏂囦欢澶?娴嬭瘯鏍囨敞绀轰緥
eventsPath锛?F:\GitHub\NEXUS\src\annotations\娴嬭瘯鏂囦.events.json��嬭瘯鏍囨敞绀轰緥.events.md
relationsPath锛?F:\GitHub\NEXUS\src\annotations\娴嬭瘯鏂囦.relations.json��瘯鏍囨敞绀轰緥.relations.md
eventsPath 瀛樺湪锛?false
relationsPath 瀛樺湪锛?false
鍔犺浇鐨勬爣娉ㄦ枃浠舵暟閲忥細 0
鍔犺浇鐨勬爣娉ㄦ枃浠讹細 []
浼犻€掔粰鍓嶇鐨勬爣娉ㄦ暟鎹細 { files: [] }
 [2m(+7ms)[22m
[2m10:07:02[22m   [34m鈹溾攢[39m [2m/鏂囨槑鏍瑰熀/绀轰緥-鏍囨敞婕旂ず/index.html[22m========== 鏍囨敞鏂囦欢鍔犺浇璋冭瘯 ==========
article.id 鍘熷鍊硷細 娴嬭瘯鏂囦欢澶?绀轰緥-鏍囨敞婕旂ず.md
article.id 绫诲瀷锛?string
article.id 闀垮害锛?16
article.id 瀛楃浠ｇ爜锛?娴?27979) 璇?35797) 鏂?25991) 浠?20214) 澶?22841) /(47) 绀?31034) 渚?20363) -(45) 鏍?26631) 娉?27880) 婕?28436) 绀?31034) .(46) m(109) d(100)
annotationRoot锛?F:\GitHub\NEXUS\src\annotations
articlePathWithoutExt锛?娴嬭瘯鏂囦欢澶?绀轰緥-鏍囨敞婕旂ず
eventsPath锛?F:\GitHub\NEXUS\src\annotations\娴嬭瘯鏂囦�.events.json�轰緥-鏍囨敞婕旂ず.events.md
relationsPath锛?F:\GitHub\NEXUS\src\annotations\娴嬭瘯鏂囦�.relations.json�緥-鏍囨敞婕旂ず.relations.md
eventsPath 瀛樺湪锛?false
relationsPath 瀛樺湪锛?false
鍔犺浇鐨勬爣娉ㄦ枃浠舵暟閲忥細 0
鍔犺浇鐨勬爣娉ㄦ枃浠讹細 []
浼犻€掔粰鍓嶇鐨勬爣娉ㄦ暟鎹細 { files: [] }
 [2m(+8ms)[22m
[2m10:07:02[22m   [34m鈹溾攢[39m [2m/鏂囨槑鏍瑰熀/test-markdown/index.html[22m========== 鏍囨敞鏂囦欢鍔犺浇璋冭瘯 ==========
article.id 鍘熷鍊硷細 娴嬭瘯鏂囦欢澶?test-markdown.md
article.id 绫诲瀷锛?string
article.id 闀垮害锛?22
article.id 瀛楃浠ｇ爜锛?娴?27979) 璇?35797) 鏂?25991) 浠?20214) 澶?22841) /(47) t(116) e(101) s(115) t(116) -(45) m(109) a(97) r(114) k(107) d(100) o(111) w(119) n(110) .(46) m(109) d(100)
annotationRoot锛?F:\GitHub\NEXUS\src\annotations
articlePathWithoutExt锛?娴嬭瘯鏂囦欢澶?test-markdown
eventsPath锛?F:\GitHub\NEXUS\src\annotations\娴嬭瘯鏂囦欢�.events.jsonmarkdown.events.md
relationsPath锛?F:\GitHub\NEXUS\src\annotations\娴嬭瘯鏂囦欢�.relations.jsonkdown.relations.md
eventsPath 瀛樺湪锛?false
relationsPath 瀛樺湪锛?false
鍔犺浇鐨勬爣娉ㄦ枃浠舵暟閲忥細 0
鍔犺浇鐨勬爣娉ㄦ枃浠讹細 []
浼犻€掔粰鍓嶇鐨勬爣娉ㄦ暟鎹細 { files: [] }
 [2m(+6ms)[22m
[2m10:07:02[22m   [34m鈹溾攢[39m [2m/婕旇繘杞ㄨ抗/0-閮ㄥ簭/index.html[22m========== 鏍囨敞鏂囦欢鍔犺浇璋冭瘯 ==========
article.id 鍘熷鍊硷細 0-閮ㄥ簭.md
article.id 绫诲瀷锛?string
article.id 闀垮害锛?7
article.id 瀛楃浠ｇ爜锛?0(48) -(45) 閮?37096) 搴?24207) .(46) m(109) d(100)
annotationRoot锛?F:\GitHub\NEXUS\src\annotations
articlePathWithoutExt锛?0-閮ㄥ簭
eventsPath锛?F:\GitHub\NEXUS\src\annotations\0-�.events.jsonvents.md
relationsPath锛?F:\GitHub\NEXUS\src\annotations\0-�.relations.jsontions.md
eventsPath 瀛樺湪锛?false
relationsPath 瀛樺湪锛?false
鍔犺浇鐨勬爣娉ㄦ枃浠舵暟閲忥細 0
鍔犺浇鐨勬爣娉ㄦ枃浠讹細 []
浼犻€掔粰鍓嶇鐨勬爣娉ㄦ暟鎹細 { files: [] }
 [2m(+8ms)[22m
[2m10:07:02[22m   [34m鈹溾攢[39m [2m/婕旇繘杞ㄨ抗/鏃跺簭绾?index.html[22m========== 鏍囨敞鏂囦欢鍔犺浇璋冭瘯 ==========
article.id 鍘熷鍊硷細 鏃跺簭绾?md
article.id 绫诲瀷锛?string
article.id 闀垮害锛?6
article.id 瀛楃浠ｇ爜锛?鏃?26102) 搴?24207) 绾?32434) .(46) m(109) d(100)
annotationRoot锛?F:\GitHub\NEXUS\src\annotations
articlePathWithoutExt锛?鏃跺簭绾?eventsPath锛?F:\GitHub\NEXUS\src\annotations\鏃跺簭绾?events.md
relationsPath锛?F:\GitHub\NEXUS\src\annotations\鏃跺簭绾?relations.md
eventsPath 瀛樺湪锛?false
relationsPath 瀛樺湪锛?false
鍔犺浇鐨勬爣娉ㄦ枃浠舵暟閲忥細 0
鍔犺浇鐨勬爣娉ㄦ枃浠讹細 []
浼犻€掔粰鍓嶇鐨勬爣娉ㄦ暟鎹細 { files: [] }
 [2m(+6ms)[22m
[2m10:07:02[22m   [34m鈹溾攢[39m [2m/婕旇繘杞ㄨ抗/鍏冨绾翰/index.html[22m========== 鏍囨敞鏂囦欢鍔犺浇璋冭瘯 ==========
article.id 鍘熷鍊硷細 浜嬪唽涔嬭浇/01-鍏冨绾?鍏冨绾翰.md
article.id 绫诲瀷锛?string
article.id 闀垮害锛?19
article.id 瀛楃浠ｇ爜锛?浜?20107) 鍐?20876) 涔?20043) 杞?36733) /(47) 0(48) 1(49) -(45) 鍏?20803) 濮?22987) 绾?32426) /(47) 鍏?20803) 濮?22987) 绾?32426) 绾?32434) .(46) m(109) d(100)
annotationRoot锛?F:\GitHub\NEXUS\src\annotations
articlePathWithoutExt锛?浜嬪唽涔嬭浇/01-鍏冨绾?鍏冨绾翰
eventsPath锛?F:\GitHub\NEXUS\src\annotations\浜嬪唽涔嬭浇\.events.json��绾猏鍏冨绾翰.events.md
relationsPath锛?F:\GitHub\NEXUS\src\annotations\浜嬪唽涔嬭浇\.relations.json��猏鍏冨绾翰.relations.md
eventsPath 瀛樺湪锛?false
relationsPath 瀛樺湪锛?false
鍔犺浇鐨勬爣娉ㄦ枃浠舵暟閲忥細 0
鍔犺浇鐨勬爣娉ㄦ枃浠讹細 []
浼犻€掔粰鍓嶇鐨勬爣娉ㄦ暟鎹細 { files: [] }
 [2m(+8ms)[22m
[2m10:07:02[22m   [34m鈹溾攢[39m [2m/婕旇繘杞ㄨ抗/鍚堥洅绾翰/index.html[22m========== 鏍囨敞鏂囦欢鍔犺浇璋冭瘯 ==========
article.id 鍘熷鍊硷細 浜嬪唽涔嬭浇/06-鍚堥洅绾?鍚堥洅绾翰.md
article.id 绫诲瀷锛?string
article.id 闀垮害锛?19
article.id 瀛楃浠ｇ爜锛?浜?20107) 鍐?20876) 涔?20043) 杞?36733) /(47) 0(48) 6(54) -(45) 鍚?21512) 闆?38610) 绾?32426) /(47) 鍚?21512) 闆?38610) 绾?32426) 绾?32434) .(46) m(109) d(100)
annotationRoot锛?F:\GitHub\NEXUS\src\annotations
articlePathWithoutExt锛?浜嬪唽涔嬭浇/06-鍚堥洅绾?鍚堥洅绾翰
eventsPath锛?F:\GitHub\NEXUS\src\annotations\浜嬪唽涔嬭浇\.events.json��绾猏鍚堥洅绾翰.events.md
relationsPath锛?F:\GitHub\NEXUS\src\annotations\浜嬪唽涔嬭浇\.relations.json��猏鍚堥洅绾翰.relations.md
eventsPath 瀛樺湪锛?false
relationsPath 瀛樺湪锛?false
鍔犺浇鐨勬爣娉ㄦ枃浠舵暟閲忥細 0
鍔犺浇鐨勬爣娉ㄦ枃浠讹細 []
浼犻€掔粰鍓嶇鐨勬爣娉ㄦ暟鎹細 { files: [] }
 [2m(+7ms)[22m
[2m10:07:02[22m   [34m鈹溾攢[39m [2m/婕旇繘杞ㄨ抗/浜岄潏绾翰/index.html[22m========== 鏍囨敞鏂囦欢鍔犺浇璋冭瘯 ==========
article.id 鍘熷鍊硷細 浜嬪唽涔嬭浇/02-浜岄潏绾?浜岄潏绾翰.md
article.id 绫诲瀷锛?string
article.id 闀垮害锛?19
article.id 瀛楃浠ｇ爜锛?浜?20107) 鍐?20876) 涔?20043) 杞?36733) /(47) 0(48) 2(50) -(45) 浜?20108) 闈?38728) 绾?32426) /(47) 浜?20108) 闈?38728) 绾?32426) 绾?32434) .(46) m(109) d(100)
annotationRoot锛?F:\GitHub\NEXUS\src\annotations
articlePathWithoutExt锛?浜嬪唽涔嬭浇/02-浜岄潏绾?浜岄潏绾翰
eventsPath锛?F:\GitHub\NEXUS\src\annotations\浜嬪唽涔嬭浇\.events.json��绾猏浜岄潏绾翰.events.md
relationsPath锛?F:\GitHub\NEXUS\src\annotations\浜嬪唽涔嬭浇\.relations.json��猏浜岄潏绾翰.relations.md
eventsPath 瀛樺湪锛?false
relationsPath 瀛樺湪锛?false
鍔犺浇鐨勬爣娉ㄦ枃浠舵暟閲忥細 0
鍔犺浇鐨勬爣娉ㄦ枃浠讹細 []
浼犻€掔粰鍓嶇鐨勬爣娉ㄦ暟鎹細 { files: [] }
 [2m(+10ms)[22m
[2m10:07:02[22m   [34m鈹溾攢[39m [2m/婕旇繘杞ㄨ抗/鍦扮殗涓栨湰/index.html[22m========== 鏍囨敞鏂囦欢鍔犺浇璋冭瘯 ==========
article.id 鍘熷鍊硷細 浜嬪唽涔嬭浇/02-浜岄潏绾?02-鍦扮殗浠?鍦扮殗涓栨湰.md
article.id 绫诲瀷锛?string
article.id 闀垮害锛?26
article.id 瀛楃浠ｇ爜锛?浜?20107) 鍐?20876) 涔?20043) 杞?36733) /(47) 0(48) 2(50) -(45) 浜?20108) 闈?38728) 绾?32426) /(47) 0(48) 2(50) -(45) 鍦?22320) 鐨?30343) 浠?20195) /(47) 鍦?22320) 鐨?30343) 涓?19990) 鏈?26412) .(46) m(109) d(100)
annotationRoot锛?F:\GitHub\NEXUS\src\annotations
articlePathWithoutExt锛?浜嬪唽涔嬭浇/02-浜岄潏绾?02-鍦扮殗浠?鍦扮殗涓栨湰
eventsPath锛?F:\GitHub\NEXUS\src\annotations\浜嬪唽涔嬭浇\02-浜�.events.json02-鍦扮殗浠鍦扮殗涓栨湰.events.md
relationsPath锛?F:\GitHub\NEXUS\src\annotations\浜嬪唽涔嬭浇\02-浜�.relations.json鍦扮殗浠鍦扮殗涓栨湰.relations.md
eventsPath 瀛樺湪锛?false
relationsPath 瀛樺湪锛?false
鍔犺浇鐨勬爣娉ㄦ枃浠舵暟閲忥細 0
鍔犺浇鐨勬爣娉ㄦ枃浠讹細 []
浼犻€掔粰鍓嶇鐨勬爣娉ㄦ暟鎹細 { files: [] }
 [2m(+11ms)[22m
[2m10:07:02[22m   [34m鈹溾攢[39m [2m/婕旇繘杞ㄨ抗/00-鐐庡ぉ涓栨湰/index.html[22m========== 鏍囨敞鏂囦欢鍔犺浇璋冭瘯 ==========
article.id 鍘熷鍊硷細 浜嬪唽涔嬭浇/11-绂€氱邯/02-榄侀殫鏈濅唬/00-鐐庡ぉ涓栨湰.md
article.id 绫诲瀷锛?string
article.id 闀垮害锛?30
article.id 瀛楃浠ｇ爜锛?浜?20107) 鍐?20876) 涔?20043) 杞?36733) /(47) 1(49) 1(49) -(45) 绂?31146) 閫?36890) 绾?32426) /(47) 0(48) 2(50) -(45) 榄?39745) 闅?38551) 鏈?26397) 浠?20195) /(47) 0(48) 0(48) -(45) 鐐?28814) 澶?22825) 涓?19990) 鏈?26412) .(46) m(109) d(100)
annotationRoot锛?F:\GitHub\NEXUS\src\annotations
articlePathWithoutExt锛?浜嬪唽涔嬭浇/11-绂€氱邯/02-榄侀殫鏈濅唬/00-鐐庡ぉ涓栨湰
eventsPath锛?F:\GitHub\NEXUS\src\annotations\浜嬪唽涔嬭浇\11-绂€�.events.json�侀殫鏈濅唬\00-鐐庡ぉ涓栨湰.events.md
relationsPath锛?F:\GitHub\NEXUS\src\annotations\浜嬪唽涔嬭浇\11-绂€�.relations.json�殫鏈濅唬\00-鐐庡ぉ涓栨湰.relations.md
eventsPath 瀛樺湪锛?false
relationsPath 瀛樺湪锛?false
鍔犺浇鐨勬爣娉ㄦ枃浠舵暟閲忥細 0
鍔犺浇鐨勬爣娉ㄦ枃浠讹細 []
浼犻€掔粰鍓嶇鐨勬爣娉ㄦ暟鎹細 { files: [] }
 [2m(+8ms)[22m
[2m10:07:02[22m   [34m鈹溾攢[39m [2m/婕旇繘杞ㄨ抗/浜嬪唽绾?index.html[22m========== 鏍囨敞鏂囦欢鍔犺浇璋冭瘯 ==========
article.id 鍘熷鍊硷細 浜嬪唽涔嬭浇/浜嬪唽绾?md
article.id 绫诲瀷锛?string
article.id 闀垮害锛?11
article.id 瀛楃浠ｇ爜锛?浜?20107) 鍐?20876) 涔?20043) 杞?36733) /(47) 浜?20107) 鍐?20876) 绾?32434) .(46) m(109) d(100)
annotationRoot锛?F:\GitHub\NEXUS\src\annotations
articlePathWithoutExt锛?浜嬪唽涔嬭浇/浜嬪唽绾?eventsPath锛?F:\GitHub\NEXUS\src\annotations\浜嬪唽涔嬭浇\浜嬪唽绾?events.md
relationsPath锛?F:\GitHub\NEXUS\src\annotations\浜嬪唽涔嬭浇\浜嬪唽绾?relations.md
eventsPath 瀛樺湪锛?false
relationsPath 瀛樺湪锛?false
鍔犺浇鐨勬爣娉ㄦ枃浠舵暟閲忥細 0
鍔犺浇鐨勬爣娉ㄦ枃浠讹細 []
浼犻€掔粰鍓嶇鐨勬爣娉ㄦ暟鎹細 { files: [] }
 [2m(+15ms)[22m
[2m10:07:02[22m   [34m鈹溾攢[39m [2m/婕旇繘杞ㄨ抗/澶╃殗涓栨湰/index.html[22m========== 鏍囨敞鏂囦欢鍔犺浇璋冭瘯 ==========
article.id 鍘熷鍊硷細 浜嬪唽涔嬭浇/02-浜岄潏绾?01-澶╃殗浠?澶╃殗涓栨湰.md
article.id 绫诲瀷锛?string
article.id 闀垮害锛?26
article.id 瀛楃浠ｇ爜锛?浜?20107) 鍐?20876) 涔?20043) 杞?36733) /(47) 0(48) 2(50) -(45) 浜?20108) 闈?38728) 绾?32426) /(47) 0(48) 1(49) -(45) 澶?22825) 鐨?30343) 浠?20195) /(47) 澶?22825) 鐨?30343) 涓?19990) 鏈?26412) .(46) m(109) d(100)
annotationRoot锛?F:\GitHub\NEXUS\src\annotations
articlePathWithoutExt锛?浜嬪唽涔嬭浇/02-浜岄潏绾?01-澶╃殗浠?澶╃殗涓栨湰
eventsPath锛?F:\GitHub\NEXUS\src\annotations\浜嬪唽涔嬭浇\02-浜�.events.json01-澶╃殗浠澶╃殗涓栨湰.events.md
relationsPath锛?F:\GitHub\NEXUS\src\annotations\浜嬪唽涔嬭浇\02-浜�.relations.json澶╃殗浠澶╃殗涓栨湰.relations.md
eventsPath 瀛樺湪锛?false
relationsPath 瀛樺湪锛?false
鍔犺浇鐨勬爣娉ㄦ枃浠舵暟閲忥細 0
鍔犺浇鐨勬爣娉ㄦ枃浠讹細 []
浼犻€掔粰鍓嶇鐨勬爣娉ㄦ暟鎹細 { files: [] }
 [2m(+9ms)[22m
[2m10:07:02[22m   [34m鈹溾攢[39m [2m/婕旇繘杞ㄨ抗/浜虹殗涓栨湰/index.html[22m========== 鏍囨敞鏂囦欢鍔犺浇璋冭瘯 ==========
article.id 鍘熷鍊硷細 浜嬪唽涔嬭浇/03-涔濋牠绾?02-浜虹殗浠?浜虹殗涓栨湰.md
article.id 绫诲瀷锛?string
article.id 闀垮害锛?26
article.id 瀛楃浠ｇ爜锛?浜?20107) 鍐?20876) 涔?20043) 杞?36733) /(47) 0(48) 3(51) -(45) 涔?20061) 闋?38957) 绾?32426) /(47) 0(48) 2(50) -(45) 浜?20154) 鐨?30343) 浠?20195) /(47) 浜?20154) 鐨?30343) 涓?19990) 鏈?26412) .(46) m(109) d(100)
annotationRoot锛?F:\GitHub\NEXUS\src\annotations
articlePathWithoutExt锛?浜嬪唽涔嬭浇/03-涔濋牠绾?02-浜虹殗浠?浜虹殗涓栨湰
eventsPath锛?F:\GitHub\NEXUS\src\annotations\浜嬪唽涔嬭浇\03-涔�.events.json02-浜虹殗浠浜虹殗涓栨湰.events.md
relationsPath锛?F:\GitHub\NEXUS\src\annotations\浜嬪唽涔嬭浇\03-涔�.relations.json浜虹殗浠浜虹殗涓栨湰.relations.md
eventsPath 瀛樺湪锛?false
relationsPath 瀛樺湪锛?false
鍔犺浇鐨勬爣娉ㄦ枃浠舵暟閲忥細 0
鍔犺浇鐨勬爣娉ㄦ枃浠讹細 []
浼犻€掔粰鍓嶇鐨勬爣娉ㄦ暟鎹細 { files: [] }
 [2m(+5ms)[22m
[2m10:07:02[22m   [34m鈹溾攢[39m [2m/婕旇繘杞ㄨ抗/00-澶槉涓栨湰/index.html[22m========== 鏍囨敞鏂囦欢鍔犺浇璋冭瘯 ==========
article.id 鍘熷鍊硷細 浜嬪唽涔嬭浇/11-绂€氱邯/01-浼忕静鏈濅唬/00-澶槉涓栨湰.md
article.id 绫诲瀷锛?string
article.id 闀垮害锛?30
article.id 瀛楃浠ｇ爜锛?浜?20107) 鍐?20876) 涔?20043) 杞?36733) /(47) 1(49) 1(49) -(45) 绂?31146) 閫?36890) 绾?32426) /(47) 0(48) 1(49) -(45) 浼?20239) 缇?32690) 鏈?26397) 浠?20195) /(47) 0(48) 0(48) -(45) 澶?22826) 鏄?26122) 涓?19990) 鏈?26412) .(46) m(109) d(100)
annotationRoot锛?F:\GitHub\NEXUS\src\annotations
articlePathWithoutExt锛?浜嬪唽涔嬭浇/11-绂€氱邯/01-浼忕静鏈濅唬/00-澶槉涓栨湰
eventsPath锛?F:\GitHub\NEXUS\src\annotations\浜嬪唽涔嬭浇\11-绂€�.events.json�忕静鏈濅唬\00-澶槉涓栨湰.events.md
relationsPath锛?F:\GitHub\NEXUS\src\annotations\浜嬪唽涔嬭浇\11-绂€�.relations.json�静鏈濅唬\00-澶槉涓栨湰.relations.md
eventsPath 瀛樺湪锛?false
relationsPath 瀛樺湪锛?false
鍔犺浇鐨勬爣娉ㄦ枃浠舵暟閲忥細 0
鍔犺浇鐨勬爣娉ㄦ枃浠讹細 []
浼犻€掔粰鍓嶇鐨勬爣娉ㄦ暟鎹細 { files: [] }
 [2m(+8ms)[22m
[2m10:07:02[22m   [34m鈹溾攢[39m [2m/婕旇繘杞ㄨ抗/00-榛勫ぉ涓栨湰/index.html[22m========== 鏍囨敞鏂囦欢鍔犺浇璋冭瘯 ==========
article.id 鍘熷鍊硷細 浜嬪唽涔嬭浇/12-鐤忎弧绾?01-杌掕絽鏈濅唬/00-榛勫ぉ涓栨湰.md
article.id 绫诲瀷锛?string
article.id 闀垮害锛?30
article.id 瀛楃浠ｇ爜锛?浜?20107) 鍐?20876) 涔?20043) 杞?36733) /(47) 1(49) 2(50) -(45) 鐤?30095) 浠?20193) 绾?32426) /(47) 0(48) 1(49) -(45) 杌?36562) 杞?36677) 鏈?26397) 浠?20195) /(47) 0(48) 0(48) -(45) 榛?40644) 澶?22825) 涓?19990) 鏈?26412) .(46) m(109) d(100)
annotationRoot锛?F:\GitHub\NEXUS\src\annotations
articlePathWithoutExt锛?浜嬪唽涔嬭浇/12-鐤忎弧绾?01-杌掕絽鏈濅唬/00-榛勫ぉ涓栨湰
eventsPath锛?F:\GitHub\NEXUS\src\annotations\浜嬪唽涔嬭浇\12-鐤忎弧�.events.json�掕絽鏈濅唬\00-榛勫ぉ涓栨湰.events.md
relationsPath锛?F:\GitHub\NEXUS\src\annotations\浜嬪唽涔嬭浇\12-鐤忎弧�.relations.json�絽鏈濅唬\00-榛勫ぉ涓栨湰.relations.md
eventsPath 瀛樺湪锛?false
relationsPath 瀛樺湪锛?false
鍔犺浇鐨勬爣娉ㄦ枃浠舵暟閲忥細 0
鍔犺浇鐨勬爣娉ㄦ枃浠讹細 []
浼犻€掔粰鍓嶇鐨勬爣娉ㄦ暟鎹細 { files: [] }
 [2m(+18ms)[22m
[2m10:07:03[22m   [34m鈹溾攢[39m [2m/婕旇繘杞ㄨ抗/03-銆婂彶璁般€嬩簲甯濇湰绾烽粍甯?index.html[22m========== 鏍囨敞鏂囦欢鍔犺浇璋冭瘯 ==========
article.id 鍘熷鍊硷細 浜嬪唽涔嬭浇/12-鐤忎弧绾?01-杌掕絽鏈濅唬/03-銆婂彶璁般€嬩簲甯濇湰绾烽粍甯?md
article.id 绫诲瀷锛?string
article.id 闀垮害锛?37
article.id 瀛楃浠ｇ爜锛?浜?20107) 鍐?20876) 涔?20043) 杞?36733) /(47) 1(49) 2(50) -(45) 鐤?30095) 浠?20193) 绾?32426) /(47) 0(48) 1(49) -(45) 杌?36562) 杞?36677) 鏈?26397) 浠?20195) /(47) 0(48) 3(51) -(45) 銆?12298) 鍙?21490) 璁?35760) 銆?12299) 浜?20116) 甯?24093) 鏈?26412) 绾?32426) 路(183) 榛?40644) 甯?24093) .(46) m(109) d(100)
annotationRoot锛?F:\GitHub\NEXUS\src\annotations
articlePathWithoutExt锛?浜嬪唽涔嬭浇/12-鐤忎弧绾?01-杌掕絽鏈濅唬/03-銆婂彶璁般€嬩簲甯濇湰绾烽粍甯?eventsPath锛?F:\GitHub\NEXUS\src\annotations\浜嬪唽涔嬭浇\12-鐤忎弧绾猏01-杌掕絽鏈濅唬\03-銆婂彶璁般€嬩簲甯濇湰绾烽粍甯?events.md
relationsPath锛?F:\GitHub\NEXUS\src\annotations\浜嬪唽涔嬭浇\12-鐤忎弧绾猏01-杌掕絽鏈濅唬\03-銆婂彶璁般€嬩簲甯濇湰绾烽粍甯?relations.md
eventsPath 瀛樺湪锛?false
relationsPath 瀛樺湪锛?false
鍔犺浇鐨勬爣娉ㄦ枃浠舵暟閲忥細 0
鍔犺浇鐨勬爣娉ㄦ枃浠讹細 []
浼犻€掔粰鍓嶇鐨勬爣娉ㄦ暟鎹細 { files: [] }
 [2m(+19ms)[22m
[2m10:07:03[22m   [34m鈹溾攢[39m [2m/婕旇繘杞ㄨ抗/01-棰涢〖涓栨湰/index.html[22m========== 鏍囨敞鏂囦欢鍔犺浇璋冭瘯 ==========
article.id 鍘熷鍊硷細 浜嬪唽涔嬭浇/12-鐤忎弧绾?03-楂橀櫧鏈濅唬/01-棰涢〖涓栨湰.md
article.id 绫诲瀷锛?string
article.id 闀垮害锛?30
article.id 瀛楃浠ｇ爜锛?浜?20107) 鍐?20876) 涔?20043) 杞?36733) /(47) 1(49) 2(50) -(45) 鐤?30095) 浠?20193) 绾?32426) /(47) 0(48) 3(51) -(45) 楂?39640) 闄?38525) 鏈?26397) 浠?20195) /(47) 0(48) 1(49) -(45) 棰?39067) 椤?39036) 涓?19990) 鏈?26412) .(46) m(109) d(100)
annotationRoot锛?F:\GitHub\NEXUS\src\annotations
articlePathWithoutExt锛?浜嬪唽涔嬭浇/12-鐤忎弧绾?03-楂橀櫧鏈濅唬/01-棰涢〖涓栨湰
eventsPath锛?F:\GitHub\NEXUS\src\annotations\浜嬪唽涔嬭浇\12-鐤忎弧�.events.json�橀櫧鏈濅唬\01-棰涢〖涓栨湰.events.md
relationsPath锛?F:\GitHub\NEXUS\src\annotations\浜嬪唽涔嬭浇\12-鐤忎弧�.relations.json�櫧鏈濅唬\01-棰涢〖涓栨湰.relations.md
eventsPath 瀛樺湪锛?false
relationsPath 瀛樺湪锛?false
鍔犺浇鐨勬爣娉ㄦ枃浠舵暟閲忥細 0
鍔犺浇鐨勬爣娉ㄦ枃浠讹細 []
浼犻€掔粰鍓嶇鐨勬爣娉ㄦ暟鎹細 { files: [] }
 [2m(+7ms)[22m
[2m10:07:03[22m   [34m鈹溾攢[39m [2m/婕旇繘杞ㄨ抗/01-灏戞槉涓栨湰/index.html[22m========== 鏍囨敞鏂囦欢鍔犺浇璋冭瘯 ==========
article.id 鍘熷鍊硷細 浜嬪唽涔嬭浇/12-鐤忎弧绾?02-閲戝ぉ鏈濅唬/01-灏戞槉涓栨湰.md
article.id 绫诲瀷锛?string
article.id 闀垮害锛?30
article.id 瀛楃浠ｇ爜锛?浜?20107) 鍐?20876) 涔?20043) 杞?36733) /(47) 1(49) 2(50) -(45) 鐤?30095) 浠?20193) 绾?32426) /(47) 0(48) 2(50) -(45) 閲?37329) 澶?22825) 鏈?26397) 浠?20195) /(47) 0(48) 1(49) -(45) 灏?23569) 鏄?26122) 涓?19990) 鏈?26412) .(46) m(109) d(100)
annotationRoot锛?F:\GitHub\NEXUS\src\annotations
articlePathWithoutExt锛?浜嬪唽涔嬭浇/12-鐤忎弧绾?02-閲戝ぉ鏈濅唬/01-灏戞槉涓栨湰
eventsPath锛?F:\GitHub\NEXUS\src\annotations\浜嬪唽涔嬭浇\12-鐤忎弧�.events.json�戝ぉ鏈濅唬\01-灏戞槉涓栨湰.events.md
relationsPath锛?F:\GitHub\NEXUS\src\annotations\浜嬪唽涔嬭浇\12-鐤忎弧�.relations.json�ぉ鏈濅唬\01-灏戞槉涓栨湰.relations.md
eventsPath 瀛樺湪锛?false
relationsPath 瀛樺湪锛?false
鍔犺浇鐨勬爣娉ㄦ枃浠舵暟閲忥細 0
鍔犺浇鐨勬爣娉ㄦ枃浠讹細 []
浼犻€掔粰鍓嶇鐨勬爣娉ㄦ暟鎹細 { files: [] }
 [2m(+6ms)[22m
[2m10:07:03[22m   [34m鈹溾攢[39m [2m/婕旇繘杞ㄨ抗/01-鍠惧ぉ涓栨湰/index.html[22m========== 鏍囨敞鏂囦欢鍔犺浇璋冭瘯 ==========
article.id 鍘熷鍊硷細 浜嬪唽涔嬭浇/12-鐤忎弧绾?04-楂樿緵鏈濅唬/01-鍠惧ぉ涓栨湰.md
article.id 绫诲瀷锛?string
article.id 闀垮害锛?30
article.id 瀛楃浠ｇ爜锛?浜?20107) 鍐?20876) 涔?20043) 杞?36733) /(47) 1(49) 2(50) -(45) 鐤?30095) 浠?20193) 绾?32426) /(47) 0(48) 4(52) -(45) 楂?39640) 杈?36763) 鏈?26397) 浠?20195) /(47) 0(48) 1(49) -(45) 鍠?21950) 澶?22825) 涓?19990) 鏈?26412) .(46) m(109) d(100)
annotationRoot锛?F:\GitHub\NEXUS\src\annotations
articlePathWithoutExt锛?浜嬪唽涔嬭浇/12-鐤忎弧绾?04-楂樿緵鏈濅唬/01-鍠惧ぉ涓栨湰
eventsPath锛?F:\GitHub\NEXUS\src\annotations\浜嬪唽涔嬭浇\12-鐤忎弧�.events.json�樿緵鏈濅唬\01-鍠惧ぉ涓栨湰.events.md
relationsPath锛?F:\GitHub\NEXUS\src\annotations\浜嬪唽涔嬭浇\12-鐤忎弧�.relations.json�緵鏈濅唬\01-鍠惧ぉ涓栨湰.relations.md
eventsPath 瀛樺湪锛?false
relationsPath 瀛樺湪锛?false
鍔犺浇鐨勬爣娉ㄦ枃浠舵暟閲忥細 0
鍔犺浇鐨勬爣娉ㄦ枃浠讹細 []
浼犻€掔粰鍓嶇鐨勬爣娉ㄦ暟鎹細 { files: [] }
 [2m(+6ms)[22m
[2m10:07:03[22m   [34m鈹溾攢[39m [2m/婕旇繘杞ㄨ抗/03-銆婂彶璁般€嬩簲甯濇湰绾峰笣鍠?index.html[22m========== 鏍囨敞鏂囦欢鍔犺浇璋冭瘯 ==========
article.id 鍘熷鍊硷細 浜嬪唽涔嬭浇/12-鐤忎弧绾?04-楂樿緵鏈濅唬/03-銆婂彶璁般€嬩簲甯濇湰绾峰笣鍠?md
article.id 绫诲瀷锛?string
article.id 闀垮害锛?37
article.id 瀛楃浠ｇ爜锛?浜?20107) 鍐?20876) 涔?20043) 杞?36733) /(47) 1(49) 2(50) -(45) 鐤?30095) 浠?20193) 绾?32426) /(47) 0(48) 4(52) -(45) 楂?39640) 杈?36763) 鏈?26397) 浠?20195) /(47) 0(48) 3(51) -(45) 銆?12298) 鍙?21490) 璁?35760) 銆?12299) 浜?20116) 甯?24093) 鏈?26412) 绾?32426) 路(183) 甯?24093) 鍠?21950) .(46) m(109) d(100)
annotationRoot锛?F:\GitHub\NEXUS\src\annotations
articlePathWithoutExt锛?浜嬪唽涔嬭浇/12-鐤忎弧绾?04-楂樿緵鏈濅唬/03-銆婂彶璁般€嬩簲甯濇湰绾峰笣鍠?eventsPath锛?F:\GitHub\NEXUS\src\annotations\浜嬪唽涔嬭浇\12-鐤忎弧绾猏04-楂樿緵鏈濅唬\03-銆婂彶璁般€嬩簲甯濇湰绾峰笣鍠?events.md
relationsPath锛?F:\GitHub\NEXUS\src\annotations\浜嬪唽涔嬭浇\12-鐤忎弧绾猏04-楂樿緵鏈濅唬\03-銆婂彶璁般€嬩簲甯濇湰绾峰笣鍠?relations.md
eventsPath 瀛樺湪锛?false
relationsPath 瀛樺湪锛?false
鍔犺浇鐨勬爣娉ㄦ枃浠舵暟閲忥細 0
鍔犺浇鐨勬爣娉ㄦ枃浠讹細 []
浼犻€掔粰鍓嶇鐨勬爣娉ㄦ暟鎹細 { files: [] }
 [2m(+7ms)[22m
[2m10:07:03[22m   [34m鈹溾攢[39m [2m/婕旇繘杞ㄨ抗/01-鎸氬ぉ涓栨湰/index.html[22m========== 鏍囨敞鏂囦欢鍔犺浇璋冭瘯 ==========
article.id 鍘熷鍊硷細 浜嬪唽涔嬭浇/12-鐤忎弧绾?05-闈掗櫧鏈濅唬/01-鎸氬ぉ涓栨湰.md
article.id 绫诲瀷锛?string
article.id 闀垮害锛?30
article.id 瀛楃浠ｇ爜锛?浜?20107) 鍐?20876) 涔?20043) 杞?36733) /(47) 1(49) 2(50) -(45) 鐤?30095) 浠?20193) 绾?32426) /(47) 0(48) 5(53) -(45) 闈?38738) 闄?38525) 鏈?26397) 浠?20195) /(47) 0(48) 1(49) -(45) 鎸?25370) 澶?22825) 涓?19990) 鏈?26412) .(46) m(109) d(100)
annotationRoot锛?F:\GitHub\NEXUS\src\annotations
articlePathWithoutExt锛?浜嬪唽涔嬭浇/12-鐤忎弧绾?05-闈掗櫧鏈濅唬/01-鎸氬ぉ涓栨湰
eventsPath锛?F:\GitHub\NEXUS\src\annotations\浜嬪唽涔嬭浇\12-鐤忎弧�.events.json�掗櫧鏈濅唬\01-鎸氬ぉ涓栨湰.events.md
relationsPath锛?F:\GitHub\NEXUS\src\annotations\浜嬪唽涔嬭浇\12-鐤忎弧�.relations.json�櫧鏈濅唬\01-鎸氬ぉ涓栨湰.relations.md
eventsPath 瀛樺湪锛?false
relationsPath 瀛樺湪锛?false
鍔犺浇鐨勬爣娉ㄦ枃浠舵暟閲忥細 0
鍔犺浇鐨勬爣娉ㄦ枃浠讹細 []
浼犻€掔粰鍓嶇鐨勬爣娉ㄦ暟鎹細 { files: [] }
 [2m(+7ms)[22m
[2m10:07:03[22m   [34m鈹溾攢[39m [2m/婕旇繘杞ㄨ抗/01-灏уぉ涓栨湰/index.html[22m========== 鏍囨敞鏂囦欢鍔犺浇璋冭瘯 ==========
article.id 鍘熷鍊硷細 浜嬪唽涔嬭浇/12-鐤忎弧绾?06-闄跺攼鏈濅唬/01-灏уぉ涓栨湰.md
article.id 绫诲瀷锛?string
article.id 闀垮害锛?30
article.id 瀛楃浠ｇ爜锛?浜?20107) 鍐?20876) 涔?20043) 杞?36733) /(47) 1(49) 2(50) -(45) 鐤?30095) 浠?20193) 绾?32426) /(47) 0(48) 6(54) -(45) 闄?38518) 鍞?21776) 鏈?26397) 浠?20195) /(47) 0(48) 1(49) -(45) 灏?23591) 澶?22825) 涓?19990) 鏈?26412) .(46) m(109) d(100)
annotationRoot锛?F:\GitHub\NEXUS\src\annotations
articlePathWithoutExt锛?浜嬪唽涔嬭浇/12-鐤忎弧绾?06-闄跺攼鏈濅唬/01-灏уぉ涓栨湰
eventsPath锛?F:\GitHub\NEXUS\src\annotations\浜嬪唽涔嬭浇\12-鐤忎弧�.events.json�跺攼鏈濅唬\01-灏уぉ涓栨湰.events.md
relationsPath锛?F:\GitHub\NEXUS\src\annotations\浜嬪唽涔嬭浇\12-鐤忎弧�.relations.json�攼鏈濅唬\01-灏уぉ涓栨湰.relations.md
eventsPath 瀛樺湪锛?false
relationsPath 瀛樺湪锛?false
鍔犺浇鐨勬爣娉ㄦ枃浠舵暟閲忥細 0
鍔犺浇鐨勬爣娉ㄦ枃浠讹細 []
浼犻€掔粰鍓嶇鐨勬爣娉ㄦ暟鎹細 { files: [] }
 [2m(+8ms)[22m
[2m10:07:03[22m   [34m鈹溾攢[39m [2m/婕旇繘杞ㄨ抗/03-銆婂彶璁般€嬩簲甯濇湰绾烽椤?index.html[22m========== 鏍囨敞鏂囦欢鍔犺浇璋冭瘯 ==========
article.id 鍘熷鍊硷細 浜嬪唽涔嬭浇/12-鐤忎弧绾?03-楂橀櫧鏈濅唬/03-銆婂彶璁般€嬩簲甯濇湰绾烽椤?md
article.id 绫诲瀷锛?string
article.id 闀垮害锛?37
article.id 瀛楃浠ｇ爜锛?浜?20107) 鍐?20876) 涔?20043) 杞?36733) /(47) 1(49) 2(50) -(45) 鐤?30095) 浠?20193) 绾?32426) /(47) 0(48) 3(51) -(45) 楂?39640) 闄?38525) 鏈?26397) 浠?20195) /(47) 0(48) 3(51) -(45) 銆?12298) 鍙?21490) 璁?35760) 銆?12299) 浜?20116) 甯?24093) 鏈?26412) 绾?32426) 路(183) 棰?39067) 椤?39036) .(46) m(109) d(100)
annotationRoot锛?F:\GitHub\NEXUS\src\annotations
articlePathWithoutExt锛?浜嬪唽涔嬭浇/12-鐤忎弧绾?03-楂橀櫧鏈濅唬/03-銆婂彶璁般€嬩簲甯濇湰绾烽椤?eventsPath锛?F:\GitHub\NEXUS\src\annotations\浜嬪唽涔嬭浇\12-鐤忎弧绾猏03-楂橀櫧鏈濅唬\03-銆婂彶璁般€嬩簲甯濇湰绾烽椤?events.md
relationsPath锛?F:\GitHub\NEXUS\src\annotations\浜嬪唽涔嬭浇\12-鐤忎弧绾猏03-楂橀櫧鏈濅唬\03-銆婂彶璁般€嬩簲甯濇湰绾烽椤?relations.md
eventsPath 瀛樺湪锛?false
relationsPath 瀛樺湪锛?false
鍔犺浇鐨勬爣娉ㄦ枃浠舵暟閲忥細 0
鍔犺浇鐨勬爣娉ㄦ枃浠讹細 []
浼犻€掔粰鍓嶇鐨勬爣娉ㄦ暟鎹細 { files: [] }
 [2m(+29ms)[22m
[2m10:07:03[22m   [34m鈹溾攢[39m [2m/婕旇繘杞ㄨ抗/03-銆婂彶璁般€嬩簲甯濇湰绾峰笣灏?index.html[22m========== 鏍囨敞鏂囦欢鍔犺浇璋冭瘯 ==========
article.id 鍘熷鍊硷細 浜嬪唽涔嬭浇/12-鐤忎弧绾?06-闄跺攼鏈濅唬/03-銆婂彶璁般€嬩簲甯濇湰绾峰笣灏?md
article.id 绫诲瀷锛?string
article.id 闀垮害锛?37
article.id 瀛楃浠ｇ爜锛?浜?20107) 鍐?20876) 涔?20043) 杞?36733) /(47) 1(49) 2(50) -(45) 鐤?30095) 浠?20193) 绾?32426) /(47) 0(48) 6(54) -(45) 闄?38518) 鍞?21776) 鏈?26397) 浠?20195) /(47) 0(48) 3(51) -(45) 銆?12298) 鍙?21490) 璁?35760) 銆?12299) 浜?20116) 甯?24093) 鏈?26412) 绾?32426) 路(183) 甯?24093) 灏?23591) .(46) m(109) d(100)
annotationRoot锛?F:\GitHub\NEXUS\src\annotations
articlePathWithoutExt锛?浜嬪唽涔嬭浇/12-鐤忎弧绾?06-闄跺攼鏈濅唬/03-銆婂彶璁般€嬩簲甯濇湰绾峰笣灏?eventsPath锛?F:\GitHub\NEXUS\src\annotations\浜嬪唽涔嬭浇\12-鐤忎弧绾猏06-闄跺攼鏈濅唬\03-銆婂彶璁般€嬩簲甯濇湰绾峰笣灏?events.md
relationsPath锛?F:\GitHub\NEXUS\src\annotations\浜嬪唽涔嬭浇\12-鐤忎弧绾猏06-闄跺攼鏈濅唬\03-銆婂彶璁般€嬩簲甯濇湰绾峰笣灏?relations.md
eventsPath 瀛樺湪锛?false
relationsPath 瀛樺湪锛?false
鍔犺浇鐨勬爣娉ㄦ枃浠舵暟閲忥細 0
鍔犺浇鐨勬爣娉ㄦ枃浠讹細 []
浼犻€掔粰鍓嶇鐨勬爣娉ㄦ暟鎹細 { files: [] }
 [2m(+5ms)[22m
[2m10:07:03[22m   [34m鈹溾攢[39m [2m/婕旇繘杞ㄨ抗/01-澶忎笘鏈?index.html[22m========== 鏍囨敞鏂囦欢鍔犺浇璋冭瘯 ==========
article.id 鍘熷鍊硷細 浜嬪唽涔嬭浇/12-鐤忎弧绾?08-澶忓悗鏈濅唬/01-澶忎笘鏈?md
article.id 绫诲瀷锛?string
article.id 闀垮害锛?29
article.id 瀛楃浠ｇ爜锛?浜?20107) 鍐?20876) 涔?20043) 杞?36733) /(47) 1(49) 2(50) -(45) 鐤?30095) 浠?20193) 绾?32426) /(47) 0(48) 8(56) -(45) 澶?22799) 鍚?21518) 鏈?26397) 浠?20195) /(47) 0(48) 1(49) -(45) 澶?22799) 涓?19990) 鏈?26412) .(46) m(109) d(100)
annotationRoot锛?F:\GitHub\NEXUS\src\annotations
articlePathWithoutExt锛?浜嬪唽涔嬭浇/12-鐤忎弧绾?08-澶忓悗鏈濅唬/01-澶忎笘鏈?eventsPath锛?F:\GitHub\NEXUS\src\annotations\浜嬪唽涔嬭浇\12-鐤忎弧绾猏08-澶忓悗鏈濅唬\01-澶忎笘鏈?events.md
relationsPath锛?F:\GitHub\NEXUS\src\annotations\浜嬪唽涔嬭浇\12-鐤忎弧绾猏08-澶忓悗鏈濅唬\01-澶忎笘鏈?relations.md
eventsPath 瀛樺湪锛?false
relationsPath 瀛樺湪锛?false
鍔犺浇鐨勬爣娉ㄦ枃浠舵暟閲忥細 0
鍔犺浇鐨勬爣娉ㄦ枃浠讹細 []
浼犻€掔粰鍓嶇鐨勬爣娉ㄦ暟鎹細 { files: [] }
 [2m(+5ms)[22m
[2m10:07:03[22m   [34m鈹溾攢[39m [2m/婕旇繘杞ㄨ抗/03-銆婂彶璁般€嬫鏈邯/index.html[22m========== 鏍囨敞鏂囦欢鍔犺浇璋冭瘯 ==========
article.id 鍘熷鍊硷細 浜嬪唽涔嬭浇/12-鐤忎弧绾?09-娈峰晢鏈濅唬/03-銆婂彶璁般€嬫鏈邯.md
article.id 绫诲瀷锛?string
article.id 闀垮害锛?33
article.id 瀛楃浠ｇ爜锛?浜?20107) 鍐?20876) 涔?20043) 杞?36733) /(47) 1(49) 2(50) -(45) 鐤?30095) 浠?20193) 绾?32426) /(47) 0(48) 9(57) -(45) 娈?27575) 鍟?21830) 鏈?26397) 浠?20195) /(47) 0(48) 3(51) -(45) 銆?12298) 鍙?21490) 璁?35760) 銆?12299) 娈?27575) 鏈?26412) 绾?32426) .(46) m(109) d(100)
annotationRoot锛?F:\GitHub\NEXUS\src\annotations
articlePathWithoutExt锛?浜嬪唽涔嬭浇/12-鐤忎弧绾?09-娈峰晢鏈濅唬/03-銆婂彶璁般€嬫鏈邯
eventsPath锛?F:\GitHub\NEXUS\src\annotations\浜嬪唽涔嬭浇\12-鐤忎弧绾猏.events.json��鏈濅唬\03-銆婂彶璁般€嬫鏈邯.events.md
relationsPath锛?F:\GitHub\NEXUS\src\annotations\浜嬪唽涔嬭浇\12-鐤忎弧绾猏.relations.json��濅唬\03-銆婂彶璁般€嬫鏈邯.relations.md
eventsPath 瀛樺湪锛?false
relationsPath 瀛樺湪锛?false
鍔犺浇鐨勬爣娉ㄦ枃浠舵暟閲忥細 0
鍔犺浇鐨勬爣娉ㄦ枃浠讹細 []
浼犻€掔粰鍓嶇鐨勬爣娉ㄦ暟鎹細 { files: [] }
 [2m(+6ms)[22m
[2m10:07:03[22m   [34m鈹溾攢[39m [2m/婕旇繘杞ㄨ抗/03-銆婂彶璁般€嬪鏈邯/index.html[22m========== 鏍囨敞鏂囦欢鍔犺浇璋冭瘯 ==========
article.id 鍘熷鍊硷細 浜嬪唽涔嬭浇/12-鐤忎弧绾?08-澶忓悗鏈濅唬/03-銆婂彶璁般€嬪鏈邯.md
article.id 绫诲瀷锛?string
article.id 闀垮害锛?33
article.id 瀛楃浠ｇ爜锛?浜?20107) 鍐?20876) 涔?20043) 杞?36733) /(47) 1(49) 2(50) -(45) 鐤?30095) 浠?20193) 绾?32426) /(47) 0(48) 8(56) -(45) 澶?22799) 鍚?21518) 鏈?26397) 浠?20195) /(47) 0(48) 3(51) -(45) 銆?12298) 鍙?21490) 璁?35760) 銆?12299) 澶?22799) 鏈?26412) 绾?32426) .(46) m(109) d(100)
annotationRoot锛?F:\GitHub\NEXUS\src\annotations
articlePathWithoutExt锛?浜嬪唽涔嬭浇/12-鐤忎弧绾?08-澶忓悗鏈濅唬/03-銆婂彶璁般€嬪鏈邯
eventsPath锛?F:\GitHub\NEXUS\src\annotations\浜嬪唽涔嬭浇\12-鐤忎弧绾猏.events.json��鏈濅唬\03-銆婂彶璁般€嬪鏈邯.events.md
relationsPath锛?F:\GitHub\NEXUS\src\annotations\浜嬪唽涔嬭浇\12-鐤忎弧绾猏.relations.json��濅唬\03-銆婂彶璁般€嬪鏈邯.relations.md
eventsPath 瀛樺湪锛?false
relationsPath 瀛樺湪锛?false
鍔犺浇鐨勬爣娉ㄦ枃浠舵暟閲忥細 0
鍔犺浇鐨勬爣娉ㄦ枃浠讹細 []
浼犻€掔粰鍓嶇鐨勬爣娉ㄦ暟鎹細 { files: [] }
 [2m(+5ms)[22m
[2m10:07:03[22m   [34m鈹溾攢[39m [2m/婕旇繘杞ㄨ抗/01-鑸滃ぉ涓栨湰/index.html[22m========== 鏍囨敞鏂囦欢鍔犺浇璋冭瘯 ==========
article.id 鍘熷鍊硷細 浜嬪唽涔嬭浇/12-鐤忎弧绾?07-鏈夎櫈鏈濅唬/01-鑸滃ぉ涓栨湰.md
article.id 绫诲瀷锛?string
article.id 闀垮害锛?30
article.id 瀛楃浠ｇ爜锛?浜?20107) 鍐?20876) 涔?20043) 杞?36733) /(47) 1(49) 2(50) -(45) 鐤?30095) 浠?20193) 绾?32426) /(47) 0(48) 7(55) -(45) 鏈?26377) 铏?34398) 鏈?26397) 浠?20195) /(47) 0(48) 1(49) -(45) 鑸?33308) 澶?22825) 涓?19990) 鏈?26412) .(46) m(109) d(100)
annotationRoot锛?F:\GitHub\NEXUS\src\annotations
articlePathWithoutExt锛?浜嬪唽涔嬭浇/12-鐤忎弧绾?07-鏈夎櫈鏈濅唬/01-鑸滃ぉ涓栨湰
eventsPath锛?F:\GitHub\NEXUS\src\annotations\浜嬪唽涔嬭浇\12-鐤忎弧�.events.json�夎櫈鏈濅唬\01-鑸滃ぉ涓栨湰.events.md
relationsPath锛?F:\GitHub\NEXUS\src\annotations\浜嬪唽涔嬭浇\12-鐤忎弧�.relations.json�櫈鏈濅唬\01-鑸滃ぉ涓栨湰.relations.md
eventsPath 瀛樺湪锛?false
relationsPath 瀛樺湪锛?false
鍔犺浇鐨勬爣娉ㄦ枃浠舵暟閲忥細 0
鍔犺浇鐨勬爣娉ㄦ枃浠讹細 []
浼犻€掔粰鍓嶇鐨勬爣娉ㄦ暟鎹細 { files: [] }
 [2m(+5ms)[22m
[2m10:07:03[22m   [34m鈹溾攢[39m [2m/婕旇繘杞ㄨ抗/03-銆婂彶璁般€嬩簲甯濇湰绾峰笣鑸?index.html[22m========== 鏍囨敞鏂囦欢鍔犺浇璋冭瘯 ==========
article.id 鍘熷鍊硷細 浜嬪唽涔嬭浇/12-鐤忎弧绾?07-鏈夎櫈鏈濅唬/03-銆婂彶璁般€嬩簲甯濇湰绾峰笣鑸?md
article.id 绫诲瀷锛?string
article.id 闀垮害锛?37
article.id 瀛楃浠ｇ爜锛?浜?20107) 鍐?20876) 涔?20043) 杞?36733) /(47) 1(49) 2(50) -(45) 鐤?30095) 浠?20193) 绾?32426) /(47) 0(48) 7(55) -(45) 鏈?26377) 铏?34398) 鏈?26397) 浠?20195) /(47) 0(48) 3(51) -(45) 銆?12298) 鍙?21490) 璁?35760) 銆?12299) 浜?20116) 甯?24093) 鏈?26412) 绾?32426) 路(183) 甯?24093) 鑸?33308) .(46) m(109) d(100)
annotationRoot锛?F:\GitHub\NEXUS\src\annotations
articlePathWithoutExt锛?浜嬪唽涔嬭浇/12-鐤忎弧绾?07-鏈夎櫈鏈濅唬/03-銆婂彶璁般€嬩簲甯濇湰绾峰笣鑸?eventsPath锛?F:\GitHub\NEXUS\src\annotations\浜嬪唽涔嬭浇\12-鐤忎弧绾猏07-鏈夎櫈鏈濅唬\03-銆婂彶璁般€嬩簲甯濇湰绾峰笣鑸?events.md
relationsPath锛?F:\GitHub\NEXUS\src\annotations\浜嬪唽涔嬭浇\12-鐤忎弧绾猏07-鏈夎櫈鏈濅唬\03-銆婂彶璁般€嬩簲甯濇湰绾峰笣鑸?relations.md
eventsPath 瀛樺湪锛?false
relationsPath 瀛樺湪锛?false
鍔犺浇鐨勬爣娉ㄦ枃浠舵暟閲忥細 0
鍔犺浇鐨勬爣娉ㄦ枃浠讹細 []
浼犻€掔粰鍓嶇鐨勬爣娉ㄦ暟鎹細 { files: [] }
 [2m(+8ms)[22m
[2m10:07:03[22m   [34m鈹溾攢[39m [2m/婕旇繘杞ㄨ抗/03-銆婂彶璁般€嬪懆鏈邯-瑗垮懆/index.html[22m========== 鏍囨敞鏂囦欢鍔犺浇璋冭瘯 ==========
article.id 鍘熷鍊硷細 浜嬪唽涔嬭浇/12-鐤忎弧绾?10-瑗垮懆鏈濅唬/03-銆婂彶璁般€嬪懆鏈邯-瑗垮懆.md
article.id 绫诲瀷锛?string
article.id 闀垮害锛?36
article.id 瀛楃浠ｇ爜锛?浜?20107) 鍐?20876) 涔?20043) 杞?36733) /(47) 1(49) 2(50) -(45) 鐤?30095) 浠?20193) 绾?32426) /(47) 1(49) 0(48) -(45) 瑗?35199) 鍛?21608) 鏈?26397) 浠?20195) /(47) 0(48) 3(51) -(45) 銆?12298) 鍙?21490) 璁?35760) 銆?12299) 鍛?21608) 鏈?26412) 绾?32426) -(45) 瑗?35199) 鍛?21608) .(46) m(109) d(100)
annotationRoot锛?F:\GitHub\NEXUS\src\annotations
articlePathWithoutExt锛?浜嬪唽涔嬭浇/12-鐤忎弧绾?10-瑗垮懆鏈濅唬/03-銆婂彶璁般€嬪懆鏈邯-瑗垮懆
eventsPath锛?F:\GitHub\NEXUS\src\annotations\浜嬪唽涔嬭浇\12-鐤忎弧绾猏10-�.events.json�濅唬\03-銆婂彶璁般€嬪懆鏈邯-瑗垮懆.events.md
relationsPath锛?F:\GitHub\NEXUS\src\annotations\浜嬪唽涔嬭浇\12-鐤忎弧绾猏10-�.relations.json�唬\03-銆婂彶璁般€嬪懆鏈邯-瑗垮懆.relations.md
eventsPath 瀛樺湪锛?false
relationsPath 瀛樺湪锛?false
鍔犺浇鐨勬爣娉ㄦ枃浠舵暟閲忥細 0
鍔犺浇鐨勬爣娉ㄦ枃浠讹細 []
浼犻€掔粰鍓嶇鐨勬爣娉ㄦ暟鎹細 { files: [] }
 [2m(+18ms)[22m
[2m10:07:03[22m   [34m鈹溾攢[39m [2m/婕旇繘杞ㄨ抗/03-銆婂彶璁般€嬬Е鏈邯/index.html[22m========== 鏍囨敞鏂囦欢鍔犺浇璋冭瘯 ==========
article.id 鍘熷鍊硷細 浜嬪唽涔嬭浇/13-闂ㄩ榾绾?02-绉︽湞浠?03-銆婂彶璁般€嬬Е鏈邯.md
article.id 绫诲瀷锛?string
article.id 闀垮害锛?32
article.id 瀛楃浠ｇ爜锛?浜?20107) 鍐?20876) 涔?20043) 杞?36733) /(47) 1(49) 3(51) -(45) 闂?38376) 闃€(38400) 绾?32426) /(47) 0(48) 2(50) -(45) 绉?31206) 鏈?26397) 浠?20195) /(47) 0(48) 3(51) -(45) 銆?12298) 鍙?21490) 璁?35760) 銆?12299) 绉?31206) 鏈?26412) 绾?32426) .(46) m(109) d(100)
annotationRoot锛?F:\GitHub\NEXUS\src\annotations
articlePathWithoutExt锛?浜嬪唽涔嬭浇/13-闂ㄩ榾绾?02-绉︽湞浠?03-銆婂彶璁般€嬬Е鏈邯
eventsPath锛?F:\GitHub\NEXUS\src\annotations\浜嬪唽涔嬭浇\13-闂ㄩ榾绾�.events.json�湞浠03-銆婂彶璁般€嬬Е鏈邯.events.md
relationsPath锛?F:\GitHub\NEXUS\src\annotations\浜嬪唽涔嬭浇\13-闂ㄩ榾绾�.relations.json�浠03-銆婂彶璁般€嬬Е鏈邯.relations.md
eventsPath 瀛樺湪锛?false
relationsPath 瀛樺湪锛?false
鍔犺浇鐨勬爣娉ㄦ枃浠舵暟閲忥細 0
鍔犺浇鐨勬爣娉ㄦ枃浠讹細 []
浼犻€掔粰鍓嶇鐨勬爣娉ㄦ暟鎹細 { files: [] }
 [2m(+10ms)[22m
[2m10:07:03[22m   [34m鈹溾攢[39m [2m/婕旇繘杞ㄨ抗/绌嗗ぉ瀛愪紶/index.html[22m========== 鏍囨敞鏂囦欢鍔犺浇璋冭瘯 ==========
article.id 鍘熷鍊硷細 浜嬪唽涔嬭浇/12-鐤忎弧绾?10-瑗垮懆鏈濅唬/绌嗗ぉ瀛愪紶.md
article.id 绫诲瀷锛?string
article.id 闀垮害锛?27
article.id 瀛楃浠ｇ爜锛?浜?20107) 鍐?20876) 涔?20043) 杞?36733) /(47) 1(49) 2(50) -(45) 鐤?30095) 浠?20193) 绾?32426) /(47) 1(49) 0(48) -(45) 瑗?35199) 鍛?21608) 鏈?26397) 浠?20195) /(47) 绌?31302) 澶?22825) 瀛?23376) 浼?20256) .(46) m(109) d(100)
annotationRoot锛?F:\GitHub\NEXUS\src\annotations
articlePathWithoutExt锛?浜嬪唽涔嬭浇/12-鐤忎弧绾?10-瑗垮懆鏈濅唬/绌嗗ぉ瀛愪紶
eventsPath锛?F:\GitHub\NEXUS\src\annotations\浜嬪唽涔嬭浇\12-鐤忎�.events.json-瑗垮懆鏈濅唬\绌嗗ぉ瀛愪紶.events.md
relationsPath锛?F:\GitHub\NEXUS\src\annotations\浜嬪唽涔嬭浇\12-鐤忎�.relations.json�垮懆鏈濅唬\绌嗗ぉ瀛愪紶.relations.md
eventsPath 瀛樺湪锛?false
relationsPath 瀛樺湪锛?false
鍔犺浇鐨勬爣娉ㄦ枃浠舵暟閲忥細 0
鍔犺浇鐨勬爣娉ㄦ枃浠讹細 []
浼犻€掔粰鍓嶇鐨勬爣娉ㄦ暟鎹細 { files: [] }
 [2m(+11ms)[22m
[2m10:07:03[22m   [34m鈹溾攢[39m [2m/婕旇繘杞ㄨ抗/03-銆婂彶璁般€嬪懆鏈邯-涓滃懆/index.html[22m========== 鏍囨敞鏂囦欢鍔犺浇璋冭瘯 ==========
article.id 鍘熷鍊硷細 浜嬪唽涔嬭浇/12-鐤忎弧绾?11-鏉卞懆鏈濅唬/03-銆婂彶璁般€嬪懆鏈邯-涓滃懆.md
article.id 绫诲瀷锛?string
article.id 闀垮害锛?36
article.id 瀛楃浠ｇ爜锛?浜?20107) 鍐?20876) 涔?20043) 杞?36733) /(47) 1(49) 2(50) -(45) 鐤?30095) 浠?20193) 绾?32426) /(47) 1(49) 1(49) -(45) 鏉?26481) 鍛?21608) 鏈?26397) 浠?20195) /(47) 0(48) 3(51) -(45) 銆?12298) 鍙?21490) 璁?35760) 銆?12299) 鍛?21608) 鏈?26412) 绾?32426) -(45) 涓?19996) 鍛?21608) .(46) m(109) d(100)
annotationRoot锛?F:\GitHub\NEXUS\src\annotations
articlePathWithoutExt锛?浜嬪唽涔嬭浇/12-鐤忎弧绾?11-鏉卞懆鏈濅唬/03-銆婂彶璁般€嬪懆鏈邯-涓滃懆
eventsPath锛?F:\GitHub\NEXUS\src\annotations\浜嬪唽涔嬭浇\12-鐤忎弧绾猏11-�.events.json�濅唬\03-銆婂彶璁般€嬪懆鏈邯-涓滃懆.events.md
relationsPath锛?F:\GitHub\NEXUS\src\annotations\浜嬪唽涔嬭浇\12-鐤忎弧绾猏11-�.relations.json�唬\03-銆婂彶璁般€嬪懆鏈邯-涓滃懆.relations.md
eventsPath 瀛樺湪锛?false
relationsPath 瀛樺湪锛?false
鍔犺浇鐨勬爣娉ㄦ枃浠舵暟閲忥細 0
鍔犺浇鐨勬爣娉ㄦ枃浠讹細 []
浼犻€掔粰鍓嶇鐨勬爣娉ㄦ暟鎹細 { files: [] }
 [2m(+8ms)[22m
[2m10:07:03[22m   [34m鈹溾攢[39m [2m/婕旇繘杞ㄨ抗/浜虹殗姘忓垪/index.html[22m========== 鏍囨敞鏂囦欢鍔犺浇璋冭瘯 ==========
article.id 鍘熷鍊硷細 浜嬪唽涔嬭浇/03-涔濋牠绾?01-娉扮殗浠?01-浜虹殗姘?浜虹殗姘忓垪.md
article.id 绫诲瀷锛?string
article.id 闀垮害锛?33
article.id 瀛楃浠ｇ爜锛?浜?20107) 鍐?20876) 涔?20043) 杞?36733) /(47) 0(48) 3(51) -(45) 涔?20061) 闋?38957) 绾?32426) /(47) 0(48) 1(49) -(45) 娉?27888) 鐨?30343) 浠?20195) /(47) 0(48) 1(49) -(45) 浜?20154) 鐨?30343) 姘?27663) /(47) 浜?20154) 鐨?30343) 姘?27663) 鍒?21015) .(46) m(109) d(100)
annotationRoot锛?F:\GitHub\NEXUS\src\annotations
articlePathWithoutExt锛?浜嬪唽涔嬭浇/03-涔濋牠绾?01-娉扮殗浠?01-浜虹殗姘?浜虹殗姘忓垪
eventsPath锛?F:\GitHub\NEXUS\src\annotations\浜嬪唽涔嬭浇\03-涔濋牠绾�.events.json�殗浠01-浜虹殗姘廫浜虹殗姘忓垪.events.md
relationsPath锛?F:\GitHub\NEXUS\src\annotations\浜嬪唽涔嬭浇\03-涔濋牠绾�.relations.json�浠01-浜虹殗姘廫浜虹殗姘忓垪.relations.md
eventsPath 瀛樺湪锛?false
relationsPath 瀛樺湪锛?false
鍔犺浇鐨勬爣娉ㄦ枃浠舵暟閲忥細 0
鍔犺浇鐨勬爣娉ㄦ枃浠讹細 []
浼犻€掔粰鍓嶇鐨勬爣娉ㄦ暟鎹細 { files: [] }
 [2m(+7ms)[22m
[2m10:07:03[22m   [34m鈹溾攢[39m [2m/婕旇繘杞ㄨ抗/澶╀换姘忓垪/index.html[22m========== 鏍囨敞鏂囦欢鍔犺浇璋冭瘯 ==========
article.id 鍘熷鍊硷細 浜嬪唽涔嬭浇/03-涔濋牠绾?02-浜虹殗浠?澶╀换姘?澶╀换姘忓垪.md
article.id 绫诲瀷锛?string
article.id 闀垮害锛?30
article.id 瀛楃浠ｇ爜锛?浜?20107) 鍐?20876) 涔?20043) 杞?36733) /(47) 0(48) 3(51) -(45) 涔?20061) 闋?38957) 绾?32426) /(47) 0(48) 2(50) -(45) 浜?20154) 鐨?30343) 浠?20195) /(47) 澶?22825) 浠?20219) 姘?27663) /(47) 澶?22825) 浠?20219) 姘?27663) 鍒?21015) .(46) m(109) d(100)
annotationRoot锛?F:\GitHub\NEXUS\src\annotations
articlePathWithoutExt锛?浜嬪唽涔嬭浇/03-涔濋牠绾?02-浜虹殗浠?澶╀换姘?澶╀换姘忓垪
eventsPath锛?F:\GitHub\NEXUS\src\annotations\浜嬪唽涔嬭浇\03-涔濋牠�.events.json�虹殗浠澶╀换姘廫澶╀换姘忓垪.events.md
relationsPath锛?F:\GitHub\NEXUS\src\annotations\浜嬪唽涔嬭浇\03-涔濋牠�.relations.json�殗浠澶╀换姘廫澶╀换姘忓垪.relations.md
eventsPath 瀛樺湪锛?false
relationsPath 瀛樺湪锛?false
鍔犺浇鐨勬爣娉ㄦ枃浠舵暟閲忥細 0
鍔犺浇鐨勬爣娉ㄦ枃浠讹細 []
浼犻€掔粰鍓嶇鐨勬爣娉ㄦ暟鎹細 { files: [] }
 [2m(+7ms)[22m
[2m10:07:03[22m   [34m鈹溾攢[39m [2m/婕旇繘杞ㄨ抗/澶╁績姘忓垪/index.html[22m========== 鏍囨敞鏂囦欢鍔犺浇璋冭瘯 ==========
article.id 鍘熷鍊硷細 浜嬪唽涔嬭浇/03-涔濋牠绾?02-浜虹殗浠?澶╁績姘?澶╁績姘忓垪.md
article.id 绫诲瀷锛?string
article.id 闀垮害锛?30
article.id 瀛楃浠ｇ爜锛?浜?20107) 鍐?20876) 涔?20043) 杞?36733) /(47) 0(48) 3(51) -(45) 涔?20061) 闋?38957) 绾?32426) /(47) 0(48) 2(50) -(45) 浜?20154) 鐨?30343) 浠?20195) /(47) 澶?22825) 蹇?24515) 姘?27663) /(47) 澶?22825) 蹇?24515) 姘?27663) 鍒?21015) .(46) m(109) d(100)
annotationRoot锛?F:\GitHub\NEXUS\src\annotations
articlePathWithoutExt锛?浜嬪唽涔嬭浇/03-涔濋牠绾?02-浜虹殗浠?澶╁績姘?澶╁績姘忓垪
eventsPath锛?F:\GitHub\NEXUS\src\annotations\浜嬪唽涔嬭浇\03-涔濋牠�.events.json�虹殗浠澶╁績姘廫澶╁績姘忓垪.events.md
relationsPath锛?F:\GitHub\NEXUS\src\annotations\浜嬪唽涔嬭浇\03-涔濋牠�.relations.json�殗浠澶╁績姘廫澶╁績姘忓垪.relations.md
eventsPath 瀛樺湪锛?false
relationsPath 瀛樺湪锛?false
鍔犺浇鐨勬爣娉ㄦ枃浠舵暟閲忥細 0
鍔犺浇鐨勬爣娉ㄦ枃浠讹細 []
浼犻€掔粰鍓嶇鐨勬爣娉ㄦ暟鎹細 { files: [] }
 [2m(+7ms)[22m
[2m10:07:03[22m   [34m鈹溾攢[39m [2m/婕旇繘杞ㄨ抗/澶╂煴姘忓垪/index.html[22m========== 鏍囨敞鏂囦欢鍔犺浇璋冭瘯 ==========
article.id 鍘熷鍊硷細 浜嬪唽涔嬭浇/03-涔濋牠绾?02-浜虹殗浠?澶╂煴姘?澶╂煴姘忓垪.md
article.id 绫诲瀷锛?string
article.id 闀垮害锛?30
article.id 瀛楃浠ｇ爜锛?浜?20107) 鍐?20876) 涔?20043) 杞?36733) /(47) 0(48) 3(51) -(45) 涔?20061) 闋?38957) 绾?32426) /(47) 0(48) 2(50) -(45) 浜?20154) 鐨?30343) 浠?20195) /(47) 澶?22825) 鏌?26609) 姘?27663) /(47) 澶?22825) 鏌?26609) 姘?27663) 鍒?21015) .(46) m(109) d(100)
annotationRoot锛?F:\GitHub\NEXUS\src\annotations
articlePathWithoutExt锛?浜嬪唽涔嬭浇/03-涔濋牠绾?02-浜虹殗浠?澶╂煴姘?澶╂煴姘忓垪
eventsPath锛?F:\GitHub\NEXUS\src\annotations\浜嬪唽涔嬭浇\03-涔濋牠�.events.json�虹殗浠澶╂煴姘廫澶╂煴姘忓垪.events.md
relationsPath锛?F:\GitHub\NEXUS\src\annotations\浜嬪唽涔嬭浇\03-涔濋牠�.relations.json�殗浠澶╂煴姘廫澶╂煴姘忓垪.relations.md
eventsPath 瀛樺湪锛?false
relationsPath 瀛樺湪锛?false
鍔犺浇鐨勬爣娉ㄦ枃浠舵暟閲忥細 0
鍔犺浇鐨勬爣娉ㄦ枃浠讹細 []
浼犻€掔粰鍓嶇鐨勬爣娉ㄦ暟鎹細 { files: [] }
 [2m(+9ms)[22m
[2m10:07:03[22m   [34m鈹溾攢[39m [2m/婕旇繘杞ㄨ抗/澶╄嫳姘忓垪/index.html[22m========== 鏍囨敞鏂囦欢鍔犺浇璋冭瘯 ==========
article.id 鍘熷鍊硷細 浜嬪唽涔嬭浇/03-涔濋牠绾?02-浜虹殗浠?澶╄嫳姘?澶╄嫳姘忓垪.md
article.id 绫诲瀷锛?string
article.id 闀垮害锛?30
article.id 瀛楃浠ｇ爜锛?浜?20107) 鍐?20876) 涔?20043) 杞?36733) /(47) 0(48) 3(51) -(45) 涔?20061) 闋?38957) 绾?32426) /(47) 0(48) 2(50) -(45) 浜?20154) 鐨?30343) 浠?20195) /(47) 澶?22825) 鑻?33521) 姘?27663) /(47) 澶?22825) 鑻?33521) 姘?27663) 鍒?21015) .(46) m(109) d(100)
annotationRoot锛?F:\GitHub\NEXUS\src\annotations
articlePathWithoutExt锛?浜嬪唽涔嬭浇/03-涔濋牠绾?02-浜虹殗浠?澶╄嫳姘?澶╄嫳姘忓垪
eventsPath锛?F:\GitHub\NEXUS\src\annotations\浜嬪唽涔嬭浇\03-涔濋牠�.events.json�虹殗浠澶╄嫳姘廫澶╄嫳姘忓垪.events.md
relationsPath锛?F:\GitHub\NEXUS\src\annotations\浜嬪唽涔嬭浇\03-涔濋牠�.relations.json�殗浠澶╄嫳姘廫澶╄嫳姘忓垪.relations.md
eventsPath 瀛樺湪锛?false
relationsPath 瀛樺湪锛?false
鍔犺浇鐨勬爣娉ㄦ枃浠舵暟閲忥細 0
鍔犺浇鐨勬爣娉ㄦ枃浠讹細 []
浼犻€掔粰鍓嶇鐨勬爣娉ㄦ暟鎹細 { files: [] }
 [2m(+6ms)[22m
[2m10:07:03[22m   [34m鈹溾攢[39m [2m/婕旇繘杞ㄨ抗/澶╄姰姘忓垪/index.html[22m========== 鏍囨敞鏂囦欢鍔犺浇璋冭瘯 ==========
article.id 鍘熷鍊硷細 浜嬪唽涔嬭浇/03-涔濋牠绾?02-浜虹殗浠?澶╄姰姘?澶╄姰姘忓垪.md
article.id 绫诲瀷锛?string
article.id 闀垮害锛?30
article.id 瀛楃浠ｇ爜锛?浜?20107) 鍐?20876) 涔?20043) 杞?36733) /(47) 0(48) 3(51) -(45) 涔?20061) 闋?38957) 绾?32426) /(47) 0(48) 2(50) -(45) 浜?20154) 鐨?30343) 浠?20195) /(47) 澶?22825) 鑺?33454) 姘?27663) /(47) 澶?22825) 鑺?33454) 姘?27663) 鍒?21015) .(46) m(109) d(100)
annotationRoot锛?F:\GitHub\NEXUS\src\annotations
articlePathWithoutExt锛?浜嬪唽涔嬭浇/03-涔濋牠绾?02-浜虹殗浠?澶╄姰姘?澶╄姰姘忓垪
eventsPath锛?F:\GitHub\NEXUS\src\annotations\浜嬪唽涔嬭浇\03-涔濋牠�.events.json�虹殗浠澶╄姰姘廫澶╄姰姘忓垪.events.md
relationsPath锛?F:\GitHub\NEXUS\src\annotations\浜嬪唽涔嬭浇\03-涔濋牠�.relations.json�殗浠澶╄姰姘廫澶╄姰姘忓垪.relations.md
eventsPath 瀛樺湪锛?false
relationsPath 瀛樺湪锛?false
鍔犺浇鐨勬爣娉ㄦ枃浠舵暟閲忥細 0
鍔犺浇鐨勬爣娉ㄦ枃浠讹細 []
浼犻€掔粰鍓嶇鐨勬爣娉ㄦ暟鎹細 { files: [] }
 [2m(+8ms)[22m
[2m10:07:03[22m   [34m鈹溾攢[39m [2m/婕旇繘杞ㄨ抗/澶╃姘忓垪/index.html[22m========== 鏍囨敞鏂囦欢鍔犺浇璋冭瘯 ==========
article.id 鍘熷鍊硷細 浜嬪唽涔嬭浇/03-涔濋牠绾?02-浜虹殗浠?澶╃姘?澶╃姘忓垪.md
article.id 绫诲瀷锛?string
article.id 闀垮害锛?30
article.id 瀛楃浠ｇ爜锛?浜?20107) 鍐?20876) 涔?20043) 杞?36733) /(47) 0(48) 3(51) -(45) 涔?20061) 闋?38957) 绾?32426) /(47) 0(48) 2(50) -(45) 浜?20154) 鐨?30343) 浠?20195) /(47) 澶?22825) 绂?31165) 姘?27663) /(47) 澶?22825) 绂?31165) 姘?27663) 鍒?21015) .(46) m(109) d(100)
annotationRoot锛?F:\GitHub\NEXUS\src\annotations
articlePathWithoutExt锛?浜嬪唽涔嬭浇/03-涔濋牠绾?02-浜虹殗浠?澶╃姘?澶╃姘忓垪
eventsPath锛?F:\GitHub\NEXUS\src\annotations\浜嬪唽涔嬭浇\03-涔濋牠�.events.json�虹殗浠澶╃姘廫澶╃姘忓垪.events.md
relationsPath锛?F:\GitHub\NEXUS\src\annotations\浜嬪唽涔嬭浇\03-涔濋牠�.relations.json�殗浠澶╃姘廫澶╃姘忓垪.relations.md
eventsPath 瀛樺湪锛?false
relationsPath 瀛樺湪锛?false
鍔犺浇鐨勬爣娉ㄦ枃浠舵暟閲忥細 0
鍔犺浇鐨勬爣娉ㄦ枃浠讹細 []
浼犻€掔粰鍓嶇鐨勬爣娉ㄦ暟鎹細 { files: [] }
 [2m(+6ms)[22m
[2m10:07:03[22m   [34m鈹溾攢[39m [2m/婕旇繘杞ㄨ抗/澶╂矕姘忓垪/index.html[22m========== 鏍囨敞鏂囦欢鍔犺浇璋冭瘯 ==========
article.id 鍘熷鍊硷細 浜嬪唽涔嬭浇/03-涔濋牠绾?02-浜虹殗浠?澶╂矕姘?澶╂矕姘忓垪.md
article.id 绫诲瀷锛?string
article.id 闀垮害锛?30
article.id 瀛楃浠ｇ爜锛?浜?20107) 鍐?20876) 涔?20043) 杞?36733) /(47) 0(48) 3(51) -(45) 涔?20061) 闋?38957) 绾?32426) /(47) 0(48) 2(50) -(45) 浜?20154) 鐨?30343) 浠?20195) /(47) 澶?22825) 娌?27798) 姘?27663) /(47) 澶?22825) 娌?27798) 姘?27663) 鍒?21015) .(46) m(109) d(100)
annotationRoot锛?F:\GitHub\NEXUS\src\annotations
articlePathWithoutExt锛?浜嬪唽涔嬭浇/03-涔濋牠绾?02-浜虹殗浠?澶╂矕姘?澶╂矕姘忓垪
eventsPath锛?F:\GitHub\NEXUS\src\annotations\浜嬪唽涔嬭浇\03-涔濋牠�.events.json�虹殗浠澶╂矕姘廫澶╂矕姘忓垪.events.md
relationsPath锛?F:\GitHub\NEXUS\src\annotations\浜嬪唽涔嬭浇\03-涔濋牠�.relations.json�殗浠澶╂矕姘廫澶╂矕姘忓垪.relations.md
eventsPath 瀛樺湪锛?false
relationsPath 瀛樺湪锛?false
鍔犺浇鐨勬爣娉ㄦ枃浠舵暟閲忥細 0
鍔犺浇鐨勬爣娉ㄦ枃浠讹細 []
浼犻€掔粰鍓嶇鐨勬爣娉ㄦ暟鎹細 { files: [] }
 [2m(+7ms)[22m
[2m10:07:03[22m   [34m鈹溾攢[39m [2m/婕旇繘杞ㄨ抗/澶╄紨姘忓垪/index.html[22m========== 鏍囨敞鏂囦欢鍔犺浇璋冭瘯 ==========
article.id 鍘熷鍊硷細 浜嬪唽涔嬭浇/03-涔濋牠绾?02-浜虹殗浠?澶╄紨姘?澶╄紨姘忓垪.md
article.id 绫诲瀷锛?string
article.id 闀垮害锛?30
article.id 瀛楃浠ｇ爜锛?浜?20107) 鍐?20876) 涔?20043) 杞?36733) /(47) 0(48) 3(51) -(45) 涔?20061) 闋?38957) 绾?32426) /(47) 0(48) 2(50) -(45) 浜?20154) 鐨?30343) 浠?20195) /(47) 澶?22825) 杓?36628) 姘?27663) /(47) 澶?22825) 杓?36628) 姘?27663) 鍒?21015) .(46) m(109) d(100)
annotationRoot锛?F:\GitHub\NEXUS\src\annotations
articlePathWithoutExt锛?浜嬪唽涔嬭浇/03-涔濋牠绾?02-浜虹殗浠?澶╄紨姘?澶╄紨姘忓垪
eventsPath锛?F:\GitHub\NEXUS\src\annotations\浜嬪唽涔嬭浇\03-涔濋牠�.events.json�虹殗浠澶╄紨姘廫澶╄紨姘忓垪.events.md
relationsPath锛?F:\GitHub\NEXUS\src\annotations\浜嬪唽涔嬭浇\03-涔濋牠�.relations.json�殗浠澶╄紨姘廫澶╄紨姘忓垪.relations.md
eventsPath 瀛樺湪锛?false
relationsPath 瀛樺湪锛?false
鍔犺浇鐨勬爣娉ㄦ枃浠舵暟閲忥細 0
鍔犺浇鐨勬爣娉ㄦ枃浠讹細 []
浼犻€掔粰鍓嶇鐨勬爣娉ㄦ暟鎹細 { files: [] }
 [2m(+5ms)[22m
[2m10:07:03[22m   [34m鈹溾攢[39m [2m/婕旇繘杞ㄨ抗/澶╄摤姘忓垪/index.html[22m========== 鏍囨敞鏂囦欢鍔犺浇璋冭瘯 ==========
article.id 鍘熷鍊硷細 浜嬪唽涔嬭浇/03-涔濋牠绾?02-浜虹殗浠?澶╄摤姘?澶╄摤姘忓垪.md
article.id 绫诲瀷锛?string
article.id 闀垮害锛?30
article.id 瀛楃浠ｇ爜锛?浜?20107) 鍐?20876) 涔?20043) 杞?36733) /(47) 0(48) 3(51) -(45) 涔?20061) 闋?38957) 绾?32426) /(47) 0(48) 2(50) -(45) 浜?20154) 鐨?30343) 浠?20195) /(47) 澶?22825) 钃?34028) 姘?27663) /(47) 澶?22825) 钃?34028) 姘?27663) 鍒?21015) .(46) m(109) d(100)
annotationRoot锛?F:\GitHub\NEXUS\src\annotations
articlePathWithoutExt锛?浜嬪唽涔嬭浇/03-涔濋牠绾?02-浜虹殗浠?澶╄摤姘?澶╄摤姘忓垪
eventsPath锛?F:\GitHub\NEXUS\src\annotations\浜嬪唽涔嬭浇\03-涔濋牠�.events.json�虹殗浠澶╄摤姘廫澶╄摤姘忓垪.events.md
relationsPath锛?F:\GitHub\NEXUS\src\annotations\浜嬪唽涔嬭浇\03-涔濋牠�.relations.json�殗浠澶╄摤姘廫澶╄摤姘忓垪.relations.md
eventsPath 瀛樺湪锛?false
relationsPath 瀛樺湪锛?false
鍔犺浇鐨勬爣娉ㄦ枃浠舵暟閲忥細 0
鍔犺浇鐨勬爣娉ㄦ枃浠讹細 []
浼犻€掔粰鍓嶇鐨勬爣娉ㄦ暟鎹細 { files: [] }
 [2m(+4ms)[22m
[2m10:07:03[22m   [34m鈹溾攢[39m [2m/婕旇繘杞ㄨ抗/鍦板垱姘忓垪/index.html[22m========== 鏍囨敞鏂囦欢鍔犺浇璋冭瘯 ==========
article.id 鍘熷鍊硷細 浜嬪唽涔嬭浇/02-浜岄潏绾?02-鍦扮殗浠?鍦板垱姘?鍦板垱姘忓垪.md
article.id 绫诲瀷锛?string
article.id 闀垮害锛?30
article.id 瀛楃浠ｇ爜锛?浜?20107) 鍐?20876) 涔?20043) 杞?36733) /(47) 0(48) 2(50) -(45) 浜?20108) 闈?38728) 绾?32426) /(47) 0(48) 2(50) -(45) 鍦?22320) 鐨?30343) 浠?20195) /(47) 鍦?22320) 鍒?21019) 姘?27663) /(47) 鍦?22320) 鍒?21019) 姘?27663) 鍒?21015) .(46) m(109) d(100)
annotationRoot锛?F:\GitHub\NEXUS\src\annotations
articlePathWithoutExt锛?浜嬪唽涔嬭浇/02-浜岄潏绾?02-鍦扮殗浠?鍦板垱姘?鍦板垱姘忓垪
eventsPath锛?F:\GitHub\NEXUS\src\annotations\浜嬪唽涔嬭浇\02-浜岄潏�.events.json�扮殗浠鍦板垱姘廫鍦板垱姘忓垪.events.md
relationsPath锛?F:\GitHub\NEXUS\src\annotations\浜嬪唽涔嬭浇\02-浜岄潏�.relations.json�殗浠鍦板垱姘廫鍦板垱姘忓垪.relations.md
eventsPath 瀛樺湪锛?false
relationsPath 瀛樺湪锛?false
鍔犺浇鐨勬爣娉ㄦ枃浠舵暟閲忥細 0
鍔犺浇鐨勬爣娉ㄦ枃浠讹細 []
浼犻€掔粰鍓嶇鐨勬爣娉ㄦ暟鎹細 { files: [] }
 [2m(+5ms)[22m
[2m10:07:03[22m   [34m鈹溾攢[39m [2m/婕旇繘杞ㄨ抗/鍦颁笘姘忓垪/index.html[22m========== 鏍囨敞鏂囦欢鍔犺浇璋冭瘯 ==========
article.id 鍘熷鍊硷細 浜嬪唽涔嬭浇/02-浜岄潏绾?02-鍦扮殗浠?鍦颁笘姘?鍦颁笘姘忓垪.md
article.id 绫诲瀷锛?string
article.id 闀垮害锛?30
article.id 瀛楃浠ｇ爜锛?浜?20107) 鍐?20876) 涔?20043) 杞?36733) /(47) 0(48) 2(50) -(45) 浜?20108) 闈?38728) 绾?32426) /(47) 0(48) 2(50) -(45) 鍦?22320) 鐨?30343) 浠?20195) /(47) 鍦?22320) 涓?19990) 姘?27663) /(47) 鍦?22320) 涓?19990) 姘?27663) 鍒?21015) .(46) m(109) d(100)
annotationRoot锛?F:\GitHub\NEXUS\src\annotations
articlePathWithoutExt锛?浜嬪唽涔嬭浇/02-浜岄潏绾?02-鍦扮殗浠?鍦颁笘姘?鍦颁笘姘忓垪
eventsPath锛?F:\GitHub\NEXUS\src\annotations\浜嬪唽涔嬭浇\02-浜岄潏�.events.json�扮殗浠鍦颁笘姘廫鍦颁笘姘忓垪.events.md
relationsPath锛?F:\GitHub\NEXUS\src\annotations\浜嬪唽涔嬭浇\02-浜岄潏�.relations.json�殗浠鍦颁笘姘廫鍦颁笘姘忓垪.relations.md
eventsPath 瀛樺湪锛?false
relationsPath 瀛樺湪锛?false
鍔犺浇鐨勬爣娉ㄦ枃浠舵暟閲忥細 0
鍔犺浇鐨勬爣娉ㄦ枃浠讹細 []
浼犻€掔粰鍓嶇鐨勬爣娉ㄦ暟鎹細 { files: [] }
 [2m(+4ms)[22m
[2m10:07:03[22m   [34m鈹溾攢[39m [2m/婕旇繘杞ㄨ抗/1-鐩樺彜涓栨湰/index.html[22m========== 鏍囨敞鏂囦欢鍔犺浇璋冭瘯 ==========
article.id 鍘熷鍊硷細 浜嬪唽涔嬭浇/01-鍏冨绾?07-涔濆浠?1-鐩樺彜姘?1-鐩樺彜涓栨湰.md
article.id 绫诲瀷锛?string
article.id 闀垮害锛?34
article.id 瀛楃浠ｇ爜锛?浜?20107) 鍐?20876) 涔?20043) 杞?36733) /(47) 0(48) 1(49) -(45) 鍏?20803) 濮?22987) 绾?32426) /(47) 0(48) 7(55) -(45) 涔?20061) 瀹?23467) 浠?20195) /(47) 1(49) -(45) 鐩?30424) 鍙?21476) 姘?27663) /(47) 1(49) -(45) 鐩?30424) 鍙?21476) 涓?19990) 鏈?26412) .(46) m(109) d(100)
annotationRoot锛?F:\GitHub\NEXUS\src\annotations
articlePathWithoutExt锛?浜嬪唽涔嬭浇/01-鍏冨绾?07-涔濆浠?1-鐩樺彜姘?1-鐩樺彜涓栨湰
eventsPath锛?F:\GitHub\NEXUS\src\annotations\浜嬪唽涔嬭浇\01-鍏冨绾�.events.json浠1-鐩樺彜姘廫1-鐩樺彜涓栨湰.events.md
relationsPath锛?F:\GitHub\NEXUS\src\annotations\浜嬪唽涔嬭浇\01-鍏冨绾�.relations.json浠1-鐩樺彜姘廫1-鐩樺彜涓栨湰.relations.md
eventsPath 瀛樺湪锛?false
relationsPath 瀛樺湪锛?false
鍔犺浇鐨勬爣娉ㄦ枃浠舵暟閲忥細 0
鍔犺浇鐨勬爣娉ㄦ枃浠讹細 []
浼犻€掔粰鍓嶇鐨勬爣娉ㄦ暟鎹細 { files: [] }
 [2m(+5ms)[22m
[2m10:07:03[22m   [34m鈹溾攢[39m [2m/婕旇繘杞ㄨ抗/鍦板埗姘忓垪/index.html[22m========== 鏍囨敞鏂囦欢鍔犺浇璋冭瘯 ==========
article.id 鍘熷鍊硷細 浜嬪唽涔嬭浇/02-浜岄潏绾?02-鍦扮殗浠?鍦板埗姘?鍦板埗姘忓垪.md
article.id 绫诲瀷锛?string
article.id 闀垮害锛?30
article.id 瀛楃浠ｇ爜锛?浜?20107) 鍐?20876) 涔?20043) 杞?36733) /(47) 0(48) 2(50) -(45) 浜?20108) 闈?38728) 绾?32426) /(47) 0(48) 2(50) -(45) 鍦?22320) 鐨?30343) 浠?20195) /(47) 鍦?22320) 鍒?21046) 姘?27663) /(47) 鍦?22320) 鍒?21046) 姘?27663) 鍒?21015) .(46) m(109) d(100)
annotationRoot锛?F:\GitHub\NEXUS\src\annotations
articlePathWithoutExt锛?浜嬪唽涔嬭浇/02-浜岄潏绾?02-鍦扮殗浠?鍦板埗姘?鍦板埗姘忓垪
eventsPath锛?F:\GitHub\NEXUS\src\annotations\浜嬪唽涔嬭浇\02-浜岄潏�.events.json�扮殗浠鍦板埗姘廫鍦板埗姘忓垪.events.md
relationsPath锛?F:\GitHub\NEXUS\src\annotations\浜嬪唽涔嬭浇\02-浜岄潏�.relations.json�殗浠鍦板埗姘廫鍦板埗姘忓垪.relations.md
eventsPath 瀛樺湪锛?false
relationsPath 瀛樺湪锛?false
鍔犺浇鐨勬爣娉ㄦ枃浠舵暟閲忥細 0
鍔犺浇鐨勬爣娉ㄦ枃浠讹細 []
浼犻€掔粰鍓嶇鐨勬爣娉ㄦ暟鎹細 { files: [] }
 [2m(+7ms)[22m
[2m10:07:03[22m   [34m鈹溾攢[39m [2m/婕旇繘杞ㄨ抗/鍦板瀭姘忓垪/index.html[22m========== 鏍囨敞鏂囦欢鍔犺浇璋冭瘯 ==========
article.id 鍘熷鍊硷細 浜嬪唽涔嬭浇/02-浜岄潏绾?02-鍦扮殗浠?鍦板瀭姘?鍦板瀭姘忓垪.md
article.id 绫诲瀷锛?string
article.id 闀垮害锛?30
article.id 瀛楃浠ｇ爜锛?浜?20107) 鍐?20876) 涔?20043) 杞?36733) /(47) 0(48) 2(50) -(45) 浜?20108) 闈?38728) 绾?32426) /(47) 0(48) 2(50) -(45) 鍦?22320) 鐨?30343) 浠?20195) /(47) 鍦?22320) 鍨?22402) 姘?27663) /(47) 鍦?22320) 鍨?22402) 姘?27663) 鍒?21015) .(46) m(109) d(100)
annotationRoot锛?F:\GitHub\NEXUS\src\annotations
articlePathWithoutExt锛?浜嬪唽涔嬭浇/02-浜岄潏绾?02-鍦扮殗浠?鍦板瀭姘?鍦板瀭姘忓垪
eventsPath锛?F:\GitHub\NEXUS\src\annotations\浜嬪唽涔嬭浇\02-浜岄潏�.events.json�扮殗浠鍦板瀭姘廫鍦板瀭姘忓垪.events.md
relationsPath锛?F:\GitHub\NEXUS\src\annotations\浜嬪唽涔嬭浇\02-浜岄潏�.relations.json�殗浠鍦板瀭姘廫鍦板瀭姘忓垪.relations.md
eventsPath 瀛樺湪锛?false
relationsPath 瀛樺湪锛?false
鍔犺浇鐨勬爣娉ㄦ枃浠舵暟閲忥細 0
鍔犺浇鐨勬爣娉ㄦ枃浠讹細 []
浼犻€掔粰鍓嶇鐨勬爣娉ㄦ暟鎹細 { files: [] }
 [2m(+5ms)[22m
[2m10:07:03[22m   [34m鈹溾攢[39m [2m/婕旇繘杞ㄨ抗/鍦版案姘忓垪/index.html[22m========== 鏍囨敞鏂囦欢鍔犺浇璋冭瘯 ==========
article.id 鍘熷鍊硷細 浜嬪唽涔嬭浇/02-浜岄潏绾?02-鍦扮殗浠?鍦版案姘?鍦版案姘忓垪.md
article.id 绫诲瀷锛?string
article.id 闀垮害锛?30
article.id 瀛楃浠ｇ爜锛?浜?20107) 鍐?20876) 涔?20043) 杞?36733) /(47) 0(48) 2(50) -(45) 浜?20108) 闈?38728) 绾?32426) /(47) 0(48) 2(50) -(45) 鍦?22320) 鐨?30343) 浠?20195) /(47) 鍦?22320) 姘?27704) 姘?27663) /(47) 鍦?22320) 姘?27704) 姘?27663) 鍒?21015) .(46) m(109) d(100)
annotationRoot锛?F:\GitHub\NEXUS\src\annotations
articlePathWithoutExt锛?浜嬪唽涔嬭浇/02-浜岄潏绾?02-鍦扮殗浠?鍦版案姘?鍦版案姘忓垪
eventsPath锛?F:\GitHub\NEXUS\src\annotations\浜嬪唽涔嬭浇\02-浜岄潏�.events.json�扮殗浠鍦版案姘廫鍦版案姘忓垪.events.md
relationsPath锛?F:\GitHub\NEXUS\src\annotations\浜嬪唽涔嬭浇\02-浜岄潏�.relations.json�殗浠鍦版案姘廫鍦版案姘忓垪.relations.md
eventsPath 瀛樺湪锛?false
relationsPath 瀛樺湪锛?false
鍔犺浇鐨勬爣娉ㄦ枃浠舵暟閲忥細 0
鍔犺浇鐨勬爣娉ㄦ枃浠讹細 []
浼犻€掔粰鍓嶇鐨勬爣娉ㄦ暟鎹細 { files: [] }
 [2m(+4ms)[22m
[2m10:07:03[22m   [34m鈹溾攢[39m [2m/婕旇繘杞ㄨ抗/鍦版啿姘忓垪/index.html[22m========== 鏍囨敞鏂囦欢鍔犺浇璋冭瘯 ==========
article.id 鍘熷鍊硷細 浜嬪唽涔嬭浇/02-浜岄潏绾?02-鍦扮殗浠?鍦版啿姘?鍦版啿姘忓垪.md
article.id 绫诲瀷锛?string
article.id 闀垮害锛?30
article.id 瀛楃浠ｇ爜锛?浜?20107) 鍐?20876) 涔?20043) 杞?36733) /(47) 0(48) 2(50) -(45) 浜?20108) 闈?38728) 绾?32426) /(47) 0(48) 2(50) -(45) 鍦?22320) 鐨?30343) 浠?20195) /(47) 鍦?22320) 鎲?25010) 姘?27663) /(47) 鍦?22320) 鎲?25010) 姘?27663) 鍒?21015) .(46) m(109) d(100)
annotationRoot锛?F:\GitHub\NEXUS\src\annotations
articlePathWithoutExt锛?浜嬪唽涔嬭浇/02-浜岄潏绾?02-鍦扮殗浠?鍦版啿姘?鍦版啿姘忓垪
eventsPath锛?F:\GitHub\NEXUS\src\annotations\浜嬪唽涔嬭浇\02-浜岄潏�.events.json�扮殗浠鍦版啿姘廫鍦版啿姘忓垪.events.md
relationsPath锛?F:\GitHub\NEXUS\src\annotations\浜嬪唽涔嬭浇\02-浜岄潏�.relations.json�殗浠鍦版啿姘廫鍦版啿姘忓垪.relations.md
eventsPath 瀛樺湪锛?false
relationsPath 瀛樺湪锛?false
鍔犺浇鐨勬爣娉ㄦ枃浠舵暟閲忥細 0
鍔犺浇鐨勬爣娉ㄦ枃浠讹細 []
浼犻€掔粰鍓嶇鐨勬爣娉ㄦ暟鎹細 { files: [] }
 [2m(+5ms)[22m
[2m10:07:03[22m   [34m鈹溾攢[39m [2m/婕旇繘杞ㄨ抗/鍦版硶姘忓垪/index.html[22m========== 鏍囨敞鏂囦欢鍔犺浇璋冭瘯 ==========
article.id 鍘熷鍊硷細 浜嬪唽涔嬭浇/02-浜岄潏绾?02-鍦扮殗浠?鍦版硶姘?鍦版硶姘忓垪.md
article.id 绫诲瀷锛?string
article.id 闀垮害锛?30
article.id 瀛楃浠ｇ爜锛?浜?20107) 鍐?20876) 涔?20043) 杞?36733) /(47) 0(48) 2(50) -(45) 浜?20108) 闈?38728) 绾?32426) /(47) 0(48) 2(50) -(45) 鍦?22320) 鐨?30343) 浠?20195) /(47) 鍦?22320) 娉?27861) 姘?27663) /(47) 鍦?22320) 娉?27861) 姘?27663) 鍒?21015) .(46) m(109) d(100)
annotationRoot锛?F:\GitHub\NEXUS\src\annotations
articlePathWithoutExt锛?浜嬪唽涔嬭浇/02-浜岄潏绾?02-鍦扮殗浠?鍦版硶姘?鍦版硶姘忓垪
eventsPath锛?F:\GitHub\NEXUS\src\annotations\浜嬪唽涔嬭浇\02-浜岄潏�.events.json�扮殗浠鍦版硶姘廫鍦版硶姘忓垪.events.md
relationsPath锛?F:\GitHub\NEXUS\src\annotations\浜嬪唽涔嬭浇\02-浜岄潏�.relations.json�殗浠鍦版硶姘廫鍦版硶姘忓垪.relations.md
eventsPath 瀛樺湪锛?false
relationsPath 瀛樺湪锛?false
鍔犺浇鐨勬爣娉ㄦ枃浠舵暟閲忥細 0
鍔犺浇鐨勬爣娉ㄦ枃浠讹細 []
浼犻€掔粰鍓嶇鐨勬爣娉ㄦ暟鎹細 { files: [] }
 [2m(+5ms)[22m
[2m10:07:03[22m   [34m鈹溾攢[39m [2m/婕旇繘杞ㄨ抗/鍦拌惉姘忓垪/index.html[22m========== 鏍囨敞鏂囦欢鍔犺浇璋冭瘯 ==========
article.id 鍘熷鍊硷細 浜嬪唽涔嬭浇/02-浜岄潏绾?02-鍦扮殗浠?鍦拌惉姘?鍦拌惉姘忓垪.md
article.id 绫诲瀷锛?string
article.id 闀垮害锛?30
article.id 瀛楃浠ｇ爜锛?浜?20107) 鍐?20876) 涔?20043) 杞?36733) /(47) 0(48) 2(50) -(45) 浜?20108) 闈?38728) 绾?32426) /(47) 0(48) 2(50) -(45) 鍦?22320) 鐨?30343) 浠?20195) /(47) 鍦?22320) 钀?33836) 姘?27663) /(47) 鍦?22320) 钀?33836) 姘?27663) 鍒?21015) .(46) m(109) d(100)
annotationRoot锛?F:\GitHub\NEXUS\src\annotations
articlePathWithoutExt锛?浜嬪唽涔嬭浇/02-浜岄潏绾?02-鍦扮殗浠?鍦拌惉姘?鍦拌惉姘忓垪
eventsPath锛?F:\GitHub\NEXUS\src\annotations\浜嬪唽涔嬭浇\02-浜岄潏�.events.json�扮殗浠鍦拌惉姘廫鍦拌惉姘忓垪.events.md
relationsPath锛?F:\GitHub\NEXUS\src\annotations\浜嬪唽涔嬭浇\02-浜岄潏�.relations.json�殗浠鍦拌惉姘廫鍦拌惉姘忓垪.relations.md
eventsPath 瀛樺湪锛?false
relationsPath 瀛樺湪锛?false
鍔犺浇鐨勬爣娉ㄦ枃浠舵暟閲忥細 0
鍔犺浇鐨勬爣娉ㄦ枃浠讹細 []
浼犻€掔粰鍓嶇鐨勬爣娉ㄦ暟鎹細 { files: [] }
 [2m(+5ms)[22m
[2m10:07:03[22m   [34m鈹溾攢[39m [2m/婕旇繘杞ㄨ抗/鍦拌姘忓垪/index.html[22m========== 鏍囨敞鏂囦欢鍔犺浇璋冭瘯 ==========
article.id 鍘熷鍊硷細 浜嬪唽涔嬭浇/02-浜岄潏绾?02-鍦扮殗浠?鍦拌姘?鍦拌姘忓垪.md
article.id 绫诲瀷锛?string
article.id 闀垮害锛?30
article.id 瀛楃浠ｇ爜锛?浜?20107) 鍐?20876) 涔?20043) 杞?36733) /(47) 0(48) 2(50) -(45) 浜?20108) 闈?38728) 绾?32426) /(47) 0(48) 2(50) -(45) 鍦?22320) 鐨?30343) 浠?20195) /(47) 鍦?22320) 璇?35832) 姘?27663) /(47) 鍦?22320) 璇?35832) 姘?27663) 鍒?21015) .(46) m(109) d(100)
annotationRoot锛?F:\GitHub\NEXUS\src\annotations
articlePathWithoutExt锛?浜嬪唽涔嬭浇/02-浜岄潏绾?02-鍦扮殗浠?鍦拌姘?鍦拌姘忓垪
eventsPath锛?F:\GitHub\NEXUS\src\annotations\浜嬪唽涔嬭浇\02-浜岄潏�.events.json�扮殗浠鍦拌姘廫鍦拌姘忓垪.events.md
relationsPath锛?F:\GitHub\NEXUS\src\annotations\浜嬪唽涔嬭浇\02-浜岄潏�.relations.json�殗浠鍦拌姘廫鍦拌姘忓垪.relations.md
eventsPath 瀛樺湪锛?false
relationsPath 瀛樺湪锛?false
鍔犺浇鐨勬爣娉ㄦ枃浠舵暟閲忥細 0
鍔犺浇鐨勬爣娉ㄦ枃浠讹細 []
浼犻€掔粰鍓嶇鐨勬爣娉ㄦ暟鎹細 { files: [] }
 [2m(+6ms)[22m
[2m10:07:03[22m   [34m鈹溾攢[39m [2m/婕旇繘杞ㄨ抗/鍦伴摽姘忓垪/index.html[22m========== 鏍囨敞鏂囦欢鍔犺浇璋冭瘯 ==========
article.id 鍘熷鍊硷細 浜嬪唽涔嬭浇/02-浜岄潏绾?02-鍦扮殗浠?鍦伴摽姘?鍦伴摽姘忓垪.md
article.id 绫诲瀷锛?string
article.id 闀垮害锛?30
article.id 瀛楃浠ｇ爜锛?浜?20107) 鍐?20876) 涔?20043) 杞?36733) /(47) 0(48) 2(50) -(45) 浜?20108) 闈?38728) 绾?32426) /(47) 0(48) 2(50) -(45) 鍦?22320) 鐨?30343) 浠?20195) /(47) 鍦?22320) 閾?38143) 姘?27663) /(47) 鍦?22320) 閾?38143) 姘?27663) 鍒?21015) .(46) m(109) d(100)
annotationRoot锛?F:\GitHub\NEXUS\src\annotations
articlePathWithoutExt锛?浜嬪唽涔嬭浇/02-浜岄潏绾?02-鍦扮殗浠?鍦伴摽姘?鍦伴摽姘忓垪
eventsPath锛?F:\GitHub\NEXUS\src\annotations\浜嬪唽涔嬭浇\02-浜岄潏�.events.json�扮殗浠鍦伴摽姘廫鍦伴摽姘忓垪.events.md
relationsPath锛?F:\GitHub\NEXUS\src\annotations\浜嬪唽涔嬭浇\02-浜岄潏�.relations.json�殗浠鍦伴摽姘廫鍦伴摽姘忓垪.relations.md
eventsPath 瀛樺湪锛?false
relationsPath 瀛樺湪锛?false
鍔犺浇鐨勬爣娉ㄦ枃浠舵暟閲忥細 0
鍔犺浇鐨勬爣娉ㄦ枃浠讹細 []
浼犻€掔粰鍓嶇鐨勬爣娉ㄦ暟鎹細 { files: [] }
 [2m(+6ms)[22m
[2m10:07:03[22m   [34m鈹溾攢[39m [2m/婕旇繘杞ㄨ抗/鍦拌景姘忓垪/index.html[22m========== 鏍囨敞鏂囦欢鍔犺浇璋冭瘯 ==========
article.id 鍘熷鍊硷細 浜嬪唽涔嬭浇/02-浜岄潏绾?02-鍦扮殗浠?鍦拌景姘?鍦拌景姘忓垪.md
article.id 绫诲瀷锛?string
article.id 闀垮害锛?30
article.id 瀛楃浠ｇ爜锛?浜?20107) 鍐?20876) 涔?20043) 杞?36733) /(47) 0(48) 2(50) -(45) 浜?20108) 闈?38728) 绾?32426) /(47) 0(48) 2(50) -(45) 鍦?22320) 鐨?30343) 浠?20195) /(47) 鍦?22320) 杈?36784) 姘?27663) /(47) 鍦?22320) 杈?36784) 姘?27663) 鍒?21015) .(46) m(109) d(100)
annotationRoot锛?F:\GitHub\NEXUS\src\annotations
articlePathWithoutExt锛?浜嬪唽涔嬭浇/02-浜岄潏绾?02-鍦扮殗浠?鍦拌景姘?鍦拌景姘忓垪
eventsPath锛?F:\GitHub\NEXUS\src\annotations\浜嬪唽涔嬭浇\02-浜岄潏�.events.json�扮殗浠鍦拌景姘廫鍦拌景姘忓垪.events.md
relationsPath锛?F:\GitHub\NEXUS\src\annotations\浜嬪唽涔嬭浇\02-浜岄潏�.relations.json�殗浠鍦拌景姘廫鍦拌景姘忓垪.relations.md
eventsPath 瀛樺湪锛?false
relationsPath 瀛樺湪锛?false
鍔犺浇鐨勬爣娉ㄦ枃浠舵暟閲忥細 0
鍔犺浇鐨勬爣娉ㄦ枃浠讹細 []
浼犻€掔粰鍓嶇鐨勬爣娉ㄦ暟鎹細 { files: [] }
 [2m(+4ms)[22m
[2m10:07:03[22m   [34m鈹溾攢[39m [2m/婕旇繘杞ㄨ抗/1-鎻愭尯涓栨湰/index.html[22m========== 鏍囨敞鏂囦欢鍔犺浇璋冭瘯 ==========
article.id 鍘熷鍊硷細 浜嬪唽涔嬭浇/01-鍏冨绾?08-鍏冪殗浠?1-鎻愭尯姘?1-鎻愭尯涓栨湰.md
article.id 绫诲瀷锛?string
article.id 闀垮害锛?34
article.id 瀛楃浠ｇ爜锛?浜?20107) 鍐?20876) 涔?20043) 杞?36733) /(47) 0(48) 1(49) -(45) 鍏?20803) 濮?22987) 绾?32426) /(47) 0(48) 8(56) -(45) 鍏?20803) 鐨?30343) 浠?20195) /(47) 1(49) -(45) 鎻?25552) 鎸?25402) 姘?27663) /(47) 1(49) -(45) 鎻?25552) 鎸?25402) 涓?19990) 鏈?26412) .(46) m(109) d(100)
annotationRoot锛?F:\GitHub\NEXUS\src\annotations
articlePathWithoutExt锛?浜嬪唽涔嬭浇/01-鍏冨绾?08-鍏冪殗浠?1-鎻愭尯姘?1-鎻愭尯涓栨湰
eventsPath锛?F:\GitHub\NEXUS\src\annotations\浜嬪唽涔嬭浇\01-鍏冨绾�.events.json殗浠1-鎻愭尯姘廫1-鎻愭尯涓栨湰.events.md
relationsPath锛?F:\GitHub\NEXUS\src\annotations\浜嬪唽涔嬭浇\01-鍏冨绾�.relations.json浠1-鎻愭尯姘廫1-鎻愭尯涓栨湰.relations.md
eventsPath 瀛樺湪锛?false
relationsPath 瀛樺湪锛?false
鍔犺浇鐨勬爣娉ㄦ枃浠舵暟閲忥細 0
鍔犺浇鐨勬爣娉ㄦ枃浠讹細 []
浼犻€掔粰鍓嶇鐨勬爣娉ㄦ暟鎹細 { files: [] }
 [2m(+4ms)[22m
[2m10:07:03[22m   [34m鈹溾攢[39m [2m/婕旇繘杞ㄨ抗/涓婄珷姘忓垪/index.html[22m========== 鏍囨敞鏂囦欢鍔犺浇璋冭瘯 ==========
article.id 鍘熷鍊硷細 浜嬪唽涔嬭浇/02-浜岄潏绾?01-澶╃殗浠?涓婄珷姘?涓婄珷姘忓垪.md
article.id 绫诲瀷锛?string
article.id 闀垮害锛?30
article.id 瀛楃浠ｇ爜锛?浜?20107) 鍐?20876) 涔?20043) 杞?36733) /(47) 0(48) 2(50) -(45) 浜?20108) 闈?38728) 绾?32426) /(47) 0(48) 1(49) -(45) 澶?22825) 鐨?30343) 浠?20195) /(47) 涓?19978) 绔?31456) 姘?27663) /(47) 涓?19978) 绔?31456) 姘?27663) 鍒?21015) .(46) m(109) d(100)
annotationRoot锛?F:\GitHub\NEXUS\src\annotations
articlePathWithoutExt锛?浜嬪唽涔嬭浇/02-浜岄潏绾?01-澶╃殗浠?涓婄珷姘?涓婄珷姘忓垪
eventsPath锛?F:\GitHub\NEXUS\src\annotations\浜嬪唽涔嬭浇\02-浜岄潏�.events.json�╃殗浠涓婄珷姘廫涓婄珷姘忓垪.events.md
relationsPath锛?F:\GitHub\NEXUS\src\annotations\浜嬪唽涔嬭浇\02-浜岄潏�.relations.json�殗浠涓婄珷姘廫涓婄珷姘忓垪.relations.md
eventsPath 瀛樺湪锛?false
relationsPath 瀛樺湪锛?false
鍔犺浇鐨勬爣娉ㄦ枃浠舵暟閲忥細 0
鍔犺浇鐨勬爣娉ㄦ枃浠讹細 []
浼犻€掔粰鍓嶇鐨勬爣娉ㄦ暟鎹細 { files: [] }
 [2m(+4ms)[22m
[2m10:07:03[22m   [34m鈹溾攢[39m [2m/婕旇繘杞ㄨ抗/宸炵尞姘忓垪/index.html[22m========== 鏍囨敞鏂囦欢鍔犺浇璋冭瘯 ==========
article.id 鍘熷鍊硷細 浜嬪唽涔嬭浇/02-浜岄潏绾?01-澶╃殗浠?宸炵尞姘?宸炵尞姘忓垪.md
article.id 绫诲瀷锛?string
article.id 闀垮害锛?30
article.id 瀛楃浠ｇ爜锛?浜?20107) 鍐?20876) 涔?20043) 杞?36733) /(47) 0(48) 2(50) -(45) 浜?20108) 闈?38728) 绾?32426) /(47) 0(48) 1(49) -(45) 澶?22825) 鐨?30343) 浠?20195) /(47) 宸?24030) 鐚?29486) 姘?27663) /(47) 宸?24030) 鐚?29486) 姘?27663) 鍒?21015) .(46) m(109) d(100)
annotationRoot锛?F:\GitHub\NEXUS\src\annotations
articlePathWithoutExt锛?浜嬪唽涔嬭浇/02-浜岄潏绾?01-澶╃殗浠?宸炵尞姘?宸炵尞姘忓垪
eventsPath锛?F:\GitHub\NEXUS\src\annotations\浜嬪唽涔嬭浇\02-浜岄潏�.events.json�╃殗浠宸炵尞姘廫宸炵尞姘忓垪.events.md
relationsPath锛?F:\GitHub\NEXUS\src\annotations\浜嬪唽涔嬭浇\02-浜岄潏�.relations.json�殗浠宸炵尞姘廫宸炵尞姘忓垪.relations.md
eventsPath 瀛樺湪锛?false
relationsPath 瀛樺湪锛?false
鍔犺浇鐨勬爣娉ㄦ枃浠舵暟閲忥細 0
鍔犺浇鐨勬爣娉ㄦ枃浠讹細 []
浼犻€掔粰鍓嶇鐨勬爣娉ㄦ暟鎹細 { files: [] }
 [2m(+4ms)[22m
[2m10:07:03[22m   [34m鈹溾攢[39m [2m/婕旇繘杞ㄨ抗/灞犵淮姘忓垪/index.html[22m========== 鏍囨敞鏂囦欢鍔犺浇璋冭瘯 ==========
article.id 鍘熷鍊硷細 浜嬪唽涔嬭浇/02-浜岄潏绾?01-澶╃殗浠?灞犵淮姘?灞犵淮姘忓垪.md
article.id 绫诲瀷锛?string
article.id 闀垮害锛?30
article.id 瀛楃浠ｇ爜锛?浜?20107) 鍐?20876) 涔?20043) 杞?36733) /(47) 0(48) 2(50) -(45) 浜?20108) 闈?38728) 绾?32426) /(47) 0(48) 1(49) -(45) 澶?22825) 鐨?30343) 浠?20195) /(47) 灞?23648) 缁?32500) 姘?27663) /(47) 灞?23648) 缁?32500) 姘?27663) 鍒?21015) .(46) m(109) d(100)
annotationRoot锛?F:\GitHub\NEXUS\src\annotations
articlePathWithoutExt锛?浜嬪唽涔嬭浇/02-浜岄潏绾?01-澶╃殗浠?灞犵淮姘?灞犵淮姘忓垪
eventsPath锛?F:\GitHub\NEXUS\src\annotations\浜嬪唽涔嬭浇\02-浜岄潏�.events.json�╃殗浠灞犵淮姘廫灞犵淮姘忓垪.events.md
relationsPath锛?F:\GitHub\NEXUS\src\annotations\浜嬪唽涔嬭浇\02-浜岄潏�.relations.json�殗浠灞犵淮姘廫灞犵淮姘忓垪.relations.md
eventsPath 瀛樺湪锛?false
relationsPath 瀛樺湪锛?false
鍔犺浇鐨勬爣娉ㄦ枃浠舵暟閲忥細 0
鍔犺浇鐨勬爣娉ㄦ枃浠讹細 []
浼犻€掔粰鍓嶇鐨勬爣娉ㄦ暟鎹細 { files: [] }
 [2m(+4ms)[22m
[2m10:07:03[22m   [34m鈹溾攢[39m [2m/婕旇繘杞ㄨ抗/寮哄湁姘忓垪/index.html[22m========== 鏍囨敞鏂囦欢鍔犺浇璋冭瘯 ==========
article.id 鍘熷鍊硷細 浜嬪唽涔嬭浇/02-浜岄潏绾?01-澶╃殗浠?寮哄湁姘?寮哄湁姘忓垪.md
article.id 绫诲瀷锛?string
article.id 闀垮害锛?30
article.id 瀛楃浠ｇ爜锛?浜?20107) 鍐?20876) 涔?20043) 杞?36733) /(47) 0(48) 2(50) -(45) 浜?20108) 闈?38728) 绾?32426) /(47) 0(48) 1(49) -(45) 澶?22825) 鐨?30343) 浠?20195) /(47) 寮?24378) 鍦?22281) 姘?27663) /(47) 寮?24378) 鍦?22281) 姘?27663) 鍒?21015) .(46) m(109) d(100)
annotationRoot锛?F:\GitHub\NEXUS\src\annotations
articlePathWithoutExt锛?浜嬪唽涔嬭浇/02-浜岄潏绾?01-澶╃殗浠?寮哄湁姘?寮哄湁姘忓垪
eventsPath锛?F:\GitHub\NEXUS\src\annotations\浜嬪唽涔嬭浇\02-浜岄潏�.events.json�╃殗浠寮哄湁姘廫寮哄湁姘忓垪.events.md
relationsPath锛?F:\GitHub\NEXUS\src\annotations\浜嬪唽涔嬭浇\02-浜岄潏�.relations.json�殗浠寮哄湁姘廫寮哄湁姘忓垪.relations.md
eventsPath 瀛樺湪锛?false
relationsPath 瀛樺湪锛?false
鍔犺浇鐨勬爣娉ㄦ枃浠舵暟閲忥細 0
鍔犺浇鐨勬爣娉ㄦ枃浠讹細 []
浼犻€掔粰鍓嶇鐨勬爣娉ㄦ暟鎹細 { files: [] }
 [2m(+4ms)[22m
[2m10:07:03[22m   [34m鈹溾攢[39m [2m/婕旇繘杞ㄨ抗/鏃冭挋姘忓垪/index.html[22m========== 鏍囨敞鏂囦欢鍔犺浇璋冭瘯 ==========
article.id 鍘熷鍊硷細 浜嬪唽涔嬭浇/02-浜岄潏绾?01-澶╃殗浠?鏃冭挋姘?鏃冭挋姘忓垪.md
article.id 绫诲瀷锛?string
article.id 闀垮害锛?30
article.id 瀛楃浠ｇ爜锛?浜?20107) 鍐?20876) 涔?20043) 杞?36733) /(47) 0(48) 2(50) -(45) 浜?20108) 闈?38728) 绾?32426) /(47) 0(48) 1(49) -(45) 澶?22825) 鐨?30343) 浠?20195) /(47) 鏃?26051) 钂?33945) 姘?27663) /(47) 鏃?26051) 钂?33945) 姘?27663) 鍒?21015) .(46) m(109) d(100)
annotationRoot锛?F:\GitHub\NEXUS\src\annotations
articlePathWithoutExt锛?浜嬪唽涔嬭浇/02-浜岄潏绾?01-澶╃殗浠?鏃冭挋姘?鏃冭挋姘忓垪
eventsPath锛?F:\GitHub\NEXUS\src\annotations\浜嬪唽涔嬭浇\02-浜岄潏�.events.json�╃殗浠鏃冭挋姘廫鏃冭挋姘忓垪.events.md
relationsPath锛?F:\GitHub\NEXUS\src\annotations\浜嬪唽涔嬭浇\02-浜岄潏�.relations.json�殗浠鏃冭挋姘廫鏃冭挋姘忓垪.relations.md
eventsPath 瀛樺湪锛?false
relationsPath 瀛樺湪锛?false
鍔犺浇鐨勬爣娉ㄦ枃浠舵暟閲忥細 0
鍔犺浇鐨勬爣娉ㄦ枃浠讹細 []
浼犻€掔粰鍓嶇鐨勬爣娉ㄦ暟鎹細 { files: [] }
 [2m(+4ms)[22m
[2m10:07:03[22m   [34m鈹溾攢[39m [2m/婕旇繘杞ㄨ抗/鏄櫧姘忓垪/index.html[22m========== 鏍囨敞鏂囦欢鍔犺浇璋冭瘯 ==========
article.id 鍘熷鍊硷細 浜嬪唽涔嬭浇/02-浜岄潏绾?01-澶╃殗浠?鏄櫧姘?鏄櫧姘忓垪.md
article.id 绫诲瀷锛?string
article.id 闀垮害锛?30
article.id 瀛楃浠ｇ爜锛?浜?20107) 鍐?20876) 涔?20043) 杞?36733) /(47) 0(48) 2(50) -(45) 浜?20108) 闈?38728) 绾?32426) /(47) 0(48) 1(49) -(45) 澶?22825) 鐨?30343) 浠?20195) /(47) 鏄?26157) 闄?38525) 姘?27663) /(47) 鏄?26157) 闄?38525) 姘?27663) 鍒?21015) .(46) m(109) d(100)
annotationRoot锛?F:\GitHub\NEXUS\src\annotations
articlePathWithoutExt锛?浜嬪唽涔嬭浇/02-浜岄潏绾?01-澶╃殗浠?鏄櫧姘?鏄櫧姘忓垪
eventsPath锛?F:\GitHub\NEXUS\src\annotations\浜嬪唽涔嬭浇\02-浜岄潏�.events.json�╃殗浠鏄櫧姘廫鏄櫧姘忓垪.events.md
relationsPath锛?F:\GitHub\NEXUS\src\annotations\浜嬪唽涔嬭浇\02-浜岄潏�.relations.json�殗浠鏄櫧姘廫鏄櫧姘忓垪.relations.md
eventsPath 瀛樺湪锛?false
relationsPath 瀛樺湪锛?false
鍔犺浇鐨勬爣娉ㄦ枃浠舵暟閲忥細 0
鍔犺浇鐨勬爣娉ㄦ枃浠讹細 []
浼犻€掔粰鍓嶇鐨勬爣娉ㄦ暟鎹細 { files: [] }
 [2m(+4ms)[22m
[2m10:07:03[22m   [34m鈹溾攢[39m [2m/婕旇繘杞ㄨ抗/鏌斿厗姘忓垪/index.html[22m========== 鏍囨敞鏂囦欢鍔犺浇璋冭瘯 ==========
article.id 鍘熷鍊硷細 浜嬪唽涔嬭浇/02-浜岄潏绾?01-澶╃殗浠?鏌斿厗姘?鏌斿厗姘忓垪.md
article.id 绫诲瀷锛?string
article.id 闀垮害锛?30
article.id 瀛楃浠ｇ爜锛?浜?20107) 鍐?20876) 涔?20043) 杞?36733) /(47) 0(48) 2(50) -(45) 浜?20108) 闈?38728) 绾?32426) /(47) 0(48) 1(49) -(45) 澶?22825) 鐨?30343) 浠?20195) /(47) 鏌?26580) 鍏?20806) 姘?27663) /(47) 鏌?26580) 鍏?20806) 姘?27663) 鍒?21015) .(46) m(109) d(100)
annotationRoot锛?F:\GitHub\NEXUS\src\annotations
articlePathWithoutExt锛?浜嬪唽涔嬭浇/02-浜岄潏绾?01-澶╃殗浠?鏌斿厗姘?鏌斿厗姘忓垪
eventsPath锛?F:\GitHub\NEXUS\src\annotations\浜嬪唽涔嬭浇\02-浜岄潏�.events.json�╃殗浠鏌斿厗姘廫鏌斿厗姘忓垪.events.md
relationsPath锛?F:\GitHub\NEXUS\src\annotations\浜嬪唽涔嬭浇\02-浜岄潏�.relations.json�殗浠鏌斿厗姘廫鏌斿厗姘忓垪.relations.md
eventsPath 瀛樺湪锛?false
relationsPath 瀛樺湪锛?false
鍔犺浇鐨勬爣娉ㄦ枃浠舵暟閲忥細 0
鍔犺浇鐨勬爣娉ㄦ枃浠讹細 []
浼犻€掔粰鍓嶇鐨勬爣娉ㄦ暟鎹細 { files: [] }
 [2m(+4ms)[22m
[2m10:07:03[22m   [34m鈹溾攢[39m [2m/婕旇繘杞ㄨ抗/閲嶅厜姘忓垪/index.html[22m========== 鏍囨敞鏂囦欢鍔犺浇璋冭瘯 ==========
article.id 鍘熷鍊硷細 浜嬪唽涔嬭浇/02-浜岄潏绾?01-澶╃殗浠?閲嶅厜姘?閲嶅厜姘忓垪.md
article.id 绫诲瀷锛?string
article.id 闀垮害锛?30
article.id 瀛楃浠ｇ爜锛?浜?20107) 鍐?20876) 涔?20043) 杞?36733) /(47) 0(48) 2(50) -(45) 浜?20108) 闈?38728) 绾?32426) /(47) 0(48) 1(49) -(45) 澶?22825) 鐨?30343) 浠?20195) /(47) 閲?37325) 鍏?20809) 姘?27663) /(47) 閲?37325) 鍏?20809) 姘?27663) 鍒?21015) .(46) m(109) d(100)
annotationRoot锛?F:\GitHub\NEXUS\src\annotations
articlePathWithoutExt锛?浜嬪唽涔嬭浇/02-浜岄潏绾?01-澶╃殗浠?閲嶅厜姘?閲嶅厜姘忓垪
eventsPath锛?F:\GitHub\NEXUS\src\annotations\浜嬪唽涔嬭浇\02-浜岄潏�.events.json�╃殗浠閲嶅厜姘廫閲嶅厜姘忓垪.events.md
relationsPath锛?F:\GitHub\NEXUS\src\annotations\浜嬪唽涔嬭浇\02-浜岄潏�.relations.json�殗浠閲嶅厜姘廫閲嶅厜姘忓垪.relations.md
eventsPath 瀛樺湪锛?false
relationsPath 瀛樺湪锛?false
鍔犺浇鐨勬爣娉ㄦ枃浠舵暟閲忥細 0
鍔犺浇鐨勬爣娉ㄦ枃浠讹細 []
浼犻€掔粰鍓嶇鐨勬爣娉ㄦ暟鎹細 { files: [] }
 [2m(+4ms)[22m
[2m10:07:03[22m   [34m鈹溾攢[39m [2m/婕旇繘杞ㄨ抗/钁楅泹姘忓垪/index.html[22m========== 鏍囨敞鏂囦欢鍔犺浇璋冭瘯 ==========
article.id 鍘熷鍊硷細 浜嬪唽涔嬭浇/02-浜岄潏绾?01-澶╃殗浠?钁楅泹姘?钁楅泹姘忓垪.md
article.id 绫诲瀷锛?string
article.id 闀垮害锛?30
article.id 瀛楃浠ｇ爜锛?浜?20107) 鍐?20876) 涔?20043) 杞?36733) /(47) 0(48) 2(50) -(45) 浜?20108) 闈?38728) 绾?32426) /(47) 0(48) 1(49) -(45) 澶?22825) 鐨?30343) 浠?20195) /(47) 钁?33879) 闆?38605) 姘?27663) /(47) 钁?33879) 闆?38605) 姘?27663) 鍒?21015) .(46) m(109) d(100)
annotationRoot锛?F:\GitHub\NEXUS\src\annotations
articlePathWithoutExt锛?浜嬪唽涔嬭浇/02-浜岄潏绾?01-澶╃殗浠?钁楅泹姘?钁楅泹姘忓垪
eventsPath锛?F:\GitHub\NEXUS\src\annotations\浜嬪唽涔嬭浇\02-浜岄潏�.events.json�╃殗浠钁楅泹姘廫钁楅泹姘忓垪.events.md
relationsPath锛?F:\GitHub\NEXUS\src\annotations\浜嬪唽涔嬭浇\02-浜岄潏�.relations.json�殗浠钁楅泹姘廫钁楅泹姘忓垪.relations.md
eventsPath 瀛樺湪锛?false
relationsPath 瀛樺湪锛?false
鍔犺浇鐨勬爣娉ㄦ枃浠舵暟閲忥細 0
鍔犺浇鐨勬爣娉ㄦ枃浠讹細 []
浼犻€掔粰鍓嶇鐨勬爣娉ㄦ暟鎹細 { files: [] }
 [2m(+5ms)[22m
[2m10:07:03[22m   [34m鈹溾攢[39m [2m/婕旇繘杞ㄨ抗/闃忛€㈡皬鍒?index.html[22m========== 鏍囨敞鏂囦欢鍔犺浇璋冭瘯 ==========
article.id 鍘熷鍊硷細 浜嬪唽涔嬭浇/02-浜岄潏绾?01-澶╃殗浠?闃忛€㈡皬/闃忛€㈡皬鍒?md
article.id 绫诲瀷锛?string
article.id 闀垮害锛?30
article.id 瀛楃浠ｇ爜锛?浜?20107) 鍐?20876) 涔?20043) 杞?36733) /(47) 0(48) 2(50) -(45) 浜?20108) 闈?38728) 绾?32426) /(47) 0(48) 1(49) -(45) 澶?22825) 鐨?30343) 浠?20195) /(47) 闃?38415) 閫?36898) 姘?27663) /(47) 闃?38415) 閫?36898) 姘?27663) 鍒?21015) .(46) m(109) d(100)
annotationRoot锛?F:\GitHub\NEXUS\src\annotations
articlePathWithoutExt锛?浜嬪唽涔嬭浇/02-浜岄潏绾?01-澶╃殗浠?闃忛€㈡皬/闃忛€㈡皬鍒?eventsPath锛?F:\GitHub\NEXUS\src\annotations\浜嬪唽涔嬭浇\02-浜岄潏绾猏01-澶╃殗浠闃忛€㈡皬\闃忛€㈡皬鍒?events.md
relationsPath锛?F:\GitHub\NEXUS\src\annotations\浜嬪唽涔嬭浇\02-浜岄潏绾猏01-澶╃殗浠闃忛€㈡皬\闃忛€㈡皬鍒?relations.md
eventsPath 瀛樺湪锛?false
relationsPath 瀛樺湪锛?false
鍔犺浇鐨勬爣娉ㄦ枃浠舵暟閲忥細 0
鍔犺浇鐨勬爣娉ㄦ枃浠讹細 []
浼犻€掔粰鍓嶇鐨勬爣娉ㄦ暟鎹細 { files: [] }
 [2m(+4ms)[22m
[2m10:07:03[22m   [34m鈹溾攢[39m [2m/婕旇繘杞ㄨ抗/闃夎寕姘忓垪/index.html[22m========== 鏍囨敞鏂囦欢鍔犺浇璋冭瘯 ==========
article.id 鍘熷鍊硷細 浜嬪唽涔嬭浇/02-浜岄潏绾?01-澶╃殗浠?闃夎寕姘?闃夎寕姘忓垪.md
article.id 绫诲瀷锛?string
article.id 闀垮害锛?30
article.id 瀛楃浠ｇ爜锛?浜?20107) 鍐?20876) 涔?20043) 杞?36733) /(47) 0(48) 2(50) -(45) 浜?20108) 闈?38728) 绾?32426) /(47) 0(48) 1(49) -(45) 澶?22825) 鐨?30343) 浠?20195) /(47) 闃?38409) 鑼?33538) 姘?27663) /(47) 闃?38409) 鑼?33538) 姘?27663) 鍒?21015) .(46) m(109) d(100)
annotationRoot锛?F:\GitHub\NEXUS\src\annotations
articlePathWithoutExt锛?浜嬪唽涔嬭浇/02-浜岄潏绾?01-澶╃殗浠?闃夎寕姘?闃夎寕姘忓垪
eventsPath锛?F:\GitHub\NEXUS\src\annotations\浜嬪唽涔嬭浇\02-浜岄潏�.events.json�╃殗浠闃夎寕姘廫闃夎寕姘忓垪.events.md
relationsPath锛?F:\GitHub\NEXUS\src\annotations\浜嬪唽涔嬭浇\02-浜岄潏�.relations.json�殗浠闃夎寕姘廫闃夎寕姘忓垪.relations.md
eventsPath 瀛樺湪锛?false
relationsPath 瀛樺湪锛?false
鍔犺浇鐨勬爣娉ㄦ枃浠舵暟閲忥細 0
鍔犺浇鐨勬爣娉ㄦ枃浠讹細 []
浼犻€掔粰鍓嶇鐨勬爣娉ㄦ暟鎹細 { files: [] }
 [2m(+4ms)[22m
[2m10:07:03[22m   [34m鈹溾攢[39m [2m/婕旇繘杞ㄨ抗/浼姘忓垪/index.html[22m========== 鏍囨敞鏂囦欢鍔犺浇璋冭瘯 ==========
article.id 鍘熷鍊硷細 浜嬪唽涔嬭浇/04-浜旈緧绾?01-浜旈緧浠?浼姘?浼姘忓垪.md
article.id 绫诲瀷锛?string
article.id 闀垮害锛?30
article.id 瀛楃浠ｇ爜锛?浜?20107) 鍐?20876) 涔?20043) 杞?36733) /(47) 0(48) 4(52) -(45) 浜?20116) 榫?40845) 绾?32426) /(47) 0(48) 1(49) -(45) 浜?20116) 榫?40845) 浠?20195) /(47) 浼?20271) 瑙?35282) 姘?27663) /(47) 浼?20271) 瑙?35282) 姘?27663) 鍒?21015) .(46) m(109) d(100)
annotationRoot锛?F:\GitHub\NEXUS\src\annotations
articlePathWithoutExt锛?浜嬪唽涔嬭浇/04-浜旈緧绾?01-浜旈緧浠?浼姘?浼姘忓垪
eventsPath锛?F:\GitHub\NEXUS\src\annotations\浜嬪唽涔嬭浇\04-浜旈緧�.events.json�旈緧浠浼姘廫浼姘忓垪.events.md
relationsPath锛?F:\GitHub\NEXUS\src\annotations\浜嬪唽涔嬭浇\04-浜旈緧�.relations.json�緧浠浼姘廫浼姘忓垪.relations.md
eventsPath 瀛樺湪锛?false
relationsPath 瀛樺湪锛?false
鍔犺浇鐨勬爣娉ㄦ枃浠舵暟閲忥細 0
鍔犺浇鐨勬爣娉ㄦ枃浠讹細 []
浼犻€掔粰鍓嶇鐨勬爣娉ㄦ暟鎹細 { files: [] }
 [2m(+4ms)[22m
[2m10:07:03[22m   [34m鈹溾攢[39m [2m/婕旇繘杞ㄨ抗/鐜勯粨姘忓垪/index.html[22m========== 鏍囨敞鏂囦欢鍔犺浇璋冭瘯 ==========
article.id 鍘熷鍊硷細 浜嬪唽涔嬭浇/02-浜岄潏绾?01-澶╃殗浠?鐜勯粨姘?鐜勯粨姘忓垪.md
article.id 绫诲瀷锛?string
article.id 闀垮害锛?30
article.id 瀛楃浠ｇ爜锛?浜?20107) 鍐?20876) 涔?20043) 杞?36733) /(47) 0(48) 2(50) -(45) 浜?20108) 闈?38728) 绾?32426) /(47) 0(48) 1(49) -(45) 澶?22825) 鐨?30343) 浠?20195) /(47) 鐜?29572) 榛?40659) 姘?27663) /(47) 鐜?29572) 榛?40659) 姘?27663) 鍒?21015) .(46) m(109) d(100)
annotationRoot锛?F:\GitHub\NEXUS\src\annotations
articlePathWithoutExt锛?浜嬪唽涔嬭浇/02-浜岄潏绾?01-澶╃殗浠?鐜勯粨姘?鐜勯粨姘忓垪
eventsPath锛?F:\GitHub\NEXUS\src\annotations\浜嬪唽涔嬭浇\02-浜岄潏�.events.json�╃殗浠鐜勯粨姘廫鐜勯粨姘忓垪.events.md
relationsPath锛?F:\GitHub\NEXUS\src\annotations\浜嬪唽涔嬭浇\02-浜岄潏�.relations.json�殗浠鐜勯粨姘廫鐜勯粨姘忓垪.relations.md
eventsPath 瀛樺湪锛?false
relationsPath 瀛樺湪锛?false
鍔犺浇鐨勬爣娉ㄦ枃浠舵暟閲忥細 0
鍔犺浇鐨勬爣娉ㄦ枃浠讹細 []
浼犻€掔粰鍓嶇鐨勬爣娉ㄦ暟鎹細 { files: [] }
 [2m(+3ms)[22m
[2m10:07:03[22m   [34m鈹溾攢[39m [2m/婕旇繘杞ㄨ抗/浠插镜姘忓垪/index.html[22m========== 鏍囨敞鏂囦欢鍔犺浇璋冭瘯 ==========
article.id 鍘熷鍊硷細 浜嬪唽涔嬭浇/04-浜旈緧绾?01-浜旈緧浠?浠插镜姘?浠插镜姘忓垪.md
article.id 绫诲瀷锛?string
article.id 闀垮害锛?30
article.id 瀛楃浠ｇ爜锛?浜?20107) 鍐?20876) 涔?20043) 杞?36733) /(47) 0(48) 4(52) -(45) 浜?20116) 榫?40845) 绾?32426) /(47) 0(48) 1(49) -(45) 浜?20116) 榫?40845) 浠?20195) /(47) 浠?20210) 寰?24501) 姘?27663) /(47) 浠?20210) 寰?24501) 姘?27663) 鍒?21015) .(46) m(109) d(100)
annotationRoot锛?F:\GitHub\NEXUS\src\annotations
articlePathWithoutExt锛?浜嬪唽涔嬭浇/04-浜旈緧绾?01-浜旈緧浠?浠插镜姘?浠插镜姘忓垪
eventsPath锛?F:\GitHub\NEXUS\src\annotations\浜嬪唽涔嬭浇\04-浜旈緧�.events.json�旈緧浠浠插镜姘廫浠插镜姘忓垪.events.md
relationsPath锛?F:\GitHub\NEXUS\src\annotations\浜嬪唽涔嬭浇\04-浜旈緧�.relations.json�緧浠浠插镜姘廫浠插镜姘忓垪.relations.md
eventsPath 瀛樺湪锛?false
relationsPath 瀛樺湪锛?false
鍔犺浇鐨勬爣娉ㄦ枃浠舵暟閲忥細 0
鍔犺浇鐨勬爣娉ㄦ枃浠讹細 []
浼犻€掔粰鍓嶇鐨勬爣娉ㄦ暟鎹細 { files: [] }
 [2m(+4ms)[22m
[2m10:07:03[22m   [34m鈹溾攢[39m [2m/婕旇繘杞ㄨ抗/鍙斿晢姘忓垪/index.html[22m========== 鏍囨敞鏂囦欢鍔犺浇璋冭瘯 ==========
article.id 鍘熷鍊硷細 浜嬪唽涔嬭浇/04-浜旈緧绾?01-浜旈緧浠?鍙斿晢姘?鍙斿晢姘忓垪.md
article.id 绫诲瀷锛?string
article.id 闀垮害锛?30
article.id 瀛楃浠ｇ爜锛?浜?20107) 鍐?20876) 涔?20043) 杞?36733) /(47) 0(48) 4(52) -(45) 浜?20116) 榫?40845) 绾?32426) /(47) 0(48) 1(49) -(45) 浜?20116) 榫?40845) 浠?20195) /(47) 鍙?21460) 鍟?21830) 姘?27663) /(47) 鍙?21460) 鍟?21830) 姘?27663) 鍒?21015) .(46) m(109) d(100)
annotationRoot锛?F:\GitHub\NEXUS\src\annotations
articlePathWithoutExt锛?浜嬪唽涔嬭浇/04-浜旈緧绾?01-浜旈緧浠?鍙斿晢姘?鍙斿晢姘忓垪
eventsPath锛?F:\GitHub\NEXUS\src\annotations\浜嬪唽涔嬭浇\04-浜旈緧�.events.json�旈緧浠鍙斿晢姘廫鍙斿晢姘忓垪.events.md
relationsPath锛?F:\GitHub\NEXUS\src\annotations\浜嬪唽涔嬭浇\04-浜旈緧�.relations.json�緧浠鍙斿晢姘廫鍙斿晢姘忓垪.relations.md
eventsPath 瀛樺湪锛?false
relationsPath 瀛樺湪锛?false
鍔犺浇鐨勬爣娉ㄦ枃浠舵暟閲忥細 0
鍔犺浇鐨勬爣娉ㄦ枃浠讹細 []
浼犻€掔粰鍓嶇鐨勬爣娉ㄦ暟鎹細 { files: [] }
 [2m(+3ms)[22m
[2m10:07:03[22m   [34m鈹溾攢[39m [2m/婕旇繘杞ㄨ抗/灏戝姘忓垪/index.html[22m========== 鏍囨敞鏂囦欢鍔犺浇璋冭瘯 ==========
article.id 鍘熷鍊硷細 浜嬪唽涔嬭浇/04-浜旈緧绾?01-浜旈緧浠?灏戝姘?灏戝姘忓垪.md
article.id 绫诲瀷锛?string
article.id 闀垮害锛?30
article.id 瀛楃浠ｇ爜锛?浜?20107) 鍐?20876) 涔?20043) 杞?36733) /(47) 0(48) 4(52) -(45) 浜?20116) 榫?40845) 绾?32426) /(47) 0(48) 1(49) -(45) 浜?20116) 榫?40845) 浠?20195) /(47) 灏?23569) 瀹?23467) 姘?27663) /(47) 灏?23569) 瀹?23467) 姘?27663) 鍒?21015) .(46) m(109) d(100)
annotationRoot锛?F:\GitHub\NEXUS\src\annotations
articlePathWithoutExt锛?浜嬪唽涔嬭浇/04-浜旈緧绾?01-浜旈緧浠?灏戝姘?灏戝姘忓垪
eventsPath锛?F:\GitHub\NEXUS\src\annotations\浜嬪唽涔嬭浇\04-浜旈緧�.events.json�旈緧浠灏戝姘廫灏戝姘忓垪.events.md
relationsPath锛?F:\GitHub\NEXUS\src\annotations\浜嬪唽涔嬭浇\04-浜旈緧�.relations.json�緧浠灏戝姘廫灏戝姘忓垪.relations.md
eventsPath 瀛樺湪锛?false
relationsPath 瀛樺湪锛?false
鍔犺浇鐨勬爣娉ㄦ枃浠舵暟閲忥細 0
鍔犺浇鐨勬爣娉ㄦ枃浠讹細 []
浼犻€掔粰鍓嶇鐨勬爣娉ㄦ暟鎹細 { files: [] }
 [2m(+5ms)[22m
[2m10:07:03[22m   [34m鈹溾攢[39m [2m/婕旇繘杞ㄨ抗/瀛ｇ窘姘忓垪/index.html[22m========== 鏍囨敞鏂囦欢鍔犺浇璋冭瘯 ==========
article.id 鍘熷鍊硷細 浜嬪唽涔嬭浇/04-浜旈緧绾?01-浜旈緧浠?瀛ｇ窘姘?瀛ｇ窘姘忓垪.md
article.id 绫诲瀷锛?string
article.id 闀垮害锛?30
article.id 瀛楃浠ｇ爜锛?浜?20107) 鍐?20876) 涔?20043) 杞?36733) /(47) 0(48) 4(52) -(45) 浜?20116) 榫?40845) 绾?32426) /(47) 0(48) 1(49) -(45) 浜?20116) 榫?40845) 浠?20195) /(47) 瀛?23395) 缇?32701) 姘?27663) /(47) 瀛?23395) 缇?32701) 姘?27663) 鍒?21015) .(46) m(109) d(100)
annotationRoot锛?F:\GitHub\NEXUS\src\annotations
articlePathWithoutExt锛?浜嬪唽涔嬭浇/04-浜旈緧绾?01-浜旈緧浠?瀛ｇ窘姘?瀛ｇ窘姘忓垪
eventsPath锛?F:\GitHub\NEXUS\src\annotations\浜嬪唽涔嬭浇\04-浜旈緧�.events.json�旈緧浠瀛ｇ窘姘廫瀛ｇ窘姘忓垪.events.md
relationsPath锛?F:\GitHub\NEXUS\src\annotations\浜嬪唽涔嬭浇\04-浜旈緧�.relations.json�緧浠瀛ｇ窘姘廫瀛ｇ窘姘忓垪.relations.md
eventsPath 瀛樺湪锛?false
relationsPath 瀛樺湪锛?false
鍔犺浇鐨勬爣娉ㄦ枃浠舵暟閲忥細 0
鍔犺浇鐨勬爣娉ㄦ枃浠讹細 []
浼犻€掔粰鍓嶇鐨勬爣娉ㄦ暟鎹細 { files: [] }
 [2m(+4ms)[22m
[2m10:07:03[22m   [34m鈹溾攢[39m [2m/婕旇繘杞ㄨ抗/涔濇笭姘忓垪/index.html[22m========== 鏍囨敞鏂囦欢鍔犺浇璋冭瘯 ==========
article.id 鍘熷鍊硷細 浜嬪唽涔嬭浇/05-鎽勬彁绾?01-浜斾節浠?涔濇笭姘?涔濇笭姘忓垪.md
article.id 绫诲瀷锛?string
article.id 闀垮害锛?30
article.id 瀛楃浠ｇ爜锛?浜?20107) 鍐?20876) 涔?20043) 杞?36733) /(47) 0(48) 5(53) -(45) 鎽?25668) 鎻?25552) 绾?32426) /(47) 0(48) 1(49) -(45) 浜?20116) 涔?20061) 浠?20195) /(47) 涔?20061) 娓?28192) 姘?27663) /(47) 涔?20061) 娓?28192) 姘?27663) 鍒?21015) .(46) m(109) d(100)
annotationRoot锛?F:\GitHub\NEXUS\src\annotations
articlePathWithoutExt锛?浜嬪唽涔嬭浇/05-鎽勬彁绾?01-浜斾節浠?涔濇笭姘?涔濇笭姘忓垪
eventsPath锛?F:\GitHub\NEXUS\src\annotations\浜嬪唽涔嬭浇\05-鎽勬彁�.events.json�斾節浠涔濇笭姘廫涔濇笭姘忓垪.events.md
relationsPath锛?F:\GitHub\NEXUS\src\annotations\浜嬪唽涔嬭浇\05-鎽勬彁�.relations.json�節浠涔濇笭姘廫涔濇笭姘忓垪.relations.md
eventsPath 瀛樺湪锛?false
relationsPath 瀛樺湪锛?false
鍔犺浇鐨勬爣娉ㄦ枃浠舵暟閲忥細 0
鍔犺浇鐨勬爣娉ㄦ枃浠讹細 []
浼犻€掔粰鍓嶇鐨勬爣娉ㄦ暟鎹細 { files: [] }
 [2m(+4ms)[22m
[2m10:07:03[22m   [34m鈹溾攢[39m [2m/婕旇繘杞ㄨ抗/浼婅€嗘皬鍒?index.html[22m========== 鏍囨敞鏂囦欢鍔犺浇璋冭瘯 ==========
article.id 鍘熷鍊硷細 浜嬪唽涔嬭浇/05-鎽勬彁绾?01-浜斾節浠?浼婅€嗘皬/浼婅€嗘皬鍒?md
article.id 绫诲瀷锛?string
article.id 闀垮害锛?30
article.id 瀛楃浠ｇ爜锛?浜?20107) 鍐?20876) 涔?20043) 杞?36733) /(47) 0(48) 5(53) -(45) 鎽?25668) 鎻?25552) 绾?32426) /(47) 0(48) 1(49) -(45) 浜?20116) 涔?20061) 浠?20195) /(47) 浼?20234) 鑰?32774) 姘?27663) /(47) 浼?20234) 鑰?32774) 姘?27663) 鍒?21015) .(46) m(109) d(100)
annotationRoot锛?F:\GitHub\NEXUS\src\annotations
articlePathWithoutExt锛?浜嬪唽涔嬭浇/05-鎽勬彁绾?01-浜斾節浠?浼婅€嗘皬/浼婅€嗘皬鍒?eventsPath锛?F:\GitHub\NEXUS\src\annotations\浜嬪唽涔嬭浇\05-鎽勬彁绾猏01-浜斾節浠浼婅€嗘皬\浼婅€嗘皬鍒?events.md
relationsPath锛?F:\GitHub\NEXUS\src\annotations\浜嬪唽涔嬭浇\05-鎽勬彁绾猏01-浜斾節浠浼婅€嗘皬\浼婅€嗘皬鍒?relations.md
eventsPath 瀛樺湪锛?false
relationsPath 瀛樺湪锛?false
鍔犺浇鐨勬爣娉ㄦ枃浠舵暟閲忥細 0
鍔犺浇鐨勬爣娉ㄦ枃浠讹細 []
浼犻€掔粰鍓嶇鐨勬爣娉ㄦ暟鎹細 { files: [] }
 [2m(+3ms)[22m
[2m10:07:03[22m   [34m鈹溾攢[39m [2m/婕旇繘杞ㄨ抗/浼婄姘忓垪/index.html[22m========== 鏍囨敞鏂囦欢鍔犺浇璋冭瘯 ==========
article.id 鍘熷鍊硷細 浜嬪唽涔嬭浇/05-鎽勬彁绾?01-浜斾節浠?浼婄姘?浼婄姘忓垪.md
article.id 绫诲瀷锛?string
article.id 闀垮害锛?30
article.id 瀛楃浠ｇ爜锛?浜?20107) 鍐?20876) 涔?20043) 杞?36733) /(47) 0(48) 5(53) -(45) 鎽?25668) 鎻?25552) 绾?32426) /(47) 0(48) 1(49) -(45) 浜?20116) 涔?20061) 浠?20195) /(47) 浼?20234) 绁?31041) 姘?27663) /(47) 浼?20234) 绁?31041) 姘?27663) 鍒?21015) .(46) m(109) d(100)
annotationRoot锛?F:\GitHub\NEXUS\src\annotations
articlePathWithoutExt锛?浜嬪唽涔嬭浇/05-鎽勬彁绾?01-浜斾節浠?浼婄姘?浼婄姘忓垪
eventsPath锛?F:\GitHub\NEXUS\src\annotations\浜嬪唽涔嬭浇\05-鎽勬彁�.events.json�斾節浠浼婄姘廫浼婄姘忓垪.events.md
relationsPath锛?F:\GitHub\NEXUS\src\annotations\浜嬪唽涔嬭浇\05-鎽勬彁�.relations.json�節浠浼婄姘廫浼婄姘忓垪.relations.md
eventsPath 瀛樺湪锛?false
relationsPath 瀛樺湪锛?false
鍔犺浇鐨勬爣娉ㄦ枃浠舵暟閲忥細 0
鍔犺浇鐨勬爣娉ㄦ枃浠讹細 []
浼犻€掔粰鍓嶇鐨勬爣娉ㄦ暟鎹細 { files: [] }
 [2m(+4ms)[22m
[2m10:07:03[22m   [34m鈹溾攢[39m [2m/婕旇繘杞ㄨ抗/浠茶姘忓垪/index.html[22m========== 鏍囨敞鏂囦欢鍔犺浇璋冭瘯 ==========
article.id 鍘熷鍊硷細 浜嬪唽涔嬭浇/05-鎽勬彁绾?01-浜斾節浠?浠茶姘?浠茶姘忓垪.md
article.id 绫诲瀷锛?string
article.id 闀垮害锛?30
article.id 瀛楃浠ｇ爜锛?浜?20107) 鍐?20876) 涔?20043) 杞?36733) /(47) 0(48) 5(53) -(45) 鎽?25668) 鎻?25552) 绾?32426) /(47) 0(48) 1(49) -(45) 浜?20116) 涔?20061) 浠?20195) /(47) 浠?20210) 琛?34892) 姘?27663) /(47) 浠?20210) 琛?34892) 姘?27663) 鍒?21015) .(46) m(109) d(100)
annotationRoot锛?F:\GitHub\NEXUS\src\annotations
articlePathWithoutExt锛?浜嬪唽涔嬭浇/05-鎽勬彁绾?01-浜斾節浠?浠茶姘?浠茶姘忓垪
eventsPath锛?F:\GitHub\NEXUS\src\annotations\浜嬪唽涔嬭浇\05-鎽勬彁�.events.json�斾節浠浠茶姘廫浠茶姘忓垪.events.md
relationsPath锛?F:\GitHub\NEXUS\src\annotations\浜嬪唽涔嬭浇\05-鎽勬彁�.relations.json�節浠浠茶姘廫浠茶姘忓垪.relations.md
eventsPath 瀛樺湪锛?false
relationsPath 瀛樺湪锛?false
鍔犺浇鐨勬爣娉ㄦ枃浠舵暟閲忥細 0
鍔犺浇鐨勬爣娉ㄦ枃浠讹細 []
浼犻€掔粰鍓嶇鐨勬爣娉ㄦ暟鎹細 { files: [] }
 [2m(+3ms)[22m
[2m10:07:03[22m   [34m鈹溾攢[39m [2m/婕旇繘杞ㄨ抗/淇熸枻姘忓垪/index.html[22m========== 鏍囨敞鏂囦欢鍔犺浇璋冭瘯 ==========
article.id 鍘熷鍊硷細 浜嬪唽涔嬭浇/05-鎽勬彁绾?01-浜斾節浠?淇熸枻姘?淇熸枻姘忓垪.md
article.id 绫诲瀷锛?string
article.id 闀垮害锛?30
article.id 瀛楃浠ｇ爜锛?浜?20107) 鍐?20876) 涔?20043) 杞?36733) /(47) 0(48) 5(53) -(45) 鎽?25668) 鎻?25552) 绾?32426) /(47) 0(48) 1(49) -(45) 浜?20116) 涔?20061) 浠?20195) /(47) 淇?20447) 鏂?26020) 姘?27663) /(47) 淇?20447) 鏂?26020) 姘?27663) 鍒?21015) .(46) m(109) d(100)
annotationRoot锛?F:\GitHub\NEXUS\src\annotations
articlePathWithoutExt锛?浜嬪唽涔嬭浇/05-鎽勬彁绾?01-浜斾節浠?淇熸枻姘?淇熸枻姘忓垪
eventsPath锛?F:\GitHub\NEXUS\src\annotations\浜嬪唽涔嬭浇\05-鎽勬彁�.events.json�斾節浠淇熸枻姘廫淇熸枻姘忓垪.events.md
relationsPath锛?F:\GitHub\NEXUS\src\annotations\浜嬪唽涔嬭浇\05-鎽勬彁�.relations.json�節浠淇熸枻姘廫淇熸枻姘忓垪.relations.md
eventsPath 瀛樺湪锛?false
relationsPath 瀛樺湪锛?false
鍔犺浇鐨勬爣娉ㄦ枃浠舵暟閲忥細 0
鍔犺浇鐨勬爣娉ㄦ枃浠讹細 []
浼犻€掔粰鍓嶇鐨勬爣娉ㄦ暟鎹細 { files: [] }
 [2m(+4ms)[22m
[2m10:07:03[22m   [34m鈹溾攢[39m [2m/婕旇繘杞ㄨ抗/浣曟嫈姘忓垪/index.html[22m========== 鏍囨敞鏂囦欢鍔犺浇璋冭瘯 ==========
article.id 鍘熷鍊硷細 浜嬪唽涔嬭浇/05-鎽勬彁绾?01-浜斾節浠?浣曟嫈姘?浣曟嫈姘忓垪.md
article.id 绫诲瀷锛?string
article.id 闀垮害锛?30
article.id 瀛楃浠ｇ爜锛?浜?20107) 鍐?20876) 涔?20043) 杞?36733) /(47) 0(48) 5(53) -(45) 鎽?25668) 鎻?25552) 绾?32426) /(47) 0(48) 1(49) -(45) 浜?20116) 涔?20061) 浠?20195) /(47) 浣?20309) 鎷?25300) 姘?27663) /(47) 浣?20309) 鎷?25300) 姘?27663) 鍒?21015) .(46) m(109) d(100)
annotationRoot锛?F:\GitHub\NEXUS\src\annotations
articlePathWithoutExt锛?浜嬪唽涔嬭浇/05-鎽勬彁绾?01-浜斾節浠?浣曟嫈姘?浣曟嫈姘忓垪
eventsPath锛?F:\GitHub\NEXUS\src\annotations\浜嬪唽涔嬭浇\05-鎽勬彁�.events.json�斾節浠浣曟嫈姘廫浣曟嫈姘忓垪.events.md
relationsPath锛?F:\GitHub\NEXUS\src\annotations\浜嬪唽涔嬭浇\05-鎽勬彁�.relations.json�節浠浣曟嫈姘廫浣曟嫈姘忓垪.relations.md
eventsPath 瀛樺湪锛?false
relationsPath 瀛樺湪锛?false
鍔犺浇鐨勬爣娉ㄦ枃浠舵暟閲忥細 0
鍔犺浇鐨勬爣娉ㄦ枃浠讹細 []
浼犻€掔粰鍓嶇鐨勬爣娉ㄦ暟鎹細 { files: [] }
 [2m(+3ms)[22m
[2m10:07:03[22m   [34m鈹溾攢[39m [2m/婕旇繘杞ㄨ抗/鍏皻姘忓垪/index.html[22m========== 鏍囨敞鏂囦欢鍔犺浇璋冭瘯 ==========
article.id 鍘熷鍊硷細 浜嬪唽涔嬭浇/05-鎽勬彁绾?01-浜斾節浠?鍏皻姘?鍏皻姘忓垪.md
article.id 绫诲瀷锛?string
article.id 闀垮害锛?30
article.id 瀛楃浠ｇ爜锛?浜?20107) 鍐?20876) 涔?20043) 杞?36733) /(47) 0(48) 5(53) -(45) 鎽?25668) 鎻?25552) 绾?32426) /(47) 0(48) 1(49) -(45) 浜?20116) 涔?20061) 浠?20195) /(47) 鍏?20844) 灏?23578) 姘?27663) /(47) 鍏?20844) 灏?23578) 姘?27663) 鍒?21015) .(46) m(109) d(100)
annotationRoot锛?F:\GitHub\NEXUS\src\annotations
articlePathWithoutExt锛?浜嬪唽涔嬭浇/05-鎽勬彁绾?01-浜斾節浠?鍏皻姘?鍏皻姘忓垪
eventsPath锛?F:\GitHub\NEXUS\src\annotations\浜嬪唽涔嬭浇\05-鎽勬彁�.events.json�斾節浠鍏皻姘廫鍏皻姘忓垪.events.md
relationsPath锛?F:\GitHub\NEXUS\src\annotations\浜嬪唽涔嬭浇\05-鎽勬彁�.relations.json�節浠鍏皻姘廫鍏皻姘忓垪.relations.md
eventsPath 瀛樺湪锛?false
relationsPath 瀛樺湪锛?false
鍔犺浇鐨勬爣娉ㄦ枃浠舵暟閲忥細 0
鍔犺浇鐨勬爣娉ㄦ枃浠讹細 []
浼犻€掔粰鍓嶇鐨勬爣娉ㄦ暟鎹細 { files: [] }
 [2m(+4ms)[22m
[2m10:07:03[22m   [34m鈹溾攢[39m [2m/婕旇繘杞ㄨ抗/鍏剙姘忓垪/index.html[22m========== 鏍囨敞鏂囦欢鍔犺浇璋冭瘯 ==========
article.id 鍘熷鍊硷細 浜嬪唽涔嬭浇/05-鎽勬彁绾?01-浜斾節浠?鍏剙姘?鍏剙姘忓垪.md
article.id 绫诲瀷锛?string
article.id 闀垮害锛?30
article.id 瀛楃浠ｇ爜锛?浜?20107) 鍐?20876) 涔?20043) 杞?36733) /(47) 0(48) 5(53) -(45) 鎽?25668) 鎻?25552) 绾?32426) /(47) 0(48) 1(49) -(45) 浜?20116) 涔?20061) 浠?20195) /(47) 鍏?20844) 鍎€(20736) 姘?27663) /(47) 鍏?20844) 鍎€(20736) 姘?27663) 鍒?21015) .(46) m(109) d(100)
annotationRoot锛?F:\GitHub\NEXUS\src\annotations
articlePathWithoutExt锛?浜嬪唽涔嬭浇/05-鎽勬彁绾?01-浜斾節浠?鍏剙姘?鍏剙姘忓垪
eventsPath锛?F:\GitHub\NEXUS\src\annotations\浜嬪唽涔嬭浇\05-鎽勬彁�.events.json�斾節浠鍏剙姘廫鍏剙姘忓垪.events.md
relationsPath锛?F:\GitHub\NEXUS\src\annotations\浜嬪唽涔嬭浇\05-鎽勬彁�.relations.json�節浠鍏剙姘廫鍏剙姘忓垪.relations.md
eventsPath 瀛樺湪锛?false
relationsPath 瀛樺湪锛?false
鍔犺浇鐨勬爣娉ㄦ枃浠舵暟閲忥細 0
鍔犺浇鐨勬爣娉ㄦ枃浠讹細 []
浼犻€掔粰鍓嶇鐨勬爣娉ㄦ暟鎹細 { files: [] }
 [2m(+4ms)[22m
[2m10:07:03[22m   [34m鈹溾攢[39m [2m/婕旇繘杞ㄨ抗/鍏鼎姘忓垪/index.html[22m========== 鏍囨敞鏂囦欢鍔犺浇璋冭瘯 ==========
article.id 鍘熷鍊硷細 浜嬪唽涔嬭浇/05-鎽勬彁绾?01-浜斾節浠?鍏鼎姘?鍏鼎姘忓垪.md
article.id 绫诲瀷锛?string
article.id 闀垮害锛?30
article.id 瀛楃浠ｇ爜锛?浜?20107) 鍐?20876) 涔?20043) 杞?36733) /(47) 0(48) 5(53) -(45) 鎽?25668) 鎻?25552) 绾?32426) /(47) 0(48) 1(49) -(45) 浜?20116) 涔?20061) 浠?20195) /(47) 鍏?20844) 缍?32166) 姘?27663) /(47) 鍏?20844) 缍?32166) 姘?27663) 鍒?21015) .(46) m(109) d(100)
annotationRoot锛?F:\GitHub\NEXUS\src\annotations
articlePathWithoutExt锛?浜嬪唽涔嬭浇/05-鎽勬彁绾?01-浜斾節浠?鍏鼎姘?鍏鼎姘忓垪
eventsPath锛?F:\GitHub\NEXUS\src\annotations\浜嬪唽涔嬭浇\05-鎽勬彁�.events.json�斾節浠鍏鼎姘廫鍏鼎姘忓垪.events.md
relationsPath锛?F:\GitHub\NEXUS\src\annotations\浜嬪唽涔嬭浇\05-鎽勬彁�.relations.json�節浠鍏鼎姘廫鍏鼎姘忓垪.relations.md
eventsPath 瀛樺湪锛?false
relationsPath 瀛樺湪锛?false
鍔犺浇鐨勬爣娉ㄦ枃浠舵暟閲忥細 0
鍔犺浇鐨勬爣娉ㄦ枃浠讹細 []
浼犻€掔粰鍓嶇鐨勬爣娉ㄦ暟鎹細 { files: [] }
 [2m(+4ms)[22m
[2m10:07:03[22m   [34m鈹溾攢[39m [2m/婕旇繘杞ㄨ抗/鍓炲妭姘忓垪/index.html[22m========== 鏍囨敞鏂囦欢鍔犺浇璋冭瘯 ==========
article.id 鍘熷鍊硷細 浜嬪唽涔嬭浇/05-鎽勬彁绾?01-浜斾節浠?鍓炲妭姘?鍓炲妭姘忓垪.md
article.id 绫诲瀷锛?string
article.id 闀垮害锛?30
article.id 瀛楃浠ｇ爜锛?浜?20107) 鍐?20876) 涔?20043) 杞?36733) /(47) 0(48) 5(53) -(45) 鎽?25668) 鎻?25552) 绾?32426) /(47) 0(48) 1(49) -(45) 浜?20116) 涔?20061) 浠?20195) /(47) 鍓?21086) 鍔?21122) 姘?27663) /(47) 鍓?21086) 鍔?21122) 姘?27663) 鍒?21015) .(46) m(109) d(100)
annotationRoot锛?F:\GitHub\NEXUS\src\annotations
articlePathWithoutExt锛?浜嬪唽涔嬭浇/05-鎽勬彁绾?01-浜斾節浠?鍓炲妭姘?鍓炲妭姘忓垪
eventsPath锛?F:\GitHub\NEXUS\src\annotations\浜嬪唽涔嬭浇\05-鎽勬彁�.events.json�斾節浠鍓炲妭姘廫鍓炲妭姘忓垪.events.md
relationsPath锛?F:\GitHub\NEXUS\src\annotations\浜嬪唽涔嬭浇\05-鎽勬彁�.relations.json�節浠鍓炲妭姘廫鍓炲妭姘忓垪.relations.md
eventsPath 瀛樺湪锛?false
relationsPath 瀛樺湪锛?false
鍔犺浇鐨勬爣娉ㄦ枃浠舵暟閲忥細 0
鍔犺浇鐨勬爣娉ㄦ枃浠讹細 []
浼犻€掔粰鍓嶇鐨勬爣娉ㄦ暟鎹細 { files: [] }
 [2m(+3ms)[22m
[2m10:07:03[22m   [34m鈹溾攢[39m [2m/婕旇繘杞ㄨ抗/鍙斿厛姘忓垪/index.html[22m========== 鏍囨敞鏂囦欢鍔犺浇璋冭瘯 ==========
article.id 鍘熷鍊硷細 浜嬪唽涔嬭浇/05-鎽勬彁绾?01-浜斾節浠?鍙斿厛姘?鍙斿厛姘忓垪.md
article.id 绫诲瀷锛?string
article.id 闀垮害锛?30
article.id 瀛楃浠ｇ爜锛?浜?20107) 鍐?20876) 涔?20043) 杞?36733) /(47) 0(48) 5(53) -(45) 鎽?25668) 鎻?25552) 绾?32426) /(47) 0(48) 1(49) -(45) 浜?20116) 涔?20061) 浠?20195) /(47) 鍙?21460) 鍏?20808) 姘?27663) /(47) 鍙?21460) 鍏?20808) 姘?27663) 鍒?21015) .(46) m(109) d(100)
annotationRoot锛?F:\GitHub\NEXUS\src\annotations
articlePathWithoutExt锛?浜嬪唽涔嬭浇/05-鎽勬彁绾?01-浜斾節浠?鍙斿厛姘?鍙斿厛姘忓垪
eventsPath锛?F:\GitHub\NEXUS\src\annotations\浜嬪唽涔嬭浇\05-鎽勬彁�.events.json�斾節浠鍙斿厛姘廫鍙斿厛姘忓垪.events.md
relationsPath锛?F:\GitHub\NEXUS\src\annotations\浜嬪唽涔嬭浇\05-鎽勬彁�.relations.json�節浠鍙斿厛姘廫鍙斿厛姘忓垪.relations.md
eventsPath 瀛樺湪锛?false
relationsPath 瀛樺湪锛?false
鍔犺浇鐨勬爣娉ㄦ枃浠舵暟閲忥細 0
鍔犺浇鐨勬爣娉ㄦ枃浠讹細 []
浼犻€掔粰鍓嶇鐨勬爣娉ㄦ暟鎹細 { files: [] }
 [2m(+3ms)[22m
[2m10:07:03[22m   [34m鈹溾攢[39m [2m/婕旇繘杞ㄨ抗/鍙叉姘忓垪/index.html[22m========== 鏍囨敞鏂囦欢鍔犺浇璋冭瘯 ==========
article.id 鍘熷鍊硷細 浜嬪唽涔嬭浇/05-鎽勬彁绾?01-浜斾節浠?鍙叉姘?鍙叉姘忓垪.md
article.id 绫诲瀷锛?string
article.id 闀垮害锛?30
article.id 瀛楃浠ｇ爜锛?浜?20107) 鍐?20876) 涔?20043) 杞?36733) /(47) 0(48) 5(53) -(45) 鎽?25668) 鎻?25552) 绾?32426) /(47) 0(48) 1(49) -(45) 浜?20116) 涔?20061) 浠?20195) /(47) 鍙?21490) 妗?26705) 姘?27663) /(47) 鍙?21490) 妗?26705) 姘?27663) 鍒?21015) .(46) m(109) d(100)
annotationRoot锛?F:\GitHub\NEXUS\src\annotations
articlePathWithoutExt锛?浜嬪唽涔嬭浇/05-鎽勬彁绾?01-浜斾節浠?鍙叉姘?鍙叉姘忓垪
eventsPath锛?F:\GitHub\NEXUS\src\annotations\浜嬪唽涔嬭浇\05-鎽勬彁�.events.json�斾節浠鍙叉姘廫鍙叉姘忓垪.events.md
relationsPath锛?F:\GitHub\NEXUS\src\annotations\浜嬪唽涔嬭浇\05-鎽勬彁�.relations.json�節浠鍙叉姘廫鍙叉姘忓垪.relations.md
eventsPath 瀛樺湪锛?false
relationsPath 瀛樺湪锛?false
鍔犺浇鐨勬爣娉ㄦ枃浠舵暟閲忥細 0
鍔犺浇鐨勬爣娉ㄦ枃浠讹細 []
浼犻€掔粰鍓嶇鐨勬爣娉ㄦ暟鎹細 { files: [] }
 [2m(+4ms)[22m
[2m10:07:03[22m   [34m鈹溾攢[39m [2m/婕旇繘杞ㄨ抗/鍚堟柟姘忓垪/index.html[22m========== 鏍囨敞鏂囦欢鍔犺浇璋冭瘯 ==========
article.id 鍘熷鍊硷細 浜嬪唽涔嬭浇/05-鎽勬彁绾?01-浜斾節浠?鍚堟柟姘?鍚堟柟姘忓垪.md
article.id 绫诲瀷锛?string
article.id 闀垮害锛?30
article.id 瀛楃浠ｇ爜锛?浜?20107) 鍐?20876) 涔?20043) 杞?36733) /(47) 0(48) 5(53) -(45) 鎽?25668) 鎻?25552) 绾?32426) /(47) 0(48) 1(49) -(45) 浜?20116) 涔?20061) 浠?20195) /(47) 鍚?21512) 鏂?26041) 姘?27663) /(47) 鍚?21512) 鏂?26041) 姘?27663) 鍒?21015) .(46) m(109) d(100)
annotationRoot锛?F:\GitHub\NEXUS\src\annotations
articlePathWithoutExt锛?浜嬪唽涔嬭浇/05-鎽勬彁绾?01-浜斾節浠?鍚堟柟姘?鍚堟柟姘忓垪
eventsPath锛?F:\GitHub\NEXUS\src\annotations\浜嬪唽涔嬭浇\05-鎽勬彁�.events.json�斾節浠鍚堟柟姘廫鍚堟柟姘忓垪.events.md
relationsPath锛?F:\GitHub\NEXUS\src\annotations\浜嬪唽涔嬭浇\05-鎽勬彁�.relations.json�節浠鍚堟柟姘廫鍚堟柟姘忓垪.relations.md
eventsPath 瀛樺湪锛?false
relationsPath 瀛樺湪锛?false
鍔犺浇鐨勬爣娉ㄦ枃浠舵暟閲忥細 0
鍔犺浇鐨勬爣娉ㄦ枃浠讹細 []
浼犻€掔粰鍓嶇鐨勬爣娉ㄦ暟鎹細 { files: [] }
 [2m(+4ms)[22m
[2m10:07:03[22m   [34m鈹溾攢[39m [2m/婕旇繘杞ㄨ抗/澶殗姘忓垪/index.html[22m========== 鏍囨敞鏂囦欢鍔犺浇璋冭瘯 ==========
article.id 鍘熷鍊硷細 浜嬪唽涔嬭浇/05-鎽勬彁绾?01-浜斾節浠?澶殗姘?澶殗姘忓垪.md
article.id 绫诲瀷锛?string
article.id 闀垮害锛?30
article.id 瀛楃浠ｇ爜锛?浜?20107) 鍐?20876) 涔?20043) 杞?36733) /(47) 0(48) 5(53) -(45) 鎽?25668) 鎻?25552) 绾?32426) /(47) 0(48) 1(49) -(45) 浜?20116) 涔?20061) 浠?20195) /(47) 澶?22830) 鐨?30343) 姘?27663) /(47) 澶?22830) 鐨?30343) 姘?27663) 鍒?21015) .(46) m(109) d(100)
annotationRoot锛?F:\GitHub\NEXUS\src\annotations
articlePathWithoutExt锛?浜嬪唽涔嬭浇/05-鎽勬彁绾?01-浜斾節浠?澶殗姘?澶殗姘忓垪
eventsPath锛?F:\GitHub\NEXUS\src\annotations\浜嬪唽涔嬭浇\05-鎽勬彁�.events.json�斾節浠澶殗姘廫澶殗姘忓垪.events.md
relationsPath锛?F:\GitHub\NEXUS\src\annotations\浜嬪唽涔嬭浇\05-鎽勬彁�.relations.json�節浠澶殗姘廫澶殗姘忓垪.relations.md
eventsPath 瀛樺湪锛?false
relationsPath 瀛樺湪锛?false
鍔犺浇鐨勬爣娉ㄦ枃浠舵暟閲忥細 0
鍔犺浇鐨勬爣娉ㄦ枃浠讹細 []
浼犻€掔粰鍓嶇鐨勬爣娉ㄦ暟鎹細 { files: [] }
 [2m(+4ms)[22m
[2m10:07:03[22m   [34m鈹溾攢[39m [2m/婕旇繘杞ㄨ抗/澶繁姘忓垪/index.html[22m========== 鏍囨敞鏂囦欢鍔犺浇璋冭瘯 ==========
article.id 鍘熷鍊硷細 浜嬪唽涔嬭浇/05-鎽勬彁绾?01-浜斾節浠?澶繁姘?澶繁姘忓垪.md
article.id 绫诲瀷锛?string
article.id 闀垮害锛?30
article.id 瀛楃浠ｇ爜锛?浜?20107) 鍐?20876) 涔?20043) 杞?36733) /(47) 0(48) 5(53) -(45) 鎽?25668) 鎻?25552) 绾?32426) /(47) 0(48) 1(49) -(45) 浜?20116) 涔?20061) 浠?20195) /(47) 澶?22827) 宸?24049) 姘?27663) /(47) 澶?22827) 宸?24049) 姘?27663) 鍒?21015) .(46) m(109) d(100)
annotationRoot锛?F:\GitHub\NEXUS\src\annotations
articlePathWithoutExt锛?浜嬪唽涔嬭浇/05-鎽勬彁绾?01-浜斾節浠?澶繁姘?澶繁姘忓垪
eventsPath锛?F:\GitHub\NEXUS\src\annotations\浜嬪唽涔嬭浇\05-鎽勬彁�.events.json�斾節浠澶繁姘廫澶繁姘忓垪.events.md
relationsPath锛?F:\GitHub\NEXUS\src\annotations\浜嬪唽涔嬭浇\05-鎽勬彁�.relations.json�節浠澶繁姘廫澶繁姘忓垪.relations.md
eventsPath 瀛樺湪锛?false
relationsPath 瀛樺湪锛?false
鍔犺浇鐨勬爣娉ㄦ枃浠舵暟閲忥細 0
鍔犺浇鐨勬爣娉ㄦ枃浠讹細 []
浼犻€掔粰鍓嶇鐨勬爣娉ㄦ暟鎹細 { files: [] }
 [2m(+4ms)[22m
[2m10:07:03[22m   [34m鈹溾攢[39m [2m/婕旇繘杞ㄨ抗/濂崇殗姘忓垪/index.html[22m========== 鏍囨敞鏂囦欢鍔犺浇璋冭瘯 ==========
article.id 鍘熷鍊硷細 浜嬪唽涔嬭浇/05-鎽勬彁绾?01-浜斾節浠?濂崇殗姘?濂崇殗姘忓垪.md
article.id 绫诲瀷锛?string
article.id 闀垮害锛?30
article.id 瀛楃浠ｇ爜锛?浜?20107) 鍐?20876) 涔?20043) 杞?36733) /(47) 0(48) 5(53) -(45) 鎽?25668) 鎻?25552) 绾?32426) /(47) 0(48) 1(49) -(45) 浜?20116) 涔?20061) 浠?20195) /(47) 濂?22899) 鐨?30343) 姘?27663) /(47) 濂?22899) 鐨?30343) 姘?27663) 鍒?21015) .(46) m(109) d(100)
annotationRoot锛?F:\GitHub\NEXUS\src\annotations
articlePathWithoutExt锛?浜嬪唽涔嬭浇/05-鎽勬彁绾?01-浜斾節浠?濂崇殗姘?濂崇殗姘忓垪
eventsPath锛?F:\GitHub\NEXUS\src\annotations\浜嬪唽涔嬭浇\05-鎽勬彁�.events.json�斾節浠濂崇殗姘廫濂崇殗姘忓垪.events.md
relationsPath锛?F:\GitHub\NEXUS\src\annotations\浜嬪唽涔嬭浇\05-鎽勬彁�.relations.json�節浠濂崇殗姘廫濂崇殗姘忓垪.relations.md
eventsPath 瀛樺湪锛?false
relationsPath 瀛樺湪锛?false
鍔犺浇鐨勬爣娉ㄦ枃浠舵暟閲忥細 0
鍔犺浇鐨勬爣娉ㄦ枃浠讹細 []
浼犻€掔粰鍓嶇鐨勬爣娉ㄦ暟鎹細 { files: [] }
 [2m(+4ms)[22m
[2m10:07:03[22m   [34m鈹溾攢[39m [2m/婕旇繘杞ㄨ抗/濡歌嵎姘忓垪/index.html[22m========== 鏍囨敞鏂囦欢鍔犺浇璋冭瘯 ==========
article.id 鍘熷鍊硷細 浜嬪唽涔嬭浇/05-鎽勬彁绾?01-浜斾節浠?濡歌嵎姘?濡歌嵎姘忓垪.md
article.id 绫诲瀷锛?string
article.id 闀垮害锛?30
article.id 瀛楃浠ｇ爜锛?浜?20107) 鍐?20876) 涔?20043) 杞?36733) /(47) 0(48) 5(53) -(45) 鎽?25668) 鎻?25552) 绾?32426) /(47) 0(48) 1(49) -(45) 浜?20116) 涔?20061) 浠?20195) /(47) 濡?22968) 鑽?33655) 姘?27663) /(47) 濡?22968) 鑽?33655) 姘?27663) 鍒?21015) .(46) m(109) d(100)
annotationRoot锛?F:\GitHub\NEXUS\src\annotations
articlePathWithoutExt锛?浜嬪唽涔嬭浇/05-鎽勬彁绾?01-浜斾節浠?濡歌嵎姘?濡歌嵎姘忓垪
eventsPath锛?F:\GitHub\NEXUS\src\annotations\浜嬪唽涔嬭浇\05-鎽勬彁�.events.json�斾節浠濡歌嵎姘廫濡歌嵎姘忓垪.events.md
relationsPath锛?F:\GitHub\NEXUS\src\annotations\浜嬪唽涔嬭浇\05-鎽勬彁�.relations.json�節浠濡歌嵎姘廫濡歌嵎姘忓垪.relations.md
eventsPath 瀛樺湪锛?false
relationsPath 瀛樺湪锛?false
鍔犺浇鐨勬爣娉ㄦ枃浠舵暟閲忥細 0
鍔犺浇鐨勬爣娉ㄦ枃浠讹細 []
浼犻€掔粰鍓嶇鐨勬爣娉ㄦ暟鎹細 { files: [] }
 [2m(+4ms)[22m
[2m10:07:03[22m   [34m鈹溾攢[39m [2m/婕旇繘杞ㄨ抗/瀹氶€ｆ皬鍒?index.html[22m========== 鏍囨敞鏂囦欢鍔犺浇璋冭瘯 ==========
article.id 鍘熷鍊硷細 浜嬪唽涔嬭浇/05-鎽勬彁绾?01-浜斾節浠?瀹氶€ｆ皬/瀹氶€ｆ皬鍒?md
article.id 绫诲瀷锛?string
article.id 闀垮害锛?30
article.id 瀛楃浠ｇ爜锛?浜?20107) 鍐?20876) 涔?20043) 杞?36733) /(47) 0(48) 5(53) -(45) 鎽?25668) 鎻?25552) 绾?32426) /(47) 0(48) 1(49) -(45) 浜?20116) 涔?20061) 浠?20195) /(47) 瀹?23450) 閫?36899) 姘?27663) /(47) 瀹?23450) 閫?36899) 姘?27663) 鍒?21015) .(46) m(109) d(100)
annotationRoot锛?F:\GitHub\NEXUS\src\annotations
articlePathWithoutExt锛?浜嬪唽涔嬭浇/05-鎽勬彁绾?01-浜斾節浠?瀹氶€ｆ皬/瀹氶€ｆ皬鍒?eventsPath锛?F:\GitHub\NEXUS\src\annotations\浜嬪唽涔嬭浇\05-鎽勬彁绾猏01-浜斾節浠瀹氶€ｆ皬\瀹氶€ｆ皬鍒?events.md
relationsPath锛?F:\GitHub\NEXUS\src\annotations\浜嬪唽涔嬭浇\05-鎽勬彁绾猏01-浜斾節浠瀹氶€ｆ皬\瀹氶€ｆ皬鍒?relations.md
eventsPath 瀛樺湪锛?false
relationsPath 瀛樺湪锛?false
鍔犺浇鐨勬爣娉ㄦ枃浠舵暟閲忥細 0
鍔犺浇鐨勬爣娉ㄦ枃浠讹細 []
浼犻€掔粰鍓嶇鐨勬爣娉ㄦ暟鎹細 { files: [] }
 [2m(+4ms)[22m
[2m10:07:03[22m   [34m鈹溾攢[39m [2m/婕旇繘杞ㄨ抗/瀹扮埗姘忓垪/index.html[22m========== 鏍囨敞鏂囦欢鍔犺浇璋冭瘯 ==========
article.id 鍘熷鍊硷細 浜嬪唽涔嬭浇/05-鎽勬彁绾?01-浜斾節浠?瀹扮埗姘?瀹扮埗姘忓垪.md
article.id 绫诲瀷锛?string
article.id 闀垮害锛?30
article.id 瀛楃浠ｇ爜锛?浜?20107) 鍐?20876) 涔?20043) 杞?36733) /(47) 0(48) 5(53) -(45) 鎽?25668) 鎻?25552) 绾?32426) /(47) 0(48) 1(49) -(45) 浜?20116) 涔?20061) 浠?20195) /(47) 瀹?23472) 鐖?29238) 姘?27663) /(47) 瀹?23472) 鐖?29238) 姘?27663) 鍒?21015) .(46) m(109) d(100)
annotationRoot锛?F:\GitHub\NEXUS\src\annotations
articlePathWithoutExt锛?浜嬪唽涔嬭浇/05-鎽勬彁绾?01-浜斾節浠?瀹扮埗姘?瀹扮埗姘忓垪
eventsPath锛?F:\GitHub\NEXUS\src\annotations\浜嬪唽涔嬭浇\05-鎽勬彁�.events.json�斾節浠瀹扮埗姘廫瀹扮埗姘忓垪.events.md
relationsPath锛?F:\GitHub\NEXUS\src\annotations\浜嬪唽涔嬭浇\05-鎽勬彁�.relations.json�節浠瀹扮埗姘廫瀹扮埗姘忓垪.relations.md
eventsPath 瀛樺湪锛?false
relationsPath 瀛樺湪锛?false
鍔犺浇鐨勬爣娉ㄦ枃浠舵暟閲忥細 0
鍔犺浇鐨勬爣娉ㄦ枃浠讹細 []
浼犻€掔粰鍓嶇鐨勬爣娉ㄦ暟鎹細 { files: [] }
 [2m(+4ms)[22m
[2m10:07:03[22m   [34m鈹溾攢[39m [2m/婕旇繘杞ㄨ抗/瀹规垚姘忓垪/index.html[22m========== 鏍囨敞鏂囦欢鍔犺浇璋冭瘯 ==========
article.id 鍘熷鍊硷細 浜嬪唽涔嬭浇/05-鎽勬彁绾?01-浜斾節浠?瀹规垚姘?瀹规垚姘忓垪.md
article.id 绫诲瀷锛?string
article.id 闀垮害锛?30
article.id 瀛楃浠ｇ爜锛?浜?20107) 鍐?20876) 涔?20043) 杞?36733) /(47) 0(48) 5(53) -(45) 鎽?25668) 鎻?25552) 绾?32426) /(47) 0(48) 1(49) -(45) 浜?20116) 涔?20061) 浠?20195) /(47) 瀹?23481) 鎴?25104) 姘?27663) /(47) 瀹?23481) 鎴?25104) 姘?27663) 鍒?21015) .(46) m(109) d(100)
annotationRoot锛?F:\GitHub\NEXUS\src\annotations
articlePathWithoutExt锛?浜嬪唽涔嬭浇/05-鎽勬彁绾?01-浜斾節浠?瀹规垚姘?瀹规垚姘忓垪
eventsPath锛?F:\GitHub\NEXUS\src\annotations\浜嬪唽涔嬭浇\05-鎽勬彁�.events.json�斾節浠瀹规垚姘廫瀹规垚姘忓垪.events.md
relationsPath锛?F:\GitHub\NEXUS\src\annotations\浜嬪唽涔嬭浇\05-鎽勬彁�.relations.json�節浠瀹规垚姘廫瀹规垚姘忓垪.relations.md
eventsPath 瀛樺湪锛?false
relationsPath 瀛樺湪锛?false
鍔犺浇鐨勬爣娉ㄦ枃浠舵暟閲忥細 0
鍔犺浇鐨勬爣娉ㄦ枃浠讹細 []
浼犻€掔粰鍓嶇鐨勬爣娉ㄦ暟鎹細 { files: [] }
 [2m(+4ms)[22m
[2m10:07:03[22m   [34m鈹溾攢[39m [2m/婕旇繘杞ㄨ抗/宸ㄥ噷姘忓垪/index.html[22m========== 鏍囨敞鏂囦欢鍔犺浇璋冭瘯 ==========
article.id 鍘熷鍊硷細 浜嬪唽涔嬭浇/05-鎽勬彁绾?01-浜斾節浠?宸ㄥ噷姘?宸ㄥ噷姘忓垪.md
article.id 绫诲瀷锛?string
article.id 闀垮害锛?30
article.id 瀛楃浠ｇ爜锛?浜?20107) 鍐?20876) 涔?20043) 杞?36733) /(47) 0(48) 5(53) -(45) 鎽?25668) 鎻?25552) 绾?32426) /(47) 0(48) 1(49) -(45) 浜?20116) 涔?20061) 浠?20195) /(47) 宸?24040) 鍑?20940) 姘?27663) /(47) 宸?24040) 鍑?20940) 姘?27663) 鍒?21015) .(46) m(109) d(100)
annotationRoot锛?F:\GitHub\NEXUS\src\annotations
articlePathWithoutExt锛?浜嬪唽涔嬭浇/05-鎽勬彁绾?01-浜斾節浠?宸ㄥ噷姘?宸ㄥ噷姘忓垪
eventsPath锛?F:\GitHub\NEXUS\src\annotations\浜嬪唽涔嬭浇\05-鎽勬彁�.events.json�斾節浠宸ㄥ噷姘廫宸ㄥ噷姘忓垪.events.md
relationsPath锛?F:\GitHub\NEXUS\src\annotations\浜嬪唽涔嬭浇\05-鎽勬彁�.relations.json�節浠宸ㄥ噷姘廫宸ㄥ噷姘忓垪.relations.md
eventsPath 瀛樺湪锛?false
relationsPath 瀛樺湪锛?false
鍔犺浇鐨勬爣娉ㄦ枃浠舵暟閲忥細 0
鍔犺浇鐨勬爣娉ㄦ枃浠讹細 []
浼犻€掔粰鍓嶇鐨勬爣娉ㄦ暟鎹細 { files: [] }
 [2m(+4ms)[22m
[2m10:07:03[22m   [34m鈹溾攢[39m [2m/婕旇繘杞ㄨ抗/骞鹃伣姘忓垪/index.html[22m========== 鏍囨敞鏂囦欢鍔犺浇璋冭瘯 ==========
article.id 鍘熷鍊硷細 浜嬪唽涔嬭浇/05-鎽勬彁绾?01-浜斾節浠?骞鹃伣姘?骞鹃伣姘忓垪.md
article.id 绫诲瀷锛?string
article.id 闀垮害锛?30
article.id 瀛楃浠ｇ爜锛?浜?20107) 鍐?20876) 涔?20043) 杞?36733) /(47) 0(48) 5(53) -(45) 鎽?25668) 鎻?25552) 绾?32426) /(47) 0(48) 1(49) -(45) 浜?20116) 涔?20061) 浠?20195) /(47) 骞?24190) 閬?36989) 姘?27663) /(47) 骞?24190) 閬?36989) 姘?27663) 鍒?21015) .(46) m(109) d(100)
annotationRoot锛?F:\GitHub\NEXUS\src\annotations
articlePathWithoutExt锛?浜嬪唽涔嬭浇/05-鎽勬彁绾?01-浜斾節浠?骞鹃伣姘?骞鹃伣姘忓垪
eventsPath锛?F:\GitHub\NEXUS\src\annotations\浜嬪唽涔嬭浇\05-鎽勬彁�.events.json�斾節浠骞鹃伣姘廫骞鹃伣姘忓垪.events.md
relationsPath锛?F:\GitHub\NEXUS\src\annotations\浜嬪唽涔嬭浇\05-鎽勬彁�.relations.json�節浠骞鹃伣姘廫骞鹃伣姘忓垪.relations.md
eventsPath 瀛樺湪锛?false
relationsPath 瀛樺湪锛?false
鍔犺浇鐨勬爣娉ㄦ枃浠舵暟閲忥細 0
鍔犺浇鐨勬爣娉ㄦ枃浠讹細 []
浼犻€掔粰鍓嶇鐨勬爣娉ㄦ暟鎹細 { files: [] }
 [2m(+4ms)[22m
[2m10:07:03[22m   [34m鈹溾攢[39m [2m/婕旇繘杞ㄨ抗/褰㈡柟姘忓垪/index.html[22m========== 鏍囨敞鏂囦欢鍔犺浇璋冭瘯 ==========
article.id 鍘熷鍊硷細 浜嬪唽涔嬭浇/05-鎽勬彁绾?01-浜斾節浠?褰㈡柟姘?褰㈡柟姘忓垪.md
article.id 绫诲瀷锛?string
article.id 闀垮害锛?30
article.id 瀛楃浠ｇ爜锛?浜?20107) 鍐?20876) 涔?20043) 杞?36733) /(47) 0(48) 5(53) -(45) 鎽?25668) 鎻?25552) 绾?32426) /(47) 0(48) 1(49) -(45) 浜?20116) 涔?20061) 浠?20195) /(47) 褰?24418) 鏂?26041) 姘?27663) /(47) 褰?24418) 鏂?26041) 姘?27663) 鍒?21015) .(46) m(109) d(100)
annotationRoot锛?F:\GitHub\NEXUS\src\annotations
articlePathWithoutExt锛?浜嬪唽涔嬭浇/05-鎽勬彁绾?01-浜斾節浠?褰㈡柟姘?褰㈡柟姘忓垪
eventsPath锛?F:\GitHub\NEXUS\src\annotations\浜嬪唽涔嬭浇\05-鎽勬彁�.events.json�斾節浠褰㈡柟姘廫褰㈡柟姘忓垪.events.md
relationsPath锛?F:\GitHub\NEXUS\src\annotations\浜嬪唽涔嬭浇\05-鎽勬彁�.relations.json�節浠褰㈡柟姘廫褰㈡柟姘忓垪.relations.md
eventsPath 瀛樺湪锛?false
relationsPath 瀛樺湪锛?false
鍔犺浇鐨勬爣娉ㄦ枃浠舵暟閲忥細 0
鍔犺浇鐨勬爣娉ㄦ枃浠讹細 []
浼犻€掔粰鍓嶇鐨勬爣娉ㄦ暟鎹細 { files: [] }
 [2m(+4ms)[22m
[2m10:07:03[22m   [34m鈹溾攢[39m [2m/婕旇繘杞ㄨ抗/寮嬮棬姘忓垪/index.html[22m========== 鏍囨敞鏂囦欢鍔犺浇璋冭瘯 ==========
article.id 鍘熷鍊硷細 浜嬪唽涔嬭浇/05-鎽勬彁绾?01-浜斾節浠?寮嬮棬姘?寮嬮棬姘忓垪.md
article.id 绫诲瀷锛?string
article.id 闀垮害锛?30
article.id 瀛楃浠ｇ爜锛?浜?20107) 鍐?20876) 涔?20043) 杞?36733) /(47) 0(48) 5(53) -(45) 鎽?25668) 鎻?25552) 绾?32426) /(47) 0(48) 1(49) -(45) 浜?20116) 涔?20061) 浠?20195) /(47) 寮?24331) 闂?38376) 姘?27663) /(47) 寮?24331) 闂?38376) 姘?27663) 鍒?21015) .(46) m(109) d(100)
annotationRoot锛?F:\GitHub\NEXUS\src\annotations
articlePathWithoutExt锛?浜嬪唽涔嬭浇/05-鎽勬彁绾?01-浜斾節浠?寮嬮棬姘?寮嬮棬姘忓垪
eventsPath锛?F:\GitHub\NEXUS\src\annotations\浜嬪唽涔嬭浇\05-鎽勬彁�.events.json�斾節浠寮嬮棬姘廫寮嬮棬姘忓垪.events.md
relationsPath锛?F:\GitHub\NEXUS\src\annotations\浜嬪唽涔嬭浇\05-鎽勬彁�.relations.json�節浠寮嬮棬姘廫寮嬮棬姘忓垪.relations.md
eventsPath 瀛樺湪锛?false
relationsPath 瀛樺湪锛?false
鍔犺浇鐨勬爣娉ㄦ枃浠舵暟閲忥細 0
鍔犺浇鐨勬爣娉ㄦ枃浠讹細 []
浼犻€掔粰鍓嶇鐨勬爣娉ㄦ暟鎹細 { files: [] }
 [2m(+4ms)[22m
[2m10:07:03[22m   [34m鈹溾攢[39m [2m/婕旇繘杞ㄨ抗/鏂归浄姘忓垪/index.html[22m========== 鏍囨敞鏂囦欢鍔犺浇璋冭瘯 ==========
article.id 鍘熷鍊硷細 浜嬪唽涔嬭浇/05-鎽勬彁绾?01-浜斾節浠?鏂归浄姘?鏂归浄姘忓垪.md
article.id 绫诲瀷锛?string
article.id 闀垮害锛?30
article.id 瀛楃浠ｇ爜锛?浜?20107) 鍐?20876) 涔?20043) 杞?36733) /(47) 0(48) 5(53) -(45) 鎽?25668) 鎻?25552) 绾?32426) /(47) 0(48) 1(49) -(45) 浜?20116) 涔?20061) 浠?20195) /(47) 鏂?26041) 闆?38647) 姘?27663) /(47) 鏂?26041) 闆?38647) 姘?27663) 鍒?21015) .(46) m(109) d(100)
annotationRoot锛?F:\GitHub\NEXUS\src\annotations
articlePathWithoutExt锛?浜嬪唽涔嬭浇/05-鎽勬彁绾?01-浜斾節浠?鏂归浄姘?鏂归浄姘忓垪
eventsPath锛?F:\GitHub\NEXUS\src\annotations\浜嬪唽涔嬭浇\05-鎽勬彁�.events.json�斾節浠鏂归浄姘廫鏂归浄姘忓垪.events.md
relationsPath锛?F:\GitHub\NEXUS\src\annotations\浜嬪唽涔嬭浇\05-鎽勬彁�.relations.json�節浠鏂归浄姘廫鏂归浄姘忓垪.relations.md
eventsPath 瀛樺湪锛?false
relationsPath 瀛樺湪锛?false
鍔犺浇鐨勬爣娉ㄦ枃浠舵暟閲忥細 0
鍔犺浇鐨勬爣娉ㄦ枃浠讹細 []
浼犻€掔粰鍓嶇鐨勬爣娉ㄦ暟鎹細 { files: [] }
 [2m(+4ms)[22m
[2m10:07:03[22m   [34m鈹溾攢[39m [2m/婕旇繘杞ㄨ抗/鎷掗偙姘忓垪/index.html[22m========== 鏍囨敞鏂囦欢鍔犺浇璋冭瘯 ==========
article.id 鍘熷鍊硷細 浜嬪唽涔嬭浇/05-鎽勬彁绾?01-浜斾節浠?鎷掗偙姘?鎷掗偙姘忓垪.md
article.id 绫诲瀷锛?string
article.id 闀垮害锛?30
article.id 瀛楃浠ｇ爜锛?浜?20107) 鍐?20876) 涔?20043) 杞?36733) /(47) 0(48) 5(53) -(45) 鎽?25668) 鎻?25552) 绾?32426) /(47) 0(48) 1(49) -(45) 浜?20116) 涔?20061) 浠?20195) /(47) 鎷?25298) 閭?37041) 姘?27663) /(47) 鎷?25298) 閭?37041) 姘?27663) 鍒?21015) .(46) m(109) d(100)
annotationRoot锛?F:\GitHub\NEXUS\src\annotations
articlePathWithoutExt锛?浜嬪唽涔嬭浇/05-鎽勬彁绾?01-浜斾節浠?鎷掗偙姘?鎷掗偙姘忓垪
eventsPath锛?F:\GitHub\NEXUS\src\annotations\浜嬪唽涔嬭浇\05-鎽勬彁�.events.json�斾節浠鎷掗偙姘廫鎷掗偙姘忓垪.events.md
relationsPath锛?F:\GitHub\NEXUS\src\annotations\浜嬪唽涔嬭浇\05-鎽勬彁�.relations.json�節浠鎷掗偙姘廫鎷掗偙姘忓垪.relations.md
eventsPath 瀛樺湪锛?false
relationsPath 瀛樺湪锛?false
鍔犺浇鐨勬爣娉ㄦ枃浠舵暟閲忥細 0
鍔犺浇鐨勬爣娉ㄦ枃浠讹細 []
浼犻€掔粰鍓嶇鐨勬爣娉ㄦ暟鎹細 { files: [] }
 [2m(+4ms)[22m
[2m10:07:03[22m   [34m鈹溾攢[39m [2m/婕旇繘杞ㄨ抗/鏄嗛€ｆ皬鍒?index.html[22m========== 鏍囨敞鏂囦欢鍔犺浇璋冭瘯 ==========
article.id 鍘熷鍊硷細 浜嬪唽涔嬭浇/05-鎽勬彁绾?01-浜斾節浠?鏄嗛€ｆ皬/鏄嗛€ｆ皬鍒?md
article.id 绫诲瀷锛?string
article.id 闀垮害锛?30
article.id 瀛楃浠ｇ爜锛?浜?20107) 鍐?20876) 涔?20043) 杞?36733) /(47) 0(48) 5(53) -(45) 鎽?25668) 鎻?25552) 绾?32426) /(47) 0(48) 1(49) -(45) 浜?20116) 涔?20061) 浠?20195) /(47) 鏄?26118) 閫?36899) 姘?27663) /(47) 鏄?26118) 閫?36899) 姘?27663) 鍒?21015) .(46) m(109) d(100)
annotationRoot锛?F:\GitHub\NEXUS\src\annotations
articlePathWithoutExt锛?浜嬪唽涔嬭浇/05-鎽勬彁绾?01-浜斾節浠?鏄嗛€ｆ皬/鏄嗛€ｆ皬鍒?eventsPath锛?F:\GitHub\NEXUS\src\annotations\浜嬪唽涔嬭浇\05-鎽勬彁绾猏01-浜斾節浠鏄嗛€ｆ皬\鏄嗛€ｆ皬鍒?events.md
relationsPath锛?F:\GitHub\NEXUS\src\annotations\浜嬪唽涔嬭浇\05-鎽勬彁绾猏01-浜斾節浠鏄嗛€ｆ皬\鏄嗛€ｆ皬鍒?relations.md
eventsPath 瀛樺湪锛?false
relationsPath 瀛樺湪锛?false
鍔犺浇鐨勬爣娉ㄦ枃浠舵暟閲忥細 0
鍔犺浇鐨勬爣娉ㄦ枃浠讹細 []
浼犻€掔粰鍓嶇鐨勬爣娉ㄦ暟鎹細 { files: [] }
 [2m(+4ms)[22m
[2m10:07:03[22m   [34m鈹溾攢[39m [2m/婕旇繘杞ㄨ抗/鏄婅嫳姘忓垪/index.html[22m========== 鏍囨敞鏂囦欢鍔犺浇璋冭瘯 ==========
article.id 鍘熷鍊硷細 浜嬪唽涔嬭浇/05-鎽勬彁绾?01-浜斾節浠?鏄婅嫳姘?鏄婅嫳姘忓垪.md
article.id 绫诲瀷锛?string
article.id 闀垮害锛?30
article.id 瀛楃浠ｇ爜锛?浜?20107) 鍐?20876) 涔?20043) 杞?36733) /(47) 0(48) 5(53) -(45) 鎽?25668) 鎻?25552) 绾?32426) /(47) 0(48) 1(49) -(45) 浜?20116) 涔?20061) 浠?20195) /(47) 鏄?26122) 鑻?33521) 姘?27663) /(47) 鏄?26122) 鑻?33521) 姘?27663) 鍒?21015) .(46) m(109) d(100)
annotationRoot锛?F:\GitHub\NEXUS\src\annotations
articlePathWithoutExt锛?浜嬪唽涔嬭浇/05-鎽勬彁绾?01-浜斾節浠?鏄婅嫳姘?鏄婅嫳姘忓垪
eventsPath锛?F:\GitHub\NEXUS\src\annotations\浜嬪唽涔嬭浇\05-鎽勬彁�.events.json�斾節浠鏄婅嫳姘廫鏄婅嫳姘忓垪.events.md
relationsPath锛?F:\GitHub\NEXUS\src\annotations\浜嬪唽涔嬭浇\05-鎽勬彁�.relations.json�節浠鏄婅嫳姘廫鏄婅嫳姘忓垪.relations.md
eventsPath 瀛樺湪锛?false
relationsPath 瀛樺湪锛?false
鍔犺浇鐨勬爣娉ㄦ枃浠舵暟閲忥細 0
鍔犺浇鐨勬爣娉ㄦ枃浠讹細 []
浼犻€掔粰鍓嶇鐨勬爣娉ㄦ暟鎹細 { files: [] }
 [2m(+4ms)[22m
[2m10:07:03[22m   [34m鈹溾攢[39m [2m/婕旇繘杞ㄨ抗/鏈辫姘忓垪/index.html[22m========== 鏍囨敞鏂囦欢鍔犺浇璋冭瘯 ==========
article.id 鍘熷鍊硷細 浜嬪唽涔嬭浇/05-鎽勬彁绾?01-浜斾節浠?鏈辫姘?鏈辫姘忓垪.md
article.id 绫诲瀷锛?string
article.id 闀垮害锛?30
article.id 瀛楃浠ｇ爜锛?浜?20107) 鍐?20876) 涔?20043) 杞?36733) /(47) 0(48) 5(53) -(45) 鎽?25668) 鎻?25552) 绾?32426) /(47) 0(48) 1(49) -(45) 浜?20116) 涔?20061) 浠?20195) /(47) 鏈?26417) 瑗?35140) 姘?27663) /(47) 鏈?26417) 瑗?35140) 姘?27663) 鍒?21015) .(46) m(109) d(100)
annotationRoot锛?F:\GitHub\NEXUS\src\annotations
articlePathWithoutExt锛?浜嬪唽涔嬭浇/05-鎽勬彁绾?01-浜斾節浠?鏈辫姘?鏈辫姘忓垪
eventsPath锛?F:\GitHub\NEXUS\src\annotations\浜嬪唽涔嬭浇\05-鎽勬彁�.events.json�斾節浠鏈辫姘廫鏈辫姘忓垪.events.md
relationsPath锛?F:\GitHub\NEXUS\src\annotations\浜嬪唽涔嬭浇\05-鎽勬彁�.relations.json�節浠鏈辫姘廫鏈辫姘忓垪.relations.md
eventsPath 瀛樺湪锛?false
relationsPath 瀛樺湪锛?false
鍔犺浇鐨勬爣娉ㄦ枃浠舵暟閲忥細 0
鍔犺浇鐨勬爣娉ㄦ枃浠讹細 []
浼犻€掔粰鍓嶇鐨勬爣娉ㄦ暟鎹細 { files: [] }
 [2m(+4ms)[22m
[2m10:07:03[22m   [34m鈹溾攢[39m [2m/婕旇繘杞ㄨ抗/妫樺９姘忓垪/index.html[22m========== 鏍囨敞鏂囦欢鍔犺浇璋冭瘯 ==========
article.id 鍘熷鍊硷細 浜嬪唽涔嬭浇/05-鎽勬彁绾?01-浜斾節浠?妫樺９姘?妫樺９姘忓垪.md
article.id 绫诲瀷锛?string
article.id 闀垮害锛?30
article.id 瀛楃浠ｇ爜锛?浜?20107) 鍐?20876) 涔?20043) 杞?36733) /(47) 0(48) 5(53) -(45) 鎽?25668) 鎻?25552) 绾?32426) /(47) 0(48) 1(49) -(45) 浜?20116) 涔?20061) 浠?20195) /(47) 妫?26840) 澹?22777) 姘?27663) /(47) 妫?26840) 澹?22777) 姘?27663) 鍒?21015) .(46) m(109) d(100)
annotationRoot锛?F:\GitHub\NEXUS\src\annotations
articlePathWithoutExt锛?浜嬪唽涔嬭浇/05-鎽勬彁绾?01-浜斾節浠?妫樺９姘?妫樺９姘忓垪
eventsPath锛?F:\GitHub\NEXUS\src\annotations\浜嬪唽涔嬭浇\05-鎽勬彁�.events.json�斾節浠妫樺９姘廫妫樺９姘忓垪.events.md
relationsPath锛?F:\GitHub\NEXUS\src\annotations\浜嬪唽涔嬭浇\05-鎽勬彁�.relations.json�節浠妫樺９姘廫妫樺９姘忓垪.relations.md
eventsPath 瀛樺湪锛?false
relationsPath 瀛樺湪锛?false
鍔犺浇鐨勬爣娉ㄦ枃浠舵暟閲忥細 0
鍔犺浇鐨勬爣娉ㄦ枃浠讹細 []
浼犻€掔粰鍓嶇鐨勬爣娉ㄦ暟鎹細 { files: [] }
 [2m(+4ms)[22m
[2m10:07:03[22m   [34m鈹溾攢[39m [2m/婕旇繘杞ㄨ抗/妫樻増姘忓垪/index.html[22m========== 鏍囨敞鏂囦欢鍔犺浇璋冭瘯 ==========
article.id 鍘熷鍊硷細 浜嬪唽涔嬭浇/05-鎽勬彁绾?01-浜斾節浠?妫樻増姘?妫樻増姘忓垪.md
article.id 绫诲瀷锛?string
article.id 闀垮害锛?30
article.id 瀛楃浠ｇ爜锛?浜?20107) 鍐?20876) 涔?20043) 杞?36733) /(47) 0(48) 5(53) -(45) 鎽?25668) 鎻?25552) 绾?32426) /(47) 0(48) 1(49) -(45) 浜?20116) 涔?20061) 浠?20195) /(47) 妫?26840) 鎵?25160) 姘?27663) /(47) 妫?26840) 鎵?25160) 姘?27663) 鍒?21015) .(46) m(109) d(100)
annotationRoot锛?F:\GitHub\NEXUS\src\annotations
articlePathWithoutExt锛?浜嬪唽涔嬭浇/05-鎽勬彁绾?01-浜斾節浠?妫樻増姘?妫樻増姘忓垪
eventsPath锛?F:\GitHub\NEXUS\src\annotations\浜嬪唽涔嬭浇\05-鎽勬彁�.events.json�斾節浠妫樻増姘廫妫樻増姘忓垪.events.md
relationsPath锛?F:\GitHub\NEXUS\src\annotations\浜嬪唽涔嬭浇\05-鎽勬彁�.relations.json�節浠妫樻増姘廫妫樻増姘忓垪.relations.md
eventsPath 瀛樺湪锛?false
relationsPath 瀛樺湪锛?false
鍔犺浇鐨勬爣娉ㄦ枃浠舵暟閲忥細 0
鍔犺浇鐨勬爣娉ㄦ枃浠讹細 []
浼犻€掔粰鍓嶇鐨勬爣娉ㄦ暟鎹細 { files: [] }
 [2m(+4ms)[22m
[2m10:07:03[22m   [34m鈹溾攢[39m [2m/婕旇繘杞ㄨ抗/姊濈嫾姘忓垪/index.html[22m========== 鏍囨敞鏂囦欢鍔犺浇璋冭瘯 ==========
article.id 鍘熷鍊硷細 浜嬪唽涔嬭浇/05-鎽勬彁绾?01-浜斾節浠?姊濈嫾姘?姊濈嫾姘忓垪.md
article.id 绫诲瀷锛?string
article.id 闀垮害锛?30
article.id 瀛楃浠ｇ爜锛?浜?20107) 鍐?20876) 涔?20043) 杞?36733) /(47) 0(48) 5(53) -(45) 鎽?25668) 鎻?25552) 绾?32426) /(47) 0(48) 1(49) -(45) 浜?20116) 涔?20061) 浠?20195) /(47) 姊?26781) 鐙?29436) 姘?27663) /(47) 姊?26781) 鐙?29436) 姘?27663) 鍒?21015) .(46) m(109) d(100)
annotationRoot锛?F:\GitHub\NEXUS\src\annotations
articlePathWithoutExt锛?浜嬪唽涔嬭浇/05-鎽勬彁绾?01-浜斾節浠?姊濈嫾姘?姊濈嫾姘忓垪
eventsPath锛?F:\GitHub\NEXUS\src\annotations\浜嬪唽涔嬭浇\05-鎽勬彁�.events.json�斾節浠姊濈嫾姘廫姊濈嫾姘忓垪.events.md
relationsPath锛?F:\GitHub\NEXUS\src\annotations\浜嬪唽涔嬭浇\05-鎽勬彁�.relations.json�節浠姊濈嫾姘廫姊濈嫾姘忓垪.relations.md
eventsPath 瀛樺湪锛?false
relationsPath 瀛樺湪锛?false
鍔犺浇鐨勬爣娉ㄦ枃浠舵暟閲忥細 0
鍔犺浇鐨勬爣娉ㄦ枃浠讹細 []
浼犻€掔粰鍓嶇鐨勬爣娉ㄦ暟鎹細 { files: [] }
 [2m(+4ms)[22m
[2m10:07:03[22m   [34m鈹溾攢[39m [2m/婕旇繘杞ㄨ抗/姒集姘忓垪/index.html[22m========== 鏍囨敞鏂囦欢鍔犺浇璋冭瘯 ==========
article.id 鍘熷鍊硷細 浜嬪唽涔嬭浇/05-鎽勬彁绾?01-浜斾節浠?姒集姘?姒集姘忓垪.md
article.id 绫诲瀷锛?string
article.id 闀垮害锛?30
article.id 瀛楃浠ｇ爜锛?浜?20107) 鍐?20876) 涔?20043) 杞?36733) /(47) 0(48) 5(53) -(45) 鎽?25668) 鎻?25552) 绾?32426) /(47) 0(48) 1(49) -(45) 浜?20116) 涔?20061) 浠?20195) /(47) 姒?27054) 浼?20271) 姘?27663) /(47) 姒?27054) 浼?20271) 姘?27663) 鍒?21015) .(46) m(109) d(100)
annotationRoot锛?F:\GitHub\NEXUS\src\annotations
articlePathWithoutExt锛?浜嬪唽涔嬭浇/05-鎽勬彁绾?01-浜斾節浠?姒集姘?姒集姘忓垪
eventsPath锛?F:\GitHub\NEXUS\src\annotations\浜嬪唽涔嬭浇\05-鎽勬彁�.events.json�斾節浠姒集姘廫姒集姘忓垪.events.md
relationsPath锛?F:\GitHub\NEXUS\src\annotations\浜嬪唽涔嬭浇\05-鎽勬彁�.relations.json�節浠姒集姘廫姒集姘忓垪.relations.md
eventsPath 瀛樺湪锛?false
relationsPath 瀛樺湪锛?false
鍔犺浇鐨勬爣娉ㄦ枃浠舵暟閲忥細 0
鍔犺浇鐨勬爣娉ㄦ枃浠讹細 []
浼犻€掔粰鍓嶇鐨勬爣娉ㄦ暟鎹細 { files: [] }
 [2m(+5ms)[22m
[2m10:07:03[22m   [34m鈹溾攢[39m [2m/婕旇繘杞ㄨ抗/娉犳藩姘忓垪/index.html[22m========== 鏍囨敞鏂囦欢鍔犺浇璋冭瘯 ==========
article.id 鍘熷鍊硷細 浜嬪唽涔嬭浇/05-鎽勬彁绾?01-浜斾節浠?娉犳藩姘?娉犳藩姘忓垪.md
article.id 绫诲瀷锛?string
article.id 闀垮害锛?30
article.id 瀛楃浠ｇ爜锛?浜?20107) 鍐?20876) 涔?20043) 杞?36733) /(47) 0(48) 5(53) -(45) 鎽?25668) 鎻?25552) 绾?32426) /(47) 0(48) 1(49) -(45) 浜?20116) 涔?20061) 浠?20195) /(47) 娉?27872) 娣?28138) 姘?27663) /(47) 娉?27872) 娣?28138) 姘?27663) 鍒?21015) .(46) m(109) d(100)
annotationRoot锛?F:\GitHub\NEXUS\src\annotations
articlePathWithoutExt锛?浜嬪唽涔嬭浇/05-鎽勬彁绾?01-浜斾節浠?娉犳藩姘?娉犳藩姘忓垪
eventsPath锛?F:\GitHub\NEXUS\src\annotations\浜嬪唽涔嬭浇\05-鎽勬彁�.events.json�斾節浠娉犳藩姘廫娉犳藩姘忓垪.events.md
relationsPath锛?F:\GitHub\NEXUS\src\annotations\浜嬪唽涔嬭浇\05-鎽勬彁�.relations.json�節浠娉犳藩姘廫娉犳藩姘忓垪.relations.md
eventsPath 瀛樺湪锛?false
relationsPath 瀛樺湪锛?false
鍔犺浇鐨勬爣娉ㄦ枃浠舵暟閲忥細 0
鍔犺浇鐨勬爣娉ㄦ枃浠讹細 []
浼犻€掔粰鍓嶇鐨勬爣娉ㄦ暟鎹細 { files: [] }
 [2m(+4ms)[22m
[2m10:07:03[22m   [34m鈹溾攢[39m [2m/婕旇繘杞ㄨ抗/娉伴亱姘忓垪/index.html[22m========== 鏍囨敞鏂囦欢鍔犺浇璋冭瘯 ==========
article.id 鍘熷鍊硷細 浜嬪唽涔嬭浇/05-鎽勬彁绾?01-浜斾節浠?娉伴亱姘?娉伴亱姘忓垪.md
article.id 绫诲瀷锛?string
article.id 闀垮害锛?30
article.id 瀛楃浠ｇ爜锛?浜?20107) 鍐?20876) 涔?20043) 杞?36733) /(47) 0(48) 5(53) -(45) 鎽?25668) 鎻?25552) 绾?32426) /(47) 0(48) 1(49) -(45) 浜?20116) 涔?20061) 浠?20195) /(47) 娉?27888) 閬?36939) 姘?27663) /(47) 娉?27888) 閬?36939) 姘?27663) 鍒?21015) .(46) m(109) d(100)
annotationRoot锛?F:\GitHub\NEXUS\src\annotations
articlePathWithoutExt锛?浜嬪唽涔嬭浇/05-鎽勬彁绾?01-浜斾節浠?娉伴亱姘?娉伴亱姘忓垪
eventsPath锛?F:\GitHub\NEXUS\src\annotations\浜嬪唽涔嬭浇\05-鎽勬彁�.events.json�斾節浠娉伴亱姘廫娉伴亱姘忓垪.events.md
relationsPath锛?F:\GitHub\NEXUS\src\annotations\浜嬪唽涔嬭浇\05-鎽勬彁�.relations.json�節浠娉伴亱姘廫娉伴亱姘忓垪.relations.md
eventsPath 瀛樺湪锛?false
relationsPath 瀛樺湪锛?false
鍔犺浇鐨勬爣娉ㄦ枃浠舵暟閲忥細 0
鍔犺浇鐨勬爣娉ㄦ枃浠讹細 []
浼犻€掔粰鍓嶇鐨勬爣娉ㄦ暟鎹細 { files: [] }
 [2m(+4ms)[22m
[2m10:07:03[22m   [34m鈹溾攢[39m [2m/婕旇繘杞ㄨ抗/姝﹂兘姘忓垪/index.html[22m========== 鏍囨敞鏂囦欢鍔犺浇璋冭瘯 ==========
article.id 鍘熷鍊硷細 浜嬪唽涔嬭浇/05-鎽勬彁绾?01-浜斾節浠?姝﹂兘姘?姝﹂兘姘忓垪.md
article.id 绫诲瀷锛?string
article.id 闀垮害锛?30
article.id 瀛楃浠ｇ爜锛?浜?20107) 鍐?20876) 涔?20043) 杞?36733) /(47) 0(48) 5(53) -(45) 鎽?25668) 鎻?25552) 绾?32426) /(47) 0(48) 1(49) -(45) 浜?20116) 涔?20061) 浠?20195) /(47) 姝?27494) 閮?37117) 姘?27663) /(47) 姝?27494) 閮?37117) 姘?27663) 鍒?21015) .(46) m(109) d(100)
annotationRoot锛?F:\GitHub\NEXUS\src\annotations
articlePathWithoutExt锛?浜嬪唽涔嬭浇/05-鎽勬彁绾?01-浜斾節浠?姝﹂兘姘?姝﹂兘姘忓垪
eventsPath锛?F:\GitHub\NEXUS\src\annotations\浜嬪唽涔嬭浇\05-鎽勬彁�.events.json�斾節浠姝﹂兘姘廫姝﹂兘姘忓垪.events.md
relationsPath锛?F:\GitHub\NEXUS\src\annotations\浜嬪唽涔嬭浇\05-鎽勬彁�.relations.json�節浠姝﹂兘姘廫姝﹂兘姘忓垪.relations.md
eventsPath 瀛樺湪锛?false
relationsPath 瀛樺湪锛?false
鍔犺浇鐨勬爣娉ㄦ枃浠舵暟閲忥細 0
鍔犺浇鐨勬爣娉ㄦ枃浠讹細 []
浼犻€掔粰鍓嶇鐨勬爣娉ㄦ暟鎹細 { files: [] }
 [2m(+4ms)[22m
[2m10:07:03[22m   [34m鈹溾攢[39m [2m/婕旇繘杞ㄨ抗/娑挎柟姘忓垪/index.html[22m========== 鏍囨敞鏂囦欢鍔犺浇璋冭瘯 ==========
article.id 鍘熷鍊硷細 浜嬪唽涔嬭浇/05-鎽勬彁绾?01-浜斾節浠?娑挎柟姘?娑挎柟姘忓垪.md
article.id 绫诲瀷锛?string
article.id 闀垮害锛?30
article.id 瀛楃浠ｇ爜锛?浜?20107) 鍐?20876) 涔?20043) 杞?36733) /(47) 0(48) 5(53) -(45) 鎽?25668) 鎻?25552) 绾?32426) /(47) 0(48) 1(49) -(45) 浜?20116) 涔?20061) 浠?20195) /(47) 娑?28095) 鏂?26041) 姘?27663) /(47) 娑?28095) 鏂?26041) 姘?27663) 鍒?21015) .(46) m(109) d(100)
annotationRoot锛?F:\GitHub\NEXUS\src\annotations
articlePathWithoutExt锛?浜嬪唽涔嬭浇/05-鎽勬彁绾?01-浜斾節浠?娑挎柟姘?娑挎柟姘忓垪
eventsPath锛?F:\GitHub\NEXUS\src\annotations\浜嬪唽涔嬭浇\05-鎽勬彁�.events.json�斾節浠娑挎柟姘廫娑挎柟姘忓垪.events.md
relationsPath锛?F:\GitHub\NEXUS\src\annotations\浜嬪唽涔嬭浇\05-鎽勬彁�.relations.json�節浠娑挎柟姘廫娑挎柟姘忓垪.relations.md
eventsPath 瀛樺湪锛?false
relationsPath 瀛樺湪锛?false
鍔犺浇鐨勬爣娉ㄦ枃浠舵暟閲忥細 0
鍔犺浇鐨勬爣娉ㄦ枃浠讹細 []
浼犻€掔粰鍓嶇鐨勬爣娉ㄦ暟鎹細 { files: [] }
 [2m(+4ms)[22m
[2m10:07:03[22m   [34m鈹溾攢[39m [2m/婕旇繘杞ㄨ抗/娓呴櫧姘忓垪/index.html[22m========== 鏍囨敞鏂囦欢鍔犺浇璋冭瘯 ==========
article.id 鍘熷鍊硷細 浜嬪唽涔嬭浇/05-鎽勬彁绾?01-浜斾節浠?娓呴櫧姘?娓呴櫧姘忓垪.md
article.id 绫诲瀷锛?string
article.id 闀垮害锛?30
article.id 瀛楃浠ｇ爜锛?浜?20107) 鍐?20876) 涔?20043) 杞?36733) /(47) 0(48) 5(53) -(45) 鎽?25668) 鎻?25552) 绾?32426) /(47) 0(48) 1(49) -(45) 浜?20116) 涔?20061) 浠?20195) /(47) 娓?28165) 闄?38525) 姘?27663) /(47) 娓?28165) 闄?38525) 姘?27663) 鍒?21015) .(46) m(109) d(100)
annotationRoot锛?F:\GitHub\NEXUS\src\annotations
articlePathWithoutExt锛?浜嬪唽涔嬭浇/05-鎽勬彁绾?01-浜斾節浠?娓呴櫧姘?娓呴櫧姘忓垪
eventsPath锛?F:\GitHub\NEXUS\src\annotations\浜嬪唽涔嬭浇\05-鎽勬彁�.events.json�斾節浠娓呴櫧姘廫娓呴櫧姘忓垪.events.md
relationsPath锛?F:\GitHub\NEXUS\src\annotations\浜嬪唽涔嬭浇\05-鎽勬彁�.relations.json�節浠娓呴櫧姘廫娓呴櫧姘忓垪.relations.md
eventsPath 瀛樺湪锛?false
relationsPath 瀛樺湪锛?false
鍔犺浇鐨勬爣娉ㄦ枃浠舵暟閲忥細 0
鍔犺浇鐨勬爣娉ㄦ枃浠讹細 []
浼犻€掔粰鍓嶇鐨勬爣娉ㄦ暟鎹細 { files: [] }
 [2m(+4ms)[22m
[2m10:07:03[22m   [34m鈹溾攢[39m [2m/婕旇繘杞ㄨ抗/鐘佺洤姘忓垪/index.html[22m========== 鏍囨敞鏂囦欢鍔犺浇璋冭瘯 ==========
article.id 鍘熷鍊硷細 浜嬪唽涔嬭浇/05-鎽勬彁绾?01-浜斾節浠?鐘佺洤姘?鐘佺洤姘忓垪.md
article.id 绫诲瀷锛?string
article.id 闀垮害锛?30
article.id 瀛楃浠ｇ爜锛?浜?20107) 鍐?20876) 涔?20043) 杞?36733) /(47) 0(48) 5(53) -(45) 鎽?25668) 鎻?25552) 绾?32426) /(47) 0(48) 1(49) -(45) 浜?20116) 涔?20061) 浠?20195) /(47) 鐘?29313) 鐩?30439) 姘?27663) /(47) 鐘?29313) 鐩?30439) 姘?27663) 鍒?21015) .(46) m(109) d(100)
annotationRoot锛?F:\GitHub\NEXUS\src\annotations
articlePathWithoutExt锛?浜嬪唽涔嬭浇/05-鎽勬彁绾?01-浜斾節浠?鐘佺洤姘?鐘佺洤姘忓垪
eventsPath锛?F:\GitHub\NEXUS\src\annotations\浜嬪唽涔嬭浇\05-鎽勬彁�.events.json�斾節浠鐘佺洤姘廫鐘佺洤姘忓垪.events.md
relationsPath锛?F:\GitHub\NEXUS\src\annotations\浜嬪唽涔嬭浇\05-鎽勬彁�.relations.json�節浠鐘佺洤姘廫鐘佺洤姘忓垪.relations.md
eventsPath 瀛樺湪锛?false
relationsPath 瀛樺湪锛?false
鍔犺浇鐨勬爣娉ㄦ枃浠舵暟閲忥細 0
鍔犺浇鐨勬爣娉ㄦ枃浠讹細 []
浼犻€掔粰鍓嶇鐨勬爣娉ㄦ暟鎹細 { files: [] }
 [2m(+4ms)[22m
[2m10:07:03[22m   [34m鈹溾攢[39m [2m/婕旇繘杞ㄨ抗/娓炬暒姘忓垪/index.html[22m========== 鏍囨敞鏂囦欢鍔犺浇璋冭瘯 ==========
article.id 鍘熷鍊硷細 浜嬪唽涔嬭浇/05-鎽勬彁绾?01-浜斾節浠?娓炬暒姘?娓炬暒姘忓垪.md
article.id 绫诲瀷锛?string
article.id 闀垮害锛?30
article.id 瀛楃浠ｇ爜锛?浜?20107) 鍐?20876) 涔?20043) 杞?36733) /(47) 0(48) 5(53) -(45) 鎽?25668) 鎻?25552) 绾?32426) /(47) 0(48) 1(49) -(45) 浜?20116) 涔?20061) 浠?20195) /(47) 娓?28222) 鏁?25958) 姘?27663) /(47) 娓?28222) 鏁?25958) 姘?27663) 鍒?21015) .(46) m(109) d(100)
annotationRoot锛?F:\GitHub\NEXUS\src\annotations
articlePathWithoutExt锛?浜嬪唽涔嬭浇/05-鎽勬彁绾?01-浜斾節浠?娓炬暒姘?娓炬暒姘忓垪
eventsPath锛?F:\GitHub\NEXUS\src\annotations\浜嬪唽涔嬭浇\05-鎽勬彁�.events.json�斾節浠娓炬暒姘廫娓炬暒姘忓垪.events.md
relationsPath锛?F:\GitHub\NEXUS\src\annotations\浜嬪唽涔嬭浇\05-鎽勬彁�.relations.json�節浠娓炬暒姘廫娓炬暒姘忓垪.relations.md
eventsPath 瀛樺湪锛?false
relationsPath 瀛樺湪锛?false
鍔犺浇鐨勬爣娉ㄦ枃浠舵暟閲忥細 0
鍔犺浇鐨勬爣娉ㄦ枃浠讹細 []
浼犻€掔粰鍓嶇鐨勬爣娉ㄦ暟鎹細 { files: [] }
 [2m(+3ms)[22m
[2m10:07:03[22m   [34m鈹溾攢[39m [2m/婕旇繘杞ㄨ抗/鐢辨簴姘忓垪/index.html[22m========== 鏍囨敞鏂囦欢鍔犺浇璋冭瘯 ==========
article.id 鍘熷鍊硷細 浜嬪唽涔嬭浇/05-鎽勬彁绾?01-浜斾節浠?鐢辨簴姘?鐢辨簴姘忓垪.md
article.id 绫诲瀷锛?string
article.id 闀垮害锛?30
article.id 瀛楃浠ｇ爜锛?浜?20107) 鍐?20876) 涔?20043) 杞?36733) /(47) 0(48) 5(53) -(45) 鎽?25668) 鎻?25552) 绾?32426) /(47) 0(48) 1(49) -(45) 浜?20116) 涔?20061) 浠?20195) /(47) 鐢?30001) 婧?28310) 姘?27663) /(47) 鐢?30001) 婧?28310) 姘?27663) 鍒?21015) .(46) m(109) d(100)
annotationRoot锛?F:\GitHub\NEXUS\src\annotations
articlePathWithoutExt锛?浜嬪唽涔嬭浇/05-鎽勬彁绾?01-浜斾節浠?鐢辨簴姘?鐢辨簴姘忓垪
eventsPath锛?F:\GitHub\NEXUS\src\annotations\浜嬪唽涔嬭浇\05-鎽勬彁�.events.json�斾節浠鐢辨簴姘廫鐢辨簴姘忓垪.events.md
relationsPath锛?F:\GitHub\NEXUS\src\annotations\浜嬪唽涔嬭浇\05-鎽勬彁�.relations.json�節浠鐢辨簴姘廫鐢辨簴姘忓垪.relations.md
eventsPath 瀛樺湪锛?false
relationsPath 瀛樺湪锛?false
鍔犺浇鐨勬爣娉ㄦ枃浠舵暟閲忥細 0
鍔犺浇鐨勬爣娉ㄦ枃浠讹細 []
浼犻€掔粰鍓嶇鐨勬爣娉ㄦ暟鎹細 { files: [] }
 [2m(+4ms)[22m
[2m10:07:03[22m   [34m鈹溾攢[39m [2m/婕旇繘杞ㄨ抗/鐚楅煁姘忓垪/index.html[22m========== 鏍囨敞鏂囦欢鍔犺浇璋冭瘯 ==========
article.id 鍘熷鍊硷細 浜嬪唽涔嬭浇/05-鎽勬彁绾?01-浜斾節浠?鐚楅煁姘?鐚楅煁姘忓垪.md
article.id 绫诲瀷锛?string
article.id 闀垮害锛?30
article.id 瀛楃浠ｇ爜锛?浜?20107) 鍐?20876) 涔?20043) 杞?36733) /(47) 0(48) 5(53) -(45) 鎽?25668) 鎻?25552) 绾?32426) /(47) 0(48) 1(49) -(45) 浜?20116) 涔?20061) 浠?20195) /(47) 鐚?29463) 闊?38859) 姘?27663) /(47) 鐚?29463) 闊?38859) 姘?27663) 鍒?21015) .(46) m(109) d(100)
annotationRoot锛?F:\GitHub\NEXUS\src\annotations
articlePathWithoutExt锛?浜嬪唽涔嬭浇/05-鎽勬彁绾?01-浜斾節浠?鐚楅煁姘?鐚楅煁姘忓垪
eventsPath锛?F:\GitHub\NEXUS\src\annotations\浜嬪唽涔嬭浇\05-鎽勬彁�.events.json�斾節浠鐚楅煁姘廫鐚楅煁姘忓垪.events.md
relationsPath锛?F:\GitHub\NEXUS\src\annotations\浜嬪唽涔嬭浇\05-鎽勬彁�.relations.json�節浠鐚楅煁姘廫鐚楅煁姘忓垪.relations.md
eventsPath 瀛樺湪锛?false
relationsPath 瀛樺湪锛?false
鍔犺浇鐨勬爣娉ㄦ枃浠舵暟閲忥細 0
鍔犺浇鐨勬爣娉ㄦ枃浠讹細 []
浼犻€掔粰鍓嶇鐨勬爣娉ㄦ暟鎹細 { files: [] }
 [2m(+4ms)[22m
[2m10:07:03[22m   [34m鈹溾攢[39m [2m/婕旇繘杞ㄨ抗/鐩哥殗姘忓垪/index.html[22m========== 鏍囨敞鏂囦欢鍔犺浇璋冭瘯 ==========
article.id 鍘熷鍊硷細 浜嬪唽涔嬭浇/05-鎽勬彁绾?01-浜斾節浠?鐩哥殗姘?鐩哥殗姘忓垪.md
article.id 绫诲瀷锛?string
article.id 闀垮害锛?30
article.id 瀛楃浠ｇ爜锛?浜?20107) 鍐?20876) 涔?20043) 杞?36733) /(47) 0(48) 5(53) -(45) 鎽?25668) 鎻?25552) 绾?32426) /(47) 0(48) 1(49) -(45) 浜?20116) 涔?20061) 浠?20195) /(47) 鐩?30456) 鐨?30343) 姘?27663) /(47) 鐩?30456) 鐨?30343) 姘?27663) 鍒?21015) .(46) m(109) d(100)
annotationRoot锛?F:\GitHub\NEXUS\src\annotations
articlePathWithoutExt锛?浜嬪唽涔嬭浇/05-鎽勬彁绾?01-浜斾節浠?鐩哥殗姘?鐩哥殗姘忓垪
eventsPath锛?F:\GitHub\NEXUS\src\annotations\浜嬪唽涔嬭浇\05-鎽勬彁�.events.json�斾節浠鐩哥殗姘廫鐩哥殗姘忓垪.events.md
relationsPath锛?F:\GitHub\NEXUS\src\annotations\浜嬪唽涔嬭浇\05-鎽勬彁�.relations.json�節浠鐩哥殗姘廫鐩哥殗姘忓垪.relations.md
eventsPath 瀛樺湪锛?false
relationsPath 瀛樺湪锛?false
鍔犺浇鐨勬爣娉ㄦ枃浠舵暟閲忥細 0
鍔犺浇鐨勬爣娉ㄦ枃浠讹細 []
浼犻€掔粰鍓嶇鐨勬爣娉ㄦ暟鎹細 { files: [] }
 [2m(+4ms)[22m
[2m10:07:03[22m   [34m鈹溾攢[39m [2m/婕旇繘杞ㄨ抗/鐮備綏姘忓垪/index.html[22m========== 鏍囨敞鏂囦欢鍔犺浇璋冭瘯 ==========
article.id 鍘熷鍊硷細 浜嬪唽涔嬭浇/05-鎽勬彁绾?01-浜斾節浠?鐮備綏姘?鐮備綏姘忓垪.md
article.id 绫诲瀷锛?string
article.id 闀垮害锛?30
article.id 瀛楃浠ｇ爜锛?浜?20107) 鍐?20876) 涔?20043) 杞?36733) /(47) 0(48) 5(53) -(45) 鎽?25668) 鎻?25552) 绾?32426) /(47) 0(48) 1(49) -(45) 浜?20116) 涔?20061) 浠?20195) /(47) 鐮?30722) 浣?20311) 姘?27663) /(47) 鐮?30722) 浣?20311) 姘?27663) 鍒?21015) .(46) m(109) d(100)
annotationRoot锛?F:\GitHub\NEXUS\src\annotations
articlePathWithoutExt锛?浜嬪唽涔嬭浇/05-鎽勬彁绾?01-浜斾節浠?鐮備綏姘?鐮備綏姘忓垪
eventsPath锛?F:\GitHub\NEXUS\src\annotations\浜嬪唽涔嬭浇\05-鎽勬彁�.events.json�斾節浠鐮備綏姘廫鐮備綏姘忓垪.events.md
relationsPath锛?F:\GitHub\NEXUS\src\annotations\浜嬪唽涔嬭浇\05-鎽勬彁�.relations.json�節浠鐮備綏姘廫鐮備綏姘忓垪.relations.md
eventsPath 瀛樺湪锛?false
relationsPath 瀛樺湪锛?false
鍔犺浇鐨勬爣娉ㄦ枃浠舵暟閲忥細 0
鍔犺浇鐨勬爣娉ㄦ枃浠讹細 []
浼犻€掔粰鍓嶇鐨勬爣娉ㄦ暟鎹細 { files: [] }
 [2m(+4ms)[22m
[2m10:07:03[22m   [34m鈹溾攢[39m [2m/婕旇繘杞ㄨ抗/璞曢煁姘忓垪/index.html[22m========== 鏍囨敞鏂囦欢鍔犺浇璋冭瘯 ==========
article.id 鍘熷鍊硷細 浜嬪唽涔嬭浇/05-鎽勬彁绾?01-浜斾節浠?璞曢煁姘?璞曢煁姘忓垪.md
article.id 绫诲瀷锛?string
article.id 闀垮害锛?30
article.id 瀛楃浠ｇ爜锛?浜?20107) 鍐?20876) 涔?20043) 杞?36733) /(47) 0(48) 5(53) -(45) 鎽?25668) 鎻?25552) 绾?32426) /(47) 0(48) 1(49) -(45) 浜?20116) 涔?20061) 浠?20195) /(47) 璞?35925) 闊?38859) 姘?27663) /(47) 璞?35925) 闊?38859) 姘?27663) 鍒?21015) .(46) m(109) d(100)
annotationRoot锛?F:\GitHub\NEXUS\src\annotations
articlePathWithoutExt锛?浜嬪唽涔嬭浇/05-鎽勬彁绾?01-浜斾節浠?璞曢煁姘?璞曢煁姘忓垪
eventsPath锛?F:\GitHub\NEXUS\src\annotations\浜嬪唽涔嬭浇\05-鎽勬彁�.events.json�斾節浠璞曢煁姘廫璞曢煁姘忓垪.events.md
relationsPath锛?F:\GitHub\NEXUS\src\annotations\浜嬪唽涔嬭浇\05-鎽勬彁�.relations.json�節浠璞曢煁姘廫璞曢煁姘忓垪.relations.md
eventsPath 瀛樺湪锛?false
relationsPath 瀛樺湪锛?false
鍔犺浇鐨勬爣娉ㄦ枃浠舵暟閲忥細 0
鍔犺浇鐨勬爣娉ㄦ枃浠讹細 []
浼犻€掔粰鍓嶇鐨勬爣娉ㄦ暟鎹細 { files: [] }
 [2m(+4ms)[22m
[2m10:07:03[22m   [34m鈹溾攢[39m [2m/婕旇繘杞ㄨ抗/绁濆叾姘忓垪/index.html[22m========== 鏍囨敞鏂囦欢鍔犺浇璋冭瘯 ==========
article.id 鍘熷鍊硷細 浜嬪唽涔嬭浇/05-鎽勬彁绾?01-浜斾節浠?绁濆叾姘?绁濆叾姘忓垪.md
article.id 绫诲瀷锛?string
article.id 闀垮害锛?30
article.id 瀛楃浠ｇ爜锛?浜?20107) 鍐?20876) 涔?20043) 杞?36733) /(47) 0(48) 5(53) -(45) 鎽?25668) 鎻?25552) 绾?32426) /(47) 0(48) 1(49) -(45) 浜?20116) 涔?20061) 浠?20195) /(47) 绁?31069) 鍏?20854) 姘?27663) /(47) 绁?31069) 鍏?20854) 姘?27663) 鍒?21015) .(46) m(109) d(100)
annotationRoot锛?F:\GitHub\NEXUS\src\annotations
articlePathWithoutExt锛?浜嬪唽涔嬭浇/05-鎽勬彁绾?01-浜斾節浠?绁濆叾姘?绁濆叾姘忓垪
eventsPath锛?F:\GitHub\NEXUS\src\annotations\浜嬪唽涔嬭浇\05-鎽勬彁�.events.json�斾節浠绁濆叾姘廫绁濆叾姘忓垪.events.md
relationsPath锛?F:\GitHub\NEXUS\src\annotations\浜嬪唽涔嬭浇\05-鎽勬彁�.relations.json�節浠绁濆叾姘廫绁濆叾姘忓垪.relations.md
eventsPath 瀛樺湪锛?false
relationsPath 瀛樺湪锛?false
鍔犺浇鐨勬爣娉ㄦ枃浠舵暟閲忥細 0
鍔犺浇鐨勬爣娉ㄦ枃浠讹細 []
浼犻€掔粰鍓嶇鐨勬爣娉ㄦ暟鎹細 { files: [] }
 [2m(+4ms)[22m
[2m10:07:03[22m   [34m鈹溾攢[39m [2m/婕旇繘杞ㄨ抗/璋锋妇姘忓垪/index.html[22m========== 鏍囨敞鏂囦欢鍔犺浇璋冭瘯 ==========
article.id 鍘熷鍊硷細 浜嬪唽涔嬭浇/05-鎽勬彁绾?01-浜斾節浠?璋锋妇姘?璋锋妇姘忓垪.md
article.id 绫诲瀷锛?string
article.id 闀垮害锛?30
article.id 瀛楃浠ｇ爜锛?浜?20107) 鍐?20876) 涔?20043) 杞?36733) /(47) 0(48) 5(53) -(45) 鎽?25668) 鎻?25552) 绾?32426) /(47) 0(48) 1(49) -(45) 浜?20116) 涔?20061) 浠?20195) /(47) 璋?35895) 娓?28222) 姘?27663) /(47) 璋?35895) 娓?28222) 姘?27663) 鍒?21015) .(46) m(109) d(100)
annotationRoot锛?F:\GitHub\NEXUS\src\annotations
articlePathWithoutExt锛?浜嬪唽涔嬭浇/05-鎽勬彁绾?01-浜斾節浠?璋锋妇姘?璋锋妇姘忓垪
eventsPath锛?F:\GitHub\NEXUS\src\annotations\浜嬪唽涔嬭浇\05-鎽勬彁�.events.json�斾節浠璋锋妇姘廫璋锋妇姘忓垪.events.md
relationsPath锛?F:\GitHub\NEXUS\src\annotations\浜嬪唽涔嬭浇\05-鎽勬彁�.relations.json�節浠璋锋妇姘廫璋锋妇姘忓垪.relations.md
eventsPath 瀛樺湪锛?false
relationsPath 瀛樺湪锛?false
鍔犺浇鐨勬爣娉ㄦ枃浠舵暟閲忥細 0
鍔犺浇鐨勬爣娉ㄦ枃浠讹細 []
浼犻€掔粰鍓嶇鐨勬爣娉ㄦ暟鎹細 { files: [] }
 [2m(+4ms)[22m
[2m10:07:03[22m   [34m鈹溾攢[39m [2m/婕旇繘杞ㄨ抗/璞楅殫姘忓垪/index.html[22m========== 鏍囨敞鏂囦欢鍔犺浇璋冭瘯 ==========
article.id 鍘熷鍊硷細 浜嬪唽涔嬭浇/05-鎽勬彁绾?01-浜斾節浠?璞楅殫姘?璞楅殫姘忓垪.md
article.id 绫诲瀷锛?string
article.id 闀垮害锛?30
article.id 瀛楃浠ｇ爜锛?浜?20107) 鍐?20876) 涔?20043) 杞?36733) /(47) 0(48) 5(53) -(45) 鎽?25668) 鎻?25552) 绾?32426) /(47) 0(48) 1(49) -(45) 浜?20116) 涔?20061) 浠?20195) /(47) 璞?35927) 闅?38551) 姘?27663) /(47) 璞?35927) 闅?38551) 姘?27663) 鍒?21015) .(46) m(109) d(100)
annotationRoot锛?F:\GitHub\NEXUS\src\annotations
articlePathWithoutExt锛?浜嬪唽涔嬭浇/05-鎽勬彁绾?01-浜斾節浠?璞楅殫姘?璞楅殫姘忓垪
eventsPath锛?F:\GitHub\NEXUS\src\annotations\浜嬪唽涔嬭浇\05-鎽勬彁�.events.json�斾節浠璞楅殫姘廫璞楅殫姘忓垪.events.md
relationsPath锛?F:\GitHub\NEXUS\src\annotations\浜嬪唽涔嬭浇\05-鎽勬彁�.relations.json�節浠璞楅殫姘廫璞楅殫姘忓垪.relations.md
eventsPath 瀛樺湪锛?false
relationsPath 瀛樺湪锛?false
鍔犺浇鐨勬爣娉ㄦ枃浠舵暟閲忥細 0
鍔犺浇鐨勬爣娉ㄦ枃浠讹細 []
浼犻€掔粰鍓嶇鐨勬爣娉ㄦ暟鎹細 { files: [] }
 [2m(+4ms)[22m
[2m10:07:03[22m   [34m鈹溾攢[39m [2m/婕旇繘杞ㄨ抗/閮婂肮姘忓垪/index.html[22m========== 鏍囨敞鏂囦欢鍔犺浇璋冭瘯 ==========
article.id 鍘熷鍊硷細 浜嬪唽涔嬭浇/05-鎽勬彁绾?01-浜斾節浠?閮婂肮姘?閮婂肮姘忓垪.md
article.id 绫诲瀷锛?string
article.id 闀垮害锛?30
article.id 瀛楃浠ｇ爜锛?浜?20107) 鍐?20876) 涔?20043) 杞?36733) /(47) 0(48) 5(53) -(45) 鎽?25668) 鎻?25552) 绾?32426) /(47) 0(48) 1(49) -(45) 浜?20116) 涔?20061) 浠?20195) /(47) 閮?37066) 灏?23609) 姘?27663) /(47) 閮?37066) 灏?23609) 姘?27663) 鍒?21015) .(46) m(109) d(100)
annotationRoot锛?F:\GitHub\NEXUS\src\annotations
articlePathWithoutExt锛?浜嬪唽涔嬭浇/05-鎽勬彁绾?01-浜斾節浠?閮婂肮姘?閮婂肮姘忓垪
eventsPath锛?F:\GitHub\NEXUS\src\annotations\浜嬪唽涔嬭浇\05-鎽勬彁�.events.json�斾節浠閮婂肮姘廫閮婂肮姘忓垪.events.md
relationsPath锛?F:\GitHub\NEXUS\src\annotations\浜嬪唽涔嬭浇\05-鎽勬彁�.relations.json�節浠閮婂肮姘廫閮婂肮姘忓垪.relations.md
eventsPath 瀛樺湪锛?false
relationsPath 瀛樺湪锛?false
鍔犺浇鐨勬爣娉ㄦ枃浠舵暟閲忥細 0
鍔犺浇鐨勬爣娉ㄦ枃浠讹細 []
浼犻€掔粰鍓嶇鐨勬爣娉ㄦ暟鎹細 { files: [] }
 [2m(+4ms)[22m
[2m10:07:03[22m   [34m鈹溾攢[39m [2m/婕旇繘杞ㄨ抗/璧儱姘忓垪/index.html[22m========== 鏍囨敞鏂囦欢鍔犺浇璋冭瘯 ==========
article.id 鍘熷鍊硷細 浜嬪唽涔嬭浇/05-鎽勬彁绾?01-浜斾節浠?璧儱姘?璧儱姘忓垪.md
article.id 绫诲瀷锛?string
article.id 闀垮害锛?30
article.id 瀛楃浠ｇ爜锛?浜?20107) 鍐?20876) 涔?20043) 杞?36733) /(47) 0(48) 5(53) -(45) 鎽?25668) 鎻?25552) 绾?32426) /(47) 0(48) 1(49) -(45) 浜?20116) 涔?20061) 浠?20195) /(47) 璧?36203) 鑳?32997) 姘?27663) /(47) 璧?36203) 鑳?32997) 姘?27663) 鍒?21015) .(46) m(109) d(100)
annotationRoot锛?F:\GitHub\NEXUS\src\annotations
articlePathWithoutExt锛?浜嬪唽涔嬭浇/05-鎽勬彁绾?01-浜斾節浠?璧儱姘?璧儱姘忓垪
eventsPath锛?F:\GitHub\NEXUS\src\annotations\浜嬪唽涔嬭浇\05-鎽勬彁�.events.json�斾節浠璧儱姘廫璧儱姘忓垪.events.md
relationsPath锛?F:\GitHub\NEXUS\src\annotations\浜嬪唽涔嬭浇\05-鎽勬彁�.relations.json�節浠璧儱姘廫璧儱姘忓垪.relations.md
eventsPath 瀛樺湪锛?false
relationsPath 瀛樺湪锛?false
鍔犺浇鐨勬爣娉ㄦ枃浠舵暟閲忥細 0
鍔犺浇鐨勬爣娉ㄦ枃浠讹細 []
浼犻€掔粰鍓嶇鐨勬爣娉ㄦ暟鎹細 { files: [] }
 [2m(+4ms)[22m
[2m10:07:03[22m   [34m鈹溾攢[39m [2m/婕旇繘杞ㄨ抗/閮忔晼姘忓垪/index.html[22m========== 鏍囨敞鏂囦欢鍔犺浇璋冭瘯 ==========
article.id 鍘熷鍊硷細 浜嬪唽涔嬭浇/05-鎽勬彁绾?01-浜斾節浠?閮忔晼姘?閮忔晼姘忓垪.md
article.id 绫诲瀷锛?string
article.id 闀垮害锛?30
article.id 瀛楃浠ｇ爜锛?浜?20107) 鍐?20876) 涔?20043) 杞?36733) /(47) 0(48) 5(53) -(45) 鎽?25668) 鎻?25552) 绾?32426) /(47) 0(48) 1(49) -(45) 浜?20116) 涔?20061) 浠?20195) /(47) 閮?37071) 鏁?25942) 姘?27663) /(47) 閮?37071) 鏁?25942) 姘?27663) 鍒?21015) .(46) m(109) d(100)
annotationRoot锛?F:\GitHub\NEXUS\src\annotations
articlePathWithoutExt锛?浜嬪唽涔嬭浇/05-鎽勬彁绾?01-浜斾節浠?閮忔晼姘?閮忔晼姘忓垪
eventsPath锛?F:\GitHub\NEXUS\src\annotations\浜嬪唽涔嬭浇\05-鎽勬彁�.events.json�斾節浠閮忔晼姘廫閮忔晼姘忓垪.events.md
relationsPath锛?F:\GitHub\NEXUS\src\annotations\浜嬪唽涔嬭浇\05-鎽勬彁�.relations.json�節浠閮忔晼姘廫閮忔晼姘忓垪.relations.md
eventsPath 瀛樺湪锛?false
relationsPath 瀛樺湪锛?false
鍔犺浇鐨勬爣娉ㄦ枃浠舵暟閲忥細 0
鍔犺浇鐨勬爣娉ㄦ枃浠讹細 []
浼犻€掔粰鍓嶇鐨勬爣娉ㄦ暟鎹細 { files: [] }
 [2m(+4ms)[22m
[2m10:07:03[22m   [34m鈹溾攢[39m [2m/婕旇繘杞ㄨ抗/閲戝ぉ姘忓垪/index.html[22m========== 鏍囨敞鏂囦欢鍔犺浇璋冭瘯 ==========
article.id 鍘熷鍊硷細 浜嬪唽涔嬭浇/05-鎽勬彁绾?01-浜斾節浠?閲戝ぉ姘?閲戝ぉ姘忓垪.md
article.id 绫诲瀷锛?string
article.id 闀垮害锛?30
article.id 瀛楃浠ｇ爜锛?浜?20107) 鍐?20876) 涔?20043) 杞?36733) /(47) 0(48) 5(53) -(45) 鎽?25668) 鎻?25552) 绾?32426) /(47) 0(48) 1(49) -(45) 浜?20116) 涔?20061) 浠?20195) /(47) 閲?37329) 澶?22825) 姘?27663) /(47) 閲?37329) 澶?22825) 姘?27663) 鍒?21015) .(46) m(109) d(100)
annotationRoot锛?F:\GitHub\NEXUS\src\annotations
articlePathWithoutExt锛?浜嬪唽涔嬭浇/05-鎽勬彁绾?01-浜斾節浠?閲戝ぉ姘?閲戝ぉ姘忓垪
eventsPath锛?F:\GitHub\NEXUS\src\annotations\浜嬪唽涔嬭浇\05-鎽勬彁�.events.json�斾節浠閲戝ぉ姘廫閲戝ぉ姘忓垪.events.md
relationsPath锛?F:\GitHub\NEXUS\src\annotations\浜嬪唽涔嬭浇\05-鎽勬彁�.relations.json�節浠閲戝ぉ姘廫閲戝ぉ姘忓垪.relations.md
eventsPath 瀛樺湪锛?false
relationsPath 瀛樺湪锛?false
鍔犺浇鐨勬爣娉ㄦ枃浠舵暟閲忥細 0
鍔犺浇鐨勬爣娉ㄦ枃浠讹細 []
浼犻€掔粰鍓嶇鐨勬爣娉ㄦ暟鎹細 { files: [] }
 [2m(+4ms)[22m
[2m10:07:03[22m   [34m鈹溾攢[39m [2m/婕旇繘杞ㄨ抗/闃跨緟姘忓垪/index.html[22m========== 鏍囨敞鏂囦欢鍔犺浇璋冭瘯 ==========
article.id 鍘熷鍊硷細 浜嬪唽涔嬭浇/05-鎽勬彁绾?01-浜斾節浠?闃跨緟姘?闃跨緟姘忓垪.md
article.id 绫诲瀷锛?string
article.id 闀垮害锛?30
article.id 瀛楃浠ｇ爜锛?浜?20107) 鍐?20876) 涔?20043) 杞?36733) /(47) 0(48) 5(53) -(45) 鎽?25668) 鎻?25552) 绾?32426) /(47) 0(48) 1(49) -(45) 浜?20116) 涔?20061) 浠?20195) /(47) 闃?38463) 缇?32645) 姘?27663) /(47) 闃?38463) 缇?32645) 姘?27663) 鍒?21015) .(46) m(109) d(100)
annotationRoot锛?F:\GitHub\NEXUS\src\annotations
articlePathWithoutExt锛?浜嬪唽涔嬭浇/05-鎽勬彁绾?01-浜斾節浠?闃跨緟姘?闃跨緟姘忓垪
eventsPath锛?F:\GitHub\NEXUS\src\annotations\浜嬪唽涔嬭浇\05-鎽勬彁�.events.json�斾節浠闃跨緟姘廫闃跨緟姘忓垪.events.md
relationsPath锛?F:\GitHub\NEXUS\src\annotations\浜嬪唽涔嬭浇\05-鎽勬彁�.relations.json�節浠闃跨緟姘廫闃跨緟姘忓垪.relations.md
eventsPath 瀛樺湪锛?false
relationsPath 瀛樺湪锛?false
鍔犺浇鐨勬爣娉ㄦ枃浠舵暟閲忥細 0
鍔犺浇鐨勬爣娉ㄦ枃浠讹細 []
浼犻€掔粰鍓嶇鐨勬爣娉ㄦ暟鎹細 { files: [] }
 [2m(+4ms)[22m
[2m10:07:03[22m   [34m鈹溾攢[39m [2m/婕旇繘杞ㄨ抗/闄哥粓姘忓垪/index.html[22m========== 鏍囨敞鏂囦欢鍔犺浇璋冭瘯 ==========
article.id 鍘熷鍊硷細 浜嬪唽涔嬭浇/05-鎽勬彁绾?01-浜斾節浠?闄哥粓姘?闄哥粓姘忓垪.md
article.id 绫诲瀷锛?string
article.id 闀垮害锛?30
article.id 瀛楃浠ｇ爜锛?浜?20107) 鍐?20876) 涔?20043) 杞?36733) /(47) 0(48) 5(53) -(45) 鎽?25668) 鎻?25552) 绾?32426) /(47) 0(48) 1(49) -(45) 浜?20116) 涔?20061) 浠?20195) /(47) 闄?38520) 缁?32456) 姘?27663) /(47) 闄?38520) 缁?32456) 姘?27663) 鍒?21015) .(46) m(109) d(100)
annotationRoot锛?F:\GitHub\NEXUS\src\annotations
articlePathWithoutExt锛?浜嬪唽涔嬭浇/05-鎽勬彁绾?01-浜斾節浠?闄哥粓姘?闄哥粓姘忓垪
eventsPath锛?F:\GitHub\NEXUS\src\annotations\浜嬪唽涔嬭浇\05-鎽勬彁�.events.json�斾節浠闄哥粓姘廫闄哥粓姘忓垪.events.md
relationsPath锛?F:\GitHub\NEXUS\src\annotations\浜嬪唽涔嬭浇\05-鎽勬彁�.relations.json�節浠闄哥粓姘廫闄哥粓姘忓垪.relations.md
eventsPath 瀛樺湪锛?false
relationsPath 瀛樺湪锛?false
鍔犺浇鐨勬爣娉ㄦ枃浠舵暟閲忥細 0
鍔犺浇鐨勬爣娉ㄦ枃浠讹細 []
浼犻€掔粰鍓嶇鐨勬爣娉ㄦ暟鎹細 { files: [] }
 [2m(+4ms)[22m
[2m10:07:03[22m   [34m鈹溾攢[39m [2m/婕旇繘杞ㄨ抗/闅傚悍姘忓垪/index.html[22m========== 鏍囨敞鏂囦欢鍔犺浇璋冭瘯 ==========
article.id 鍘熷鍊硷細 浜嬪唽涔嬭浇/05-鎽勬彁绾?01-浜斾節浠?闅傚悍姘?闅傚悍姘忓垪.md
article.id 绫诲瀷锛?string
article.id 闀垮害锛?30
article.id 瀛楃浠ｇ爜锛?浜?20107) 鍐?20876) 涔?20043) 杞?36733) /(47) 0(48) 5(53) -(45) 鎽?25668) 鎻?25552) 绾?32426) /(47) 0(48) 1(49) -(45) 浜?20116) 涔?20061) 浠?20195) /(47) 闅?38530) 搴?24247) 姘?27663) /(47) 闅?38530) 搴?24247) 姘?27663) 鍒?21015) .(46) m(109) d(100)
annotationRoot锛?F:\GitHub\NEXUS\src\annotations
articlePathWithoutExt锛?浜嬪唽涔嬭浇/05-鎽勬彁绾?01-浜斾節浠?闅傚悍姘?闅傚悍姘忓垪
eventsPath锛?F:\GitHub\NEXUS\src\annotations\浜嬪唽涔嬭浇\05-鎽勬彁�.events.json�斾節浠闅傚悍姘廫闅傚悍姘忓垪.events.md
relationsPath锛?F:\GitHub\NEXUS\src\annotations\浜嬪唽涔嬭浇\05-鎽勬彁�.relations.json�節浠闅傚悍姘廫闅傚悍姘忓垪.relations.md
eventsPath 瀛樺湪锛?false
relationsPath 瀛樺湪锛?false
鍔犺浇鐨勬爣娉ㄦ枃浠舵暟閲忥細 0
鍔犺浇鐨勬爣娉ㄦ枃浠讹細 []
浼犻€掔粰鍓嶇鐨勬爣娉ㄦ暟鎹細 { files: [] }
 [2m(+5ms)[22m
[2m10:07:03[22m   [34m鈹溾攢[39m [2m/婕旇繘杞ㄨ抗/鏈夊发姘忕邯/index.html[22m========== 鏍囨敞鏂囦欢鍔犺浇璋冭瘯 ==========
article.id 鍘熷鍊硷細 浜嬪唽涔嬭浇/06-鍚堥洅绾?01-娉板９鏈濅唬/01-鏈夊发姘?鏈夊发姘忕邯.md
article.id 绫诲瀷锛?string
article.id 闀垮害锛?34
article.id 瀛楃浠ｇ爜锛?浜?20107) 鍐?20876) 涔?20043) 杞?36733) /(47) 0(48) 6(54) -(45) 鍚?21512) 闆?38610) 绾?32426) /(47) 0(48) 1(49) -(45) 娉?27888) 澹?22777) 鏈?26397) 浠?20195) /(47) 0(48) 1(49) -(45) 鏈?26377) 宸?24034) 姘?27663) /(47) 鏈?26377) 宸?24034) 姘?27663) 绾?32426) .(46) m(109) d(100)
annotationRoot锛?F:\GitHub\NEXUS\src\annotations
articlePathWithoutExt锛?浜嬪唽涔嬭浇/06-鍚堥洅绾?01-娉板９鏈濅唬/01-鏈夊发姘?鏈夊发姘忕邯
eventsPath锛?F:\GitHub\NEXUS\src\annotations\浜嬪唽涔嬭浇\06-鍚堥洅绾猏.events.json��鏈濅唬\01-鏈夊发姘廫鏈夊发姘忕邯.events.md
relationsPath锛?F:\GitHub\NEXUS\src\annotations\浜嬪唽涔嬭浇\06-鍚堥洅绾猏.relations.json��濅唬\01-鏈夊发姘廫鏈夊发姘忕邯.relations.md
eventsPath 瀛樺湪锛?false
relationsPath 瀛樺湪锛?false
鍔犺浇鐨勬爣娉ㄦ枃浠舵暟閲忥細 0
鍔犺浇鐨勬爣娉ㄦ枃浠讹細 []
浼犻€掔粰鍓嶇鐨勬爣娉ㄦ暟鎹細 { files: [] }
 [2m(+3ms)[22m
[2m10:07:03[22m   [34m鈹溾攢[39m [2m/婕旇繘杞ㄨ抗/闉灮姘忓垪/index.html[22m========== 鏍囨敞鏂囦欢鍔犺浇璋冭瘯 ==========
article.id 鍘熷鍊硷細 浜嬪唽涔嬭浇/05-鎽勬彁绾?01-浜斾節浠?闉灮姘?闉灮姘忓垪.md
article.id 绫诲瀷锛?string
article.id 闀垮害锛?30
article.id 瀛楃浠ｇ爜锛?浜?20107) 鍐?20876) 涔?20043) 杞?36733) /(47) 0(48) 5(53) -(45) 鎽?25668) 鎻?25552) 绾?32426) /(47) 0(48) 1(49) -(45) 浜?20116) 涔?20061) 浠?20195) /(47) 闉?38830) 闉?38843) 姘?27663) /(47) 闉?38830) 闉?38843) 姘?27663) 鍒?21015) .(46) m(109) d(100)
annotationRoot锛?F:\GitHub\NEXUS\src\annotations
articlePathWithoutExt锛?浜嬪唽涔嬭浇/05-鎽勬彁绾?01-浜斾節浠?闉灮姘?闉灮姘忓垪
eventsPath锛?F:\GitHub\NEXUS\src\annotations\浜嬪唽涔嬭浇\05-鎽勬彁�.events.json�斾節浠闉灮姘廫闉灮姘忓垪.events.md
relationsPath锛?F:\GitHub\NEXUS\src\annotations\浜嬪唽涔嬭浇\05-鎽勬彁�.relations.json�節浠闉灮姘廫闉灮姘忓垪.relations.md
eventsPath 瀛樺湪锛?false
relationsPath 瀛樺湪锛?false
鍔犺浇鐨勬爣娉ㄦ枃浠舵暟閲忥細 0
鍔犺浇鐨勬爣娉ㄦ枃浠讹細 []
浼犻€掔粰鍓嶇鐨勬爣娉ㄦ暟鎹細 { files: [] }
 [2m(+4ms)[22m
[2m10:07:03[22m   [34m鈹溾攢[39m [2m/婕旇繘杞ㄨ抗/闈掗偿姘忓垪/index.html[22m========== 鏍囨敞鏂囦欢鍔犺浇璋冭瘯 ==========
article.id 鍘熷鍊硷細 浜嬪唽涔嬭浇/05-鎽勬彁绾?01-浜斾節浠?闈掗偿姘?闈掗偿姘忓垪.md
article.id 绫诲瀷锛?string
article.id 闀垮害锛?30
article.id 瀛楃浠ｇ爜锛?浜?20107) 鍐?20876) 涔?20043) 杞?36733) /(47) 0(48) 5(53) -(45) 鎽?25668) 鎻?25552) 绾?32426) /(47) 0(48) 1(49) -(45) 浜?20116) 涔?20061) 浠?20195) /(47) 闈?38738) 槌?40165) 姘?27663) /(47) 闈?38738) 槌?40165) 姘?27663) 鍒?21015) .(46) m(109) d(100)
annotationRoot锛?F:\GitHub\NEXUS\src\annotations
articlePathWithoutExt锛?浜嬪唽涔嬭浇/05-鎽勬彁绾?01-浜斾節浠?闈掗偿姘?闈掗偿姘忓垪
eventsPath锛?F:\GitHub\NEXUS\src\annotations\浜嬪唽涔嬭浇\05-鎽勬彁�.events.json�斾節浠闈掗偿姘廫闈掗偿姘忓垪.events.md
relationsPath锛?F:\GitHub\NEXUS\src\annotations\浜嬪唽涔嬭浇\05-鎽勬彁�.relations.json�節浠闈掗偿姘廫闈掗偿姘忓垪.relations.md
eventsPath 瀛樺湪锛?false
relationsPath 瀛樺湪锛?false
鍔犺浇鐨勬爣娉ㄦ枃浠舵暟閲忥細 0
鍔犺浇鐨勬爣娉ㄦ枃浠讹細 []
浼犻€掔粰鍓嶇鐨勬爣娉ㄦ暟鎹細 { files: [] }
 [2m(+4ms)[22m
[2m10:07:03[22m   [34m鈹溾攢[39m [2m/婕旇繘杞ㄨ抗/鐕т汉姘忕邯/index.html[22m========== 鏍囨敞鏂囦欢鍔犺浇璋冭瘯 ==========
article.id 鍘熷鍊硷細 浜嬪唽涔嬭浇/07-閫ｉ€氱邯/05-鐕т汉鏈濅唬/01-鐕т汉姘?鐕т汉姘忕邯.md
article.id 绫诲瀷锛?string
article.id 闀垮害锛?34
article.id 瀛楃浠ｇ爜锛?浜?20107) 鍐?20876) 涔?20043) 杞?36733) /(47) 0(48) 7(55) -(45) 閫?36899) 閫?36890) 绾?32426) /(47) 0(48) 5(53) -(45) 鐕?29159) 浜?20154) 鏈?26397) 浠?20195) /(47) 0(48) 1(49) -(45) 鐕?29159) 浜?20154) 姘?27663) /(47) 鐕?29159) 浜?20154) 姘?27663) 绾?32426) .(46) m(109) d(100)
annotationRoot锛?F:\GitHub\NEXUS\src\annotations
articlePathWithoutExt锛?浜嬪唽涔嬭浇/07-閫ｉ€氱邯/05-鐕т汉鏈濅唬/01-鐕т汉姘?鐕т汉姘忕邯
eventsPath锛?F:\GitHub\NEXUS\src\annotations\浜嬪唽涔嬭浇\07-閫ｉ€氱邯\.events.json�鏈濅唬\01-鐕т汉姘廫鐕т汉姘忕邯.events.md
relationsPath锛?F:\GitHub\NEXUS\src\annotations\浜嬪唽涔嬭浇\07-閫ｉ€氱邯\.relations.json�濅唬\01-鐕т汉姘廫鐕т汉姘忕邯.relations.md
eventsPath 瀛樺湪锛?false
relationsPath 瀛樺湪锛?false
鍔犺浇鐨勬爣娉ㄦ枃浠舵暟閲忥細 0
鍔犺浇鐨勬爣娉ㄦ枃浠讹細 []
浼犻€掔粰鍓嶇鐨勬爣娉ㄦ暟鎹細 { files: [] }
 [2m(+4ms)[22m
[2m10:07:03[22m   [34m鈹溾攢[39m [2m/婕旇繘杞ㄨ抗/01-鐐庡ぉ涓€涓栧笣榄侀殫姘忕邯/index.html[22m========== 鏍囨敞鏂囦欢鍔犺浇璋冭瘯 ==========
article.id 鍘熷鍊硷細 浜嬪唽涔嬭浇/11-绂€氱邯/02-榄侀殫鏈濅唬/01-榄侀殫姘?01-鐐庡ぉ涓€涓栧笣榄侀殫姘忕邯.md
article.id 绫诲瀷锛?string
article.id 闀垮害锛?42
article.id 瀛楃浠ｇ爜锛?浜?20107) 鍐?20876) 涔?20043) 杞?36733) /(47) 1(49) 1(49) -(45) 绂?31146) 閫?36890) 绾?32426) /(47) 0(48) 2(50) -(45) 榄?39745) 闅?38551) 鏈?26397) 浠?20195) /(47) 0(48) 1(49) -(45) 榄?39745) 闅?38551) 姘?27663) /(47) 0(48) 1(49) -(45) 鐐?28814) 澶?22825) 涓€(19968) 涓?19990) 甯?24093) 榄?39745) 闅?38551) 姘?27663) 绾?32426) .(46) m(109) d(100)
annotationRoot锛?F:\GitHub\NEXUS\src\annotations
articlePathWithoutExt锛?浜嬪唽涔嬭浇/11-绂€氱邯/02-榄侀殫鏈濅唬/01-榄侀殫姘?01-鐐庡ぉ涓€涓栧笣榄侀殫姘忕邯
eventsPath锛?F:\GitHub\NEXUS\src\annotations\浜嬪唽涔嬭浇\11-绂€氱邯\02-榄侀�.events.json\01-榄侀殫姘廫01-鐐庡ぉ涓€涓栧笣榄侀殫姘忕邯.events.md
relationsPath锛?F:\GitHub\NEXUS\src\annotations\浜嬪唽涔嬭浇\11-绂€氱邯\02-榄侀�.relations.json-榄侀殫姘廫01-鐐庡ぉ涓€涓栧笣榄侀殫姘忕邯.relations.md
eventsPath 瀛樺湪锛?false
relationsPath 瀛樺湪锛?false
鍔犺浇鐨勬爣娉ㄦ枃浠舵暟閲忥細 0
鍔犺浇鐨勬爣娉ㄦ枃浠讹細 []
浼犻€掔粰鍓嶇鐨勬爣娉ㄦ暟鎹細 { files: [] }
 [2m(+5ms)[22m
[2m10:07:03[22m   [34m鈹溾攢[39m [2m/婕旇繘杞ㄨ抗/02-鐐庡ぉ浜屼笘甯濈値灞呴瓉闅楁皬绾?index.html[22m========== 鏍囨敞鏂囦欢鍔犺浇璋冭瘯 ==========
article.id 鍘熷鍊硷細 浜嬪唽涔嬭浇/11-绂€氱邯/02-榄侀殫鏈濅唬/01-榄侀殫姘?02-鐐庡ぉ浜屼笘甯濈値灞呴瓉闅楁皬绾?md
article.id 绫诲瀷锛?string
article.id 闀垮害锛?44
article.id 瀛楃浠ｇ爜锛?浜?20107) 鍐?20876) 涔?20043) 杞?36733) /(47) 1(49) 1(49) -(45) 绂?31146) 閫?36890) 绾?32426) /(47) 0(48) 2(50) -(45) 榄?39745) 闅?38551) 鏈?26397) 浠?20195) /(47) 0(48) 1(49) -(45) 榄?39745) 闅?38551) 姘?27663) /(47) 0(48) 2(50) -(45) 鐐?28814) 澶?22825) 浜?20108) 涓?19990) 甯?24093) 鐐?28814) 灞?23621) 榄?39745) 闅?38551) 姘?27663) 绾?32426) .(46) m(109) d(100)
annotationRoot锛?F:\GitHub\NEXUS\src\annotations
articlePathWithoutExt锛?浜嬪唽涔嬭浇/11-绂€氱邯/02-榄侀殫鏈濅唬/01-榄侀殫姘?02-鐐庡ぉ浜屼笘甯濈値灞呴瓉闅楁皬绾?eventsPath锛?F:\GitHub\NEXUS\src\annotations\浜嬪唽涔嬭浇\11-绂€氱邯\02-榄侀殫鏈濅唬\01-榄侀殫姘廫02-鐐庡ぉ浜屼笘甯濈値灞呴瓉闅楁皬绾?events.md
relationsPath锛?F:\GitHub\NEXUS\src\annotations\浜嬪唽涔嬭浇\11-绂€氱邯\02-榄侀殫鏈濅唬\01-榄侀殫姘廫02-鐐庡ぉ浜屼笘甯濈値灞呴瓉闅楁皬绾?relations.md
eventsPath 瀛樺湪锛?false
relationsPath 瀛樺湪锛?false
鍔犺浇鐨勬爣娉ㄦ枃浠舵暟閲忥細 0
鍔犺浇鐨勬爣娉ㄦ枃浠讹細 []
浼犻€掔粰鍓嶇鐨勬爣娉ㄦ暟鎹細 { files: [] }
 [2m(+6ms)[22m
[2m10:07:03[22m   [34m鈹溾攢[39m [2m/婕旇繘杞ㄨ抗/04-鐐庡ぉ鍥涗笘甯濇垙鍣ㄩ瓉闅楁皬绾?index.html[22m========== 鏍囨敞鏂囦欢鍔犺浇璋冭瘯 ==========
article.id 鍘熷鍊硷細 浜嬪唽涔嬭浇/11-绂€氱邯/02-榄侀殫鏈濅唬/01-榄侀殫姘?04-鐐庡ぉ鍥涗笘甯濇垙鍣ㄩ瓉闅楁皬绾?md
article.id 绫诲瀷锛?string
article.id 闀垮害锛?44
article.id 瀛楃浠ｇ爜锛?浜?20107) 鍐?20876) 涔?20043) 杞?36733) /(47) 1(49) 1(49) -(45) 绂?31146) 閫?36890) 绾?32426) /(47) 0(48) 2(50) -(45) 榄?39745) 闅?38551) 鏈?26397) 浠?20195) /(47) 0(48) 1(49) -(45) 榄?39745) 闅?38551) 姘?27663) /(47) 0(48) 4(52) -(45) 鐐?28814) 澶?22825) 鍥?22235) 涓?19990) 甯?24093) 鎴?25103) 鍣?22120) 榄?39745) 闅?38551) 姘?27663) 绾?32426) .(46) m(109) d(100)
annotationRoot锛?F:\GitHub\NEXUS\src\annotations
articlePathWithoutExt锛?浜嬪唽涔嬭浇/11-绂€氱邯/02-榄侀殫鏈濅唬/01-榄侀殫姘?04-鐐庡ぉ鍥涗笘甯濇垙鍣ㄩ瓉闅楁皬绾?eventsPath锛?F:\GitHub\NEXUS\src\annotations\浜嬪唽涔嬭浇\11-绂€氱邯\02-榄侀殫鏈濅唬\01-榄侀殫姘廫04-鐐庡ぉ鍥涗笘甯濇垙鍣ㄩ瓉闅楁皬绾?events.md
relationsPath锛?F:\GitHub\NEXUS\src\annotations\浜嬪唽涔嬭浇\11-绂€氱邯\02-榄侀殫鏈濅唬\01-榄侀殫姘廫04-鐐庡ぉ鍥涗笘甯濇垙鍣ㄩ瓉闅楁皬绾?relations.md
eventsPath 瀛樺湪锛?false
relationsPath 瀛樺湪锛?false
鍔犺浇鐨勬爣娉ㄦ枃浠舵暟閲忥細 0
鍔犺浇鐨勬爣娉ㄦ枃浠讹細 []
浼犻€掔粰鍓嶇鐨勬爣娉ㄦ暟鎹細 { files: [] }
 [2m(+5ms)[22m
[2m10:07:03[22m   [34m鈹溾攢[39m [2m/婕旇繘杞ㄨ抗/03-鐐庡ぉ涓変笘甯濊妭骞堕瓉闅楁皬绾?index.html[22m========== 鏍囨敞鏂囦欢鍔犺浇璋冭瘯 ==========
article.id 鍘熷鍊硷細 浜嬪唽涔嬭浇/11-绂€氱邯/02-榄侀殫鏈濅唬/01-榄侀殫姘?03-鐐庡ぉ涓変笘甯濊妭骞堕瓉闅楁皬绾?md
article.id 绫诲瀷锛?string
article.id 闀垮害锛?44
article.id 瀛楃浠ｇ爜锛?浜?20107) 鍐?20876) 涔?20043) 杞?36733) /(47) 1(49) 1(49) -(45) 绂?31146) 閫?36890) 绾?32426) /(47) 0(48) 2(50) -(45) 榄?39745) 闅?38551) 鏈?26397) 浠?20195) /(47) 0(48) 1(49) -(45) 榄?39745) 闅?38551) 姘?27663) /(47) 0(48) 3(51) -(45) 鐐?28814) 澶?22825) 涓?19977) 涓?19990) 甯?24093) 鑺?33410) 骞?24182) 榄?39745) 闅?38551) 姘?27663) 绾?32426) .(46) m(109) d(100)
annotationRoot锛?F:\GitHub\NEXUS\src\annotations
articlePathWithoutExt锛?浜嬪唽涔嬭浇/11-绂€氱邯/02-榄侀殫鏈濅唬/01-榄侀殫姘?03-鐐庡ぉ涓変笘甯濊妭骞堕瓉闅楁皬绾?eventsPath锛?F:\GitHub\NEXUS\src\annotations\浜嬪唽涔嬭浇\11-绂€氱邯\02-榄侀殫鏈濅唬\01-榄侀殫姘廫03-鐐庡ぉ涓変笘甯濊妭骞堕瓉闅楁皬绾?events.md
relationsPath锛?F:\GitHub\NEXUS\src\annotations\浜嬪唽涔嬭浇\11-绂€氱邯\02-榄侀殫鏈濅唬\01-榄侀殫姘廫03-鐐庡ぉ涓変笘甯濊妭骞堕瓉闅楁皬绾?relations.md
eventsPath 瀛樺湪锛?false
relationsPath 瀛樺湪锛?false
鍔犺浇鐨勬爣娉ㄦ枃浠舵暟閲忥細 0
鍔犺浇鐨勬爣娉ㄦ枃浠讹細 []
浼犻€掔粰鍓嶇鐨勬爣娉ㄦ暟鎹細 { files: [] }
 [2m(+4ms)[22m
[2m10:07:03[22m   [34m鈹溾攢[39m [2m/婕旇繘杞ㄨ抗/05-鐐庡ぉ浜斾笘甯濈铻嶉瓉闅楁皬绾?index.html[22m========== 鏍囨敞鏂囦欢鍔犺浇璋冭瘯 ==========
article.id 鍘熷鍊硷細 浜嬪唽涔嬭浇/11-绂€氱邯/02-榄侀殫鏈濅唬/01-榄侀殫姘?05-鐐庡ぉ浜斾笘甯濈铻嶉瓉闅楁皬绾?md
article.id 绫诲瀷锛?string
article.id 闀垮害锛?44
article.id 瀛楃浠ｇ爜锛?浜?20107) 鍐?20876) 涔?20043) 杞?36733) /(47) 1(49) 1(49) -(45) 绂?31146) 閫?36890) 绾?32426) /(47) 0(48) 2(50) -(45) 榄?39745) 闅?38551) 鏈?26397) 浠?20195) /(47) 0(48) 1(49) -(45) 榄?39745) 闅?38551) 姘?27663) /(47) 0(48) 5(53) -(45) 鐐?28814) 澶?22825) 浜?20116) 涓?19990) 甯?24093) 绁?31069) 铻?34701) 榄?39745) 闅?38551) 姘?27663) 绾?32426) .(46) m(109) d(100)
annotationRoot锛?F:\GitHub\NEXUS\src\annotations
articlePathWithoutExt锛?浜嬪唽涔嬭浇/11-绂€氱邯/02-榄侀殫鏈濅唬/01-榄侀殫姘?05-鐐庡ぉ浜斾笘甯濈铻嶉瓉闅楁皬绾?eventsPath锛?F:\GitHub\NEXUS\src\annotations\浜嬪唽涔嬭浇\11-绂€氱邯\02-榄侀殫鏈濅唬\01-榄侀殫姘廫05-鐐庡ぉ浜斾笘甯濈铻嶉瓉闅楁皬绾?events.md
relationsPath锛?F:\GitHub\NEXUS\src\annotations\浜嬪唽涔嬭浇\11-绂€氱邯\02-榄侀殫鏈濅唬\01-榄侀殫姘廫05-鐐庡ぉ浜斾笘甯濈铻嶉瓉闅楁皬绾?relations.md
eventsPath 瀛樺湪锛?false
relationsPath 瀛樺湪锛?false
鍔犺浇鐨勬爣娉ㄦ枃浠舵暟閲忥細 0
鍔犺浇鐨勬爣娉ㄦ枃浠讹細 []
浼犻€掔粰鍓嶇鐨勬爣娉ㄦ暟鎹細 { files: [] }
 [2m(+4ms)[22m
[2m10:07:03[22m   [34m鈹溾攢[39m [2m/婕旇繘杞ㄨ抗/06-鐐庡ぉ鍏笘甯濆叡宸ラ瓉闅楁皬绾?index.html[22m========== 鏍囨敞鏂囦欢鍔犺浇璋冭瘯 ==========
article.id 鍘熷鍊硷細 浜嬪唽涔嬭浇/11-绂€氱邯/02-榄侀殫鏈濅唬/01-榄侀殫姘?06-鐐庡ぉ鍏笘甯濆叡宸ラ瓉闅楁皬绾?md
article.id 绫诲瀷锛?string
article.id 闀垮害锛?44
article.id 瀛楃浠ｇ爜锛?浜?20107) 鍐?20876) 涔?20043) 杞?36733) /(47) 1(49) 1(49) -(45) 绂?31146) 閫?36890) 绾?32426) /(47) 0(48) 2(50) -(45) 榄?39745) 闅?38551) 鏈?26397) 浠?20195) /(47) 0(48) 1(49) -(45) 榄?39745) 闅?38551) 姘?27663) /(47) 0(48) 6(54) -(45) 鐐?28814) 澶?22825) 鍏?20845) 涓?19990) 甯?24093) 鍏?20849) 宸?24037) 榄?39745) 闅?38551) 姘?27663) 绾?32426) .(46) m(109) d(100)
annotationRoot锛?F:\GitHub\NEXUS\src\annotations
articlePathWithoutExt锛?浜嬪唽涔嬭浇/11-绂€氱邯/02-榄侀殫鏈濅唬/01-榄侀殫姘?06-鐐庡ぉ鍏笘甯濆叡宸ラ瓉闅楁皬绾?eventsPath锛?F:\GitHub\NEXUS\src\annotations\浜嬪唽涔嬭浇\11-绂€氱邯\02-榄侀殫鏈濅唬\01-榄侀殫姘廫06-鐐庡ぉ鍏笘甯濆叡宸ラ瓉闅楁皬绾?events.md
relationsPath锛?F:\GitHub\NEXUS\src\annotations\浜嬪唽涔嬭浇\11-绂€氱邯\02-榄侀殫鏈濅唬\01-榄侀殫姘廫06-鐐庡ぉ鍏笘甯濆叡宸ラ瓉闅楁皬绾?relations.md
eventsPath 瀛樺湪锛?false
relationsPath 瀛樺湪锛?false
鍔犺浇鐨勬爣娉ㄦ枃浠舵暟閲忥細 0
鍔犺浇鐨勬爣娉ㄦ枃浠讹細 []
浼犻€掔粰鍓嶇鐨勬爣娉ㄦ暟鎹細 { files: [] }
 [2m(+4ms)[22m
[2m10:07:03[22m   [34m鈹溾攢[39m [2m/婕旇繘杞ㄨ抗/07-榄侀殫涓冧笘閰嬪彞榫欑铻嶆皬鍒?index.html[22m========== 鏍囨敞鏂囦欢鍔犺浇璋冭瘯 ==========
article.id 鍘熷鍊硷細 浜嬪唽涔嬭浇/11-绂€氱邯/02-榄侀殫鏈濅唬/01-榄侀殫姘?07-榄侀殫涓冧笘閰嬪彞榫欑铻嶆皬鍒?md
article.id 绫诲瀷锛?string
article.id 闀垮害锛?44
article.id 瀛楃浠ｇ爜锛?浜?20107) 鍐?20876) 涔?20043) 杞?36733) /(47) 1(49) 1(49) -(45) 绂?31146) 閫?36890) 绾?32426) /(47) 0(48) 2(50) -(45) 榄?39745) 闅?38551) 鏈?26397) 浠?20195) /(47) 0(48) 1(49) -(45) 榄?39745) 闅?38551) 姘?27663) /(47) 0(48) 7(55) -(45) 榄?39745) 闅?38551) 涓?19971) 涓?19990) 閰?37195) 鍙?21477) 榫?40857) 绁?31069) 铻?34701) 姘?27663) 鍒?21015) .(46) m(109) d(100)
annotationRoot锛?F:\GitHub\NEXUS\src\annotations
articlePathWithoutExt锛?浜嬪唽涔嬭浇/11-绂€氱邯/02-榄侀殫鏈濅唬/01-榄侀殫姘?07-榄侀殫涓冧笘閰嬪彞榫欑铻嶆皬鍒?eventsPath锛?F:\GitHub\NEXUS\src\annotations\浜嬪唽涔嬭浇\11-绂€氱邯\02-榄侀殫鏈濅唬\01-榄侀殫姘廫07-榄侀殫涓冧笘閰嬪彞榫欑铻嶆皬鍒?events.md
relationsPath锛?F:\GitHub\NEXUS\src\annotations\浜嬪唽涔嬭浇\11-绂€氱邯\02-榄侀殫鏈濅唬\01-榄侀殫姘廫07-榄侀殫涓冧笘閰嬪彞榫欑铻嶆皬鍒?relations.md
eventsPath 瀛樺湪锛?false
relationsPath 瀛樺湪锛?false
鍔犺浇鐨勬爣娉ㄦ枃浠舵暟閲忥細 0
鍔犺浇鐨勬爣娉ㄦ枃浠讹細 []
浼犻€掔粰鍓嶇鐨勬爣娉ㄦ暟鎹細 { files: [] }
 [2m(+4ms)[22m
[2m10:07:03[22m   [34m鈹溾攢[39m [2m/婕旇繘杞ㄨ抗/08-榄侀殫鍏笘閰嬪檸楦ｇ铻嶆皬鍒?index.html[22m========== 鏍囨敞鏂囦欢鍔犺浇璋冭瘯 ==========
article.id 鍘熷鍊硷細 浜嬪唽涔嬭浇/11-绂€氱邯/02-榄侀殫鏈濅唬/01-榄侀殫姘?08-榄侀殫鍏笘閰嬪檸楦ｇ铻嶆皬鍒?md
article.id 绫诲瀷锛?string
article.id 闀垮害锛?44
article.id 瀛楃浠ｇ爜锛?浜?20107) 鍐?20876) 涔?20043) 杞?36733) /(47) 1(49) 1(49) -(45) 绂?31146) 閫?36890) 绾?32426) /(47) 0(48) 2(50) -(45) 榄?39745) 闅?38551) 鏈?26397) 浠?20195) /(47) 0(48) 1(49) -(45) 榄?39745) 闅?38551) 姘?27663) /(47) 0(48) 8(56) -(45) 榄?39745) 闅?38551) 鍏?20843) 涓?19990) 閰?37195) 鍣?22094) 楦?40483) 绁?31069) 铻?34701) 姘?27663) 鍒?21015) .(46) m(109) d(100)
annotationRoot锛?F:\GitHub\NEXUS\src\annotations
articlePathWithoutExt锛?浜嬪唽涔嬭浇/11-绂€氱邯/02-榄侀殫鏈濅唬/01-榄侀殫姘?08-榄侀殫鍏笘閰嬪檸楦ｇ铻嶆皬鍒?eventsPath锛?F:\GitHub\NEXUS\src\annotations\浜嬪唽涔嬭浇\11-绂€氱邯\02-榄侀殫鏈濅唬\01-榄侀殫姘廫08-榄侀殫鍏笘閰嬪檸楦ｇ铻嶆皬鍒?events.md
relationsPath锛?F:\GitHub\NEXUS\src\annotations\浜嬪唽涔嬭浇\11-绂€氱邯\02-榄侀殫鏈濅唬\01-榄侀殫姘廫08-榄侀殫鍏笘閰嬪檸楦ｇ铻嶆皬鍒?relations.md
eventsPath 瀛樺湪锛?false
relationsPath 瀛樺湪锛?false
鍔犺浇鐨勬爣娉ㄦ枃浠舵暟閲忥細 0
鍔犺浇鐨勬爣娉ㄦ枃浠讹細 []
浼犻€掔粰鍓嶇鐨勬爣娉ㄦ暟鎹細 { files: [] }
 [2m(+4ms)[22m
[2m10:07:03[22m   [34m鈹溾攢[39m [2m/婕旇繘杞ㄨ抗/09-榄侀殫涔濅笘閰嬩俊绁濊瀺姘忓垪/index.html[22m========== 鏍囨敞鏂囦欢鍔犺浇璋冭瘯 ==========
article.id 鍘熷鍊硷細 浜嬪唽涔嬭浇/11-绂€氱邯/02-榄侀殫鏈濅唬/01-榄侀殫姘?09-榄侀殫涔濅笘閰嬩俊绁濊瀺姘忓垪.md
article.id 绫诲瀷锛?string
article.id 闀垮害锛?43
article.id 瀛楃浠ｇ爜锛?浜?20107) 鍐?20876) 涔?20043) 杞?36733) /(47) 1(49) 1(49) -(45) 绂?31146) 閫?36890) 绾?32426) /(47) 0(48) 2(50) -(45) 榄?39745) 闅?38551) 鏈?26397) 浠?20195) /(47) 0(48) 1(49) -(45) 榄?39745) 闅?38551) 姘?27663) /(47) 0(48) 9(57) -(45) 榄?39745) 闅?38551) 涔?20061) 涓?19990) 閰?37195) 淇?20449) 绁?31069) 铻?34701) 姘?27663) 鍒?21015) .(46) m(109) d(100)
annotationRoot锛?F:\GitHub\NEXUS\src\annotations
articlePathWithoutExt锛?浜嬪唽涔嬭浇/11-绂€氱邯/02-榄侀殫鏈濅唬/01-榄侀殫姘?09-榄侀殫涔濅笘閰嬩俊绁濊瀺姘忓垪
eventsPath锛?F:\GitHub\NEXUS\src\annotations\浜嬪唽涔嬭浇\11-绂€氱邯\02-榄侀殫.events.json01-榄侀殫姘廫09-榄侀殫涔濅笘閰嬩俊绁濊瀺姘忓垪.events.md
relationsPath锛?F:\GitHub\NEXUS\src\annotations\浜嬪唽涔嬭浇\11-绂€氱邯\02-榄侀殫.relations.json榄侀殫姘廫09-榄侀殫涔濅笘閰嬩俊绁濊瀺姘忓垪.relations.md
eventsPath 瀛樺湪锛?false
relationsPath 瀛樺湪锛?false
鍔犺浇鐨勬爣娉ㄦ枃浠舵暟閲忥細 0
鍔犺浇鐨勬爣娉ㄦ枃浠讹細 []
浼犻€掔粰鍓嶇鐨勬爣娉ㄦ暟鎹細 { files: [] }
 [2m(+4ms)[22m
[2m10:07:03[22m   [34m鈹溾攢[39m [2m/婕旇繘杞ㄨ抗/10-榄侀殫鍗佷笘閰嬭丹楦犵铻嶆皬鍒?index.html[22m========== 鏍囨敞鏂囦欢鍔犺浇璋冭瘯 ==========
article.id 鍘熷鍊硷細 浜嬪唽涔嬭浇/11-绂€氱邯/02-榄侀殫鏈濅唬/01-榄侀殫姘?10-榄侀殫鍗佷笘閰嬭丹楦犵铻嶆皬鍒?md
article.id 绫诲瀷锛?string
article.id 闀垮害锛?44
article.id 瀛楃浠ｇ爜锛?浜?20107) 鍐?20876) 涔?20043) 杞?36733) /(47) 1(49) 1(49) -(45) 绂?31146) 閫?36890) 绾?32426) /(47) 0(48) 2(50) -(45) 榄?39745) 闅?38551) 鏈?26397) 浠?20195) /(47) 0(48) 1(49) -(45) 榄?39745) 闅?38551) 姘?27663) /(47) 1(49) 0(48) -(45) 榄?39745) 闅?38551) 鍗?21313) 涓?19990) 閰?37195) 璧?36196) 楦?40480) 绁?31069) 铻?34701) 姘?27663) 鍒?21015) .(46) m(109) d(100)
annotationRoot锛?F:\GitHub\NEXUS\src\annotations
articlePathWithoutExt锛?浜嬪唽涔嬭浇/11-绂€氱邯/02-榄侀殫鏈濅唬/01-榄侀殫姘?10-榄侀殫鍗佷笘閰嬭丹楦犵铻嶆皬鍒?eventsPath锛?F:\GitHub\NEXUS\src\annotations\浜嬪唽涔嬭浇\11-绂€氱邯\02-榄侀殫鏈濅唬\01-榄侀殫姘廫10-榄侀殫鍗佷笘閰嬭丹楦犵铻嶆皬鍒?events.md
relationsPath锛?F:\GitHub\NEXUS\src\annotations\浜嬪唽涔嬭浇\11-绂€氱邯\02-榄侀殫鏈濅唬\01-榄侀殫姘廫10-榄侀殫鍗佷笘閰嬭丹楦犵铻嶆皬鍒?relations.md
eventsPath 瀛樺湪锛?false
relationsPath 瀛樺湪锛?false
鍔犺浇鐨勬爣娉ㄦ枃浠舵暟閲忥細 0
鍔犺浇鐨勬爣娉ㄦ枃浠讹細 []
浼犻€掔粰鍓嶇鐨勬爣娉ㄦ暟鎹細 { files: [] }
 [2m(+4ms)[22m
[2m10:07:03[22m   [34m鈹溾攢[39m [2m/婕旇繘杞ㄨ抗/11-榄侀殫鍗佷竴涓栭厠澧欏し绁濊瀺姘忓垪/index.html[22m========== 鏍囨敞鏂囦欢鍔犺浇璋冭瘯 ==========
article.id 鍘熷鍊硷細 浜嬪唽涔嬭浇/11-绂€氱邯/02-榄侀殫鏈濅唬/01-榄侀殫姘?11-榄侀殫鍗佷竴涓栭厠澧欏し绁濊瀺姘忓垪.md
article.id 绫诲瀷锛?string
article.id 闀垮害锛?45
article.id 瀛楃浠ｇ爜锛?浜?20107) 鍐?20876) 涔?20043) 杞?36733) /(47) 1(49) 1(49) -(45) 绂?31146) 閫?36890) 绾?32426) /(47) 0(48) 2(50) -(45) 榄?39745) 闅?38551) 鏈?26397) 浠?20195) /(47) 0(48) 1(49) -(45) 榄?39745) 闅?38551) 姘?27663) /(47) 1(49) 1(49) -(45) 榄?39745) 闅?38551) 鍗?21313) 涓€(19968) 涓?19990) 閰?37195) 澧?22681) 澶?22839) 绁?31069) 铻?34701) 姘?27663) 鍒?21015) .(46) m(109) d(100)
annotationRoot锛?F:\GitHub\NEXUS\src\annotations
articlePathWithoutExt锛?浜嬪唽涔嬭浇/11-绂€氱邯/02-榄侀殫鏈濅唬/01-榄侀殫姘?11-榄侀殫鍗佷竴涓栭厠澧欏し绁濊瀺姘忓垪
eventsPath锛?F:\GitHub\NEXUS\src\annotations\浜嬪唽涔嬭浇\11-绂€氱邯\02-榄侀殫鏈.events.json榄侀殫姘廫11-榄侀殫鍗佷竴涓栭厠澧欏し绁濊瀺姘忓垪.events.md
relationsPath锛?F:\GitHub\NEXUS\src\annotations\浜嬪唽涔嬭浇\11-绂€氱邯\02-榄侀殫鏈.relations.json侀殫姘廫11-榄侀殫鍗佷竴涓栭厠澧欏し绁濊瀺姘忓垪.relations.md
eventsPath 瀛樺湪锛?false
relationsPath 瀛樺湪锛?false
鍔犺浇鐨勬爣娉ㄦ枃浠舵暟閲忥細 0
鍔犺浇鐨勬爣娉ㄦ枃浠讹細 []
浼犻€掔粰鍓嶇鐨勬爣娉ㄦ暟鎹細 { files: [] }
 [2m(+5ms)[22m
[2m10:07:03[22m   [34m鈹溾攢[39m [2m/婕旇繘杞ㄨ抗/12-榄侀殫鍗佷簩涓栭厠鎹蜂釜绁濊瀺姘忓垪/index.html[22m========== 鏍囨敞鏂囦欢鍔犺浇璋冭瘯 ==========
article.id 鍘熷鍊硷細 浜嬪唽涔嬭浇/11-绂€氱邯/02-榄侀殫鏈濅唬/01-榄侀殫姘?12-榄侀殫鍗佷簩涓栭厠鎹蜂釜绁濊瀺姘忓垪.md
article.id 绫诲瀷锛?string
article.id 闀垮害锛?45
article.id 瀛楃浠ｇ爜锛?浜?20107) 鍐?20876) 涔?20043) 杞?36733) /(47) 1(49) 1(49) -(45) 绂?31146) 閫?36890) 绾?32426) /(47) 0(48) 2(50) -(45) 榄?39745) 闅?38551) 鏈?26397) 浠?20195) /(47) 0(48) 1(49) -(45) 榄?39745) 闅?38551) 姘?27663) /(47) 1(49) 2(50) -(45) 榄?39745) 闅?38551) 鍗?21313) 浜?20108) 涓?19990) 閰?37195) 鎹?25463) 涓?20010) 绁?31069) 铻?34701) 姘?27663) 鍒?21015) .(46) m(109) d(100)
annotationRoot锛?F:\GitHub\NEXUS\src\annotations
articlePathWithoutExt锛?浜嬪唽涔嬭浇/11-绂€氱邯/02-榄侀殫鏈濅唬/01-榄侀殫姘?12-榄侀殫鍗佷簩涓栭厠鎹蜂釜绁濊瀺姘忓垪
eventsPath锛?F:\GitHub\NEXUS\src\annotations\浜嬪唽涔嬭浇\11-绂€氱邯\02-榄侀殫鏈.events.json榄侀殫姘廫12-榄侀殫鍗佷簩涓栭厠鎹蜂釜绁濊瀺姘忓垪.events.md
relationsPath锛?F:\GitHub\NEXUS\src\annotations\浜嬪唽涔嬭浇\11-绂€氱邯\02-榄侀殫鏈.relations.json侀殫姘廫12-榄侀殫鍗佷簩涓栭厠鎹蜂釜绁濊瀺姘忓垪.relations.md
eventsPath 瀛樺湪锛?false
relationsPath 瀛樺湪锛?false
鍔犺浇鐨勬爣娉ㄦ枃浠舵暟閲忥細 0
鍔犺浇鐨勬爣娉ㄦ枃浠讹細 []
浼犻€掔粰鍓嶇鐨勬爣娉ㄦ暟鎹細 { files: [] }
 [2m(+4ms)[22m
[2m10:07:03[22m   [34m鈹溾攢[39m [2m/婕旇繘杞ㄨ抗/13-榄侀殫鍗佷笁涓栭厠绗铻嶆皬鍒?index.html[22m========== 鏍囨敞鏂囦欢鍔犺浇璋冭瘯 ==========
article.id 鍘熷鍊硷細 浜嬪唽涔嬭浇/11-绂€氱邯/02-榄侀殫鏈濅唬/01-榄侀殫姘?13-榄侀殫鍗佷笁涓栭厠绗铻嶆皬鍒?md
article.id 绫诲瀷锛?string
article.id 闀垮害锛?44
article.id 瀛楃浠ｇ爜锛?浜?20107) 鍐?20876) 涔?20043) 杞?36733) /(47) 1(49) 1(49) -(45) 绂?31146) 閫?36890) 绾?32426) /(47) 0(48) 2(50) -(45) 榄?39745) 闅?38551) 鏈?26397) 浠?20195) /(47) 0(48) 1(49) -(45) 榄?39745) 闅?38551) 姘?27663) /(47) 1(49) 3(51) -(45) 榄?39745) 闅?38551) 鍗?21313) 涓?19977) 涓?19990) 閰?37195) 绗?31530) 绁?31069) 铻?34701) 姘?27663) 鍒?21015) .(46) m(109) d(100)
annotationRoot锛?F:\GitHub\NEXUS\src\annotations
articlePathWithoutExt锛?浜嬪唽涔嬭浇/11-绂€氱邯/02-榄侀殫鏈濅唬/01-榄侀殫姘?13-榄侀殫鍗佷笁涓栭厠绗铻嶆皬鍒?eventsPath锛?F:\GitHub\NEXUS\src\annotations\浜嬪唽涔嬭浇\11-绂€氱邯\02-榄侀殫鏈濅唬\01-榄侀殫姘廫13-榄侀殫鍗佷笁涓栭厠绗铻嶆皬鍒?events.md
relationsPath锛?F:\GitHub\NEXUS\src\annotations\浜嬪唽涔嬭浇\11-绂€氱邯\02-榄侀殫鏈濅唬\01-榄侀殫姘廫13-榄侀殫鍗佷笁涓栭厠绗铻嶆皬鍒?relations.md
eventsPath 瀛樺湪锛?false
relationsPath 瀛樺湪锛?false
鍔犺浇鐨勬爣娉ㄦ枃浠舵暟閲忥細 0
鍔犺浇鐨勬爣娉ㄦ枃浠讹細 []
浼犻€掔粰鍓嶇鐨勬爣娉ㄦ暟鎹細 { files: [] }
 [2m(+4ms)[22m
[2m10:07:03[22m   [34m鈹溾攢[39m [2m/婕旇繘杞ㄨ抗/01-澶槉澶╀笂甯濅紡缇叉皬绾?index.html[22m========== 鏍囨敞鏂囦欢鍔犺浇璋冭瘯 ==========
article.id 鍘熷鍊硷細 浜嬪唽涔嬭浇/11-绂€氱邯/01-浼忕静鏈濅唬/01-浼忕静姘?01-澶槉澶╀笂甯濅紡缇叉皬绾?md
article.id 绫诲瀷锛?string
article.id 闀垮害锛?42
article.id 瀛楃浠ｇ爜锛?浜?20107) 鍐?20876) 涔?20043) 杞?36733) /(47) 1(49) 1(49) -(45) 绂?31146) 閫?36890) 绾?32426) /(47) 0(48) 1(49) -(45) 浼?20239) 缇?32690) 鏈?26397) 浠?20195) /(47) 0(48) 1(49) -(45) 浼?20239) 缇?32690) 姘?27663) /(47) 0(48) 1(49) -(45) 澶?22826) 鏄?26122) 澶?22825) 涓?19978) 甯?24093) 浼?20239) 缇?32690) 姘?27663) 绾?32426) .(46) m(109) d(100)
annotationRoot锛?F:\GitHub\NEXUS\src\annotations
articlePathWithoutExt锛?浜嬪唽涔嬭浇/11-绂€氱邯/01-浼忕静鏈濅唬/01-浼忕静姘?01-澶槉澶╀笂甯濅紡缇叉皬绾?eventsPath锛?F:\GitHub\NEXUS\src\annotations\浜嬪唽涔嬭浇\11-绂€氱邯\01-浼忕静鏈濅唬\01-浼忕静姘廫01-澶槉澶╀笂甯濅紡缇叉皬绾?events.md
relationsPath锛?F:\GitHub\NEXUS\src\annotations\浜嬪唽涔嬭浇\11-绂€氱邯\01-浼忕静鏈濅唬\01-浼忕静姘廫01-澶槉澶╀笂甯濅紡缇叉皬绾?relations.md
eventsPath 瀛樺湪锛?false
relationsPath 瀛樺湪锛?false
鍔犺浇鐨勬爣娉ㄦ枃浠舵暟閲忥細 0
鍔犺浇鐨勬爣娉ㄦ枃浠讹細 []
浼犻€掔粰鍓嶇鐨勬爣娉ㄦ暟鎹細 { files: [] }
 [2m(+4ms)[22m
[2m10:07:03[22m   [34m鈹溾攢[39m [2m/婕旇繘杞ㄨ抗/01-鏄婂ぉ浜屼笘濂崇殗濂冲ú姘忕邯/index.html[22m========== 鏍囨敞鏂囦欢鍔犺浇璋冭瘯 ==========
article.id 鍘熷鍊硷細 浜嬪唽涔嬭浇/11-绂€氱邯/01-浼忕静鏈濅唬/02-濂冲ú姘?01-鏄婂ぉ浜屼笘濂崇殗濂冲ú姘忕邯.md
article.id 绫诲瀷锛?string
article.id 闀垮害锛?43
article.id 瀛楃浠ｇ爜锛?浜?20107) 鍐?20876) 涔?20043) 杞?36733) /(47) 1(49) 1(49) -(45) 绂?31146) 閫?36890) 绾?32426) /(47) 0(48) 1(49) -(45) 浼?20239) 缇?32690) 鏈?26397) 浠?20195) /(47) 0(48) 2(50) -(45) 濂?22899) 濞?23090) 姘?27663) /(47) 0(48) 1(49) -(45) 鏄?26122) 澶?22825) 浜?20108) 涓?19990) 濂?22899) 鐨?30343) 濂?22899) 濞?23090) 姘?27663) 绾?32426) .(46) m(109) d(100)
annotationRoot锛?F:\GitHub\NEXUS\src\annotations
articlePathWithoutExt锛?浜嬪唽涔嬭浇/11-绂€氱邯/01-浼忕静鏈濅唬/02-濂冲ú姘?01-鏄婂ぉ浜屼笘濂崇殗濂冲ú姘忕邯
eventsPath锛?F:\GitHub\NEXUS\src\annotations\浜嬪唽涔嬭浇\11-绂€氱邯\01-浼忕静.events.json02-濂冲ú姘廫01-鏄婂ぉ浜屼笘濂崇殗濂冲ú姘忕邯.events.md
relationsPath锛?F:\GitHub\NEXUS\src\annotations\浜嬪唽涔嬭浇\11-绂€氱邯\01-浼忕静.relations.json濂冲ú姘廫01-鏄婂ぉ浜屼笘濂崇殗濂冲ú姘忕邯.relations.md
eventsPath 瀛樺湪锛?false
relationsPath 瀛樺湪锛?false
鍔犺浇鐨勬爣娉ㄦ枃浠舵暟閲忥細 0
鍔犺浇鐨勬爣娉ㄦ枃浠讹細 []
浼犻€掔粰鍓嶇鐨勬爣娉ㄦ暟鎹細 { files: [] }
 [2m(+4ms)[22m
[2m10:07:03[22m   [34m鈹溾攢[39m [2m/婕旇繘杞ㄨ抗/02-鏄婂ぉ涓変笘濂崇殗瀣熺Щ濂冲ú姘忕邯/index.html[22m========== 鏍囨敞鏂囦欢鍔犺浇璋冭瘯 ==========
article.id 鍘熷鍊硷細 浜嬪唽涔嬭浇/11-绂€氱邯/01-浼忕静鏈濅唬/02-濂冲ú姘?02-鏄婂ぉ涓変笘濂崇殗瀣熺Щ濂冲ú姘忕邯.md
article.id 绫诲瀷锛?string
article.id 闀垮害锛?45
article.id 瀛楃浠ｇ爜锛?浜?20107) 鍐?20876) 涔?20043) 杞?36733) /(47) 1(49) 1(49) -(45) 绂?31146) 閫?36890) 绾?32426) /(47) 0(48) 1(49) -(45) 浼?20239) 缇?32690) 鏈?26397) 浠?20195) /(47) 0(48) 2(50) -(45) 濂?22899) 濞?23090) 姘?27663) /(47) 0(48) 2(50) -(45) 鏄?26122) 澶?22825) 涓?19977) 涓?19990) 濂?22899) 鐨?30343) 瀣?23327) 绉?31227) 濂?22899) 濞?23090) 姘?27663) 绾?32426) .(46) m(109) d(100)
annotationRoot锛?F:\GitHub\NEXUS\src\annotations
articlePathWithoutExt锛?浜嬪唽涔嬭浇/11-绂€氱邯/01-浼忕静鏈濅唬/02-濂冲ú姘?02-鏄婂ぉ涓変笘濂崇殗瀣熺Щ濂冲ú姘忕邯
eventsPath锛?F:\GitHub\NEXUS\src\annotations\浜嬪唽涔嬭浇\11-绂€氱邯\01-浼忕静鏈.events.json濂冲ú姘廫02-鏄婂ぉ涓変笘濂崇殗瀣熺Щ濂冲ú姘忕邯.events.md
relationsPath锛?F:\GitHub\NEXUS\src\annotations\浜嬪唽涔嬭浇\11-绂€氱邯\01-浼忕静鏈.relations.json冲ú姘廫02-鏄婂ぉ涓変笘濂崇殗瀣熺Щ濂冲ú姘忕邯.relations.md
eventsPath 瀛樺湪锛?false
relationsPath 瀛樺湪锛?false
鍔犺浇鐨勬爣娉ㄦ枃浠舵暟閲忥細 0
鍔犺浇鐨勬爣娉ㄦ枃浠讹細 []
浼犻€掔粰鍓嶇鐨勬爣娉ㄦ暟鎹細 { files: [] }
 [2m(+4ms)[22m
[2m10:07:03[22m   [34m鈹溾攢[39m [2m/婕旇繘杞ㄨ抗/03-鏄婂ぉ鍥涗笘甯濆笀瀣熷コ濞叉皬绾?index.html[22m========== 鏍囨敞鏂囦欢鍔犺浇璋冭瘯 ==========
article.id 鍘熷鍊硷細 浜嬪唽涔嬭浇/11-绂€氱邯/01-浼忕静鏈濅唬/02-濂冲ú姘?03-鏄婂ぉ鍥涗笘甯濆笀瀣熷コ濞叉皬绾?md
article.id 绫诲瀷锛?string
article.id 闀垮害锛?44
article.id 瀛楃浠ｇ爜锛?浜?20107) 鍐?20876) 涔?20043) 杞?36733) /(47) 1(49) 1(49) -(45) 绂?31146) 閫?36890) 绾?32426) /(47) 0(48) 1(49) -(45) 浼?20239) 缇?32690) 鏈?26397) 浠?20195) /(47) 0(48) 2(50) -(45) 濂?22899) 濞?23090) 姘?27663) /(47) 0(48) 3(51) -(45) 鏄?26122) 澶?22825) 鍥?22235) 涓?19990) 甯?24093) 甯?24072) 瀣?23327) 濂?22899) 濞?23090) 姘?27663) 绾?32426) .(46) m(109) d(100)
annotationRoot锛?F:\GitHub\NEXUS\src\annotations
articlePathWithoutExt锛?浜嬪唽涔嬭浇/11-绂€氱邯/01-浼忕静鏈濅唬/02-濂冲ú姘?03-鏄婂ぉ鍥涗笘甯濆笀瀣熷コ濞叉皬绾?eventsPath锛?F:\GitHub\NEXUS\src\annotations\浜嬪唽涔嬭浇\11-绂€氱邯\01-浼忕静鏈濅唬\02-濂冲ú姘廫03-鏄婂ぉ鍥涗笘甯濆笀瀣熷コ濞叉皬绾?events.md
relationsPath锛?F:\GitHub\NEXUS\src\annotations\浜嬪唽涔嬭浇\11-绂€氱邯\01-浼忕静鏈濅唬\02-濂冲ú姘廫03-鏄婂ぉ鍥涗笘甯濆笀瀣熷コ濞叉皬绾?relations.md
eventsPath 瀛樺湪锛?false
relationsPath 瀛樺湪锛?false
鍔犺浇鐨勬爣娉ㄦ枃浠舵暟閲忥細 0
鍔犺浇鐨勬爣娉ㄦ枃浠讹細 []
浼犻€掔粰鍓嶇鐨勬爣娉ㄦ暟鎹細 { files: [] }
 [2m(+4ms)[22m
[2m10:07:03[22m   [34m鈹溾攢[39m [2m/婕旇繘杞ㄨ抗/楝奸瓉姘忓垪/index.html[22m========== 鏍囨敞鏂囦欢鍔犺浇璋冭瘯 ==========
article.id 鍘熷鍊硷細 浜嬪唽涔嬭浇/05-鎽勬彁绾?01-浜斾節浠?楝奸瓉姘?楝奸瓉姘忓垪.md
article.id 绫诲瀷锛?string
article.id 闀垮害锛?30
article.id 瀛楃浠ｇ爜锛?浜?20107) 鍐?20876) 涔?20043) 杞?36733) /(47) 0(48) 5(53) -(45) 鎽?25668) 鎻?25552) 绾?32426) /(47) 0(48) 1(49) -(45) 浜?20116) 涔?20061) 浠?20195) /(47) 楝?39740) 榄?39745) 姘?27663) /(47) 楝?39740) 榄?39745) 姘?27663) 鍒?21015) .(46) m(109) d(100)
annotationRoot锛?F:\GitHub\NEXUS\src\annotations
articlePathWithoutExt锛?浜嬪唽涔嬭浇/05-鎽勬彁绾?01-浜斾節浠?楝奸瓉姘?楝奸瓉姘忓垪
eventsPath锛?F:\GitHub\NEXUS\src\annotations\浜嬪唽涔嬭浇\05-鎽勬彁�.events.json�斾節浠楝奸瓉姘廫楝奸瓉姘忓垪.events.md
relationsPath锛?F:\GitHub\NEXUS\src\annotations\浜嬪唽涔嬭浇\05-鎽勬彁�.relations.json�節浠楝奸瓉姘廫楝奸瓉姘忓垪.relations.md
eventsPath 瀛樺湪锛?false
relationsPath 瀛樺湪锛?false
鍔犺浇鐨勬爣娉ㄦ枃浠舵暟閲忥細 0
鍔犺浇鐨勬爣娉ㄦ枃浠讹細 []
浼犻€掔粰鍓嶇鐨勬爣娉ㄦ暟鎹細 { files: [] }
 [2m(+6ms)[22m
[2m10:07:03[22m   [34m鈹溾攢[39m [2m/婕旇繘杞ㄨ抗/01-鏄婂ぉ浜斾笘甯濇槉涔変紡缇叉皬绾?index.html[22m========== 鏍囨敞鏂囦欢鍔犺浇璋冭瘯 ==========
article.id 鍘熷鍊硷細 浜嬪唽涔嬭浇/11-绂€氱邯/01-浼忕静鏈濅唬/03-浼忕静姘?01-鏄婂ぉ浜斾笘甯濇槉涔変紡缇叉皬绾?md
article.id 绫诲瀷锛?string
article.id 闀垮害锛?44
article.id 瀛楃浠ｇ爜锛?浜?20107) 鍐?20876) 涔?20043) 杞?36733) /(47) 1(49) 1(49) -(45) 绂?31146) 閫?36890) 绾?32426) /(47) 0(48) 1(49) -(45) 浼?20239) 缇?32690) 鏈?26397) 浠?20195) /(47) 0(48) 3(51) -(45) 浼?20239) 缇?32690) 姘?27663) /(47) 0(48) 1(49) -(45) 鏄?26122) 澶?22825) 浜?20116) 涓?19990) 甯?24093) 鏄?26122) 涔?20041) 浼?20239) 缇?32690) 姘?27663) 绾?32426) .(46) m(109) d(100)
annotationRoot锛?F:\GitHub\NEXUS\src\annotations
articlePathWithoutExt锛?浜嬪唽涔嬭浇/11-绂€氱邯/01-浼忕静鏈濅唬/03-浼忕静姘?01-鏄婂ぉ浜斾笘甯濇槉涔変紡缇叉皬绾?eventsPath锛?F:\GitHub\NEXUS\src\annotations\浜嬪唽涔嬭浇\11-绂€氱邯\01-浼忕静鏈濅唬\03-浼忕静姘廫01-鏄婂ぉ浜斾笘甯濇槉涔変紡缇叉皬绾?events.md
relationsPath锛?F:\GitHub\NEXUS\src\annotations\浜嬪唽涔嬭浇\11-绂€氱邯\01-浼忕静鏈濅唬\03-浼忕静姘廫01-鏄婂ぉ浜斾笘甯濇槉涔変紡缇叉皬绾?relations.md
eventsPath 瀛樺湪锛?false
relationsPath 瀛樺湪锛?false
鍔犺浇鐨勬爣娉ㄦ枃浠舵暟閲忥細 0
鍔犺浇鐨勬爣娉ㄦ枃浠讹細 []
浼犻€掔粰鍓嶇鐨勬爣娉ㄦ暟鎹細 { files: [] }
 [2m(+6ms)[22m
[2m10:07:03[22m   [34m鈹溾攢[39m [2m/婕旇繘杞ㄨ抗/02-鏄婂ぉ鍏笘甯濇槉瀣熶紡缇叉皬绾?index.html[22m========== 鏍囨敞鏂囦欢鍔犺浇璋冭瘯 ==========
article.id 鍘熷鍊硷細 浜嬪唽涔嬭浇/11-绂€氱邯/01-浼忕静鏈濅唬/03-浼忕静姘?02-鏄婂ぉ鍏笘甯濇槉瀣熶紡缇叉皬绾?md
article.id 绫诲瀷锛?string
article.id 闀垮害锛?44
article.id 瀛楃浠ｇ爜锛?浜?20107) 鍐?20876) 涔?20043) 杞?36733) /(47) 1(49) 1(49) -(45) 绂?31146) 閫?36890) 绾?32426) /(47) 0(48) 1(49) -(45) 浼?20239) 缇?32690) 鏈?26397) 浠?20195) /(47) 0(48) 3(51) -(45) 浼?20239) 缇?32690) 姘?27663) /(47) 0(48) 2(50) -(45) 鏄?26122) 澶?22825) 鍏?20845) 涓?19990) 甯?24093) 鏄?26122) 瀣?23327) 浼?20239) 缇?32690) 姘?27663) 绾?32426) .(46) m(109) d(100)
annotationRoot锛?F:\GitHub\NEXUS\src\annotations
articlePathWithoutExt锛?浜嬪唽涔嬭浇/11-绂€氱邯/01-浼忕静鏈濅唬/03-浼忕静姘?02-鏄婂ぉ鍏笘甯濇槉瀣熶紡缇叉皬绾?eventsPath锛?F:\GitHub\NEXUS\src\annotations\浜嬪唽涔嬭浇\11-绂€氱邯\01-浼忕静鏈濅唬\03-浼忕静姘廫02-鏄婂ぉ鍏笘甯濇槉瀣熶紡缇叉皬绾?events.md
relationsPath锛?F:\GitHub\NEXUS\src\annotations\浜嬪唽涔嬭浇\11-绂€氱邯\01-浼忕静鏈濅唬\03-浼忕静姘廫02-鏄婂ぉ鍏笘甯濇槉瀣熶紡缇叉皬绾?relations.md
eventsPath 瀛樺湪锛?false
relationsPath 瀛樺湪锛?false
鍔犺浇鐨勬爣娉ㄦ枃浠舵暟閲忥細 0
鍔犺浇鐨勬爣娉ㄦ枃浠讹細 []
浼犻€掔粰鍓嶇鐨勬爣娉ㄦ暟鎹細 { files: [] }
 [2m(+8ms)[22m
[2m10:07:03[22m   [34m鈹溾攢[39m [2m/婕旇繘杞ㄨ抗/04-鏄婂ぉ鍏笘甯濆瑧鑺備紡缇叉皬绾?index.html[22m========== 鏍囨敞鏂囦欢鍔犺浇璋冭瘯 ==========
article.id 鍘熷鍊硷細 浜嬪唽涔嬭浇/11-绂€氱邯/01-浼忕静鏈濅唬/03-浼忕静姘?04-鏄婂ぉ鍏笘甯濆瑧鑺備紡缇叉皬绾?md
article.id 绫诲瀷锛?string
article.id 闀垮害锛?44
article.id 瀛楃浠ｇ爜锛?浜?20107) 鍐?20876) 涔?20043) 杞?36733) /(47) 1(49) 1(49) -(45) 绂?31146) 閫?36890) 绾?32426) /(47) 0(48) 1(49) -(45) 浼?20239) 缇?32690) 鏈?26397) 浠?20195) /(47) 0(48) 3(51) -(45) 浼?20239) 缇?32690) 姘?27663) /(47) 0(48) 4(52) -(45) 鏄?26122) 澶?22825) 鍏?20843) 涓?19990) 甯?24093) 瀣?23313) 鑺?33410) 浼?20239) 缇?32690) 姘?27663) 绾?32426) .(46) m(109) d(100)
annotationRoot锛?F:\GitHub\NEXUS\src\annotations
articlePathWithoutExt锛?浜嬪唽涔嬭浇/11-绂€氱邯/01-浼忕静鏈濅唬/03-浼忕静姘?04-鏄婂ぉ鍏笘甯濆瑧鑺備紡缇叉皬绾?eventsPath锛?F:\GitHub\NEXUS\src\annotations\浜嬪唽涔嬭浇\11-绂€氱邯\01-浼忕静鏈濅唬\03-浼忕静姘廫04-鏄婂ぉ鍏笘甯濆瑧鑺備紡缇叉皬绾?events.md
relationsPath锛?F:\GitHub\NEXUS\src\annotations\浜嬪唽涔嬭浇\11-绂€氱邯\01-浼忕静鏈濅唬\03-浼忕静姘廫04-鏄婂ぉ鍏笘甯濆瑧鑺備紡缇叉皬绾?relations.md
eventsPath 瀛樺湪锛?false
relationsPath 瀛樺湪锛?false
鍔犺浇鐨勬爣娉ㄦ枃浠舵暟閲忥細 0
鍔犺浇鐨勬爣娉ㄦ枃浠讹細 []
浼犻€掔粰鍓嶇鐨勬爣娉ㄦ暟鎹細 { files: [] }
 [2m(+7ms)[22m
[2m10:07:03[22m   [34m鈹溾攢[39m [2m/婕旇繘杞ㄨ抗/03-鏄婂ぉ涓冧笘甯濅繆浼忕静姘忕邯/index.html[22m========== 鏍囨敞鏂囦欢鍔犺浇璋冭瘯 ==========
article.id 鍘熷鍊硷細 浜嬪唽涔嬭浇/11-绂€氱邯/01-浼忕静鏈濅唬/03-浼忕静姘?03-鏄婂ぉ涓冧笘甯濅繆浼忕静姘忕邯.md
article.id 绫诲瀷锛?string
article.id 闀垮害锛?43
article.id 瀛楃浠ｇ爜锛?浜?20107) 鍐?20876) 涔?20043) 杞?36733) /(47) 1(49) 1(49) -(45) 绂?31146) 閫?36890) 绾?32426) /(47) 0(48) 1(49) -(45) 浼?20239) 缇?32690) 鏈?26397) 浠?20195) /(47) 0(48) 3(51) -(45) 浼?20239) 缇?32690) 姘?27663) /(47) 0(48) 3(51) -(45) 鏄?26122) 澶?22825) 涓?19971) 涓?19990) 甯?24093) 淇?20426) 浼?20239) 缇?32690) 姘?27663) 绾?32426) .(46) m(109) d(100)
annotationRoot锛?F:\GitHub\NEXUS\src\annotations
articlePathWithoutExt锛?浜嬪唽涔嬭浇/11-绂€氱邯/01-浼忕静鏈濅唬/03-浼忕静姘?03-鏄婂ぉ涓冧笘甯濅繆浼忕静姘忕邯
eventsPath锛?F:\GitHub\NEXUS\src\annotations\浜嬪唽涔嬭浇\11-绂€氱邯\01-浼忕静.events.json03-浼忕静姘廫03-鏄婂ぉ涓冧笘甯濅繆浼忕静姘忕邯.events.md
relationsPath锛?F:\GitHub\NEXUS\src\annotations\浜嬪唽涔嬭浇\11-绂€氱邯\01-浼忕静.relations.json浼忕静姘廫03-鏄婂ぉ涓冧笘甯濅繆浼忕静姘忕邯.relations.md
eventsPath 瀛樺湪锛?false
relationsPath 瀛樺湪锛?false
鍔犺浇鐨勬爣娉ㄦ枃浠舵暟閲忥細 0
鍔犺浇鐨勬爣娉ㄦ枃浠讹細 []
浼犻€掔粰鍓嶇鐨勬爣娉ㄦ暟鎹細 { files: [] }
 [2m(+8ms)[22m
[2m10:07:03[22m   [34m鈹溾攢[39m [2m/婕旇繘杞ㄨ抗/05-鏄婂ぉ涔濅笘甯濅紡娉颁紡缇叉皬绾?index.html[22m========== 鏍囨敞鏂囦欢鍔犺浇璋冭瘯 ==========
article.id 鍘熷鍊硷細 浜嬪唽涔嬭浇/11-绂€氱邯/01-浼忕静鏈濅唬/03-浼忕静姘?05-鏄婂ぉ涔濅笘甯濅紡娉颁紡缇叉皬绾?md
article.id 绫诲瀷锛?string
article.id 闀垮害锛?44
article.id 瀛楃浠ｇ爜锛?浜?20107) 鍐?20876) 涔?20043) 杞?36733) /(47) 1(49) 1(49) -(45) 绂?31146) 閫?36890) 绾?32426) /(47) 0(48) 1(49) -(45) 浼?20239) 缇?32690) 鏈?26397) 浠?20195) /(47) 0(48) 3(51) -(45) 浼?20239) 缇?32690) 姘?27663) /(47) 0(48) 5(53) -(45) 鏄?26122) 澶?22825) 涔?20061) 涓?19990) 甯?24093) 浼?20239) 娉?27888) 浼?20239) 缇?32690) 姘?27663) 绾?32426) .(46) m(109) d(100)
annotationRoot锛?F:\GitHub\NEXUS\src\annotations
articlePathWithoutExt锛?浜嬪唽涔嬭浇/11-绂€氱邯/01-浼忕静鏈濅唬/03-浼忕静姘?05-鏄婂ぉ涔濅笘甯濅紡娉颁紡缇叉皬绾?eventsPath锛?F:\GitHub\NEXUS\src\annotations\浜嬪唽涔嬭浇\11-绂€氱邯\01-浼忕静鏈濅唬\03-浼忕静姘廫05-鏄婂ぉ涔濅笘甯濅紡娉颁紡缇叉皬绾?events.md
relationsPath锛?F:\GitHub\NEXUS\src\annotations\浜嬪唽涔嬭浇\11-绂€氱邯\01-浼忕静鏈濅唬\03-浼忕静姘廫05-鏄婂ぉ涔濅笘甯濅紡娉颁紡缇叉皬绾?relations.md
eventsPath 瀛樺湪锛?false
relationsPath 瀛樺湪锛?false
鍔犺浇鐨勬爣娉ㄦ枃浠舵暟閲忥細 0
鍔犺浇鐨勬爣娉ㄦ枃浠讹細 []
浼犻€掔粰鍓嶇鐨勬爣娉ㄦ暟鎹細 { files: [] }
 [2m(+10ms)[22m
[2m10:07:03[22m   [34m鈹溾攢[39m [2m/婕旇繘杞ㄨ抗/06-鏄婂ぉ鍗佷笘甯濈静鏆や紡缇叉皬绾?index.html[22m========== 鏍囨敞鏂囦欢鍔犺浇璋冭瘯 ==========
article.id 鍘熷鍊硷細 浜嬪唽涔嬭浇/11-绂€氱邯/01-浼忕静鏈濅唬/03-浼忕静姘?06-鏄婂ぉ鍗佷笘甯濈静鏆や紡缇叉皬绾?md
article.id 绫诲瀷锛?string
article.id 闀垮害锛?44
article.id 瀛楃浠ｇ爜锛?浜?20107) 鍐?20876) 涔?20043) 杞?36733) /(47) 1(49) 1(49) -(45) 绂?31146) 閫?36890) 绾?32426) /(47) 0(48) 1(49) -(45) 浼?20239) 缇?32690) 鏈?26397) 浠?20195) /(47) 0(48) 3(51) -(45) 浼?20239) 缇?32690) 姘?27663) /(47) 0(48) 6(54) -(45) 鏄?26122) 澶?22825) 鍗?21313) 涓?19990) 甯?24093) 缇?32690) 鏆?26276) 浼?20239) 缇?32690) 姘?27663) 绾?32426) .(46) m(109) d(100)
annotationRoot锛?F:\GitHub\NEXUS\src\annotations
articlePathWithoutExt锛?浜嬪唽涔嬭浇/11-绂€氱邯/01-浼忕静鏈濅唬/03-浼忕静姘?06-鏄婂ぉ鍗佷笘甯濈静鏆や紡缇叉皬绾?eventsPath锛?F:\GitHub\NEXUS\src\annotations\浜嬪唽涔嬭浇\11-绂€氱邯\01-浼忕静鏈濅唬\03-浼忕静姘廫06-鏄婂ぉ鍗佷笘甯濈静鏆や紡缇叉皬绾?events.md
relationsPath锛?F:\GitHub\NEXUS\src\annotations\浜嬪唽涔嬭浇\11-绂€氱邯\01-浼忕静鏈濅唬\03-浼忕静姘廫06-鏄婂ぉ鍗佷笘甯濈静鏆や紡缇叉皬绾?relations.md
eventsPath 瀛樺湪锛?false
relationsPath 瀛樺湪锛?false
鍔犺浇鐨勬爣娉ㄦ枃浠舵暟閲忥細 0
鍔犺浇鐨勬爣娉ㄦ枃浠讹細 []
浼犻€掔粰鍓嶇鐨勬爣娉ㄦ暟鎹細 { files: [] }
 [2m(+7ms)[22m
[2m10:07:03[22m   [34m鈹溾攢[39m [2m/婕旇繘杞ㄨ抗/07-鏄婂ぉ鍗佷竴涓栧笣鍗扮煕浼忕静姘忕邯/index.html[22m========== 鏍囨敞鏂囦欢鍔犺浇璋冭瘯 ==========
article.id 鍘熷鍊硷細 浜嬪唽涔嬭浇/11-绂€氱邯/01-浼忕静鏈濅唬/03-浼忕静姘?07-鏄婂ぉ鍗佷竴涓栧笣鍗扮煕浼忕静姘忕邯.md
article.id 绫诲瀷锛?string
article.id 闀垮害锛?45
article.id 瀛楃浠ｇ爜锛?浜?20107) 鍐?20876) 涔?20043) 杞?36733) /(47) 1(49) 1(49) -(45) 绂?31146) 閫?36890) 绾?32426) /(47) 0(48) 1(49) -(45) 浼?20239) 缇?32690) 鏈?26397) 浠?20195) /(47) 0(48) 3(51) -(45) 浼?20239) 缇?32690) 姘?27663) /(47) 0(48) 7(55) -(45) 鏄?26122) 澶?22825) 鍗?21313) 涓€(19968) 涓?19990) 甯?24093) 鍗?21360) 鐭?30683) 浼?20239) 缇?32690) 姘?27663) 绾?32426) .(46) m(109) d(100)
annotationRoot锛?F:\GitHub\NEXUS\src\annotations
articlePathWithoutExt锛?浜嬪唽涔嬭浇/11-绂€氱邯/01-浼忕静鏈濅唬/03-浼忕静姘?07-鏄婂ぉ鍗佷竴涓栧笣鍗扮煕浼忕静姘忕邯
eventsPath锛?F:\GitHub\NEXUS\src\annotations\浜嬪唽涔嬭浇\11-绂€氱邯\01-浼忕静鏈.events.json浼忕静姘廫07-鏄婂ぉ鍗佷竴涓栧笣鍗扮煕浼忕静姘忕邯.events.md
relationsPath锛?F:\GitHub\NEXUS\src\annotations\浜嬪唽涔嬭浇\11-绂€氱邯\01-浼忕静鏈.relations.json忕静姘廫07-鏄婂ぉ鍗佷竴涓栧笣鍗扮煕浼忕静姘忕邯.relations.md
eventsPath 瀛樺湪锛?false
relationsPath 瀛樺湪锛?false
鍔犺浇鐨勬爣娉ㄦ枃浠舵暟閲忥細 0
鍔犺浇鐨勬爣娉ㄦ枃浠讹細 []
浼犻€掔粰鍓嶇鐨勬爣娉ㄦ暟鎹細 { files: [] }
 [2m(+5ms)[22m
[2m10:07:03[22m   [34m鈹溾攢[39m [2m/婕旇繘杞ㄨ抗/01-鏄婂ぉ鍗佷簲涓栧笣浼忔樉鏌忕殗姘忕邯/index.html[22m========== 鏍囨敞鏂囦欢鍔犺浇璋冭瘯 ==========
article.id 鍘熷鍊硷細 浜嬪唽涔嬭浇/11-绂€氱邯/01-浼忕静鏈濅唬/05-鏌忕殗姘?01-鏄婂ぉ鍗佷簲涓栧笣浼忔樉鏌忕殗姘忕邯.md
article.id 绫诲瀷锛?string
article.id 闀垮害锛?45
article.id 瀛楃浠ｇ爜锛?浜?20107) 鍐?20876) 涔?20043) 杞?36733) /(47) 1(49) 1(49) -(45) 绂?31146) 閫?36890) 绾?32426) /(47) 0(48) 1(49) -(45) 浼?20239) 缇?32690) 鏈?26397) 浠?20195) /(47) 0(48) 5(53) -(45) 鏌?26575) 鐨?30343) 姘?27663) /(47) 0(48) 1(49) -(45) 鏄?26122) 澶?22825) 鍗?21313) 浜?20116) 涓?19990) 甯?24093) 浼?20239) 鏄?26174) 鏌?26575) 鐨?30343) 姘?27663) 绾?32426) .(46) m(109) d(100)
annotationRoot锛?F:\GitHub\NEXUS\src\annotations
articlePathWithoutExt锛?浜嬪唽涔嬭浇/11-绂€氱邯/01-浼忕静鏈濅唬/05-鏌忕殗姘?01-鏄婂ぉ鍗佷簲涓栧笣浼忔樉鏌忕殗姘忕邯
eventsPath锛?F:\GitHub\NEXUS\src\annotations\浜嬪唽涔嬭浇\11-绂€氱邯\01-浼忕静鏈.events.json鏌忕殗姘廫01-鏄婂ぉ鍗佷簲涓栧笣浼忔樉鏌忕殗姘忕邯.events.md
relationsPath锛?F:\GitHub\NEXUS\src\annotations\浜嬪唽涔嬭浇\11-绂€氱邯\01-浼忕静鏈.relations.json忕殗姘廫01-鏄婂ぉ鍗佷簲涓栧笣浼忔樉鏌忕殗姘忕邯.relations.md
eventsPath 瀛樺湪锛?false
relationsPath 瀛樺湪锛?false
鍔犺浇鐨勬爣娉ㄦ枃浠舵暟閲忥細 0
鍔犺浇鐨勬爣娉ㄦ枃浠讹細 []
浼犻€掔粰鍓嶇鐨勬爣娉ㄦ暟鎹細 { files: [] }
 [2m(+4ms)[22m
[2m10:07:03[22m   [34m鈹溾攢[39m [2m/婕旇繘杞ㄨ抗/02-鏄婂ぉ鍗佸叚涓栧笣鍙鏌忕殗姘忕邯/index.html[22m========== 鏍囨敞鏂囦欢鍔犺浇璋冭瘯 ==========
article.id 鍘熷鍊硷細 浜嬪唽涔嬭浇/11-绂€氱邯/01-浼忕静鏈濅唬/05-鏌忕殗姘?02-鏄婂ぉ鍗佸叚涓栧笣鍙鏌忕殗姘忕邯.md
article.id 绫诲瀷锛?string
article.id 闀垮害锛?45
article.id 瀛楃浠ｇ爜锛?浜?20107) 鍐?20876) 涔?20043) 杞?36733) /(47) 1(49) 1(49) -(45) 绂?31146) 閫?36890) 绾?32426) /(47) 0(48) 1(49) -(45) 浼?20239) 缇?32690) 鏈?26397) 浠?20195) /(47) 0(48) 5(53) -(45) 鏌?26575) 鐨?30343) 姘?27663) /(47) 0(48) 2(50) -(45) 鏄?26122) 澶?22825) 鍗?21313) 鍏?20845) 涓?19990) 甯?24093) 鍙?21487) 濉?22609) 鏌?26575) 鐨?30343) 姘?27663) 绾?32426) .(46) m(109) d(100)
annotationRoot锛?F:\GitHub\NEXUS\src\annotations
articlePathWithoutExt锛?浜嬪唽涔嬭浇/11-绂€氱邯/01-浼忕静鏈濅唬/05-鏌忕殗姘?02-鏄婂ぉ鍗佸叚涓栧笣鍙鏌忕殗姘忕邯
eventsPath锛?F:\GitHub\NEXUS\src\annotations\浜嬪唽涔嬭浇\11-绂€氱邯\01-浼忕静鏈.events.json鏌忕殗姘廫02-鏄婂ぉ鍗佸叚涓栧笣鍙鏌忕殗姘忕邯.events.md
relationsPath锛?F:\GitHub\NEXUS\src\annotations\浜嬪唽涔嬭浇\11-绂€氱邯\01-浼忕静鏈.relations.json忕殗姘廫02-鏄婂ぉ鍗佸叚涓栧笣鍙鏌忕殗姘忕邯.relations.md
eventsPath 瀛樺湪锛?false
relationsPath 瀛樺湪锛?false
鍔犺浇鐨勬爣娉ㄦ枃浠舵暟閲忥細 0
鍔犺浇鐨勬爣娉ㄦ枃浠讹細 []
浼犻€掔粰鍓嶇鐨勬爣娉ㄦ暟鎹細 { files: [] }
 [2m(+5ms)[22m
[2m10:07:03[22m   [34m鈹溾攢[39m [2m/婕旇繘杞ㄨ抗/03-鏄婂ぉ鍗佷竷涓栧笣閮佽師鏌忕殗姘忕邯/index.html[22m========== 鏍囨敞鏂囦欢鍔犺浇璋冭瘯 ==========
article.id 鍘熷鍊硷細 浜嬪唽涔嬭浇/11-绂€氱邯/01-浼忕静鏈濅唬/05-鏌忕殗姘?03-鏄婂ぉ鍗佷竷涓栧笣閮佽師鏌忕殗姘忕邯.md
article.id 绫诲瀷锛?string
article.id 闀垮害锛?45
article.id 瀛楃浠ｇ爜锛?浜?20107) 鍐?20876) 涔?20043) 杞?36733) /(47) 1(49) 1(49) -(45) 绂?31146) 閫?36890) 绾?32426) /(47) 0(48) 1(49) -(45) 浼?20239) 缇?32690) 鏈?26397) 浠?20195) /(47) 0(48) 5(53) -(45) 鏌?26575) 鐨?30343) 姘?27663) /(47) 0(48) 3(51) -(45) 鏄?26122) 澶?22825) 鍗?21313) 涓?19971) 涓?19990) 甯?24093) 閮?37057) 鑾?33695) 鏌?26575) 鐨?30343) 姘?27663) 绾?32426) .(46) m(109) d(100)
annotationRoot锛?F:\GitHub\NEXUS\src\annotations
articlePathWithoutExt锛?浜嬪唽涔嬭浇/11-绂€氱邯/01-浼忕静鏈濅唬/05-鏌忕殗姘?03-鏄婂ぉ鍗佷竷涓栧笣閮佽師鏌忕殗姘忕邯
eventsPath锛?F:\GitHub\NEXUS\src\annotations\浜嬪唽涔嬭浇\11-绂€氱邯\01-浼忕静鏈.events.json鏌忕殗姘廫03-鏄婂ぉ鍗佷竷涓栧笣閮佽師鏌忕殗姘忕邯.events.md
relationsPath锛?F:\GitHub\NEXUS\src\annotations\浜嬪唽涔嬭浇\11-绂€氱邯\01-浼忕静鏈.relations.json忕殗姘廫03-鏄婂ぉ鍗佷竷涓栧笣閮佽師鏌忕殗姘忕邯.relations.md
eventsPath 瀛樺湪锛?false
relationsPath 瀛樺湪锛?false
鍔犺浇鐨勬爣娉ㄦ枃浠舵暟閲忥細 0
鍔犺浇鐨勬爣娉ㄦ枃浠讹細 []
浼犻€掔粰鍓嶇鐨勬爣娉ㄦ暟鎹細 { files: [] }
 [2m(+5ms)[22m
[2m10:07:03[22m   [34m鈹溾攢[39m [2m/婕旇繘杞ㄨ抗/04-鏄婂ぉ鍗佸叓涓栧笣鐣茶搫鏌忕殗姘忕邯/index.html[22m========== 鏍囨敞鏂囦欢鍔犺浇璋冭瘯 ==========
article.id 鍘熷鍊硷細 浜嬪唽涔嬭浇/11-绂€氱邯/01-浼忕静鏈濅唬/05-鏌忕殗姘?04-鏄婂ぉ鍗佸叓涓栧笣鐣茶搫鏌忕殗姘忕邯.md
article.id 绫诲瀷锛?string
article.id 闀垮害锛?45
article.id 瀛楃浠ｇ爜锛?浜?20107) 鍐?20876) 涔?20043) 杞?36733) /(47) 1(49) 1(49) -(45) 绂?31146) 閫?36890) 绾?32426) /(47) 0(48) 1(49) -(45) 浼?20239) 缇?32690) 鏈?26397) 浠?20195) /(47) 0(48) 5(53) -(45) 鏌?26575) 鐨?30343) 姘?27663) /(47) 0(48) 4(52) -(45) 鏄?26122) 澶?22825) 鍗?21313) 鍏?20843) 涓?19990) 甯?24093) 鐣?30066) 钃?33988) 鏌?26575) 鐨?30343) 姘?27663) 绾?32426) .(46) m(109) d(100)
annotationRoot锛?F:\GitHub\NEXUS\src\annotations
articlePathWithoutExt锛?浜嬪唽涔嬭浇/11-绂€氱邯/01-浼忕静鏈濅唬/05-鏌忕殗姘?04-鏄婂ぉ鍗佸叓涓栧笣鐣茶搫鏌忕殗姘忕邯
eventsPath锛?F:\GitHub\NEXUS\src\annotations\浜嬪唽涔嬭浇\11-绂€氱邯\01-浼忕静鏈.events.json鏌忕殗姘廫04-鏄婂ぉ鍗佸叓涓栧笣鐣茶搫鏌忕殗姘忕邯.events.md
relationsPath锛?F:\GitHub\NEXUS\src\annotations\浜嬪唽涔嬭浇\11-绂€氱邯\01-浼忕静鏈.relations.json忕殗姘廫04-鏄婂ぉ鍗佸叓涓栧笣鐣茶搫鏌忕殗姘忕邯.relations.md
eventsPath 瀛樺湪锛?false
relationsPath 瀛樺湪锛?false
鍔犺浇鐨勬爣娉ㄦ枃浠舵暟閲忥細 0
鍔犺浇鐨勬爣娉ㄦ枃浠讹細 []
浼犻€掔粰鍓嶇鐨勬爣娉ㄦ暟鎹細 { files: [] }
 [2m(+4ms)[22m
[2m10:07:03[22m   [34m鈹溾攢[39m [2m/婕旇繘杞ㄨ抗/02-鏄婂ぉ鍗佷笁涓栧笣濮嵃澶у涵姘忕邯/index.html[22m========== 鏍囨敞鏂囦欢鍔犺浇璋冭瘯 ==========
article.id 鍘熷鍊硷細 浜嬪唽涔嬭浇/11-绂€氱邯/01-浼忕静鏈濅唬/04-澶у涵姘?02-鏄婂ぉ鍗佷笁涓栧笣濮嵃澶у涵姘忕邯.md
article.id 绫诲瀷锛?string
article.id 闀垮害锛?45
article.id 瀛楃浠ｇ爜锛?浜?20107) 鍐?20876) 涔?20043) 杞?36733) /(47) 1(49) 1(49) -(45) 绂?31146) 閫?36890) 绾?32426) /(47) 0(48) 1(49) -(45) 浼?20239) 缇?32690) 鏈?26397) 浠?20195) /(47) 0(48) 4(52) -(45) 澶?22823) 搴?24237) 姘?27663) /(47) 0(48) 2(50) -(45) 鏄?26122) 澶?22825) 鍗?21313) 涓?19977) 涓?19990) 甯?24093) 濮?23023) 鍗?21360) 澶?22823) 搴?24237) 姘?27663) 绾?32426) .(46) m(109) d(100)
annotationRoot锛?F:\GitHub\NEXUS\src\annotations
articlePathWithoutExt锛?浜嬪唽涔嬭浇/11-绂€氱邯/01-浼忕静鏈濅唬/04-澶у涵姘?02-鏄婂ぉ鍗佷笁涓栧笣濮嵃澶у涵姘忕邯
eventsPath锛?F:\GitHub\NEXUS\src\annotations\浜嬪唽涔嬭浇\11-绂€氱邯\01-浼忕静鏈.events.json澶у涵姘廫02-鏄婂ぉ鍗佷笁涓栧笣濮嵃澶у涵姘忕邯.events.md
relationsPath锛?F:\GitHub\NEXUS\src\annotations\浜嬪唽涔嬭浇\11-绂€氱邯\01-浼忕静鏈.relations.jsonу涵姘廫02-鏄婂ぉ鍗佷笁涓栧笣濮嵃澶у涵姘忕邯.relations.md
eventsPath 瀛樺湪锛?false
relationsPath 瀛樺湪锛?false
鍔犺浇鐨勬爣娉ㄦ枃浠舵暟閲忥細 0
鍔犺浇鐨勬爣娉ㄦ枃浠讹細 []
浼犻€掔粰鍓嶇鐨勬爣娉ㄦ暟鎹細 { files: [] }
 [2m(+4ms)[22m
[2m10:07:03[22m   [34m鈹溾攢[39m [2m/婕旇繘杞ㄨ抗/01-鏄婂ぉ鍗佷簩涓栧笣鏂板嵃澶у涵姘忕邯/index.html[22m========== 鏍囨敞鏂囦欢鍔犺浇璋冭瘯 ==========
article.id 鍘熷鍊硷細 浜嬪唽涔嬭浇/11-绂€氱邯/01-浼忕静鏈濅唬/04-澶у涵姘?01-鏄婂ぉ鍗佷簩涓栧笣鏂板嵃澶у涵姘忕邯.md
article.id 绫诲瀷锛?string
article.id 闀垮害锛?45
article.id 瀛楃浠ｇ爜锛?浜?20107) 鍐?20876) 涔?20043) 杞?36733) /(47) 1(49) 1(49) -(45) 绂?31146) 閫?36890) 绾?32426) /(47) 0(48) 1(49) -(45) 浼?20239) 缇?32690) 鏈?26397) 浠?20195) /(47) 0(48) 4(52) -(45) 澶?22823) 搴?24237) 姘?27663) /(47) 0(48) 1(49) -(45) 鏄?26122) 澶?22825) 鍗?21313) 浜?20108) 涓?19990) 甯?24093) 鏂?26032) 鍗?21360) 澶?22823) 搴?24237) 姘?27663) 绾?32426) .(46) m(109) d(100)
annotationRoot锛?F:\GitHub\NEXUS\src\annotations
articlePathWithoutExt锛?浜嬪唽涔嬭浇/11-绂€氱邯/01-浼忕静鏈濅唬/04-澶у涵姘?01-鏄婂ぉ鍗佷簩涓栧笣鏂板嵃澶у涵姘忕邯
eventsPath锛?F:\GitHub\NEXUS\src\annotations\浜嬪唽涔嬭浇\11-绂€氱邯\01-浼忕静鏈.events.json澶у涵姘廫01-鏄婂ぉ鍗佷簩涓栧笣鏂板嵃澶у涵姘忕邯.events.md
relationsPath锛?F:\GitHub\NEXUS\src\annotations\浜嬪唽涔嬭浇\11-绂€氱邯\01-浼忕静鏈.relations.jsonу涵姘廫01-鏄婂ぉ鍗佷簩涓栧笣鏂板嵃澶у涵姘忕邯.relations.md
eventsPath 瀛樺湪锛?false
relationsPath 瀛樺湪锛?false
鍔犺浇鐨勬爣娉ㄦ枃浠舵暟閲忥細 0
鍔犺浇鐨勬爣娉ㄦ枃浠讹細 []
浼犻€掔粰鍓嶇鐨勬爣娉ㄦ暟鎹細 { files: [] }
 [2m(+4ms)[22m
[2m10:07:03[22m   [34m鈹溾攢[39m [2m/婕旇繘杞ㄨ抗/03-鏄婂ぉ鍗佸洓涓栧笣闅忚薄澶у涵姘忕邯/index.html[22m========== 鏍囨敞鏂囦欢鍔犺浇璋冭瘯 ==========
article.id 鍘熷鍊硷細 浜嬪唽涔嬭浇/11-绂€氱邯/01-浼忕静鏈濅唬/04-澶у涵姘?03-鏄婂ぉ鍗佸洓涓栧笣闅忚薄澶у涵姘忕邯.md
article.id 绫诲瀷锛?string
article.id 闀垮害锛?45
article.id 瀛楃浠ｇ爜锛?浜?20107) 鍐?20876) 涔?20043) 杞?36733) /(47) 1(49) 1(49) -(45) 绂?31146) 閫?36890) 绾?32426) /(47) 0(48) 1(49) -(45) 浼?20239) 缇?32690) 鏈?26397) 浠?20195) /(47) 0(48) 4(52) -(45) 澶?22823) 搴?24237) 姘?27663) /(47) 0(48) 3(51) -(45) 鏄?26122) 澶?22825) 鍗?21313) 鍥?22235) 涓?19990) 甯?24093) 闅?38543) 璞?35937) 澶?22823) 搴?24237) 姘?27663) 绾?32426) .(46) m(109) d(100)
annotationRoot锛?F:\GitHub\NEXUS\src\annotations
articlePathWithoutExt锛?浜嬪唽涔嬭浇/11-绂€氱邯/01-浼忕静鏈濅唬/04-澶у涵姘?03-鏄婂ぉ鍗佸洓涓栧笣闅忚薄澶у涵姘忕邯
eventsPath锛?F:\GitHub\NEXUS\src\annotations\浜嬪唽涔嬭浇\11-绂€氱邯\01-浼忕静鏈.events.json澶у涵姘廫03-鏄婂ぉ鍗佸洓涓栧笣闅忚薄澶у涵姘忕邯.events.md
relationsPath锛?F:\GitHub\NEXUS\src\annotations\浜嬪唽涔嬭浇\11-绂€氱邯\01-浼忕静鏈.relations.jsonу涵姘廫03-鏄婂ぉ鍗佸洓涓栧笣闅忚薄澶у涵姘忕邯.relations.md
eventsPath 瀛樺湪锛?false
relationsPath 瀛樺湪锛?false
鍔犺浇鐨勬爣娉ㄦ枃浠舵暟閲忥細 0
鍔犺浇鐨勬爣娉ㄦ枃浠讹細 []
浼犻€掔粰鍓嶇鐨勬爣娉ㄦ暟鎹細 { files: [] }
 [2m(+4ms)[22m
[2m10:07:03[22m   [34m鈹溾攢[39m [2m/婕旇繘杞ㄨ抗/01-鏄婂ぉ浜屽崄涓栧笣璞′紵涓ぎ姘忕邯/index.html[22m========== 鏍囨敞鏂囦欢鍔犺浇璋冭瘯 ==========
article.id 鍘熷鍊硷細 浜嬪唽涔嬭浇/11-绂€氱邯/01-浼忕静鏈濅唬/07-涓ぎ姘?01-鏄婂ぉ浜屽崄涓栧笣璞′紵涓ぎ姘忕邯.md
article.id 绫诲瀷锛?string
article.id 闀垮害锛?45
article.id 瀛楃浠ｇ爜锛?浜?20107) 鍐?20876) 涔?20043) 杞?36733) /(47) 1(49) 1(49) -(45) 绂?31146) 閫?36890) 绾?32426) /(47) 0(48) 1(49) -(45) 浼?20239) 缇?32690) 鏈?26397) 浠?20195) /(47) 0(48) 7(55) -(45) 涓?20013) 澶?22830) 姘?27663) /(47) 0(48) 1(49) -(45) 鏄?26122) 澶?22825) 浜?20108) 鍗?21313) 涓?19990) 甯?24093) 璞?35937) 浼?20255) 涓?20013) 澶?22830) 姘?27663) 绾?32426) .(46) m(109) d(100)
annotationRoot锛?F:\GitHub\NEXUS\src\annotations
articlePathWithoutExt锛?浜嬪唽涔嬭浇/11-绂€氱邯/01-浼忕静鏈濅唬/07-涓ぎ姘?01-鏄婂ぉ浜屽崄涓栧笣璞′紵涓ぎ姘忕邯
eventsPath锛?F:\GitHub\NEXUS\src\annotations\浜嬪唽涔嬭浇\11-绂€氱邯\01-浼忕静鏈.events.json涓ぎ姘廫01-鏄婂ぉ浜屽崄涓栧笣璞′紵涓ぎ姘忕邯.events.md
relationsPath锛?F:\GitHub\NEXUS\src\annotations\浜嬪唽涔嬭浇\11-绂€氱邯\01-浼忕静鏈.relations.jsonぎ姘廫01-鏄婂ぉ浜屽崄涓栧笣璞′紵涓ぎ姘忕邯.relations.md
eventsPath 瀛樺湪锛?false
relationsPath 瀛樺湪锛?false
鍔犺浇鐨勬爣娉ㄦ枃浠舵暟閲忥細 0
鍔犺浇鐨勬爣娉ㄦ枃浠讹細 []
浼犻€掔粰鍓嶇鐨勬爣娉ㄦ暟鎹細 { files: [] }
 [2m(+4ms)[22m
[2m10:07:03[22m   [34m鈹溾攢[39m [2m/婕旇繘杞ㄨ抗/02-鏄婂ぉ寤夸竴涓栧笣鑺傝Е涓ぎ姘忕邯/index.html[22m========== 鏍囨敞鏂囦欢鍔犺浇璋冭瘯 ==========
article.id 鍘熷鍊硷細 浜嬪唽涔嬭浇/11-绂€氱邯/01-浼忕静鏈濅唬/07-涓ぎ姘?02-鏄婂ぉ寤夸竴涓栧笣鑺傝Е涓ぎ姘忕邯.md
article.id 绫诲瀷锛?string
article.id 闀垮害锛?45
article.id 瀛楃浠ｇ爜锛?浜?20107) 鍐?20876) 涔?20043) 杞?36733) /(47) 1(49) 1(49) -(45) 绂?31146) 閫?36890) 绾?32426) /(47) 0(48) 1(49) -(45) 浼?20239) 缇?32690) 鏈?26397) 浠?20195) /(47) 0(48) 7(55) -(45) 涓?20013) 澶?22830) 姘?27663) /(47) 0(48) 2(50) -(45) 鏄?26122) 澶?22825) 寤?24319) 涓€(19968) 涓?19990) 甯?24093) 鑺?33410) 瑙?35302) 涓?20013) 澶?22830) 姘?27663) 绾?32426) .(46) m(109) d(100)
annotationRoot锛?F:\GitHub\NEXUS\src\annotations
articlePathWithoutExt锛?浜嬪唽涔嬭浇/11-绂€氱邯/01-浼忕静鏈濅唬/07-涓ぎ姘?02-鏄婂ぉ寤夸竴涓栧笣鑺傝Е涓ぎ姘忕邯
eventsPath锛?F:\GitHub\NEXUS\src\annotations\浜嬪唽涔嬭浇\11-绂€氱邯\01-浼忕静鏈.events.json涓ぎ姘廫02-鏄婂ぉ寤夸竴涓栧笣鑺傝Е涓ぎ姘忕邯.events.md
relationsPath锛?F:\GitHub\NEXUS\src\annotations\浜嬪唽涔嬭浇\11-绂€氱邯\01-浼忕静鏈.relations.jsonぎ姘廫02-鏄婂ぉ寤夸竴涓栧笣鑺傝Е涓ぎ姘忕邯.relations.md
eventsPath 瀛樺湪锛?false
relationsPath 瀛樺湪锛?false
鍔犺浇鐨勬爣娉ㄦ枃浠舵暟閲忥細 0
鍔犺浇鐨勬爣娉ㄦ枃浠讹細 []
浼犻€掔粰鍓嶇鐨勬爣娉ㄦ暟鎹細 { files: [] }
 [2m(+5ms)[22m
[2m10:07:03[22m   [34m鈹溾攢[39m [2m/婕旇繘杞ㄨ抗/03-鏄婂ぉ寤夸簩涓栧笣浼忔涓ぎ姘忕邯/index.html[22m========== 鏍囨敞鏂囦欢鍔犺浇璋冭瘯 ==========
article.id 鍘熷鍊硷細 浜嬪唽涔嬭浇/11-绂€氱邯/01-浼忕静鏈濅唬/07-涓ぎ姘?03-鏄婂ぉ寤夸簩涓栧笣浼忔涓ぎ姘忕邯.md
article.id 绫诲瀷锛?string
article.id 闀垮害锛?45
article.id 瀛楃浠ｇ爜锛?浜?20107) 鍐?20876) 涔?20043) 杞?36733) /(47) 1(49) 1(49) -(45) 绂?31146) 閫?36890) 绾?32426) /(47) 0(48) 1(49) -(45) 浼?20239) 缇?32690) 鏈?26397) 浠?20195) /(47) 0(48) 7(55) -(45) 涓?20013) 澶?22830) 姘?27663) /(47) 0(48) 3(51) -(45) 鏄?26122) 澶?22825) 寤?24319) 浜?20108) 涓?19990) 甯?24093) 浼?20239) 妗?26696) 涓?20013) 澶?22830) 姘?27663) 绾?32426) .(46) m(109) d(100)
annotationRoot锛?F:\GitHub\NEXUS\src\annotations
articlePathWithoutExt锛?浜嬪唽涔嬭浇/11-绂€氱邯/01-浼忕静鏈濅唬/07-涓ぎ姘?03-鏄婂ぉ寤夸簩涓栧笣浼忔涓ぎ姘忕邯
eventsPath锛?F:\GitHub\NEXUS\src\annotations\浜嬪唽涔嬭浇\11-绂€氱邯\01-浼忕静鏈.events.json涓ぎ姘廫03-鏄婂ぉ寤夸簩涓栧笣浼忔涓ぎ姘忕邯.events.md
relationsPath锛?F:\GitHub\NEXUS\src\annotations\浜嬪唽涔嬭浇\11-绂€氱邯\01-浼忕静鏈.relations.jsonぎ姘廫03-鏄婂ぉ寤夸簩涓栧笣浼忔涓ぎ姘忕邯.relations.md
eventsPath 瀛樺湪锛?false
relationsPath 瀛樺湪锛?false
鍔犺浇鐨勬爣娉ㄦ枃浠舵暟閲忥細 0
鍔犺浇鐨勬爣娉ㄦ枃浠讹細 []
浼犻€掔粰鍓嶇鐨勬爣娉ㄦ暟鎹細 { files: [] }
 [2m(+4ms)[22m
[2m10:07:03[22m   [34m鈹溾攢[39m [2m/婕旇繘杞ㄨ抗/04-鏄婂ぉ寤夸笁涓栧笣鏇茬Е涓ぎ姘忕邯/index.html[22m========== 鏍囨敞鏂囦欢鍔犺浇璋冭瘯 ==========
article.id 鍘熷鍊硷細 浜嬪唽涔嬭浇/11-绂€氱邯/01-浼忕静鏈濅唬/07-涓ぎ姘?04-鏄婂ぉ寤夸笁涓栧笣鏇茬Е涓ぎ姘忕邯.md
article.id 绫诲瀷锛?string
article.id 闀垮害锛?45
article.id 瀛楃浠ｇ爜锛?浜?20107) 鍐?20876) 涔?20043) 杞?36733) /(47) 1(49) 1(49) -(45) 绂?31146) 閫?36890) 绾?32426) /(47) 0(48) 1(49) -(45) 浼?20239) 缇?32690) 鏈?26397) 浠?20195) /(47) 0(48) 7(55) -(45) 涓?20013) 澶?22830) 姘?27663) /(47) 0(48) 4(52) -(45) 鏄?26122) 澶?22825) 寤?24319) 涓?19977) 涓?19990) 甯?24093) 鏇?26354) 绉?31206) 涓?20013) 澶?22830) 姘?27663) 绾?32426) .(46) m(109) d(100)
annotationRoot锛?F:\GitHub\NEXUS\src\annotations
articlePathWithoutExt锛?浜嬪唽涔嬭浇/11-绂€氱邯/01-浼忕静鏈濅唬/07-涓ぎ姘?04-鏄婂ぉ寤夸笁涓栧笣鏇茬Е涓ぎ姘忕邯
eventsPath锛?F:\GitHub\NEXUS\src\annotations\浜嬪唽涔嬭浇\11-绂€氱邯\01-浼忕静鏈.events.json涓ぎ姘廫04-鏄婂ぉ寤夸笁涓栧笣鏇茬Е涓ぎ姘忕邯.events.md
relationsPath锛?F:\GitHub\NEXUS\src\annotations\浜嬪唽涔嬭浇\11-绂€氱邯\01-浼忕静鏈.relations.jsonぎ姘廫04-鏄婂ぉ寤夸笁涓栧笣鏇茬Е涓ぎ姘忕邯.relations.md
eventsPath 瀛樺湪锛?false
relationsPath 瀛樺湪锛?false
鍔犺浇鐨勬爣娉ㄦ枃浠舵暟閲忥細 0
鍔犺浇鐨勬爣娉ㄦ枃浠讹細 []
浼犻€掔粰鍓嶇鐨勬爣娉ㄦ暟鎹細 { files: [] }
 [2m(+4ms)[22m
[2m10:07:03[22m   [34m鈹溾攢[39m [2m/婕旇繘杞ㄨ抗/05-鏄婂ぉ寤垮洓涓栧笣闅忕Е涓ぎ姘忕邯/index.html[22m========== 鏍囨敞鏂囦欢鍔犺浇璋冭瘯 ==========
article.id 鍘熷鍊硷細 浜嬪唽涔嬭浇/11-绂€氱邯/01-浼忕静鏈濅唬/07-涓ぎ姘?05-鏄婂ぉ寤垮洓涓栧笣闅忕Е涓ぎ姘忕邯.md
article.id 绫诲瀷锛?string
article.id 闀垮害锛?45
article.id 瀛楃浠ｇ爜锛?浜?20107) 鍐?20876) 涔?20043) 杞?36733) /(47) 1(49) 1(49) -(45) 绂?31146) 閫?36890) 绾?32426) /(47) 0(48) 1(49) -(45) 浼?20239) 缇?32690) 鏈?26397) 浠?20195) /(47) 0(48) 7(55) -(45) 涓?20013) 澶?22830) 姘?27663) /(47) 0(48) 5(53) -(45) 鏄?26122) 澶?22825) 寤?24319) 鍥?22235) 涓?19990) 甯?24093) 闅?38543) 绉?31206) 涓?20013) 澶?22830) 姘?27663) 绾?32426) .(46) m(109) d(100)
annotationRoot锛?F:\GitHub\NEXUS\src\annotations
articlePathWithoutExt锛?浜嬪唽涔嬭浇/11-绂€氱邯/01-浼忕静鏈濅唬/07-涓ぎ姘?05-鏄婂ぉ寤垮洓涓栧笣闅忕Е涓ぎ姘忕邯
eventsPath锛?F:\GitHub\NEXUS\src\annotations\浜嬪唽涔嬭浇\11-绂€氱邯\01-浼忕静鏈.events.json涓ぎ姘廫05-鏄婂ぉ寤垮洓涓栧笣闅忕Е涓ぎ姘忕邯.events.md
relationsPath锛?F:\GitHub\NEXUS\src\annotations\浜嬪唽涔嬭浇\11-绂€氱邯\01-浼忕静鏈.relations.jsonぎ姘廫05-鏄婂ぉ寤垮洓涓栧笣闅忕Е涓ぎ姘忕邯.relations.md
eventsPath 瀛樺湪锛?false
relationsPath 瀛樺湪锛?false
鍔犺浇鐨勬爣娉ㄦ枃浠舵暟閲忥細 0
鍔犺浇鐨勬爣娉ㄦ枃浠讹細 []
浼犻€掔粰鍓嶇鐨勬爣娉ㄦ暟鎹細 { files: [] }
 [2m(+4ms)[22m
[2m10:07:03[22m   [34m鈹溾攢[39m [2m/婕旇繘杞ㄨ抗/01-鏄婂ぉ鍗佷節涓栧笣璞″洟浼忕静姘忕邯/index.html[22m========== 鏍囨敞鏂囦欢鍔犺浇璋冭瘯 ==========
article.id 鍘熷鍊硷細 浜嬪唽涔嬭浇/11-绂€氱邯/01-浼忕静鏈濅唬/06-浼忕静姘?01-鏄婂ぉ鍗佷節涓栧笣璞″洟浼忕静姘忕邯.md
article.id 绫诲瀷锛?string
article.id 闀垮害锛?45
article.id 瀛楃浠ｇ爜锛?浜?20107) 鍐?20876) 涔?20043) 杞?36733) /(47) 1(49) 1(49) -(45) 绂?31146) 閫?36890) 绾?32426) /(47) 0(48) 1(49) -(45) 浼?20239) 缇?32690) 鏈?26397) 浠?20195) /(47) 0(48) 6(54) -(45) 浼?20239) 缇?32690) 姘?27663) /(47) 0(48) 1(49) -(45) 鏄?26122) 澶?22825) 鍗?21313) 涔?20061) 涓?19990) 甯?24093) 璞?35937) 鍥?22242) 浼?20239) 缇?32690) 姘?27663) 绾?32426) .(46) m(109) d(100)
annotationRoot锛?F:\GitHub\NEXUS\src\annotations
articlePathWithoutExt锛?浜嬪唽涔嬭浇/11-绂€氱邯/01-浼忕静鏈濅唬/06-浼忕静姘?01-鏄婂ぉ鍗佷節涓栧笣璞″洟浼忕静姘忕邯
eventsPath锛?F:\GitHub\NEXUS\src\annotations\浜嬪唽涔嬭浇\11-绂€氱邯\01-浼忕静鏈.events.json浼忕静姘廫01-鏄婂ぉ鍗佷節涓栧笣璞″洟浼忕静姘忕邯.events.md
relationsPath锛?F:\GitHub\NEXUS\src\annotations\浜嬪唽涔嬭浇\11-绂€氱邯\01-浼忕静鏈.relations.json忕静姘廫01-鏄婂ぉ鍗佷節涓栧笣璞″洟浼忕静姘忕邯.relations.md
eventsPath 瀛樺湪锛?false
relationsPath 瀛樺湪锛?false
鍔犺浇鐨勬爣娉ㄦ枃浠舵暟閲忥細 0
鍔犺浇鐨勬爣娉ㄦ枃浠讹細 []
浼犻€掔粰鍓嶇鐨勬爣娉ㄦ暟鎹細 { files: [] }
 [2m(+6ms)[22m
[2m10:07:03[22m   [34m鈹溾攢[39m [2m/婕旇繘杞ㄨ抗/01-鏄婂ぉ寤垮叚涓栧笣浼忓畨鏍楅檰姘忕邯/index.html[22m========== 鏍囨敞鏂囦欢鍔犺浇璋冭瘯 ==========
article.id 鍘熷鍊硷細 浜嬪唽涔嬭浇/11-绂€氱邯/01-浼忕静鏈濅唬/09-鏍楅檰姘?01-鏄婂ぉ寤垮叚涓栧笣浼忓畨鏍楅檰姘忕邯.md
article.id 绫诲瀷锛?string
article.id 闀垮害锛?45
article.id 瀛楃浠ｇ爜锛?浜?20107) 鍐?20876) 涔?20043) 杞?36733) /(47) 1(49) 1(49) -(45) 绂?31146) 閫?36890) 绾?32426) /(47) 0(48) 1(49) -(45) 浼?20239) 缇?32690) 鏈?26397) 浠?20195) /(47) 0(48) 9(57) -(45) 鏍?26647) 闄?38470) 姘?27663) /(47) 0(48) 1(49) -(45) 鏄?26122) 澶?22825) 寤?24319) 鍏?20845) 涓?19990) 甯?24093) 浼?20239) 瀹?23433) 鏍?26647) 闄?38470) 姘?27663) 绾?32426) .(46) m(109) d(100)
annotationRoot锛?F:\GitHub\NEXUS\src\annotations
articlePathWithoutExt锛?浜嬪唽涔嬭浇/11-绂€氱邯/01-浼忕静鏈濅唬/09-鏍楅檰姘?01-鏄婂ぉ寤垮叚涓栧笣浼忓畨鏍楅檰姘忕邯
eventsPath锛?F:\GitHub\NEXUS\src\annotations\浜嬪唽涔嬭浇\11-绂€氱邯\01-浼忕静鏈.events.json鏍楅檰姘廫01-鏄婂ぉ寤垮叚涓栧笣浼忓畨鏍楅檰姘忕邯.events.md
relationsPath锛?F:\GitHub\NEXUS\src\annotations\浜嬪唽涔嬭浇\11-绂€氱邯\01-浼忕静鏈.relations.json楅檰姘廫01-鏄婂ぉ寤垮叚涓栧笣浼忓畨鏍楅檰姘忕邯.relations.md
eventsPath 瀛樺湪锛?false
relationsPath 瀛樺湪锛?false
鍔犺浇鐨勬爣娉ㄦ枃浠舵暟閲忥細 0
鍔犺浇鐨勬爣娉ㄦ枃浠讹細 []
浼犻€掔粰鍓嶇鐨勬爣娉ㄦ暟鎹細 { files: [] }
 [2m(+4ms)[22m
[2m10:07:03[22m   [34m鈹溾攢[39m [2m/婕旇繘杞ㄨ抗/01-鏄婂ぉ寤夸簲涓栧笣鏅佸畨浼忕静姘忕邯/index.html[22m========== 鏍囨敞鏂囦欢鍔犺浇璋冭瘯 ==========
article.id 鍘熷鍊硷細 浜嬪唽涔嬭浇/11-绂€氱邯/01-浼忕静鏈濅唬/08-浼忕静姘?01-鏄婂ぉ寤夸簲涓栧笣鏅佸畨浼忕静姘忕邯.md
article.id 绫诲瀷锛?string
article.id 闀垮害锛?45
article.id 瀛楃浠ｇ爜锛?浜?20107) 鍐?20876) 涔?20043) 杞?36733) /(47) 1(49) 1(49) -(45) 绂?31146) 閫?36890) 绾?32426) /(47) 0(48) 1(49) -(45) 浼?20239) 缇?32690) 鏈?26397) 浠?20195) /(47) 0(48) 8(56) -(45) 浼?20239) 缇?32690) 姘?27663) /(47) 0(48) 1(49) -(45) 鏄?26122) 澶?22825) 寤?24319) 浜?20116) 涓?19990) 甯?24093) 鏅?26177) 瀹?23433) 浼?20239) 缇?32690) 姘?27663) 绾?32426) .(46) m(109) d(100)
annotationRoot锛?F:\GitHub\NEXUS\src\annotations
articlePathWithoutExt锛?浜嬪唽涔嬭浇/11-绂€氱邯/01-浼忕静鏈濅唬/08-浼忕静姘?01-鏄婂ぉ寤夸簲涓栧笣鏅佸畨浼忕静姘忕邯
eventsPath锛?F:\GitHub\NEXUS\src\annotations\浜嬪唽涔嬭浇\11-绂€氱邯\01-浼忕静鏈.events.json浼忕静姘廫01-鏄婂ぉ寤夸簲涓栧笣鏅佸畨浼忕静姘忕邯.events.md
relationsPath锛?F:\GitHub\NEXUS\src\annotations\浜嬪唽涔嬭浇\11-绂€氱邯\01-浼忕静鏈.relations.json忕静姘廫01-鏄婂ぉ寤夸簲涓栧笣鏅佸畨浼忕静姘忕邯.relations.md
eventsPath 瀛樺湪锛?false
relationsPath 瀛樺湪锛?false
鍔犺浇鐨勬爣娉ㄦ枃浠舵暟閲忥細 0
鍔犺浇鐨勬爣娉ㄦ枃浠讹細 []
浼犻€掔粰鍓嶇鐨勬爣娉ㄦ暟鎹細 { files: [] }
 [2m(+5ms)[22m
[2m10:07:03[22m   [34m鈹溾攢[39m [2m/婕旇繘杞ㄨ抗/02-鏄婂ぉ寤夸竷涓栧笣璧锋湜鏍楅檰姘忕邯/index.html[22m========== 鏍囨敞鏂囦欢鍔犺浇璋冭瘯 ==========
article.id 鍘熷鍊硷細 浜嬪唽涔嬭浇/11-绂€氱邯/01-浼忕静鏈濅唬/09-鏍楅檰姘?02-鏄婂ぉ寤夸竷涓栧笣璧锋湜鏍楅檰姘忕邯.md
article.id 绫诲瀷锛?string
article.id 闀垮害锛?45
article.id 瀛楃浠ｇ爜锛?浜?20107) 鍐?20876) 涔?20043) 杞?36733) /(47) 1(49) 1(49) -(45) 绂?31146) 閫?36890) 绾?32426) /(47) 0(48) 1(49) -(45) 浼?20239) 缇?32690) 鏈?26397) 浠?20195) /(47) 0(48) 9(57) -(45) 鏍?26647) 闄?38470) 姘?27663) /(47) 0(48) 2(50) -(45) 鏄?26122) 澶?22825) 寤?24319) 涓?19971) 涓?19990) 甯?24093) 璧?36215) 鏈?26395) 鏍?26647) 闄?38470) 姘?27663) 绾?32426) .(46) m(109) d(100)
annotationRoot锛?F:\GitHub\NEXUS\src\annotations
articlePathWithoutExt锛?浜嬪唽涔嬭浇/11-绂€氱邯/01-浼忕静鏈濅唬/09-鏍楅檰姘?02-鏄婂ぉ寤夸竷涓栧笣璧锋湜鏍楅檰姘忕邯
eventsPath锛?F:\GitHub\NEXUS\src\annotations\浜嬪唽涔嬭浇\11-绂€氱邯\01-浼忕静鏈.events.json鏍楅檰姘廫02-鏄婂ぉ寤夸竷涓栧笣璧锋湜鏍楅檰姘忕邯.events.md
relationsPath锛?F:\GitHub\NEXUS\src\annotations\浜嬪唽涔嬭浇\11-绂€氱邯\01-浼忕静鏈.relations.json楅檰姘廫02-鏄婂ぉ寤夸竷涓栧笣璧锋湜鏍楅檰姘忕邯.relations.md
eventsPath 瀛樺湪锛?false
relationsPath 瀛樺湪锛?false
鍔犺浇鐨勬爣娉ㄦ枃浠舵暟閲忥細 0
鍔犺浇鐨勬爣娉ㄦ枃浠讹細 []
浼犻€掔粰鍓嶇鐨勬爣娉ㄦ暟鎹細 { files: [] }
 [2m(+4ms)[22m
[2m10:07:03[22m   [34m鈹溾攢[39m [2m/婕旇繘杞ㄨ抗/03-鏄婂ぉ寤垮叓涓栧笣娌冲湱鏍楅檰姘忕邯/index.html[22m========== 鏍囨敞鏂囦欢鍔犺浇璋冭瘯 ==========
article.id 鍘熷鍊硷細 浜嬪唽涔嬭浇/11-绂€氱邯/01-浼忕静鏈濅唬/09-鏍楅檰姘?03-鏄婂ぉ寤垮叓涓栧笣娌冲湱鏍楅檰姘忕邯.md
article.id 绫诲瀷锛?string
article.id 闀垮害锛?45
article.id 瀛楃浠ｇ爜锛?浜?20107) 鍐?20876) 涔?20043) 杞?36733) /(47) 1(49) 1(49) -(45) 绂?31146) 閫?36890) 绾?32426) /(47) 0(48) 1(49) -(45) 浼?20239) 缇?32690) 鏈?26397) 浠?20195) /(47) 0(48) 9(57) -(45) 鏍?26647) 闄?38470) 姘?27663) /(47) 0(48) 3(51) -(45) 鏄?26122) 澶?22825) 寤?24319) 鍏?20843) 涓?19990) 甯?24093) 娌?27827) 鍦?22317) 鏍?26647) 闄?38470) 姘?27663) 绾?32426) .(46) m(109) d(100)
annotationRoot锛?F:\GitHub\NEXUS\src\annotations
articlePathWithoutExt锛?浜嬪唽涔嬭浇/11-绂€氱邯/01-浼忕静鏈濅唬/09-鏍楅檰姘?03-鏄婂ぉ寤垮叓涓栧笣娌冲湱鏍楅檰姘忕邯
eventsPath锛?F:\GitHub\NEXUS\src\annotations\浜嬪唽涔嬭浇\11-绂€氱邯\01-浼忕静鏈.events.json鏍楅檰姘廫03-鏄婂ぉ寤垮叓涓栧笣娌冲湱鏍楅檰姘忕邯.events.md
relationsPath锛?F:\GitHub\NEXUS\src\annotations\浜嬪唽涔嬭浇\11-绂€氱邯\01-浼忕静鏈.relations.json楅檰姘廫03-鏄婂ぉ寤垮叓涓栧笣娌冲湱鏍楅檰姘忕邯.relations.md
eventsPath 瀛樺湪锛?false
relationsPath 瀛樺湪锛?false
鍔犺浇鐨勬爣娉ㄦ枃浠舵暟閲忥細 0
鍔犺浇鐨勬爣娉ㄦ枃浠讹細 []
浼犻€掔粰鍓嶇鐨勬爣娉ㄦ暟鎹細 { files: [] }
 [2m(+5ms)[22m
[2m10:07:03[22m   [34m鈹溾攢[39m [2m/婕旇繘杞ㄨ抗/01-鏄婂ぉ寤夸節涓栧笣鍦瑴浼忕静姘忕邯/index.html[22m========== 鏍囨敞鏂囦欢鍔犺浇璋冭瘯 ==========
article.id 鍘熷鍊硷細 浜嬪唽涔嬭浇/11-绂€氱邯/01-浼忕静鏈濅唬/10-浼忕静姘?01-鏄婂ぉ寤夸節涓栧笣鍦瑴浼忕静姘忕邯.md
article.id 绫诲瀷锛?string
article.id 闀垮害锛?45
article.id 瀛楃浠ｇ爜锛?浜?20107) 鍐?20876) 涔?20043) 杞?36733) /(47) 1(49) 1(49) -(45) 绂?31146) 閫?36890) 绾?32426) /(47) 0(48) 1(49) -(45) 浼?20239) 缇?32690) 鏈?26397) 浠?20195) /(47) 1(49) 0(48) -(45) 浼?20239) 缇?32690) 姘?27663) /(47) 0(48) 1(49) -(45) 鏄?26122) 澶?22825) 寤?24319) 涔?20061) 涓?19990) 甯?24093) 鍦?22317) 瀣?23324) 浼?20239) 缇?32690) 姘?27663) 绾?32426) .(46) m(109) d(100)
annotationRoot锛?F:\GitHub\NEXUS\src\annotations
articlePathWithoutExt锛?浜嬪唽涔嬭浇/11-绂€氱邯/01-浼忕静鏈濅唬/10-浼忕静姘?01-鏄婂ぉ寤夸節涓栧笣鍦瑴浼忕静姘忕邯
eventsPath锛?F:\GitHub\NEXUS\src\annotations\浜嬪唽涔嬭浇\11-绂€氱邯\01-浼忕静鏈.events.json浼忕静姘廫01-鏄婂ぉ寤夸節涓栧笣鍦瑴浼忕静姘忕邯.events.md
relationsPath锛?F:\GitHub\NEXUS\src\annotations\浜嬪唽涔嬭浇\11-绂€氱邯\01-浼忕静鏈.relations.json忕静姘廫01-鏄婂ぉ寤夸節涓栧笣鍦瑴浼忕静姘忕邯.relations.md
eventsPath 瀛樺湪锛?false
relationsPath 瀛樺湪锛?false
鍔犺浇鐨勬爣娉ㄦ枃浠舵暟閲忥細 0
鍔犺浇鐨勬爣娉ㄦ枃浠讹細 []
浼犻€掔粰鍓嶇鐨勬爣娉ㄦ暟鎹細 { files: [] }
 [2m(+4ms)[22m
[2m10:07:03[22m   [34m鈹溾攢[39m [2m/婕旇繘杞ㄨ抗/01-鏄婂ぉ涓夊崄涓栧笣娉版湜楠婅繛姘忕邯/index.html[22m========== 鏍囨敞鏂囦欢鍔犺浇璋冭瘯 ==========
article.id 鍘熷鍊硷細 浜嬪唽涔嬭浇/11-绂€氱邯/01-浼忕静鏈濅唬/11-楠婅繛姘?01-鏄婂ぉ涓夊崄涓栧笣娉版湜楠婅繛姘忕邯.md
article.id 绫诲瀷锛?string
article.id 闀垮害锛?45
article.id 瀛楃浠ｇ爜锛?浜?20107) 鍐?20876) 涔?20043) 杞?36733) /(47) 1(49) 1(49) -(45) 绂?31146) 閫?36890) 绾?32426) /(47) 0(48) 1(49) -(45) 浼?20239) 缇?32690) 鏈?26397) 浠?20195) /(47) 1(49) 1(49) -(45) 楠?39562) 杩?36830) 姘?27663) /(47) 0(48) 1(49) -(45) 鏄?26122) 澶?22825) 涓?19977) 鍗?21313) 涓?19990) 甯?24093) 娉?27888) 鏈?26395) 楠?39562) 杩?36830) 姘?27663) 绾?32426) .(46) m(109) d(100)
annotationRoot锛?F:\GitHub\NEXUS\src\annotations
articlePathWithoutExt锛?浜嬪唽涔嬭浇/11-绂€氱邯/01-浼忕静鏈濅唬/11-楠婅繛姘?01-鏄婂ぉ涓夊崄涓栧笣娉版湜楠婅繛姘忕邯
eventsPath锛?F:\GitHub\NEXUS\src\annotations\浜嬪唽涔嬭浇\11-绂€氱邯\01-浼忕静鏈.events.json楠婅繛姘廫01-鏄婂ぉ涓夊崄涓栧笣娉版湜楠婅繛姘忕邯.events.md
relationsPath锛?F:\GitHub\NEXUS\src\annotations\浜嬪唽涔嬭浇\11-绂€氱邯\01-浼忕静鏈.relations.json婅繛姘廫01-鏄婂ぉ涓夊崄涓栧笣娉版湜楠婅繛姘忕邯.relations.md
eventsPath 瀛樺湪锛?false
relationsPath 瀛樺湪锛?false
鍔犺浇鐨勬爣娉ㄦ枃浠舵暟閲忥細 0
鍔犺浇鐨勬爣娉ㄦ枃浠讹細 []
浼犻€掔粰鍓嶇鐨勬爣娉ㄦ暟鎹細 { files: [] }
 [2m(+4ms)[22m
[2m10:07:03[22m   [34m鈹溾攢[39m [2m/婕旇繘杞ㄨ抗/02-鏄婂ぉ鍗呬竴涓栧笣鏂藉叕楠婅繛姘忕邯/index.html[22m========== 鏍囨敞鏂囦欢鍔犺浇璋冭瘯 ==========
article.id 鍘熷鍊硷細 浜嬪唽涔嬭浇/11-绂€氱邯/01-浼忕静鏈濅唬/11-楠婅繛姘?02-鏄婂ぉ鍗呬竴涓栧笣鏂藉叕楠婅繛姘忕邯.md
article.id 绫诲瀷锛?string
article.id 闀垮害锛?45
article.id 瀛楃浠ｇ爜锛?浜?20107) 鍐?20876) 涔?20043) 杞?36733) /(47) 1(49) 1(49) -(45) 绂?31146) 閫?36890) 绾?32426) /(47) 0(48) 1(49) -(45) 浼?20239) 缇?32690) 鏈?26397) 浠?20195) /(47) 1(49) 1(49) -(45) 楠?39562) 杩?36830) 姘?27663) /(47) 0(48) 2(50) -(45) 鏄?26122) 澶?22825) 鍗?21317) 涓€(19968) 涓?19990) 甯?24093) 鏂?26045) 鍏?20844) 楠?39562) 杩?36830) 姘?27663) 绾?32426) .(46) m(109) d(100)
annotationRoot锛?F:\GitHub\NEXUS\src\annotations
articlePathWithoutExt锛?浜嬪唽涔嬭浇/11-绂€氱邯/01-浼忕静鏈濅唬/11-楠婅繛姘?02-鏄婂ぉ鍗呬竴涓栧笣鏂藉叕楠婅繛姘忕邯
eventsPath锛?F:\GitHub\NEXUS\src\annotations\浜嬪唽涔嬭浇\11-绂€氱邯\01-浼忕静鏈.events.json楠婅繛姘廫02-鏄婂ぉ鍗呬竴涓栧笣鏂藉叕楠婅繛姘忕邯.events.md
relationsPath锛?F:\GitHub\NEXUS\src\annotations\浜嬪唽涔嬭浇\11-绂€氱邯\01-浼忕静鏈.relations.json婅繛姘廫02-鏄婂ぉ鍗呬竴涓栧笣鏂藉叕楠婅繛姘忕邯.relations.md
eventsPath 瀛樺湪锛?false
relationsPath 瀛樺湪锛?false
鍔犺浇鐨勬爣娉ㄦ枃浠舵暟閲忥細 0
鍔犺浇鐨勬爣娉ㄦ枃浠讹細 []
浼犻€掔粰鍓嶇鐨勬爣娉ㄦ暟鎹細 { files: [] }
 [2m(+4ms)[22m
[2m10:07:03[22m   [34m鈹溾攢[39m [2m/婕旇繘杞ㄨ抗/03-鏄婂ぉ鍗呬簩涓栧笣鍥㈣壇楠婅繛姘忕邯/index.html[22m========== 鏍囨敞鏂囦欢鍔犺浇璋冭瘯 ==========
article.id 鍘熷鍊硷細 浜嬪唽涔嬭浇/11-绂€氱邯/01-浼忕静鏈濅唬/11-楠婅繛姘?03-鏄婂ぉ鍗呬簩涓栧笣鍥㈣壇楠婅繛姘忕邯.md
article.id 绫诲瀷锛?string
article.id 闀垮害锛?45
article.id 瀛楃浠ｇ爜锛?浜?20107) 鍐?20876) 涔?20043) 杞?36733) /(47) 1(49) 1(49) -(45) 绂?31146) 閫?36890) 绾?32426) /(47) 0(48) 1(49) -(45) 浼?20239) 缇?32690) 鏈?26397) 浠?20195) /(47) 1(49) 1(49) -(45) 楠?39562) 杩?36830) 姘?27663) /(47) 0(48) 3(51) -(45) 鏄?26122) 澶?22825) 鍗?21317) 浜?20108) 涓?19990) 甯?24093) 鍥?22242) 鑹?33391) 楠?39562) 杩?36830) 姘?27663) 绾?32426) .(46) m(109) d(100)
annotationRoot锛?F:\GitHub\NEXUS\src\annotations
articlePathWithoutExt锛?浜嬪唽涔嬭浇/11-绂€氱邯/01-浼忕静鏈濅唬/11-楠婅繛姘?03-鏄婂ぉ鍗呬簩涓栧笣鍥㈣壇楠婅繛姘忕邯
eventsPath锛?F:\GitHub\NEXUS\src\annotations\浜嬪唽涔嬭浇\11-绂€氱邯\01-浼忕静鏈.events.json楠婅繛姘廫03-鏄婂ぉ鍗呬簩涓栧笣鍥㈣壇楠婅繛姘忕邯.events.md
relationsPath锛?F:\GitHub\NEXUS\src\annotations\浜嬪唽涔嬭浇\11-绂€氱邯\01-浼忕静鏈.relations.json婅繛姘廫03-鏄婂ぉ鍗呬簩涓栧笣鍥㈣壇楠婅繛姘忕邯.relations.md
eventsPath 瀛樺湪锛?false
relationsPath 瀛樺湪锛?false
鍔犺浇鐨勬爣娉ㄦ枃浠舵暟閲忥細 0
鍔犺浇鐨勬爣娉ㄦ枃浠讹細 []
浼犻€掔粰鍓嶇鐨勬爣娉ㄦ暟鎹細 { files: [] }
 [2m(+4ms)[22m
[2m10:07:03[22m   [34m鈹溾攢[39m [2m/婕旇繘杞ㄨ抗/04-鏄婂ぉ鍗呬笁涓栧笣鍐犺薄楠婅繛姘忕邯/index.html[22m========== 鏍囨敞鏂囦欢鍔犺浇璋冭瘯 ==========
article.id 鍘熷鍊硷細 浜嬪唽涔嬭浇/11-绂€氱邯/01-浼忕静鏈濅唬/11-楠婅繛姘?04-鏄婂ぉ鍗呬笁涓栧笣鍐犺薄楠婅繛姘忕邯.md
article.id 绫诲瀷锛?string
article.id 闀垮害锛?45
article.id 瀛楃浠ｇ爜锛?浜?20107) 鍐?20876) 涔?20043) 杞?36733) /(47) 1(49) 1(49) -(45) 绂?31146) 閫?36890) 绾?32426) /(47) 0(48) 1(49) -(45) 浼?20239) 缇?32690) 鏈?26397) 浠?20195) /(47) 1(49) 1(49) -(45) 楠?39562) 杩?36830) 姘?27663) /(47) 0(48) 4(52) -(45) 鏄?26122) 澶?22825) 鍗?21317) 涓?19977) 涓?19990) 甯?24093) 鍐?20896) 璞?35937) 楠?39562) 杩?36830) 姘?27663) 绾?32426) .(46) m(109) d(100)
annotationRoot锛?F:\GitHub\NEXUS\src\annotations
articlePathWithoutExt锛?浜嬪唽涔嬭浇/11-绂€氱邯/01-浼忕静鏈濅唬/11-楠婅繛姘?04-鏄婂ぉ鍗呬笁涓栧笣鍐犺薄楠婅繛姘忕邯
eventsPath锛?F:\GitHub\NEXUS\src\annotations\浜嬪唽涔嬭浇\11-绂€氱邯\01-浼忕静鏈.events.json楠婅繛姘廫04-鏄婂ぉ鍗呬笁涓栧笣鍐犺薄楠婅繛姘忕邯.events.md
relationsPath锛?F:\GitHub\NEXUS\src\annotations\浜嬪唽涔嬭浇\11-绂€氱邯\01-浼忕静鏈.relations.json婅繛姘廫04-鏄婂ぉ鍗呬笁涓栧笣鍐犺薄楠婅繛姘忕邯.relations.md
eventsPath 瀛樺湪锛?false
relationsPath 瀛樺湪锛?false
鍔犺浇鐨勬爣娉ㄦ枃浠舵暟閲忥細 0
鍔犺浇鐨勬爣娉ㄦ枃浠讹細 []
浼犻€掔粰鍓嶇鐨勬爣娉ㄦ暟鎹細 { files: [] }
 [2m(+4ms)[22m
[2m10:07:03[22m   [34m鈹溾攢[39m [2m/婕旇繘杞ㄨ抗/05-鏄婂ぉ鍗呭洓涓栧笣鍥紡楠婅繛姘忕邯/index.html[22m========== 鏍囨敞鏂囦欢鍔犺浇璋冭瘯 ==========
article.id 鍘熷鍊硷細 浜嬪唽涔嬭浇/11-绂€氱邯/01-浼忕静鏈濅唬/11-楠婅繛姘?05-鏄婂ぉ鍗呭洓涓栧笣鍥紡楠婅繛姘忕邯.md
article.id 绫诲瀷锛?string
article.id 闀垮害锛?45
article.id 瀛楃浠ｇ爜锛?浜?20107) 鍐?20876) 涔?20043) 杞?36733) /(47) 1(49) 1(49) -(45) 绂?31146) 閫?36890) 绾?32426) /(47) 0(48) 1(49) -(45) 浼?20239) 缇?32690) 鏈?26397) 浠?20195) /(47) 1(49) 1(49) -(45) 楠?39562) 杩?36830) 姘?27663) /(47) 0(48) 5(53) -(45) 鏄?26122) 澶?22825) 鍗?21317) 鍥?22235) 涓?19990) 甯?24093) 鍥?22242) 浼?20239) 楠?39562) 杩?36830) 姘?27663) 绾?32426) .(46) m(109) d(100)
annotationRoot锛?F:\GitHub\NEXUS\src\annotations
articlePathWithoutExt锛?浜嬪唽涔嬭浇/11-绂€氱邯/01-浼忕静鏈濅唬/11-楠婅繛姘?05-鏄婂ぉ鍗呭洓涓栧笣鍥紡楠婅繛姘忕邯
eventsPath锛?F:\GitHub\NEXUS\src\annotations\浜嬪唽涔嬭浇\11-绂€氱邯\01-浼忕静鏈.events.json楠婅繛姘廫05-鏄婂ぉ鍗呭洓涓栧笣鍥紡楠婅繛姘忕邯.events.md
relationsPath锛?F:\GitHub\NEXUS\src\annotations\浜嬪唽涔嬭浇\11-绂€氱邯\01-浼忕静鏈.relations.json婅繛姘廫05-鏄婂ぉ鍗呭洓涓栧笣鍥紡楠婅繛姘忕邯.relations.md
eventsPath 瀛樺湪锛?false
relationsPath 瀛樺湪锛?false
鍔犺浇鐨勬爣娉ㄦ枃浠舵暟閲忥細 0
鍔犺浇鐨勬爣娉ㄦ枃浠讹細 []
浼犻€掔粰鍓嶇鐨勬爣娉ㄦ暟鎹細 { files: [] }
 [2m(+3ms)[22m
[2m10:07:03[22m   [34m鈹溾攢[39m [2m/婕旇繘杞ㄨ抗/01-鏄婂ぉ鍥涘崄涓栧笣鍥㈡殼浼忕静姘忕邯/index.html[22m========== 鏍囨敞鏂囦欢鍔犺浇璋冭瘯 ==========
article.id 鍘熷鍊硷細 浜嬪唽涔嬭浇/11-绂€氱邯/01-浼忕静鏈濅唬/13-浼忕静姘?01-鏄婂ぉ鍥涘崄涓栧笣鍥㈡殼浼忕静姘忕邯.md
article.id 绫诲瀷锛?string
article.id 闀垮害锛?45
article.id 瀛楃浠ｇ爜锛?浜?20107) 鍐?20876) 涔?20043) 杞?36733) /(47) 1(49) 1(49) -(45) 绂?31146) 閫?36890) 绾?32426) /(47) 0(48) 1(49) -(45) 浼?20239) 缇?32690) 鏈?26397) 浠?20195) /(47) 1(49) 3(51) -(45) 浼?20239) 缇?32690) 姘?27663) /(47) 0(48) 1(49) -(45) 鏄?26122) 澶?22825) 鍥?22235) 鍗?21313) 涓?19990) 甯?24093) 鍥?22242) 鏆?26276) 浼?20239) 缇?32690) 姘?27663) 绾?32426) .(46) m(109) d(100)
annotationRoot锛?F:\GitHub\NEXUS\src\annotations
articlePathWithoutExt锛?浜嬪唽涔嬭浇/11-绂€氱邯/01-浼忕静鏈濅唬/13-浼忕静姘?01-鏄婂ぉ鍥涘崄涓栧笣鍥㈡殼浼忕静姘忕邯
eventsPath锛?F:\GitHub\NEXUS\src\annotations\浜嬪唽涔嬭浇\11-绂€氱邯\01-浼忕静鏈.events.json浼忕静姘廫01-鏄婂ぉ鍥涘崄涓栧笣鍥㈡殼浼忕静姘忕邯.events.md
relationsPath锛?F:\GitHub\NEXUS\src\annotations\浜嬪唽涔嬭浇\11-绂€氱邯\01-浼忕静鏈.relations.json忕静姘廫01-鏄婂ぉ鍥涘崄涓栧笣鍥㈡殼浼忕静姘忕邯.relations.md
eventsPath 瀛樺湪锛?false
relationsPath 瀛樺湪锛?false
鍔犺浇鐨勬爣娉ㄦ枃浠舵暟閲忥細 0
鍔犺浇鐨勬爣娉ㄦ枃浠讹細 []
浼犻€掔粰鍓嶇鐨勬爣娉ㄦ暟鎹細 { files: [] }
 [2m(+4ms)[22m
[2m10:07:03[22m   [34m鈹溾攢[39m [2m/婕旇繘杞ㄨ抗/02-鏄婂ぉ鍗呭叚涓栧笣濞嶄箟璧儱姘忕邯/index.html[22m========== 鏍囨敞鏂囦欢鍔犺浇璋冭瘯 ==========
article.id 鍘熷鍊硷細 浜嬪唽涔嬭浇/11-绂€氱邯/01-浼忕静鏈濅唬/12-璧儱姘?02-鏄婂ぉ鍗呭叚涓栧笣濞嶄箟璧儱姘忕邯.md
article.id 绫诲瀷锛?string
article.id 闀垮害锛?45
article.id 瀛楃浠ｇ爜锛?浜?20107) 鍐?20876) 涔?20043) 杞?36733) /(47) 1(49) 1(49) -(45) 绂?31146) 閫?36890) 绾?32426) /(47) 0(48) 1(49) -(45) 浼?20239) 缇?32690) 鏈?26397) 浠?20195) /(47) 1(49) 2(50) -(45) 璧?36203) 鑳?32997) 姘?27663) /(47) 0(48) 2(50) -(45) 鏄?26122) 澶?22825) 鍗?21317) 鍏?20845) 涓?19990) 甯?24093) 濞?23053) 涔?20041) 璧?36203) 鑳?32997) 姘?27663) 绾?32426) .(46) m(109) d(100)
annotationRoot锛?F:\GitHub\NEXUS\src\annotations
articlePathWithoutExt锛?浜嬪唽涔嬭浇/11-绂€氱邯/01-浼忕静鏈濅唬/12-璧儱姘?02-鏄婂ぉ鍗呭叚涓栧笣濞嶄箟璧儱姘忕邯
eventsPath锛?F:\GitHub\NEXUS\src\annotations\浜嬪唽涔嬭浇\11-绂€氱邯\01-浼忕静鏈.events.json璧儱姘廫02-鏄婂ぉ鍗呭叚涓栧笣濞嶄箟璧儱姘忕邯.events.md
relationsPath锛?F:\GitHub\NEXUS\src\annotations\浜嬪唽涔嬭浇\11-绂€氱邯\01-浼忕静鏈.relations.json儱姘廫02-鏄婂ぉ鍗呭叚涓栧笣濞嶄箟璧儱姘忕邯.relations.md
eventsPath 瀛樺湪锛?false
relationsPath 瀛樺湪锛?false
鍔犺浇鐨勬爣娉ㄦ枃浠舵暟閲忥細 0
鍔犺浇鐨勬爣娉ㄦ枃浠讹細 []
浼犻€掔粰鍓嶇鐨勬爣娉ㄦ暟鎹細 { files: [] }
 [2m(+4ms)[22m
[2m10:07:03[22m   [34m鈹溾攢[39m [2m/婕旇繘杞ㄨ抗/01-鏄婂ぉ鍗呬簲涓栧笣浼忎箟璧儱姘忕邯/index.html[22m========== 鏍囨敞鏂囦欢鍔犺浇璋冭瘯 ==========
article.id 鍘熷鍊硷細 浜嬪唽涔嬭浇/11-绂€氱邯/01-浼忕静鏈濅唬/12-璧儱姘?01-鏄婂ぉ鍗呬簲涓栧笣浼忎箟璧儱姘忕邯.md
article.id 绫诲瀷锛?string
article.id 闀垮害锛?45
article.id 瀛楃浠ｇ爜锛?浜?20107) 鍐?20876) 涔?20043) 杞?36733) /(47) 1(49) 1(49) -(45) 绂?31146) 閫?36890) 绾?32426) /(47) 0(48) 1(49) -(45) 浼?20239) 缇?32690) 鏈?26397) 浠?20195) /(47) 1(49) 2(50) -(45) 璧?36203) 鑳?32997) 姘?27663) /(47) 0(48) 1(49) -(45) 鏄?26122) 澶?22825) 鍗?21317) 浜?20116) 涓?19990) 甯?24093) 浼?20239) 涔?20041) 璧?36203) 鑳?32997) 姘?27663) 绾?32426) .(46) m(109) d(100)
annotationRoot锛?F:\GitHub\NEXUS\src\annotations
articlePathWithoutExt锛?浜嬪唽涔嬭浇/11-绂€氱邯/01-浼忕静鏈濅唬/12-璧儱姘?01-鏄婂ぉ鍗呬簲涓栧笣浼忎箟璧儱姘忕邯
eventsPath锛?F:\GitHub\NEXUS\src\annotations\浜嬪唽涔嬭浇\11-绂€氱邯\01-浼忕静鏈.events.json璧儱姘廫01-鏄婂ぉ鍗呬簲涓栧笣浼忎箟璧儱姘忕邯.events.md
relationsPath锛?F:\GitHub\NEXUS\src\annotations\浜嬪唽涔嬭浇\11-绂€氱邯\01-浼忕静鏈.relations.json儱姘廫01-鏄婂ぉ鍗呬簲涓栧笣浼忎箟璧儱姘忕邯.relations.md
eventsPath 瀛樺湪锛?false
relationsPath 瀛樺湪锛?false
鍔犺浇鐨勬爣娉ㄦ枃浠舵暟閲忥細 0
鍔犺浇鐨勬爣娉ㄦ枃浠讹細 []
浼犻€掔粰鍓嶇鐨勬爣娉ㄦ暟鎹細 { files: [] }
 [2m(+3ms)[22m
[2m10:07:03[22m   [34m鈹溾攢[39m [2m/婕旇繘杞ㄨ抗/03-鏄婂ぉ鍗呬竷涓栧笣鑲嗘潳璧儱姘忕邯/index.html[22m========== 鏍囨敞鏂囦欢鍔犺浇璋冭瘯 ==========
article.id 鍘熷鍊硷細 浜嬪唽涔嬭浇/11-绂€氱邯/01-浼忕静鏈濅唬/12-璧儱姘?03-鏄婂ぉ鍗呬竷涓栧笣鑲嗘潳璧儱姘忕邯.md
article.id 绫诲瀷锛?string
article.id 闀垮害锛?45
article.id 瀛楃浠ｇ爜锛?浜?20107) 鍐?20876) 涔?20043) 杞?36733) /(47) 1(49) 1(49) -(45) 绂?31146) 閫?36890) 绾?32426) /(47) 0(48) 1(49) -(45) 浼?20239) 缇?32690) 鏈?26397) 浠?20195) /(47) 1(49) 2(50) -(45) 璧?36203) 鑳?32997) 姘?27663) /(47) 0(48) 3(51) -(45) 鏄?26122) 澶?22825) 鍗?21317) 涓?19971) 涓?19990) 甯?24093) 鑲?32902) 鏉?26468) 璧?36203) 鑳?32997) 姘?27663) 绾?32426) .(46) m(109) d(100)
annotationRoot锛?F:\GitHub\NEXUS\src\annotations
articlePathWithoutExt锛?浜嬪唽涔嬭浇/11-绂€氱邯/01-浼忕静鏈濅唬/12-璧儱姘?03-鏄婂ぉ鍗呬竷涓栧笣鑲嗘潳璧儱姘忕邯
eventsPath锛?F:\GitHub\NEXUS\src\annotations\浜嬪唽涔嬭浇\11-绂€氱邯\01-浼忕静鏈.events.json璧儱姘廫03-鏄婂ぉ鍗呬竷涓栧笣鑲嗘潳璧儱姘忕邯.events.md
relationsPath锛?F:\GitHub\NEXUS\src\annotations\浜嬪唽涔嬭浇\11-绂€氱邯\01-浼忕静鏈.relations.json儱姘廫03-鏄婂ぉ鍗呬竷涓栧笣鑲嗘潳璧儱姘忕邯.relations.md
eventsPath 瀛樺湪锛?false
relationsPath 瀛樺湪锛?false
鍔犺浇鐨勬爣娉ㄦ枃浠舵暟閲忥細 0
鍔犺浇鐨勬爣娉ㄦ枃浠讹細 []
浼犻€掔粰鍓嶇鐨勬爣娉ㄦ暟鎹細 { files: [] }
 [2m(+4ms)[22m
[2m10:07:03[22m   [34m鈹溾攢[39m [2m/婕旇繘杞ㄨ抗/04-鏄婂ぉ鍗呭叓涓栧笣褰掔汗璧儱姘忕邯/index.html[22m========== 鏍囨敞鏂囦欢鍔犺浇璋冭瘯 ==========
article.id 鍘熷鍊硷細 浜嬪唽涔嬭浇/11-绂€氱邯/01-浼忕静鏈濅唬/12-璧儱姘?04-鏄婂ぉ鍗呭叓涓栧笣褰掔汗璧儱姘忕邯.md
article.id 绫诲瀷锛?string
article.id 闀垮害锛?45
article.id 瀛楃浠ｇ爜锛?浜?20107) 鍐?20876) 涔?20043) 杞?36733) /(47) 1(49) 1(49) -(45) 绂?31146) 閫?36890) 绾?32426) /(47) 0(48) 1(49) -(45) 浼?20239) 缇?32690) 鏈?26397) 浠?20195) /(47) 1(49) 2(50) -(45) 璧?36203) 鑳?32997) 姘?27663) /(47) 0(48) 4(52) -(45) 鏄?26122) 澶?22825) 鍗?21317) 鍏?20843) 涓?19990) 甯?24093) 褰?24402) 绾?32441) 璧?36203) 鑳?32997) 姘?27663) 绾?32426) .(46) m(109) d(100)
annotationRoot锛?F:\GitHub\NEXUS\src\annotations
articlePathWithoutExt锛?浜嬪唽涔嬭浇/11-绂€氱邯/01-浼忕静鏈濅唬/12-璧儱姘?04-鏄婂ぉ鍗呭叓涓栧笣褰掔汗璧儱姘忕邯
eventsPath锛?F:\GitHub\NEXUS\src\annotations\浜嬪唽涔嬭浇\11-绂€氱邯\01-浼忕静鏈.events.json璧儱姘廫04-鏄婂ぉ鍗呭叓涓栧笣褰掔汗璧儱姘忕邯.events.md
relationsPath锛?F:\GitHub\NEXUS\src\annotations\浜嬪唽涔嬭浇\11-绂€氱邯\01-浼忕静鏈.relations.json儱姘廫04-鏄婂ぉ鍗呭叓涓栧笣褰掔汗璧儱姘忕邯.relations.md
eventsPath 瀛樺湪锛?false
relationsPath 瀛樺湪锛?false
鍔犺浇鐨勬爣娉ㄦ枃浠舵暟閲忥細 0
鍔犺浇鐨勬爣娉ㄦ枃浠讹細 []
浼犻€掔粰鍓嶇鐨勬爣娉ㄦ暟鎹細 { files: [] }
 [2m(+3ms)[22m
[2m10:07:03[22m   [34m鈹溾攢[39m [2m/婕旇繘杞ㄨ抗/05-鏄婂ぉ鍗呬節涓栧笣浼忕Ё璧儱姘忕邯/index.html[22m========== 鏍囨敞鏂囦欢鍔犺浇璋冭瘯 ==========
article.id 鍘熷鍊硷細 浜嬪唽涔嬭浇/11-绂€氱邯/01-浼忕静鏈濅唬/12-璧儱姘?05-鏄婂ぉ鍗呬節涓栧笣浼忕Ё璧儱姘忕邯.md
article.id 绫诲瀷锛?string
article.id 闀垮害锛?45
article.id 瀛楃浠ｇ爜锛?浜?20107) 鍐?20876) 涔?20043) 杞?36733) /(47) 1(49) 1(49) -(45) 绂?31146) 閫?36890) 绾?32426) /(47) 0(48) 1(49) -(45) 浼?20239) 缇?32690) 鏈?26397) 浠?20195) /(47) 1(49) 2(50) -(45) 璧?36203) 鑳?32997) 姘?27663) /(47) 0(48) 5(53) -(45) 鏄?26122) 澶?22825) 鍗?21317) 涔?20061) 涓?19990) 甯?24093) 浼?20239) 绉?31207) 璧?36203) 鑳?32997) 姘?27663) 绾?32426) .(46) m(109) d(100)
annotationRoot锛?F:\GitHub\NEXUS\src\annotations
articlePathWithoutExt锛?浜嬪唽涔嬭浇/11-绂€氱邯/01-浼忕静鏈濅唬/12-璧儱姘?05-鏄婂ぉ鍗呬節涓栧笣浼忕Ё璧儱姘忕邯
eventsPath锛?F:\GitHub\NEXUS\src\annotations\浜嬪唽涔嬭浇\11-绂€氱邯\01-浼忕静鏈.events.json璧儱姘廫05-鏄婂ぉ鍗呬節涓栧笣浼忕Ё璧儱姘忕邯.events.md
relationsPath锛?F:\GitHub\NEXUS\src\annotations\浜嬪唽涔嬭浇\11-绂€氱邯\01-浼忕静鏈.relations.json儱姘廫05-鏄婂ぉ鍗呬節涓栧笣浼忕Ё璧儱姘忕邯.relations.md
eventsPath 瀛樺湪锛?false
relationsPath 瀛樺湪锛?false
鍔犺浇鐨勬爣娉ㄦ枃浠舵暟閲忥細 0
鍔犺浇鐨勬爣娉ㄦ枃浠讹細 []
浼犻€掔粰鍓嶇鐨勬爣娉ㄦ暟鎹細 { files: [] }
 [2m(+4ms)[22m
[2m10:07:03[22m   [34m鈹溾攢[39m [2m/婕旇繘杞ㄨ抗/01-鏄婂ぉ鍗屼竴涓栧笣绉︾煕灏婂崲姘忕邯/index.html[22m========== 鏍囨敞鏂囦欢鍔犺浇璋冭瘯 ==========
article.id 鍘熷鍊硷細 浜嬪唽涔嬭浇/11-绂€氱邯/01-浼忕静鏈濅唬/14-灏婂崲姘?01-鏄婂ぉ鍗屼竴涓栧笣绉︾煕灏婂崲姘忕邯.md
article.id 绫诲瀷锛?string
article.id 闀垮害锛?45
article.id 瀛楃浠ｇ爜锛?浜?20107) 鍐?20876) 涔?20043) 杞?36733) /(47) 1(49) 1(49) -(45) 绂?31146) 閫?36890) 绾?32426) /(47) 0(48) 1(49) -(45) 浼?20239) 缇?32690) 鏈?26397) 浠?20195) /(47) 1(49) 4(52) -(45) 灏?23562) 鍗?21346) 姘?27663) /(47) 0(48) 1(49) -(45) 鏄?26122) 澶?22825) 鍗?21324) 涓€(19968) 涓?19990) 甯?24093) 绉?31206) 鐭?30683) 灏?23562) 鍗?21346) 姘?27663) 绾?32426) .(46) m(109) d(100)
annotationRoot锛?F:\GitHub\NEXUS\src\annotations
articlePathWithoutExt锛?浜嬪唽涔嬭浇/11-绂€氱邯/01-浼忕静鏈濅唬/14-灏婂崲姘?01-鏄婂ぉ鍗屼竴涓栧笣绉︾煕灏婂崲姘忕邯
eventsPath锛?F:\GitHub\NEXUS\src\annotations\浜嬪唽涔嬭浇\11-绂€氱邯\01-浼忕静鏈.events.json灏婂崲姘廫01-鏄婂ぉ鍗屼竴涓栧笣绉︾煕灏婂崲姘忕邯.events.md
relationsPath锛?F:\GitHub\NEXUS\src\annotations\浜嬪唽涔嬭浇\11-绂€氱邯\01-浼忕静鏈.relations.json婂崲姘廫01-鏄婂ぉ鍗屼竴涓栧笣绉︾煕灏婂崲姘忕邯.relations.md
eventsPath 瀛樺湪锛?false
relationsPath 瀛樺湪锛?false
鍔犺浇鐨勬爣娉ㄦ枃浠舵暟閲忥細 0
鍔犺浇鐨勬爣娉ㄦ枃浠讹細 []
浼犻€掔粰鍓嶇鐨勬爣娉ㄦ暟鎹細 { files: [] }
 [2m(+4ms)[22m
[2m10:07:03[22m   [34m鈹溾攢[39m [2m/婕旇繘杞ㄨ抗/02-鏄婂ぉ鍗屼簩涓栧笣闈╂睜灏婂崲姘忕邯/index.html[22m========== 鏍囨敞鏂囦欢鍔犺浇璋冭瘯 ==========
article.id 鍘熷鍊硷細 浜嬪唽涔嬭浇/11-绂€氱邯/01-浼忕静鏈濅唬/14-灏婂崲姘?02-鏄婂ぉ鍗屼簩涓栧笣闈╂睜灏婂崲姘忕邯.md
article.id 绫诲瀷锛?string
article.id 闀垮害锛?45
article.id 瀛楃浠ｇ爜锛?浜?20107) 鍐?20876) 涔?20043) 杞?36733) /(47) 1(49) 1(49) -(45) 绂?31146) 閫?36890) 绾?32426) /(47) 0(48) 1(49) -(45) 浼?20239) 缇?32690) 鏈?26397) 浠?20195) /(47) 1(49) 4(52) -(45) 灏?23562) 鍗?21346) 姘?27663) /(47) 0(48) 2(50) -(45) 鏄?26122) 澶?22825) 鍗?21324) 浜?20108) 涓?19990) 甯?24093) 闈?38761) 姹?27744) 灏?23562) 鍗?21346) 姘?27663) 绾?32426) .(46) m(109) d(100)
annotationRoot锛?F:\GitHub\NEXUS\src\annotations
articlePathWithoutExt锛?浜嬪唽涔嬭浇/11-绂€氱邯/01-浼忕静鏈濅唬/14-灏婂崲姘?02-鏄婂ぉ鍗屼簩涓栧笣闈╂睜灏婂崲姘忕邯
eventsPath锛?F:\GitHub\NEXUS\src\annotations\浜嬪唽涔嬭浇\11-绂€氱邯\01-浼忕静鏈.events.json灏婂崲姘廫02-鏄婂ぉ鍗屼簩涓栧笣闈╂睜灏婂崲姘忕邯.events.md
relationsPath锛?F:\GitHub\NEXUS\src\annotations\浜嬪唽涔嬭浇\11-绂€氱邯\01-浼忕静鏈.relations.json婂崲姘廫02-鏄婂ぉ鍗屼簩涓栧笣闈╂睜灏婂崲姘忕邯.relations.md
eventsPath 瀛樺湪锛?false
relationsPath 瀛樺湪锛?false
鍔犺浇鐨勬爣娉ㄦ枃浠舵暟閲忥細 0
鍔犺浇鐨勬爣娉ㄦ枃浠讹細 []
浼犻€掔粰鍓嶇鐨勬爣娉ㄦ暟鎹細 { files: [] }
 [2m(+4ms)[22m
[2m10:07:03[22m   [34m鈹溾攢[39m [2m/婕旇繘杞ㄨ抗/03-鏄婂ぉ鍗屼笁涓栧笣鐭涘叞灏婂崲姘忕邯/index.html[22m========== 鏍囨敞鏂囦欢鍔犺浇璋冭瘯 ==========
article.id 鍘熷鍊硷細 浜嬪唽涔嬭浇/11-绂€氱邯/01-浼忕静鏈濅唬/14-灏婂崲姘?03-鏄婂ぉ鍗屼笁涓栧笣鐭涘叞灏婂崲姘忕邯.md
article.id 绫诲瀷锛?string
article.id 闀垮害锛?45
article.id 瀛楃浠ｇ爜锛?浜?20107) 鍐?20876) 涔?20043) 杞?36733) /(47) 1(49) 1(49) -(45) 绂?31146) 閫?36890) 绾?32426) /(47) 0(48) 1(49) -(45) 浼?20239) 缇?32690) 鏈?26397) 浠?20195) /(47) 1(49) 4(52) -(45) 灏?23562) 鍗?21346) 姘?27663) /(47) 0(48) 3(51) -(45) 鏄?26122) 澶?22825) 鍗?21324) 涓?19977) 涓?19990) 甯?24093) 鐭?30683) 鍏?20848) 灏?23562) 鍗?21346) 姘?27663) 绾?32426) .(46) m(109) d(100)
annotationRoot锛?F:\GitHub\NEXUS\src\annotations
articlePathWithoutExt锛?浜嬪唽涔嬭浇/11-绂€氱邯/01-浼忕静鏈濅唬/14-灏婂崲姘?03-鏄婂ぉ鍗屼笁涓栧笣鐭涘叞灏婂崲姘忕邯
eventsPath锛?F:\GitHub\NEXUS\src\annotations\浜嬪唽涔嬭浇\11-绂€氱邯\01-浼忕静鏈.events.json灏婂崲姘廫03-鏄婂ぉ鍗屼笁涓栧笣鐭涘叞灏婂崲姘忕邯.events.md
relationsPath锛?F:\GitHub\NEXUS\src\annotations\浜嬪唽涔嬭浇\11-绂€氱邯\01-浼忕静鏈.relations.json婂崲姘廫03-鏄婂ぉ鍗屼笁涓栧笣鐭涘叞灏婂崲姘忕邯.relations.md
eventsPath 瀛樺湪锛?false
relationsPath 瀛樺湪锛?false
鍔犺浇鐨勬爣娉ㄦ枃浠舵暟閲忥細 0
鍔犺浇鐨勬爣娉ㄦ枃浠讹細 []
浼犻€掔粰鍓嶇鐨勬爣娉ㄦ暟鎹細 { files: [] }
 [2m(+4ms)[22m
[2m10:07:03[22m   [34m鈹溾攢[39m [2m/婕旇繘杞ㄨ抗/04-鏄婂ぉ鍗屽洓涓栧笣涓夐偅灏婂崲姘忕邯/index.html[22m========== 鏍囨敞鏂囦欢鍔犺浇璋冭瘯 ==========
article.id 鍘熷鍊硷細 浜嬪唽涔嬭浇/11-绂€氱邯/01-浼忕静鏈濅唬/14-灏婂崲姘?04-鏄婂ぉ鍗屽洓涓栧笣涓夐偅灏婂崲姘忕邯.md
article.id 绫诲瀷锛?string
article.id 闀垮害锛?45
article.id 瀛楃浠ｇ爜锛?浜?20107) 鍐?20876) 涔?20043) 杞?36733) /(47) 1(49) 1(49) -(45) 绂?31146) 閫?36890) 绾?32426) /(47) 0(48) 1(49) -(45) 浼?20239) 缇?32690) 鏈?26397) 浠?20195) /(47) 1(49) 4(52) -(45) 灏?23562) 鍗?21346) 姘?27663) /(47) 0(48) 4(52) -(45) 鏄?26122) 澶?22825) 鍗?21324) 鍥?22235) 涓?19990) 甯?24093) 涓?19977) 閭?37027) 灏?23562) 鍗?21346) 姘?27663) 绾?32426) .(46) m(109) d(100)
annotationRoot锛?F:\GitHub\NEXUS\src\annotations
articlePathWithoutExt锛?浜嬪唽涔嬭浇/11-绂€氱邯/01-浼忕静鏈濅唬/14-灏婂崲姘?04-鏄婂ぉ鍗屽洓涓栧笣涓夐偅灏婂崲姘忕邯
eventsPath锛?F:\GitHub\NEXUS\src\annotations\浜嬪唽涔嬭浇\11-绂€氱邯\01-浼忕静鏈.events.json灏婂崲姘廫04-鏄婂ぉ鍗屽洓涓栧笣涓夐偅灏婂崲姘忕邯.events.md
relationsPath锛?F:\GitHub\NEXUS\src\annotations\浜嬪唽涔嬭浇\11-绂€氱邯\01-浼忕静鏈.relations.json婂崲姘廫04-鏄婂ぉ鍗屽洓涓栧笣涓夐偅灏婂崲姘忕邯.relations.md
eventsPath 瀛樺湪锛?false
relationsPath 瀛樺湪锛?false
鍔犺浇鐨勬爣娉ㄦ枃浠舵暟閲忥細 0
鍔犺浇鐨勬爣娉ㄦ枃浠讹細 []
浼犻€掔粰鍓嶇鐨勬爣娉ㄦ暟鎹細 { files: [] }
 [2m(+4ms)[22m
[2m10:07:03[22m   [34m鈹溾攢[39m [2m/婕旇繘杞ㄨ抗/05-鏄婂ぉ鍗屼簲涓栧笣闈╁叞灏婂崲姘忕邯/index.html[22m========== 鏍囨敞鏂囦欢鍔犺浇璋冭瘯 ==========
article.id 鍘熷鍊硷細 浜嬪唽涔嬭浇/11-绂€氱邯/01-浼忕静鏈濅唬/14-灏婂崲姘?05-鏄婂ぉ鍗屼簲涓栧笣闈╁叞灏婂崲姘忕邯.md
article.id 绫诲瀷锛?string
article.id 闀垮害锛?45
article.id 瀛楃浠ｇ爜锛?浜?20107) 鍐?20876) 涔?20043) 杞?36733) /(47) 1(49) 1(49) -(45) 绂?31146) 閫?36890) 绾?32426) /(47) 0(48) 1(49) -(45) 浼?20239) 缇?32690) 鏈?26397) 浠?20195) /(47) 1(49) 4(52) -(45) 灏?23562) 鍗?21346) 姘?27663) /(47) 0(48) 5(53) -(45) 鏄?26122) 澶?22825) 鍗?21324) 浜?20116) 涓?19990) 甯?24093) 闈?38761) 鍏?20848) 灏?23562) 鍗?21346) 姘?27663) 绾?32426) .(46) m(109) d(100)
annotationRoot锛?F:\GitHub\NEXUS\src\annotations
articlePathWithoutExt锛?浜嬪唽涔嬭浇/11-绂€氱邯/01-浼忕静鏈濅唬/14-灏婂崲姘?05-鏄婂ぉ鍗屼簲涓栧笣闈╁叞灏婂崲姘忕邯
eventsPath锛?F:\GitHub\NEXUS\src\annotations\浜嬪唽涔嬭浇\11-绂€氱邯\01-浼忕静鏈.events.json灏婂崲姘廫05-鏄婂ぉ鍗屼簲涓栧笣闈╁叞灏婂崲姘忕邯.events.md
relationsPath锛?F:\GitHub\NEXUS\src\annotations\浜嬪唽涔嬭浇\11-绂€氱邯\01-浼忕静鏈.relations.json婂崲姘廫05-鏄婂ぉ鍗屼簲涓栧笣闈╁叞灏婂崲姘忕邯.relations.md
eventsPath 瀛樺湪锛?false
relationsPath 瀛樺湪锛?false
鍔犺浇鐨勬爣娉ㄦ枃浠舵暟閲忥細 0
鍔犺浇鐨勬爣娉ㄦ枃浠讹細 []
浼犻€掔粰鍓嶇鐨勬爣娉ㄦ暟鎹細 { files: [] }
 [2m(+4ms)[22m
[2m10:07:03[22m   [34m鈹溾攢[39m [2m/婕旇繘杞ㄨ抗/01-鏄婂ぉ鍗屽叚甯濊丹绂呯铻嶆皬绾?index.html[22m========== 鏍囨敞鏂囦欢鍔犺浇璋冭瘯 ==========
article.id 鍘熷鍊硷細 浜嬪唽涔嬭浇/11-绂€氱邯/01-浼忕静鏈濅唬/15-绁濊瀺姘?01-鏄婂ぉ鍗屽叚甯濊丹绂呯铻嶆皬绾?md
article.id 绫诲瀷锛?string
article.id 闀垮害锛?44
article.id 瀛楃浠ｇ爜锛?浜?20107) 鍐?20876) 涔?20043) 杞?36733) /(47) 1(49) 1(49) -(45) 绂?31146) 閫?36890) 绾?32426) /(47) 0(48) 1(49) -(45) 浼?20239) 缇?32690) 鏈?26397) 浠?20195) /(47) 1(49) 5(53) -(45) 绁?31069) 铻?34701) 姘?27663) /(47) 0(48) 1(49) -(45) 鏄?26122) 澶?22825) 鍗?21324) 鍏?20845) 甯?24093) 璧?36196) 绂?31109) 绁?31069) 铻?34701) 姘?27663) 绾?32426) .(46) m(109) d(100)
annotationRoot锛?F:\GitHub\NEXUS\src\annotations
articlePathWithoutExt锛?浜嬪唽涔嬭浇/11-绂€氱邯/01-浼忕静鏈濅唬/15-绁濊瀺姘?01-鏄婂ぉ鍗屽叚甯濊丹绂呯铻嶆皬绾?eventsPath锛?F:\GitHub\NEXUS\src\annotations\浜嬪唽涔嬭浇\11-绂€氱邯\01-浼忕静鏈濅唬\15-绁濊瀺姘廫01-鏄婂ぉ鍗屽叚甯濊丹绂呯铻嶆皬绾?events.md
relationsPath锛?F:\GitHub\NEXUS\src\annotations\浜嬪唽涔嬭浇\11-绂€氱邯\01-浼忕静鏈濅唬\15-绁濊瀺姘廫01-鏄婂ぉ鍗屽叚甯濊丹绂呯铻嶆皬绾?relations.md
eventsPath 瀛樺湪锛?false
relationsPath 瀛樺湪锛?false
鍔犺浇鐨勬爣娉ㄦ枃浠舵暟閲忥細 0
鍔犺浇鐨勬爣娉ㄦ枃浠讹細 []
浼犻€掔粰鍓嶇鐨勬爣娉ㄦ暟鎹細 { files: [] }
 [2m(+5ms)[22m
[2m10:07:03[22m   [34m鈹溾攢[39m [2m/婕旇繘杞ㄨ抗/02-鏄婂ぉ鍗屼竷甯濇礇鐭涚铻嶆皬绾?index.html[22m========== 鏍囨敞鏂囦欢鍔犺浇璋冭瘯 ==========
article.id 鍘熷鍊硷細 浜嬪唽涔嬭浇/11-绂€氱邯/01-浼忕静鏈濅唬/15-绁濊瀺姘?02-鏄婂ぉ鍗屼竷甯濇礇鐭涚铻嶆皬绾?md
article.id 绫诲瀷锛?string
article.id 闀垮害锛?44
article.id 瀛楃浠ｇ爜锛?浜?20107) 鍐?20876) 涔?20043) 杞?36733) /(47) 1(49) 1(49) -(45) 绂?31146) 閫?36890) 绾?32426) /(47) 0(48) 1(49) -(45) 浼?20239) 缇?32690) 鏈?26397) 浠?20195) /(47) 1(49) 5(53) -(45) 绁?31069) 铻?34701) 姘?27663) /(47) 0(48) 2(50) -(45) 鏄?26122) 澶?22825) 鍗?21324) 涓?19971) 甯?24093) 娲?27931) 鐭?30683) 绁?31069) 铻?34701) 姘?27663) 绾?32426) .(46) m(109) d(100)
annotationRoot锛?F:\GitHub\NEXUS\src\annotations
articlePathWithoutExt锛?浜嬪唽涔嬭浇/11-绂€氱邯/01-浼忕静鏈濅唬/15-绁濊瀺姘?02-鏄婂ぉ鍗屼竷甯濇礇鐭涚铻嶆皬绾?eventsPath锛?F:\GitHub\NEXUS\src\annotations\浜嬪唽涔嬭浇\11-绂€氱邯\01-浼忕静鏈濅唬\15-绁濊瀺姘廫02-鏄婂ぉ鍗屼竷甯濇礇鐭涚铻嶆皬绾?events.md
relationsPath锛?F:\GitHub\NEXUS\src\annotations\浜嬪唽涔嬭浇\11-绂€氱邯\01-浼忕静鏈濅唬\15-绁濊瀺姘廫02-鏄婂ぉ鍗屼竷甯濇礇鐭涚铻嶆皬绾?relations.md
eventsPath 瀛樺湪锛?false
relationsPath 瀛樺湪锛?false
鍔犺浇鐨勬爣娉ㄦ枃浠舵暟閲忥細 0
鍔犺浇鐨勬爣娉ㄦ枃浠讹細 []
浼犻€掔粰鍓嶇鐨勬爣娉ㄦ暟鎹細 { files: [] }
 [2m(+4ms)[22m
[2m10:07:03[22m   [34m鈹溾攢[39m [2m/婕旇繘杞ㄨ抗/03-鏄婂ぉ鍗屽叓甯濋檮鍓嶇铻嶆皬绾?index.html[22m========== 鏍囨敞鏂囦欢鍔犺浇璋冭瘯 ==========
article.id 鍘熷鍊硷細 浜嬪唽涔嬭浇/11-绂€氱邯/01-浼忕静鏈濅唬/15-绁濊瀺姘?03-鏄婂ぉ鍗屽叓甯濋檮鍓嶇铻嶆皬绾?md
article.id 绫诲瀷锛?string
article.id 闀垮害锛?44
article.id 瀛楃浠ｇ爜锛?浜?20107) 鍐?20876) 涔?20043) 杞?36733) /(47) 1(49) 1(49) -(45) 绂?31146) 閫?36890) 绾?32426) /(47) 0(48) 1(49) -(45) 浼?20239) 缇?32690) 鏈?26397) 浠?20195) /(47) 1(49) 5(53) -(45) 绁?31069) 铻?34701) 姘?27663) /(47) 0(48) 3(51) -(45) 鏄?26122) 澶?22825) 鍗?21324) 鍏?20843) 甯?24093) 闄?38468) 鍓?21069) 绁?31069) 铻?34701) 姘?27663) 绾?32426) .(46) m(109) d(100)
annotationRoot锛?F:\GitHub\NEXUS\src\annotations
articlePathWithoutExt锛?浜嬪唽涔嬭浇/11-绂€氱邯/01-浼忕静鏈濅唬/15-绁濊瀺姘?03-鏄婂ぉ鍗屽叓甯濋檮鍓嶇铻嶆皬绾?eventsPath锛?F:\GitHub\NEXUS\src\annotations\浜嬪唽涔嬭浇\11-绂€氱邯\01-浼忕静鏈濅唬\15-绁濊瀺姘廫03-鏄婂ぉ鍗屽叓甯濋檮鍓嶇铻嶆皬绾?events.md
relationsPath锛?F:\GitHub\NEXUS\src\annotations\浜嬪唽涔嬭浇\11-绂€氱邯\01-浼忕静鏈濅唬\15-绁濊瀺姘廫03-鏄婂ぉ鍗屽叓甯濋檮鍓嶇铻嶆皬绾?relations.md
eventsPath 瀛樺湪锛?false
relationsPath 瀛樺湪锛?false
鍔犺浇鐨勬爣娉ㄦ枃浠舵暟閲忥細 0
鍔犺浇鐨勬爣娉ㄦ枃浠讹細 []
浼犻€掔粰鍓嶇鐨勬爣娉ㄦ暟鎹細 { files: [] }
 [2m(+4ms)[22m
[2m10:07:03[22m   [34m鈹溾攢[39m [2m/婕旇繘杞ㄨ抗/04-鏄婂ぉ鍗屼節甯濇礇鍓嶇铻嶆皬绾?index.html[22m========== 鏍囨敞鏂囦欢鍔犺浇璋冭瘯 ==========
article.id 鍘熷鍊硷細 浜嬪唽涔嬭浇/11-绂€氱邯/01-浼忕静鏈濅唬/15-绁濊瀺姘?04-鏄婂ぉ鍗屼節甯濇礇鍓嶇铻嶆皬绾?md
article.id 绫诲瀷锛?string
article.id 闀垮害锛?44
article.id 瀛楃浠ｇ爜锛?浜?20107) 鍐?20876) 涔?20043) 杞?36733) /(47) 1(49) 1(49) -(45) 绂?31146) 閫?36890) 绾?32426) /(47) 0(48) 1(49) -(45) 浼?20239) 缇?32690) 鏈?26397) 浠?20195) /(47) 1(49) 5(53) -(45) 绁?31069) 铻?34701) 姘?27663) /(47) 0(48) 4(52) -(45) 鏄?26122) 澶?22825) 鍗?21324) 涔?20061) 甯?24093) 娲?27931) 鍓?21069) 绁?31069) 铻?34701) 姘?27663) 绾?32426) .(46) m(109) d(100)
annotationRoot锛?F:\GitHub\NEXUS\src\annotations
articlePathWithoutExt锛?浜嬪唽涔嬭浇/11-绂€氱邯/01-浼忕静鏈濅唬/15-绁濊瀺姘?04-鏄婂ぉ鍗屼節甯濇礇鍓嶇铻嶆皬绾?eventsPath锛?F:\GitHub\NEXUS\src\annotations\浜嬪唽涔嬭浇\11-绂€氱邯\01-浼忕静鏈濅唬\15-绁濊瀺姘廫04-鏄婂ぉ鍗屼節甯濇礇鍓嶇铻嶆皬绾?events.md
relationsPath锛?F:\GitHub\NEXUS\src\annotations\浜嬪唽涔嬭浇\11-绂€氱邯\01-浼忕静鏈濅唬\15-绁濊瀺姘廫04-鏄婂ぉ鍗屼節甯濇礇鍓嶇铻嶆皬绾?relations.md
eventsPath 瀛樺湪锛?false
relationsPath 瀛樺湪锛?false
鍔犺浇鐨勬爣娉ㄦ枃浠舵暟閲忥細 0
鍔犺浇鐨勬爣娉ㄦ枃浠讹細 []
浼犻€掔粰鍓嶇鐨勬爣娉ㄦ暟鎹細 { files: [] }
 [2m(+4ms)[22m
[2m10:07:03[22m   [34m鈹溾攢[39m [2m/婕旇繘杞ㄨ抗/01-鏄婂ぉ浜斿崄浜斿笣瑙勮緵鏄婅嫳姘忕邯/index.html[22m========== 鏍囨敞鏂囦欢鍔犺浇璋冭瘯 ==========
article.id 鍘熷鍊硷細 浜嬪唽涔嬭浇/11-绂€氱邯/01-浼忕静鏈濅唬/18-鏄婅嫳姘?01-鏄婂ぉ浜斿崄浜斿笣瑙勮緵鏄婅嫳姘忕邯.md
article.id 绫诲瀷锛?string
article.id 闀垮害锛?45
article.id 瀛楃浠ｇ爜锛?浜?20107) 鍐?20876) 涔?20043) 杞?36733) /(47) 1(49) 1(49) -(45) 绂?31146) 閫?36890) 绾?32426) /(47) 0(48) 1(49) -(45) 浼?20239) 缇?32690) 鏈?26397) 浠?20195) /(47) 1(49) 8(56) -(45) 鏄?26122) 鑻?33521) 姘?27663) /(47) 0(48) 1(49) -(45) 鏄?26122) 澶?22825) 浜?20116) 鍗?21313) 浜?20116) 甯?24093) 瑙?35268) 杈?36763) 鏄?26122) 鑻?33521) 姘?27663) 绾?32426) .(46) m(109) d(100)
annotationRoot锛?F:\GitHub\NEXUS\src\annotations
articlePathWithoutExt锛?浜嬪唽涔嬭浇/11-绂€氱邯/01-浼忕静鏈濅唬/18-鏄婅嫳姘?01-鏄婂ぉ浜斿崄浜斿笣瑙勮緵鏄婅嫳姘忕邯
eventsPath锛?F:\GitHub\NEXUS\src\annotations\浜嬪唽涔嬭浇\11-绂€氱邯\01-浼忕静鏈.events.json鏄婅嫳姘廫01-鏄婂ぉ浜斿崄浜斿笣瑙勮緵鏄婅嫳姘忕邯.events.md
relationsPath锛?F:\GitHub\NEXUS\src\annotations\浜嬪唽涔嬭浇\11-绂€氱邯\01-浼忕静鏈.relations.json婅嫳姘廫01-鏄婂ぉ浜斿崄浜斿笣瑙勮緵鏄婅嫳姘忕邯.relations.md
eventsPath 瀛樺湪锛?false
relationsPath 瀛樺湪锛?false
鍔犺浇鐨勬爣娉ㄦ枃浠舵暟閲忥細 0
鍔犺浇鐨勬爣娉ㄦ枃浠讹細 []
浼犻€掔粰鍓嶇鐨勬爣娉ㄦ暟鎹細 { files: [] }
 [2m(+4ms)[22m
[2m10:07:03[22m   [34m鈹溾攢[39m [2m/婕旇繘杞ㄨ抗/02-鏄婂ぉ浜斿崄鍏笣閲戜箤鏄婅嫳姘忕邯/index.html[22m========== 鏍囨敞鏂囦欢鍔犺浇璋冭瘯 ==========
article.id 鍘熷鍊硷細 浜嬪唽涔嬭浇/11-绂€氱邯/01-浼忕静鏈濅唬/18-鏄婅嫳姘?02-鏄婂ぉ浜斿崄鍏笣閲戜箤鏄婅嫳姘忕邯.md
article.id 绫诲瀷锛?string
article.id 闀垮害锛?45
article.id 瀛楃浠ｇ爜锛?浜?20107) 鍐?20876) 涔?20043) 杞?36733) /(47) 1(49) 1(49) -(45) 绂?31146) 閫?36890) 绾?32426) /(47) 0(48) 1(49) -(45) 浼?20239) 缇?32690) 鏈?26397) 浠?20195) /(47) 1(49) 8(56) -(45) 鏄?26122) 鑻?33521) 姘?27663) /(47) 0(48) 2(50) -(45) 鏄?26122) 澶?22825) 浜?20116) 鍗?21313) 鍏?20845) 甯?24093) 閲?37329) 涔?20044) 鏄?26122) 鑻?33521) 姘?27663) 绾?32426) .(46) m(109) d(100)
annotationRoot锛?F:\GitHub\NEXUS\src\annotations
articlePathWithoutExt锛?浜嬪唽涔嬭浇/11-绂€氱邯/01-浼忕静鏈濅唬/18-鏄婅嫳姘?02-鏄婂ぉ浜斿崄鍏笣閲戜箤鏄婅嫳姘忕邯
eventsPath锛?F:\GitHub\NEXUS\src\annotations\浜嬪唽涔嬭浇\11-绂€氱邯\01-浼忕静鏈.events.json鏄婅嫳姘廫02-鏄婂ぉ浜斿崄鍏笣閲戜箤鏄婅嫳姘忕邯.events.md
relationsPath锛?F:\GitHub\NEXUS\src\annotations\浜嬪唽涔嬭浇\11-绂€氱邯\01-浼忕静鏈.relations.json婅嫳姘廫02-鏄婂ぉ浜斿崄鍏笣閲戜箤鏄婅嫳姘忕邯.relations.md
eventsPath 瀛樺湪锛?false
relationsPath 瀛樺湪锛?false
鍔犺浇鐨勬爣娉ㄦ枃浠舵暟閲忥細 0
鍔犺浇鐨勬爣娉ㄦ枃浠讹細 []
浼犻€掔粰鍓嶇鐨勬爣娉ㄦ暟鎹細 { files: [] }
 [2m(+4ms)[22m
[2m10:07:03[22m   [34m鈹溾攢[39m [2m/婕旇繘杞ㄨ抗/01-鏄婂ぉ浜斿崄甯濇鍛充紡缇叉皬绾?index.html[22m========== 鏍囨敞鏂囦欢鍔犺浇璋冭瘯 ==========
article.id 鍘熷鍊硷細 浜嬪唽涔嬭浇/11-绂€氱邯/01-浼忕静鏈濅唬/16-浼忕静姘?01-鏄婂ぉ浜斿崄甯濇鍛充紡缇叉皬绾?md
article.id 绫诲瀷锛?string
article.id 闀垮害锛?44
article.id 瀛楃浠ｇ爜锛?浜?20107) 鍐?20876) 涔?20043) 杞?36733) /(47) 1(49) 1(49) -(45) 绂?31146) 閫?36890) 绾?32426) /(47) 0(48) 1(49) -(45) 浼?20239) 缇?32690) 鏈?26397) 浠?20195) /(47) 1(49) 6(54) -(45) 浼?20239) 缇?32690) 姘?27663) /(47) 0(48) 1(49) -(45) 鏄?26122) 澶?22825) 浜?20116) 鍗?21313) 甯?24093) 妗?26705) 鍛?21619) 浼?20239) 缇?32690) 姘?27663) 绾?32426) .(46) m(109) d(100)
annotationRoot锛?F:\GitHub\NEXUS\src\annotations
articlePathWithoutExt锛?浜嬪唽涔嬭浇/11-绂€氱邯/01-浼忕静鏈濅唬/16-浼忕静姘?01-鏄婂ぉ浜斿崄甯濇鍛充紡缇叉皬绾?eventsPath锛?F:\GitHub\NEXUS\src\annotations\浜嬪唽涔嬭浇\11-绂€氱邯\01-浼忕静鏈濅唬\16-浼忕静姘廫01-鏄婂ぉ浜斿崄甯濇鍛充紡缇叉皬绾?events.md
relationsPath锛?F:\GitHub\NEXUS\src\annotations\浜嬪唽涔嬭浇\11-绂€氱邯\01-浼忕静鏈濅唬\16-浼忕静姘廫01-鏄婂ぉ浜斿崄甯濇鍛充紡缇叉皬绾?relations.md
eventsPath 瀛樺湪锛?false
relationsPath 瀛樺湪锛?false
鍔犺浇鐨勬爣娉ㄦ枃浠舵暟閲忥細 0
鍔犺浇鐨勬爣娉ㄦ枃浠讹細 []
浼犻€掔粰鍓嶇鐨勬爣娉ㄦ暟鎹細 { files: [] }
 [2m(+5ms)[22m
[2m10:07:03[22m   [34m鈹溾攢[39m [2m/婕旇繘杞ㄨ抗/03-鏄婂ぉ浜斿崄涓冨笣鎺笀鏄婅嫳姘忕邯/index.html[22m========== 鏍囨敞鏂囦欢鍔犺浇璋冭瘯 ==========
article.id 鍘熷鍊硷細 浜嬪唽涔嬭浇/11-绂€氱邯/01-浼忕静鏈濅唬/18-鏄婅嫳姘?03-鏄婂ぉ浜斿崄涓冨笣鎺笀鏄婅嫳姘忕邯.md
article.id 绫诲瀷锛?string
article.id 闀垮害锛?45
article.id 瀛楃浠ｇ爜锛?浜?20107) 鍐?20876) 涔?20043) 杞?36733) /(47) 1(49) 1(49) -(45) 绂?31146) 閫?36890) 绾?32426) /(47) 0(48) 1(49) -(45) 浼?20239) 缇?32690) 鏈?26397) 浠?20195) /(47) 1(49) 8(56) -(45) 鏄?26122) 鑻?33521) 姘?27663) /(47) 0(48) 3(51) -(45) 鏄?26122) 澶?22825) 浜?20116) 鍗?21313) 涓?19971) 甯?24093) 鎺?25518) 甯?24072) 鏄?26122) 鑻?33521) 姘?27663) 绾?32426) .(46) m(109) d(100)
annotationRoot锛?F:\GitHub\NEXUS\src\annotations
articlePathWithoutExt锛?浜嬪唽涔嬭浇/11-绂€氱邯/01-浼忕静鏈濅唬/18-鏄婅嫳姘?03-鏄婂ぉ浜斿崄涓冨笣鎺笀鏄婅嫳姘忕邯
eventsPath锛?F:\GitHub\NEXUS\src\annotations\浜嬪唽涔嬭浇\11-绂€氱邯\01-浼忕静鏈.events.json鏄婅嫳姘廫03-鏄婂ぉ浜斿崄涓冨笣鎺笀鏄婅嫳姘忕邯.events.md
relationsPath锛?F:\GitHub\NEXUS\src\annotations\浜嬪唽涔嬭浇\11-绂€氱邯\01-浼忕静鏈.relations.json婅嫳姘廫03-鏄婂ぉ浜斿崄涓冨笣鎺笀鏄婅嫳姘忕邯.relations.md
eventsPath 瀛樺湪锛?false
relationsPath 瀛樺湪锛?false
鍔犺浇鐨勬爣娉ㄦ枃浠舵暟閲忥細 0
鍔犺浇鐨勬爣娉ㄦ枃浠讹細 []
浼犻€掔粰鍓嶇鐨勬爣娉ㄦ暟鎹細 { files: [] }
 [2m(+4ms)[22m
[2m10:07:03[22m   [34m鈹溾攢[39m [2m/婕旇繘杞ㄨ抗/02-鏄婂ぉ鍏崄甯濈綏绉︽湁宸㈡皬绾?index.html[22m========== 鏍囨敞鏂囦欢鍔犺浇璋冭瘯 ==========
article.id 鍘熷鍊硷細 浜嬪唽涔嬭浇/11-绂€氱邯/01-浼忕静鏈濅唬/20-鏈夊发姘?02-鏄婂ぉ鍏崄甯濈綏绉︽湁宸㈡皬绾?md
article.id 绫诲瀷锛?string
article.id 闀垮害锛?44
article.id 瀛楃浠ｇ爜锛?浜?20107) 鍐?20876) 涔?20043) 杞?36733) /(47) 1(49) 1(49) -(45) 绂?31146) 閫?36890) 绾?32426) /(47) 0(48) 1(49) -(45) 浼?20239) 缇?32690) 鏈?26397) 浠?20195) /(47) 2(50) 0(48) -(45) 鏈?26377) 宸?24034) 姘?27663) /(47) 0(48) 2(50) -(45) 鏄?26122) 澶?22825) 鍏?20845) 鍗?21313) 甯?24093) 缃?32599) 绉?31206) 鏈?26377) 宸?24034) 姘?27663) 绾?32426) .(46) m(109) d(100)
annotationRoot锛?F:\GitHub\NEXUS\src\annotations
articlePathWithoutExt锛?浜嬪唽涔嬭浇/11-绂€氱邯/01-浼忕静鏈濅唬/20-鏈夊发姘?02-鏄婂ぉ鍏崄甯濈綏绉︽湁宸㈡皬绾?eventsPath锛?F:\GitHub\NEXUS\src\annotations\浜嬪唽涔嬭浇\11-绂€氱邯\01-浼忕静鏈濅唬\20-鏈夊发姘廫02-鏄婂ぉ鍏崄甯濈綏绉︽湁宸㈡皬绾?events.md
relationsPath锛?F:\GitHub\NEXUS\src\annotations\浜嬪唽涔嬭浇\11-绂€氱邯\01-浼忕静鏈濅唬\20-鏈夊发姘廫02-鏄婂ぉ鍏崄甯濈綏绉︽湁宸㈡皬绾?relations.md
eventsPath 瀛樺湪锛?false
relationsPath 瀛樺湪锛?false
鍔犺浇鐨勬爣娉ㄦ枃浠舵暟閲忥細 0
鍔犺浇鐨勬爣娉ㄦ枃浠讹細 []
浼犻€掔粰鍓嶇鐨勬爣娉ㄦ暟鎹細 { files: [] }
 [2m(+5ms)[22m
[2m10:07:03[22m   [34m鈹溾攢[39m [2m/婕旇繘杞ㄨ抗/01-鏄婂ぉ浜斿崄涔濆笣姹濅俊鏈夊发姘忕邯/index.html[22m========== 鏍囨敞鏂囦欢鍔犺浇璋冭瘯 ==========
article.id 鍘熷鍊硷細 浜嬪唽涔嬭浇/11-绂€氱邯/01-浼忕静鏈濅唬/20-鏈夊发姘?01-鏄婂ぉ浜斿崄涔濆笣姹濅俊鏈夊发姘忕邯.md
article.id 绫诲瀷锛?string
article.id 闀垮害锛?45
article.id 瀛楃浠ｇ爜锛?浜?20107) 鍐?20876) 涔?20043) 杞?36733) /(47) 1(49) 1(49) -(45) 绂?31146) 閫?36890) 绾?32426) /(47) 0(48) 1(49) -(45) 浼?20239) 缇?32690) 鏈?26397) 浠?20195) /(47) 2(50) 0(48) -(45) 鏈?26377) 宸?24034) 姘?27663) /(47) 0(48) 1(49) -(45) 鏄?26122) 澶?22825) 浜?20116) 鍗?21313) 涔?20061) 甯?24093) 姹?27741) 淇?20449) 鏈?26377) 宸?24034) 姘?27663) 绾?32426) .(46) m(109) d(100)
annotationRoot锛?F:\GitHub\NEXUS\src\annotations
articlePathWithoutExt锛?浜嬪唽涔嬭浇/11-绂€氱邯/01-浼忕静鏈濅唬/20-鏈夊发姘?01-鏄婂ぉ浜斿崄涔濆笣姹濅俊鏈夊发姘忕邯
eventsPath锛?F:\GitHub\NEXUS\src\annotations\浜嬪唽涔嬭浇\11-绂€氱邯\01-浼忕静鏈.events.json鏈夊发姘廫01-鏄婂ぉ浜斿崄涔濆笣姹濅俊鏈夊发姘忕邯.events.md
relationsPath锛?F:\GitHub\NEXUS\src\annotations\浜嬪唽涔嬭浇\11-绂€氱邯\01-浼忕静鏈.relations.json夊发姘廫01-鏄婂ぉ浜斿崄涔濆笣姹濅俊鏈夊发姘忕邯.relations.md
eventsPath 瀛樺湪锛?false
relationsPath 瀛樺湪锛?false
鍔犺浇鐨勬爣娉ㄦ枃浠舵暟閲忥細 0
鍔犺浇鐨勬爣娉ㄦ枃浠讹細 []
浼犻€掔粰鍓嶇鐨勬爣娉ㄦ暟鎹細 { files: [] }
 [2m(+4ms)[22m
[2m10:07:03[22m   [34m鈹溾攢[39m [2m/婕旇繘杞ㄨ抗/01-鏄婂ぉ浜斿崄鍏笣闆渤浼忕静姘忕邯/index.html[22m========== 鏍囨敞鏂囦欢鍔犺浇璋冭瘯 ==========
article.id 鍘熷鍊硷細 浜嬪唽涔嬭浇/11-绂€氱邯/01-浼忕静鏈濅唬/19-浼忕静姘?01-鏄婂ぉ浜斿崄鍏笣闆渤浼忕静姘忕邯.md
article.id 绫诲瀷锛?string
article.id 闀垮害锛?45
article.id 瀛楃浠ｇ爜锛?浜?20107) 鍐?20876) 涔?20043) 杞?36733) /(47) 1(49) 1(49) -(45) 绂?31146) 閫?36890) 绾?32426) /(47) 0(48) 1(49) -(45) 浼?20239) 缇?32690) 鏈?26397) 浠?20195) /(47) 1(49) 9(57) -(45) 浼?20239) 缇?32690) 姘?27663) /(47) 0(48) 1(49) -(45) 鏄?26122) 澶?22825) 浜?20116) 鍗?21313) 鍏?20843) 甯?24093) 闆?38634) 娌?27827) 浼?20239) 缇?32690) 姘?27663) 绾?32426) .(46) m(109) d(100)
annotationRoot锛?F:\GitHub\NEXUS\src\annotations
articlePathWithoutExt锛?浜嬪唽涔嬭浇/11-绂€氱邯/01-浼忕静鏈濅唬/19-浼忕静姘?01-鏄婂ぉ浜斿崄鍏笣闆渤浼忕静姘忕邯
eventsPath锛?F:\GitHub\NEXUS\src\annotations\浜嬪唽涔嬭浇\11-绂€氱邯\01-浼忕静鏈.events.json浼忕静姘廫01-鏄婂ぉ浜斿崄鍏笣闆渤浼忕静姘忕邯.events.md
relationsPath锛?F:\GitHub\NEXUS\src\annotations\浜嬪唽涔嬭浇\11-绂€氱邯\01-浼忕静鏈.relations.json忕静姘廫01-鏄婂ぉ浜斿崄鍏笣闆渤浼忕静姘忕邯.relations.md
eventsPath 瀛樺湪锛?false
relationsPath 瀛樺湪锛?false
鍔犺浇鐨勬爣娉ㄦ枃浠舵暟閲忥細 0
鍔犺浇鐨勬爣娉ㄦ枃浠讹細 []
浼犻€掔粰鍓嶇鐨勬爣娉ㄦ暟鎹細 { files: [] }
 [2m(+6ms)[22m
[2m10:07:03[22m   [34m鈹溾攢[39m [2m/婕旇繘杞ㄨ抗/01-鏄婂ぉ浜斿崄涓€甯濅紡绾贩娌屾皬绾?index.html[22m========== 鏍囨敞鏂囦欢鍔犺浇璋冭瘯 ==========
article.id 鍘熷鍊硷細 浜嬪唽涔嬭浇/11-绂€氱邯/01-浼忕静鏈濅唬/17-娣锋矊姘?01-鏄婂ぉ浜斿崄涓€甯濅紡绾贩娌屾皬绾?md
article.id 绫诲瀷锛?string
article.id 闀垮害锛?45
article.id 瀛楃浠ｇ爜锛?浜?20107) 鍐?20876) 涔?20043) 杞?36733) /(47) 1(49) 1(49) -(45) 绂?31146) 閫?36890) 绾?32426) /(47) 0(48) 1(49) -(45) 浼?20239) 缇?32690) 鏈?26397) 浠?20195) /(47) 1(49) 7(55) -(45) 娣?28151) 娌?27788) 姘?27663) /(47) 0(48) 1(49) -(45) 鏄?26122) 澶?22825) 浜?20116) 鍗?21313) 涓€(19968) 甯?24093) 浼?20239) 绾?32426) 娣?28151) 娌?27788) 姘?27663) 绾?32426) .(46) m(109) d(100)
annotationRoot锛?F:\GitHub\NEXUS\src\annotations
articlePathWithoutExt锛?浜嬪唽涔嬭浇/11-绂€氱邯/01-浼忕静鏈濅唬/17-娣锋矊姘?01-鏄婂ぉ浜斿崄涓€甯濅紡绾贩娌屾皬绾?eventsPath锛?F:\GitHub\NEXUS\src\annotations\浜嬪唽涔嬭浇\11-绂€氱邯\01-浼忕静鏈濅唬\17-娣锋矊姘廫01-鏄婂ぉ浜斿崄涓€甯濅紡绾贩娌屾皬绾?events.md
relationsPath锛?F:\GitHub\NEXUS\src\annotations\浜嬪唽涔嬭浇\11-绂€氱邯\01-浼忕静鏈濅唬\17-娣锋矊姘廫01-鏄婂ぉ浜斿崄涓€甯濅紡绾贩娌屾皬绾?relations.md
eventsPath 瀛樺湪锛?false
relationsPath 瀛樺湪锛?false
鍔犺浇鐨勬爣娉ㄦ枃浠舵暟閲忥細 0
鍔犺浇鐨勬爣娉ㄦ枃浠讹細 []
浼犻€掔粰鍓嶇鐨勬爣娉ㄦ暟鎹細 { files: [] }
 [2m(+5ms)[22m
[2m10:07:03[22m   [34m鈹溾攢[39m [2m/婕旇繘杞ㄨ抗/02-鏄婂ぉ浜斿崄浜屽笣闅忓瑒娣锋矊姘忕邯/index.html[22m========== 鏍囨敞鏂囦欢鍔犺浇璋冭瘯 ==========
article.id 鍘熷鍊硷細 浜嬪唽涔嬭浇/11-绂€氱邯/01-浼忕静鏈濅唬/17-娣锋矊姘?02-鏄婂ぉ浜斿崄浜屽笣闅忓瑒娣锋矊姘忕邯.md
article.id 绫诲瀷锛?string
article.id 闀垮害锛?45
article.id 瀛楃浠ｇ爜锛?浜?20107) 鍐?20876) 涔?20043) 杞?36733) /(47) 1(49) 1(49) -(45) 绂?31146) 閫?36890) 绾?32426) /(47) 0(48) 1(49) -(45) 浼?20239) 缇?32690) 鏈?26397) 浠?20195) /(47) 1(49) 7(55) -(45) 娣?28151) 娌?27788) 姘?27663) /(47) 0(48) 2(50) -(45) 鏄?26122) 澶?22825) 浜?20116) 鍗?21313) 浜?20108) 甯?24093) 闅?38543) 瀣?23300) 娣?28151) 娌?27788) 姘?27663) 绾?32426) .(46) m(109) d(100)
annotationRoot锛?F:\GitHub\NEXUS\src\annotations
articlePathWithoutExt锛?浜嬪唽涔嬭浇/11-绂€氱邯/01-浼忕静鏈濅唬/17-娣锋矊姘?02-鏄婂ぉ浜斿崄浜屽笣闅忓瑒娣锋矊姘忕邯
eventsPath锛?F:\GitHub\NEXUS\src\annotations\浜嬪唽涔嬭浇\11-绂€氱邯\01-浼忕静鏈.events.json娣锋矊姘廫02-鏄婂ぉ浜斿崄浜屽笣闅忓瑒娣锋矊姘忕邯.events.md
relationsPath锛?F:\GitHub\NEXUS\src\annotations\浜嬪唽涔嬭浇\11-绂€氱邯\01-浼忕静鏈.relations.json锋矊姘廫02-鏄婂ぉ浜斿崄浜屽笣闅忓瑒娣锋矊姘忕邯.relations.md
eventsPath 瀛樺湪锛?false
relationsPath 瀛樺湪锛?false
鍔犺浇鐨勬爣娉ㄦ枃浠舵暟閲忥細 0
鍔犺浇鐨勬爣娉ㄦ枃浠讹細 []
浼犻€掔粰鍓嶇鐨勬爣娉ㄦ暟鎹細 { files: [] }
 [2m(+5ms)[22m
[2m10:07:03[22m   [34m鈹溾攢[39m [2m/婕旇繘杞ㄨ抗/03-鏄婂ぉ浜斿崄涓夊笣楣忕儊娣锋矊姘忕邯/index.html[22m========== 鏍囨敞鏂囦欢鍔犺浇璋冭瘯 ==========
article.id 鍘熷鍊硷細 浜嬪唽涔嬭浇/11-绂€氱邯/01-浼忕静鏈濅唬/17-娣锋矊姘?03-鏄婂ぉ浜斿崄涓夊笣楣忕儊娣锋矊姘忕邯.md
article.id 绫诲瀷锛?string
article.id 闀垮害锛?45
article.id 瀛楃浠ｇ爜锛?浜?20107) 鍐?20876) 涔?20043) 杞?36733) /(47) 1(49) 1(49) -(45) 绂?31146) 閫?36890) 绾?32426) /(47) 0(48) 1(49) -(45) 浼?20239) 缇?32690) 鏈?26397) 浠?20195) /(47) 1(49) 7(55) -(45) 娣?28151) 娌?27788) 姘?27663) /(47) 0(48) 3(51) -(45) 鏄?26122) 澶?22825) 浜?20116) 鍗?21313) 涓?19977) 甯?24093) 楣?40527) 鐑?28865) 娣?28151) 娌?27788) 姘?27663) 绾?32426) .(46) m(109) d(100)
annotationRoot锛?F:\GitHub\NEXUS\src\annotations
articlePathWithoutExt锛?浜嬪唽涔嬭浇/11-绂€氱邯/01-浼忕静鏈濅唬/17-娣锋矊姘?03-鏄婂ぉ浜斿崄涓夊笣楣忕儊娣锋矊姘忕邯
eventsPath锛?F:\GitHub\NEXUS\src\annotations\浜嬪唽涔嬭浇\11-绂€氱邯\01-浼忕静鏈.events.json娣锋矊姘廫03-鏄婂ぉ浜斿崄涓夊笣楣忕儊娣锋矊姘忕邯.events.md
relationsPath锛?F:\GitHub\NEXUS\src\annotations\浜嬪唽涔嬭浇\11-绂€氱邯\01-浼忕静鏈.relations.json锋矊姘廫03-鏄婂ぉ浜斿崄涓夊笣楣忕儊娣锋矊姘忕邯.relations.md
eventsPath 瀛樺湪锛?false
relationsPath 瀛樺湪锛?false
鍔犺浇鐨勬爣娉ㄦ枃浠舵暟閲忥細 0
鍔犺浇鐨勬爣娉ㄦ枃浠讹細 []
浼犻€掔粰鍓嶇鐨勬爣娉ㄦ暟鎹細 { files: [] }
 [2m(+4ms)[22m
[2m10:07:03[22m   [34m鈹溾攢[39m [2m/婕旇繘杞ㄨ抗/04-鏄婂ぉ浜斿崄鍥涘笣鑼滄渤娣锋矊姘忕邯/index.html[22m========== 鏍囨敞鏂囦欢鍔犺浇璋冭瘯 ==========
article.id 鍘熷鍊硷細 浜嬪唽涔嬭浇/11-绂€氱邯/01-浼忕静鏈濅唬/17-娣锋矊姘?04-鏄婂ぉ浜斿崄鍥涘笣鑼滄渤娣锋矊姘忕邯.md
article.id 绫诲瀷锛?string
article.id 闀垮害锛?45
article.id 瀛楃浠ｇ爜锛?浜?20107) 鍐?20876) 涔?20043) 杞?36733) /(47) 1(49) 1(49) -(45) 绂?31146) 閫?36890) 绾?32426) /(47) 0(48) 1(49) -(45) 浼?20239) 缇?32690) 鏈?26397) 浠?20195) /(47) 1(49) 7(55) -(45) 娣?28151) 娌?27788) 姘?27663) /(47) 0(48) 4(52) -(45) 鏄?26122) 澶?22825) 浜?20116) 鍗?21313) 鍥?22235) 甯?24093) 鑼?33564) 娌?27827) 娣?28151) 娌?27788) 姘?27663) 绾?32426) .(46) m(109) d(100)
annotationRoot锛?F:\GitHub\NEXUS\src\annotations
articlePathWithoutExt锛?浜嬪唽涔嬭浇/11-绂€氱邯/01-浼忕静鏈濅唬/17-娣锋矊姘?04-鏄婂ぉ浜斿崄鍥涘笣鑼滄渤娣锋矊姘忕邯
eventsPath锛?F:\GitHub\NEXUS\src\annotations\浜嬪唽涔嬭浇\11-绂€氱邯\01-浼忕静鏈.events.json娣锋矊姘廫04-鏄婂ぉ浜斿崄鍥涘笣鑼滄渤娣锋矊姘忕邯.events.md
relationsPath锛?F:\GitHub\NEXUS\src\annotations\浜嬪唽涔嬭浇\11-绂€氱邯\01-浼忕静鏈.relations.json锋矊姘廫04-鏄婂ぉ浜斿崄鍥涘笣鑼滄渤娣锋矊姘忕邯.relations.md
eventsPath 瀛樺湪锛?false
relationsPath 瀛樺湪锛?false
鍔犺浇鐨勬爣娉ㄦ枃浠舵暟閲忥細 0
鍔犺浇鐨勬爣娉ㄦ枃浠讹細 []
浼犻€掔粰鍓嶇鐨勬爣娉ㄦ暟鎹細 { files: [] }
 [2m(+5ms)[22m
[2m10:07:03[22m   [34m鈹溾攢[39m [2m/婕旇繘杞ㄨ抗/01-鏄婂ぉ鍏崄涓€甯濊钁涘ぉ姘忕邯/index.html[22m========== 鏍囨敞鏂囦欢鍔犺浇璋冭瘯 ==========
article.id 鍘熷鍊硷細 浜嬪唽涔嬭浇/11-绂€氱邯/01-浼忕静鏈濅唬/21-钁涘ぉ姘?01-鏄婂ぉ鍏崄涓€甯濊钁涘ぉ姘忕邯.md
article.id 绫诲瀷锛?string
article.id 闀垮害锛?44
article.id 瀛楃浠ｇ爜锛?浜?20107) 鍐?20876) 涔?20043) 杞?36733) /(47) 1(49) 1(49) -(45) 绂?31146) 閫?36890) 绾?32426) /(47) 0(48) 1(49) -(45) 浼?20239) 缇?32690) 鏈?26397) 浠?20195) /(47) 2(50) 1(49) -(45) 钁?33883) 澶?22825) 姘?27663) /(47) 0(48) 1(49) -(45) 鏄?26122) 澶?22825) 鍏?20845) 鍗?21313) 涓€(19968) 甯?24093) 璇?35824) 钁?33883) 澶?22825) 姘?27663) 绾?32426) .(46) m(109) d(100)
annotationRoot锛?F:\GitHub\NEXUS\src\annotations
articlePathWithoutExt锛?浜嬪唽涔嬭浇/11-绂€氱邯/01-浼忕静鏈濅唬/21-钁涘ぉ姘?01-鏄婂ぉ鍏崄涓€甯濊钁涘ぉ姘忕邯
eventsPath锛?F:\GitHub\NEXUS\src\annotations\浜嬪唽涔嬭浇\11-绂€氱邯\01-浼忕静�.events.json-钁涘ぉ姘廫01-鏄婂ぉ鍏崄涓€甯濊钁涘ぉ姘忕邯.events.md
relationsPath锛?F:\GitHub\NEXUS\src\annotations\浜嬪唽涔嬭浇\11-绂€氱邯\01-浼忕静�.relations.json�涘ぉ姘廫01-鏄婂ぉ鍏崄涓€甯濊钁涘ぉ姘忕邯.relations.md
eventsPath 瀛樺湪锛?false
relationsPath 瀛樺湪锛?false
鍔犺浇鐨勬爣娉ㄦ枃浠舵暟閲忥細 0
鍔犺浇鐨勬爣娉ㄦ枃浠讹細 []
浼犻€掔粰鍓嶇鐨勬爣娉ㄦ暟鎹細 { files: [] }
 [2m(+5ms)[22m
[2m10:07:03[22m   [34m鈹溾攢[39m [2m/婕旇繘杞ㄨ抗/02-鏄婂ぉ鍏崄浜屽笣宄欓緳钁涘ぉ姘忕邯/index.html[22m========== 鏍囨敞鏂囦欢鍔犺浇璋冭瘯 ==========
article.id 鍘熷鍊硷細 浜嬪唽涔嬭浇/11-绂€氱邯/01-浼忕静鏈濅唬/21-钁涘ぉ姘?02-鏄婂ぉ鍏崄浜屽笣宄欓緳钁涘ぉ姘忕邯.md
article.id 绫诲瀷锛?string
article.id 闀垮害锛?45
article.id 瀛楃浠ｇ爜锛?浜?20107) 鍐?20876) 涔?20043) 杞?36733) /(47) 1(49) 1(49) -(45) 绂?31146) 閫?36890) 绾?32426) /(47) 0(48) 1(49) -(45) 浼?20239) 缇?32690) 鏈?26397) 浠?20195) /(47) 2(50) 1(49) -(45) 钁?33883) 澶?22825) 姘?27663) /(47) 0(48) 2(50) -(45) 鏄?26122) 澶?22825) 鍏?20845) 鍗?21313) 浜?20108) 甯?24093) 宄?23769) 榫?40857) 钁?33883) 澶?22825) 姘?27663) 绾?32426) .(46) m(109) d(100)
annotationRoot锛?F:\GitHub\NEXUS\src\annotations
articlePathWithoutExt锛?浜嬪唽涔嬭浇/11-绂€氱邯/01-浼忕静鏈濅唬/21-钁涘ぉ姘?02-鏄婂ぉ鍏崄浜屽笣宄欓緳钁涘ぉ姘忕邯
eventsPath锛?F:\GitHub\NEXUS\src\annotations\浜嬪唽涔嬭浇\11-绂€氱邯\01-浼忕静鏈.events.json钁涘ぉ姘廫02-鏄婂ぉ鍏崄浜屽笣宄欓緳钁涘ぉ姘忕邯.events.md
relationsPath锛?F:\GitHub\NEXUS\src\annotations\浜嬪唽涔嬭浇\11-绂€氱邯\01-浼忕静鏈.relations.json涘ぉ姘廫02-鏄婂ぉ鍏崄浜屽笣宄欓緳钁涘ぉ姘忕邯.relations.md
eventsPath 瀛樺湪锛?false
relationsPath 瀛樺湪锛?false
鍔犺浇鐨勬爣娉ㄦ枃浠舵暟閲忥細 0
鍔犺浇鐨勬爣娉ㄦ枃浠讹細 []
浼犻€掔粰鍓嶇鐨勬爣娉ㄦ暟鎹細 { files: [] }
 [2m(+5ms)[22m
[2m10:07:03[22m   [34m鈹溾攢[39m [2m/婕旇繘杞ㄨ抗/01-鏄婂ぉ鍏崄鍥涘笣鑽锋洸闃村悍姘忕邯/index.html[22m========== 鏍囨敞鏂囦欢鍔犺浇璋冭瘯 ==========
article.id 鍘熷鍊硷細 浜嬪唽涔嬭浇/11-绂€氱邯/01-浼忕静鏈濅唬/22-闃村悍姘?01-鏄婂ぉ鍏崄鍥涘笣鑽锋洸闃村悍姘忕邯.md
article.id 绫诲瀷锛?string
article.id 闀垮害锛?45
article.id 瀛楃浠ｇ爜锛?浜?20107) 鍐?20876) 涔?20043) 杞?36733) /(47) 1(49) 1(49) -(45) 绂?31146) 閫?36890) 绾?32426) /(47) 0(48) 1(49) -(45) 浼?20239) 缇?32690) 鏈?26397) 浠?20195) /(47) 2(50) 2(50) -(45) 闃?38452) 搴?24247) 姘?27663) /(47) 0(48) 1(49) -(45) 鏄?26122) 澶?22825) 鍏?20845) 鍗?21313) 鍥?22235) 甯?24093) 鑽?33655) 鏇?26354) 闃?38452) 搴?24247) 姘?27663) 绾?32426) .(46) m(109) d(100)
annotationRoot锛?F:\GitHub\NEXUS\src\annotations
articlePathWithoutExt锛?浜嬪唽涔嬭浇/11-绂€氱邯/01-浼忕静鏈濅唬/22-闃村悍姘?01-鏄婂ぉ鍏崄鍥涘笣鑽锋洸闃村悍姘忕邯
eventsPath锛?F:\GitHub\NEXUS\src\annotations\浜嬪唽涔嬭浇\11-绂€氱邯\01-浼忕静鏈.events.json闃村悍姘廫01-鏄婂ぉ鍏崄鍥涘笣鑽锋洸闃村悍姘忕邯.events.md
relationsPath锛?F:\GitHub\NEXUS\src\annotations\浜嬪唽涔嬭浇\11-绂€氱邯\01-浼忕静鏈.relations.json村悍姘廫01-鏄婂ぉ鍏崄鍥涘笣鑽锋洸闃村悍姘忕邯.relations.md
eventsPath 瀛樺湪锛?false
relationsPath 瀛樺湪锛?false
鍔犺浇鐨勬爣娉ㄦ枃浠舵暟閲忥細 0
鍔犺浇鐨勬爣娉ㄦ枃浠讹細 []
浼犻€掔粰鍓嶇鐨勬爣娉ㄦ暟鎹細 { files: [] }
 [2m(+4ms)[22m
[2m10:07:03[22m   [34m鈹溾攢[39m [2m/婕旇繘杞ㄨ抗/03-鏄婂ぉ鍏崄涓夊笣杈炬渤钁涘ぉ姘忕邯/index.html[22m========== 鏍囨敞鏂囦欢鍔犺浇璋冭瘯 ==========
article.id 鍘熷鍊硷細 浜嬪唽涔嬭浇/11-绂€氱邯/01-浼忕静鏈濅唬/21-钁涘ぉ姘?03-鏄婂ぉ鍏崄涓夊笣杈炬渤钁涘ぉ姘忕邯.md
article.id 绫诲瀷锛?string
article.id 闀垮害锛?45
article.id 瀛楃浠ｇ爜锛?浜?20107) 鍐?20876) 涔?20043) 杞?36733) /(47) 1(49) 1(49) -(45) 绂?31146) 閫?36890) 绾?32426) /(47) 0(48) 1(49) -(45) 浼?20239) 缇?32690) 鏈?26397) 浠?20195) /(47) 2(50) 1(49) -(45) 钁?33883) 澶?22825) 姘?27663) /(47) 0(48) 3(51) -(45) 鏄?26122) 澶?22825) 鍏?20845) 鍗?21313) 涓?19977) 甯?24093) 杈?36798) 娌?27827) 钁?33883) 澶?22825) 姘?27663) 绾?32426) .(46) m(109) d(100)
annotationRoot锛?F:\GitHub\NEXUS\src\annotations
articlePathWithoutExt锛?浜嬪唽涔嬭浇/11-绂€氱邯/01-浼忕静鏈濅唬/21-钁涘ぉ姘?03-鏄婂ぉ鍏崄涓夊笣杈炬渤钁涘ぉ姘忕邯
eventsPath锛?F:\GitHub\NEXUS\src\annotations\浜嬪唽涔嬭浇\11-绂€氱邯\01-浼忕静鏈.events.json钁涘ぉ姘廫03-鏄婂ぉ鍏崄涓夊笣杈炬渤钁涘ぉ姘忕邯.events.md
relationsPath锛?F:\GitHub\NEXUS\src\annotations\浜嬪唽涔嬭浇\11-绂€氱邯\01-浼忕静鏈.relations.json涘ぉ姘廫03-鏄婂ぉ鍏崄涓夊笣杈炬渤钁涘ぉ姘忕邯.relations.md
eventsPath 瀛樺湪锛?false
relationsPath 瀛樺湪锛?false
鍔犺浇鐨勬爣娉ㄦ枃浠舵暟閲忥細 0
鍔犺浇鐨勬爣娉ㄦ枃浠讹細 []
浼犻€掔粰鍓嶇鐨勬爣娉ㄦ暟鎹細 { files: [] }
 [2m(+5ms)[22m
[2m10:07:03[22m   [34m鈹溾攢[39m [2m/婕旇繘杞ㄨ抗/03-鏄婂ぉ鍏崄鍏笣濯掑叞闃村悍姘忕邯/index.html[22m========== 鏍囨敞鏂囦欢鍔犺浇璋冭瘯 ==========
article.id 鍘熷鍊硷細 浜嬪唽涔嬭浇/11-绂€氱邯/01-浼忕静鏈濅唬/22-闃村悍姘?03-鏄婂ぉ鍏崄鍏笣濯掑叞闃村悍姘忕邯.md
article.id 绫诲瀷锛?string
article.id 闀垮害锛?45
article.id 瀛楃浠ｇ爜锛?浜?20107) 鍐?20876) 涔?20043) 杞?36733) /(47) 1(49) 1(49) -(45) 绂?31146) 閫?36890) 绾?32426) /(47) 0(48) 1(49) -(45) 浼?20239) 缇?32690) 鏈?26397) 浠?20195) /(47) 2(50) 2(50) -(45) 闃?38452) 搴?24247) 姘?27663) /(47) 0(48) 3(51) -(45) 鏄?26122) 澶?22825) 鍏?20845) 鍗?21313) 鍏?20845) 甯?24093) 濯?23186) 鍏?20848) 闃?38452) 搴?24247) 姘?27663) 绾?32426) .(46) m(109) d(100)
annotationRoot锛?F:\GitHub\NEXUS\src\annotations
articlePathWithoutExt锛?浜嬪唽涔嬭浇/11-绂€氱邯/01-浼忕静鏈濅唬/22-闃村悍姘?03-鏄婂ぉ鍏崄鍏笣濯掑叞闃村悍姘忕邯
eventsPath锛?F:\GitHub\NEXUS\src\annotations\浜嬪唽涔嬭浇\11-绂€氱邯\01-浼忕静鏈.events.json闃村悍姘廫03-鏄婂ぉ鍏崄鍏笣濯掑叞闃村悍姘忕邯.events.md
relationsPath锛?F:\GitHub\NEXUS\src\annotations\浜嬪唽涔嬭浇\11-绂€氱邯\01-浼忕静鏈.relations.json村悍姘廫03-鏄婂ぉ鍏崄鍏笣濯掑叞闃村悍姘忕邯.relations.md
eventsPath 瀛樺湪锛?false
relationsPath 瀛樺湪锛?false
鍔犺浇鐨勬爣娉ㄦ枃浠舵暟閲忥細 0
鍔犺浇鐨勬爣娉ㄦ枃浠讹細 []
浼犻€掔粰鍓嶇鐨勬爣娉ㄦ暟鎹細 { files: [] }
 [2m(+5ms)[22m
[2m10:07:03[22m   [34m鈹溾攢[39m [2m/婕旇繘杞ㄨ抗/02-鏄婂ぉ鍏崄浜斿笣杈捐€抽槾搴锋皬绾?index.html[22m========== 鏍囨敞鏂囦欢鍔犺浇璋冭瘯 ==========
article.id 鍘熷鍊硷細 浜嬪唽涔嬭浇/11-绂€氱邯/01-浼忕静鏈濅唬/22-闃村悍姘?02-鏄婂ぉ鍏崄浜斿笣杈捐€抽槾搴锋皬绾?md
article.id 绫诲瀷锛?string
article.id 闀垮害锛?45
article.id 瀛楃浠ｇ爜锛?浜?20107) 鍐?20876) 涔?20043) 杞?36733) /(47) 1(49) 1(49) -(45) 绂?31146) 閫?36890) 绾?32426) /(47) 0(48) 1(49) -(45) 浼?20239) 缇?32690) 鏈?26397) 浠?20195) /(47) 2(50) 2(50) -(45) 闃?38452) 搴?24247) 姘?27663) /(47) 0(48) 2(50) -(45) 鏄?26122) 澶?22825) 鍏?20845) 鍗?21313) 浜?20116) 甯?24093) 杈?36798) 鑰?32819) 闃?38452) 搴?24247) 姘?27663) 绾?32426) .(46) m(109) d(100)
annotationRoot锛?F:\GitHub\NEXUS\src\annotations
articlePathWithoutExt锛?浜嬪唽涔嬭浇/11-绂€氱邯/01-浼忕静鏈濅唬/22-闃村悍姘?02-鏄婂ぉ鍏崄浜斿笣杈捐€抽槾搴锋皬绾?eventsPath锛?F:\GitHub\NEXUS\src\annotations\浜嬪唽涔嬭浇\11-绂€氱邯\01-浼忕静鏈濅唬\22-闃村悍姘廫02-鏄婂ぉ鍏崄浜斿笣杈捐€抽槾搴锋皬绾?events.md
relationsPath锛?F:\GitHub\NEXUS\src\annotations\浜嬪唽涔嬭浇\11-绂€氱邯\01-浼忕静鏈濅唬\22-闃村悍姘廫02-鏄婂ぉ鍏崄浜斿笣杈捐€抽槾搴锋皬绾?relations.md
eventsPath 瀛樺湪锛?false
relationsPath 瀛樺湪锛?false
鍔犺浇鐨勬爣娉ㄦ枃浠舵暟閲忥細 0
鍔犺浇鐨勬爣娉ㄦ枃浠讹細 []
浼犻€掔粰鍓嶇鐨勬爣娉ㄦ暟鎹細 { files: [] }
 [2m(+5ms)[22m
[2m10:07:03[22m   [34m鈹溾攢[39m [2m/婕旇繘杞ㄨ抗/04-鏄婂ぉ鍏崄涓冨笣绔嬭矾闃村悍姘忕邯/index.html[22m========== 鏍囨敞鏂囦欢鍔犺浇璋冭瘯 ==========
article.id 鍘熷鍊硷細 浜嬪唽涔嬭浇/11-绂€氱邯/01-浼忕静鏈濅唬/22-闃村悍姘?04-鏄婂ぉ鍏崄涓冨笣绔嬭矾闃村悍姘忕邯.md
article.id 绫诲瀷锛?string
article.id 闀垮害锛?45
article.id 瀛楃浠ｇ爜锛?浜?20107) 鍐?20876) 涔?20043) 杞?36733) /(47) 1(49) 1(49) -(45) 绂?31146) 閫?36890) 绾?32426) /(47) 0(48) 1(49) -(45) 浼?20239) 缇?32690) 鏈?26397) 浠?20195) /(47) 2(50) 2(50) -(45) 闃?38452) 搴?24247) 姘?27663) /(47) 0(48) 4(52) -(45) 鏄?26122) 澶?22825) 鍏?20845) 鍗?21313) 涓?19971) 甯?24093) 绔?31435) 璺?36335) 闃?38452) 搴?24247) 姘?27663) 绾?32426) .(46) m(109) d(100)
annotationRoot锛?F:\GitHub\NEXUS\src\annotations
articlePathWithoutExt锛?浜嬪唽涔嬭浇/11-绂€氱邯/01-浼忕静鏈濅唬/22-闃村悍姘?04-鏄婂ぉ鍏崄涓冨笣绔嬭矾闃村悍姘忕邯
eventsPath锛?F:\GitHub\NEXUS\src\annotations\浜嬪唽涔嬭浇\11-绂€氱邯\01-浼忕静鏈.events.json闃村悍姘廫04-鏄婂ぉ鍏崄涓冨笣绔嬭矾闃村悍姘忕邯.events.md
relationsPath锛?F:\GitHub\NEXUS\src\annotations\浜嬪唽涔嬭浇\11-绂€氱邯\01-浼忕静鏈.relations.json村悍姘廫04-鏄婂ぉ鍏崄涓冨笣绔嬭矾闃村悍姘忕邯.relations.md
eventsPath 瀛樺湪锛?false
relationsPath 瀛樺湪锛?false
鍔犺浇鐨勬爣娉ㄦ枃浠舵暟閲忥細 0
鍔犺浇鐨勬爣娉ㄦ枃浠讹細 []
浼犻€掔粰鍓嶇鐨勬爣娉ㄦ暟鎹細 { files: [] }
 [2m(+4ms)[22m
[2m10:07:03[22m   [34m鈹溾攢[39m [2m/婕旇繘杞ㄨ抗/01-鏄婂ぉ鍏崄鍏笣鍥犲悍浼忕静姘忕邯/index.html[22m========== 鏍囨敞鏂囦欢鍔犺浇璋冭瘯 ==========
article.id 鍘熷鍊硷細 浜嬪唽涔嬭浇/11-绂€氱邯/01-浼忕静鏈濅唬/23-浼忕静姘?01-鏄婂ぉ鍏崄鍏笣鍥犲悍浼忕静姘忕邯.md
article.id 绫诲瀷锛?string
article.id 闀垮害锛?45
article.id 瀛楃浠ｇ爜锛?浜?20107) 鍐?20876) 涔?20043) 杞?36733) /(47) 1(49) 1(49) -(45) 绂?31146) 閫?36890) 绾?32426) /(47) 0(48) 1(49) -(45) 浼?20239) 缇?32690) 鏈?26397) 浠?20195) /(47) 2(50) 3(51) -(45) 浼?20239) 缇?32690) 姘?27663) /(47) 0(48) 1(49) -(45) 鏄?26122) 澶?22825) 鍏?20845) 鍗?21313) 鍏?20843) 甯?24093) 鍥?22240) 搴?24247) 浼?20239) 缇?32690) 姘?27663) 绾?32426) .(46) m(109) d(100)
annotationRoot锛?F:\GitHub\NEXUS\src\annotations
articlePathWithoutExt锛?浜嬪唽涔嬭浇/11-绂€氱邯/01-浼忕静鏈濅唬/23-浼忕静姘?01-鏄婂ぉ鍏崄鍏笣鍥犲悍浼忕静姘忕邯
eventsPath锛?F:\GitHub\NEXUS\src\annotations\浜嬪唽涔嬭浇\11-绂€氱邯\01-浼忕静鏈.events.json浼忕静姘廫01-鏄婂ぉ鍏崄鍏笣鍥犲悍浼忕静姘忕邯.events.md
relationsPath锛?F:\GitHub\NEXUS\src\annotations\浜嬪唽涔嬭浇\11-绂€氱邯\01-浼忕静鏈.relations.json忕静姘廫01-鏄婂ぉ鍏崄鍏笣鍥犲悍浼忕静姘忕邯.relations.md
eventsPath 瀛樺湪锛?false
relationsPath 瀛樺湪锛?false
鍔犺浇鐨勬爣娉ㄦ枃浠舵暟閲忥細 0
鍔犺浇鐨勬爣娉ㄦ枃浠讹細 []
浼犻€掔粰鍓嶇鐨勬爣娉ㄦ暟鎹細 { files: [] }
 [2m(+4ms)[22m
[2m10:07:04[22m   [34m鈹溾攢[39m [2m/婕旇繘杞ㄨ抗/01-鏄婂ぉ鍏崄涔濆笣澧欑儊鏈辫姘忕邯/index.html[22m========== 鏍囨敞鏂囦欢鍔犺浇璋冭瘯 ==========
article.id 鍘熷鍊硷細 浜嬪唽涔嬭浇/11-绂€氱邯/01-浼忕静鏈濅唬/24-鏈辫姘?01-鏄婂ぉ鍏崄涔濆笣澧欑儊鏈辫姘忕邯.md
article.id 绫诲瀷锛?string
article.id 闀垮害锛?45
article.id 瀛楃浠ｇ爜锛?浜?20107) 鍐?20876) 涔?20043) 杞?36733) /(47) 1(49) 1(49) -(45) 绂?31146) 閫?36890) 绾?32426) /(47) 0(48) 1(49) -(45) 浼?20239) 缇?32690) 鏈?26397) 浠?20195) /(47) 2(50) 4(52) -(45) 鏈?26417) 瑗?35140) 姘?27663) /(47) 0(48) 1(49) -(45) 鏄?26122) 澶?22825) 鍏?20845) 鍗?21313) 涔?20061) 甯?24093) 澧?22681) 鐑?28865) 鏈?26417) 瑗?35140) 姘?27663) 绾?32426) .(46) m(109) d(100)
annotationRoot锛?F:\GitHub\NEXUS\src\annotations
articlePathWithoutExt锛?浜嬪唽涔嬭浇/11-绂€氱邯/01-浼忕静鏈濅唬/24-鏈辫姘?01-鏄婂ぉ鍏崄涔濆笣澧欑儊鏈辫姘忕邯
eventsPath锛?F:\GitHub\NEXUS\src\annotations\浜嬪唽涔嬭浇\11-绂€氱邯\01-浼忕静鏈.events.json鏈辫姘廫01-鏄婂ぉ鍏崄涔濆笣澧欑儊鏈辫姘忕邯.events.md
relationsPath锛?F:\GitHub\NEXUS\src\annotations\浜嬪唽涔嬭浇\11-绂€氱邯\01-浼忕静鏈.relations.json辫姘廫01-鏄婂ぉ鍏崄涔濆笣澧欑儊鏈辫姘忕邯.relations.md
eventsPath 瀛樺湪锛?false
relationsPath 瀛樺湪锛?false
鍔犺浇鐨勬爣娉ㄦ枃浠舵暟閲忥細 0
鍔犺浇鐨勬爣娉ㄦ枃浠讹細 []
浼犻€掔粰鍓嶇鐨勬爣娉ㄦ暟鎹細 { files: [] }
 [2m(+4ms)[22m
[2m10:07:04[22m   [34m鈹溾攢[39m [2m/婕旇繘杞ㄨ抗/02-鏄婂ぉ涓冨崄甯濇辰娌绘湵瑗勬皬绾?index.html[22m========== 鏍囨敞鏂囦欢鍔犺浇璋冭瘯 ==========
article.id 鍘熷鍊硷細 浜嬪唽涔嬭浇/11-绂€氱邯/01-浼忕静鏈濅唬/24-鏈辫姘?02-鏄婂ぉ涓冨崄甯濇辰娌绘湵瑗勬皬绾?md
article.id 绫诲瀷锛?string
article.id 闀垮害锛?44
article.id 瀛楃浠ｇ爜锛?浜?20107) 鍐?20876) 涔?20043) 杞?36733) /(47) 1(49) 1(49) -(45) 绂?31146) 閫?36890) 绾?32426) /(47) 0(48) 1(49) -(45) 浼?20239) 缇?32690) 鏈?26397) 浠?20195) /(47) 2(50) 4(52) -(45) 鏈?26417) 瑗?35140) 姘?27663) /(47) 0(48) 2(50) -(45) 鏄?26122) 澶?22825) 涓?19971) 鍗?21313) 甯?24093) 娉?27901) 娌?27835) 鏈?26417) 瑗?35140) 姘?27663) 绾?32426) .(46) m(109) d(100)
annotationRoot锛?F:\GitHub\NEXUS\src\annotations
articlePathWithoutExt锛?浜嬪唽涔嬭浇/11-绂€氱邯/01-浼忕静鏈濅唬/24-鏈辫姘?02-鏄婂ぉ涓冨崄甯濇辰娌绘湵瑗勬皬绾?eventsPath锛?F:\GitHub\NEXUS\src\annotations\浜嬪唽涔嬭浇\11-绂€氱邯\01-浼忕静鏈濅唬\24-鏈辫姘廫02-鏄婂ぉ涓冨崄甯濇辰娌绘湵瑗勬皬绾?events.md
relationsPath锛?F:\GitHub\NEXUS\src\annotations\浜嬪唽涔嬭浇\11-绂€氱邯\01-浼忕静鏈濅唬\24-鏈辫姘廫02-鏄婂ぉ涓冨崄甯濇辰娌绘湵瑗勬皬绾?relations.md
eventsPath 瀛樺湪锛?false
relationsPath 瀛樺湪锛?false
鍔犺浇鐨勬爣娉ㄦ枃浠舵暟閲忥細 0
鍔犺浇鐨勬爣娉ㄦ枃浠讹細 []
浼犻€掔粰鍓嶇鐨勬爣娉ㄦ暟鎹細 { files: [] }
 [2m(+4ms)[22m
[2m10:07:04[22m   [34m鈹溾攢[39m [2m/婕旇繘杞ㄨ抗/01-鏄婂ぉ涓冨崄涓€甯濇腑鑼備紡缇叉皬绾?index.html[22m========== 鏍囨敞鏂囦欢鍔犺浇璋冭瘯 ==========
article.id 鍘熷鍊硷細 浜嬪唽涔嬭浇/11-绂€氱邯/01-浼忕静鏈濅唬/25-浼忕静姘?01-鏄婂ぉ涓冨崄涓€甯濇腑鑼備紡缇叉皬绾?md
article.id 绫诲瀷锛?string
article.id 闀垮害锛?45
article.id 瀛楃浠ｇ爜锛?浜?20107) 鍐?20876) 涔?20043) 杞?36733) /(47) 1(49) 1(49) -(45) 绂?31146) 閫?36890) 绾?32426) /(47) 0(48) 1(49) -(45) 浼?20239) 缇?32690) 鏈?26397) 浠?20195) /(47) 2(50) 5(53) -(45) 浼?20239) 缇?32690) 姘?27663) /(47) 0(48) 1(49) -(45) 鏄?26122) 澶?22825) 涓?19971) 鍗?21313) 涓€(19968) 甯?24093) 娓?28205) 鑼?33538) 浼?20239) 缇?32690) 姘?27663) 绾?32426) .(46) m(109) d(100)
annotationRoot锛?F:\GitHub\NEXUS\src\annotations
articlePathWithoutExt锛?浜嬪唽涔嬭浇/11-绂€氱邯/01-浼忕静鏈濅唬/25-浼忕静姘?01-鏄婂ぉ涓冨崄涓€甯濇腑鑼備紡缇叉皬绾?eventsPath锛?F:\GitHub\NEXUS\src\annotations\浜嬪唽涔嬭浇\11-绂€氱邯\01-浼忕静鏈濅唬\25-浼忕静姘廫01-鏄婂ぉ涓冨崄涓€甯濇腑鑼備紡缇叉皬绾?events.md
relationsPath锛?F:\GitHub\NEXUS\src\annotations\浜嬪唽涔嬭浇\11-绂€氱邯\01-浼忕静鏈濅唬\25-浼忕静姘廫01-鏄婂ぉ涓冨崄涓€甯濇腑鑼備紡缇叉皬绾?relations.md
eventsPath 瀛樺湪锛?false
relationsPath 瀛樺湪锛?false
鍔犺浇鐨勬爣娉ㄦ枃浠舵暟閲忥細 0
鍔犺浇鐨勬爣娉ㄦ枃浠讹細 []
浼犻€掔粰鍓嶇鐨勬爣娉ㄦ暟鎹細 { files: [] }
 [2m(+4ms)[22m
[2m10:07:04[22m   [34m鈹溾攢[39m [2m/婕旇繘杞ㄨ抗/01-鏄婂ぉ涓冨崄浜屽笣鑻嶈姃鏃犳€€姘忕邯/index.html[22m========== 鏍囨敞鏂囦欢鍔犺浇璋冭瘯 ==========
article.id 鍘熷鍊硷細 浜嬪唽涔嬭浇/11-绂€氱邯/01-浼忕静鏈濅唬/26-鏃犳€€姘?01-鏄婂ぉ涓冨崄浜屽笣鑻嶈姃鏃犳€€姘忕邯.md
article.id 绫诲瀷锛?string
article.id 闀垮害锛?45
article.id 瀛楃浠ｇ爜锛?浜?20107) 鍐?20876) 涔?20043) 杞?36733) /(47) 1(49) 1(49) -(45) 绂?31146) 閫?36890) 绾?32426) /(47) 0(48) 1(49) -(45) 浼?20239) 缇?32690) 鏈?26397) 浠?20195) /(47) 2(50) 6(54) -(45) 鏃?26080) 鎬€(24576) 姘?27663) /(47) 0(48) 1(49) -(45) 鏄?26122) 澶?22825) 涓?19971) 鍗?21313) 浜?20108) 甯?24093) 鑻?33485) 鑺?33426) 鏃?26080) 鎬€(24576) 姘?27663) 绾?32426) .(46) m(109) d(100)
annotationRoot锛?F:\GitHub\NEXUS\src\annotations
articlePathWithoutExt锛?浜嬪唽涔嬭浇/11-绂€氱邯/01-浼忕静鏈濅唬/26-鏃犳€€姘?01-鏄婂ぉ涓冨崄浜屽笣鑻嶈姃鏃犳€€姘忕邯
eventsPath锛?F:\GitHub\NEXUS\src\annotations\浜嬪唽涔嬭浇\11-绂€氱邯\01-浼忕静鏈�.events.json�犳€€姘廫01-鏄婂ぉ涓冨崄浜屽笣鑻嶈姃鏃犳€€姘忕邯.events.md
relationsPath锛?F:\GitHub\NEXUS\src\annotations\浜嬪唽涔嬭浇\11-绂€氱邯\01-浼忕静鏈�.relations.json�€€姘廫01-鏄婂ぉ涓冨崄浜屽笣鑻嶈姃鏃犳€€姘忕邯.relations.md
eventsPath 瀛樺湪锛?false
relationsPath 瀛樺湪锛?false
鍔犺浇鐨勬爣娉ㄦ枃浠舵暟閲忥細 0
鍔犺浇鐨勬爣娉ㄦ枃浠讹細 []
浼犻€掔粰鍓嶇鐨勬爣娉ㄦ暟鎹細 { files: [] }
 [2m(+4ms)[22m
[2m10:07:04[22m   [34m鈹溾攢[39m [2m/婕旇繘杞ㄨ抗/02-鏄婂ぉ涓冨崄涓夊笣鑺傛洸鏃犳€€姘忕邯/index.html[22m========== 鏍囨敞鏂囦欢鍔犺浇璋冭瘯 ==========
article.id 鍘熷鍊硷細 浜嬪唽涔嬭浇/11-绂€氱邯/01-浼忕静鏈濅唬/26-鏃犳€€姘?02-鏄婂ぉ涓冨崄涓夊笣鑺傛洸鏃犳€€姘忕邯.md
article.id 绫诲瀷锛?string
article.id 闀垮害锛?45
article.id 瀛楃浠ｇ爜锛?浜?20107) 鍐?20876) 涔?20043) 杞?36733) /(47) 1(49) 1(49) -(45) 绂?31146) 閫?36890) 绾?32426) /(47) 0(48) 1(49) -(45) 浼?20239) 缇?32690) 鏈?26397) 浠?20195) /(47) 2(50) 6(54) -(45) 鏃?26080) 鎬€(24576) 姘?27663) /(47) 0(48) 2(50) -(45) 鏄?26122) 澶?22825) 涓?19971) 鍗?21313) 涓?19977) 甯?24093) 鑺?33410) 鏇?26354) 鏃?26080) 鎬€(24576) 姘?27663) 绾?32426) .(46) m(109) d(100)
annotationRoot锛?F:\GitHub\NEXUS\src\annotations
articlePathWithoutExt锛?浜嬪唽涔嬭浇/11-绂€氱邯/01-浼忕静鏈濅唬/26-鏃犳€€姘?02-鏄婂ぉ涓冨崄涓夊笣鑺傛洸鏃犳€€姘忕邯
eventsPath锛?F:\GitHub\NEXUS\src\annotations\浜嬪唽涔嬭浇\11-绂€氱邯\01-浼忕静鏈�.events.json�犳€€姘廫02-鏄婂ぉ涓冨崄涓夊笣鑺傛洸鏃犳€€姘忕邯.events.md
relationsPath锛?F:\GitHub\NEXUS\src\annotations\浜嬪唽涔嬭浇\11-绂€氱邯\01-浼忕静鏈�.relations.json�€€姘廫02-鏄婂ぉ涓冨崄涓夊笣鑺傛洸鏃犳€€姘忕邯.relations.md
eventsPath 瀛樺湪锛?false
relationsPath 瀛樺湪锛?false
鍔犺浇鐨勬爣娉ㄦ枃浠舵暟閲忥細 0
鍔犺浇鐨勬爣娉ㄦ枃浠讹細 []
浼犻€掔粰鍓嶇鐨勬爣娉ㄦ暟鎹細 { files: [] }
 [2m(+5ms)[22m
[2m10:07:04[22m   [34m鈹溾攢[39m [2m/婕旇繘杞ㄨ抗/02-鐐庡ぉ鍏笘甯濅复榄佺鍐滄皬绾?index.html[22m========== 鏍囨敞鏂囦欢鍔犺浇璋冭瘯 ==========
article.id 鍘熷鍊硷細 浜嬪唽涔嬭浇/11-绂€氱邯/03-绁炶静鏈濅唬/01-绁炶静姘?02-鐐庡ぉ鍏笘甯濅复榄佺鍐滄皬绾?md
article.id 绫诲瀷锛?string
article.id 闀垮害锛?44
article.id 瀛楃浠ｇ爜锛?浜?20107) 鍐?20876) 涔?20043) 杞?36733) /(47) 1(49) 1(49) -(45) 绂?31146) 閫?36890) 绾?32426) /(47) 0(48) 3(51) -(45) 绁?31070) 杈?36786) 鏈?26397) 浠?20195) /(47) 0(48) 1(49) -(45) 绁?31070) 杈?36786) 姘?27663) /(47) 0(48) 2(50) -(45) 鐐?28814) 澶?22825) 鍏?20843) 涓?19990) 甯?24093) 涓?20020) 榄?39745) 绁?31070) 鍐?20892) 姘?27663) 绾?32426) .(46) m(109) d(100)
annotationRoot锛?F:\GitHub\NEXUS\src\annotations
articlePathWithoutExt锛?浜嬪唽涔嬭浇/11-绂€氱邯/03-绁炶静鏈濅唬/01-绁炶静姘?02-鐐庡ぉ鍏笘甯濅复榄佺鍐滄皬绾?eventsPath锛?F:\GitHub\NEXUS\src\annotations\浜嬪唽涔嬭浇\11-绂€氱邯\03-绁炶静鏈濅唬\01-绁炶静姘廫02-鐐庡ぉ鍏笘甯濅复榄佺鍐滄皬绾?events.md
relationsPath锛?F:\GitHub\NEXUS\src\annotations\浜嬪唽涔嬭浇\11-绂€氱邯\03-绁炶静鏈濅唬\01-绁炶静姘廫02-鐐庡ぉ鍏笘甯濅复榄佺鍐滄皬绾?relations.md
eventsPath 瀛樺湪锛?false
relationsPath 瀛樺湪锛?false
鍔犺浇鐨勬爣娉ㄦ枃浠舵暟閲忥細 0
鍔犺浇鐨勬爣娉ㄦ枃浠讹細 []
浼犻€掔粰鍓嶇鐨勬爣娉ㄦ暟鎹細 { files: [] }
 [2m(+6ms)[22m
[2m10:07:04[22m   [34m鈹溾攢[39m [2m/婕旇繘杞ㄨ抗/01-鐐庡ぉ涓冧笘甯濈经绾ョ鍐滄皬绾?index.html[22m========== 鏍囨敞鏂囦欢鍔犺浇璋冭瘯 ==========
article.id 鍘熷鍊硷細 浜嬪唽涔嬭浇/11-绂€氱邯/03-绁炶静鏈濅唬/01-绁炶静姘?01-鐐庡ぉ涓冧笘甯濈经绾ョ鍐滄皬绾?md
article.id 绫诲瀷锛?string
article.id 闀垮害锛?44
article.id 瀛楃浠ｇ爜锛?浜?20107) 鍐?20876) 涔?20043) 杞?36733) /(47) 1(49) 1(49) -(45) 绂?31146) 閫?36890) 绾?32426) /(47) 0(48) 3(51) -(45) 绁?31070) 杈?36786) 鏈?26397) 浠?20195) /(47) 0(48) 1(49) -(45) 绁?31070) 杈?36786) 姘?27663) /(47) 0(48) 1(49) -(45) 鐐?28814) 澶?22825) 涓?19971) 涓?19990) 甯?24093) 缇?32685) 绾?32421) 绁?31070) 鍐?20892) 姘?27663) 绾?32426) .(46) m(109) d(100)
annotationRoot锛?F:\GitHub\NEXUS\src\annotations
articlePathWithoutExt锛?浜嬪唽涔嬭浇/11-绂€氱邯/03-绁炶静鏈濅唬/01-绁炶静姘?01-鐐庡ぉ涓冧笘甯濈经绾ョ鍐滄皬绾?eventsPath锛?F:\GitHub\NEXUS\src\annotations\浜嬪唽涔嬭浇\11-绂€氱邯\03-绁炶静鏈濅唬\01-绁炶静姘廫01-鐐庡ぉ涓冧笘甯濈经绾ョ鍐滄皬绾?events.md
relationsPath锛?F:\GitHub\NEXUS\src\annotations\浜嬪唽涔嬭浇\11-绂€氱邯\03-绁炶静鏈濅唬\01-绁炶静姘廫01-鐐庡ぉ涓冧笘甯濈经绾ョ鍐滄皬绾?relations.md
eventsPath 瀛樺湪锛?false
relationsPath 瀛樺湪锛?false
鍔犺浇鐨勬爣娉ㄦ枃浠舵暟閲忥細 0
鍔犺浇鐨勬爣娉ㄦ枃浠讹細 []
浼犻€掔粰鍓嶇鐨勬爣娉ㄦ暟鎹細 { files: [] }
 [2m(+6ms)[22m
[2m10:07:04[22m   [34m鈹溾攢[39m [2m/婕旇繘杞ㄨ抗/03-鐐庡ぉ涔濅笘甯濇壙绁炲啘姘忕邯/index.html[22m========== 鏍囨敞鏂囦欢鍔犺浇璋冭瘯 ==========
article.id 鍘熷鍊硷細 浜嬪唽涔嬭浇/11-绂€氱邯/03-绁炶静鏈濅唬/01-绁炶静姘?03-鐐庡ぉ涔濅笘甯濇壙绁炲啘姘忕邯.md
article.id 绫诲瀷锛?string
article.id 闀垮害锛?43
article.id 瀛楃浠ｇ爜锛?浜?20107) 鍐?20876) 涔?20043) 杞?36733) /(47) 1(49) 1(49) -(45) 绂?31146) 閫?36890) 绾?32426) /(47) 0(48) 3(51) -(45) 绁?31070) 杈?36786) 鏈?26397) 浠?20195) /(47) 0(48) 1(49) -(45) 绁?31070) 杈?36786) 姘?27663) /(47) 0(48) 3(51) -(45) 鐐?28814) 澶?22825) 涔?20061) 涓?19990) 甯?24093) 鎵?25215) 绁?31070) 鍐?20892) 姘?27663) 绾?32426) .(46) m(109) d(100)
annotationRoot锛?F:\GitHub\NEXUS\src\annotations
articlePathWithoutExt锛?浜嬪唽涔嬭浇/11-绂€氱邯/03-绁炶静鏈濅唬/01-绁炶静姘?03-鐐庡ぉ涔濅笘甯濇壙绁炲啘姘忕邯
eventsPath锛?F:\GitHub\NEXUS\src\annotations\浜嬪唽涔嬭浇\11-绂€氱邯\03-绁炶静.events.json01-绁炶静姘廫03-鐐庡ぉ涔濅笘甯濇壙绁炲啘姘忕邯.events.md
relationsPath锛?F:\GitHub\NEXUS\src\annotations\浜嬪唽涔嬭浇\11-绂€氱邯\03-绁炶静.relations.json绁炶静姘廫03-鐐庡ぉ涔濅笘甯濇壙绁炲啘姘忕邯.relations.md
eventsPath 瀛樺湪锛?false
relationsPath 瀛樺湪锛?false
鍔犺浇鐨勬爣娉ㄦ枃浠舵暟閲忥細 0
鍔犺浇鐨勬爣娉ㄦ枃浠讹細 []
浼犻€掔粰鍓嶇鐨勬爣娉ㄦ暟鎹細 { files: [] }
 [2m(+7ms)[22m
[2m10:07:04[22m   [34m鈹溾攢[39m [2m/婕旇繘杞ㄨ抗/04-鐐庡ぉ鍗佷笘甯濇槑绁炲啘姘忕邯/index.html[22m========== 鏍囨敞鏂囦欢鍔犺浇璋冭瘯 ==========
article.id 鍘熷鍊硷細 浜嬪唽涔嬭浇/11-绂€氱邯/03-绁炶静鏈濅唬/01-绁炶静姘?04-鐐庡ぉ鍗佷笘甯濇槑绁炲啘姘忕邯.md
article.id 绫诲瀷锛?string
article.id 闀垮害锛?43
article.id 瀛楃浠ｇ爜锛?浜?20107) 鍐?20876) 涔?20043) 杞?36733) /(47) 1(49) 1(49) -(45) 绂?31146) 閫?36890) 绾?32426) /(47) 0(48) 3(51) -(45) 绁?31070) 杈?36786) 鏈?26397) 浠?20195) /(47) 0(48) 1(49) -(45) 绁?31070) 杈?36786) 姘?27663) /(47) 0(48) 4(52) -(45) 鐐?28814) 澶?22825) 鍗?21313) 涓?19990) 甯?24093) 鏄?26126) 绁?31070) 鍐?20892) 姘?27663) 绾?32426) .(46) m(109) d(100)
annotationRoot锛?F:\GitHub\NEXUS\src\annotations
articlePathWithoutExt锛?浜嬪唽涔嬭浇/11-绂€氱邯/03-绁炶静鏈濅唬/01-绁炶静姘?04-鐐庡ぉ鍗佷笘甯濇槑绁炲啘姘忕邯
eventsPath锛?F:\GitHub\NEXUS\src\annotations\浜嬪唽涔嬭浇\11-绂€氱邯\03-绁炶静.events.json01-绁炶静姘廫04-鐐庡ぉ鍗佷笘甯濇槑绁炲啘姘忕邯.events.md
relationsPath锛?F:\GitHub\NEXUS\src\annotations\浜嬪唽涔嬭浇\11-绂€氱邯\03-绁炶静.relations.json绁炶静姘廫04-鐐庡ぉ鍗佷笘甯濇槑绁炲啘姘忕邯.relations.md
eventsPath 瀛樺湪锛?false
relationsPath 瀛樺湪锛?false
鍔犺浇鐨勬爣娉ㄦ枃浠舵暟閲忥細 0
鍔犺浇鐨勬爣娉ㄦ枃浠讹細 []
浼犻€掔粰鍓嶇鐨勬爣娉ㄦ暟鎹細 { files: [] }
 [2m(+6ms)[22m
[2m10:07:04[22m   [34m鈹溾攢[39m [2m/婕旇繘杞ㄨ抗/05-鐐庡ぉ鍗佷竴涓栧笣瀹滅鍐滄皬绾?index.html[22m========== 鏍囨敞鏂囦欢鍔犺浇璋冭瘯 ==========
article.id 鍘熷鍊硷細 浜嬪唽涔嬭浇/11-绂€氱邯/03-绁炶静鏈濅唬/01-绁炶静姘?05-鐐庡ぉ鍗佷竴涓栧笣瀹滅鍐滄皬绾?md
article.id 绫诲瀷锛?string
article.id 闀垮害锛?44
article.id 瀛楃浠ｇ爜锛?浜?20107) 鍐?20876) 涔?20043) 杞?36733) /(47) 1(49) 1(49) -(45) 绂?31146) 閫?36890) 绾?32426) /(47) 0(48) 3(51) -(45) 绁?31070) 杈?36786) 鏈?26397) 浠?20195) /(47) 0(48) 1(49) -(45) 绁?31070) 杈?36786) 姘?27663) /(47) 0(48) 5(53) -(45) 鐐?28814) 澶?22825) 鍗?21313) 涓€(19968) 涓?19990) 甯?24093) 瀹?23452) 绁?31070) 鍐?20892) 姘?27663) 绾?32426) .(46) m(109) d(100)
annotationRoot锛?F:\GitHub\NEXUS\src\annotations
articlePathWithoutExt锛?浜嬪唽涔嬭浇/11-绂€氱邯/03-绁炶静鏈濅唬/01-绁炶静姘?05-鐐庡ぉ鍗佷竴涓栧笣瀹滅鍐滄皬绾?eventsPath锛?F:\GitHub\NEXUS\src\annotations\浜嬪唽涔嬭浇\11-绂€氱邯\03-绁炶静鏈濅唬\01-绁炶静姘廫05-鐐庡ぉ鍗佷竴涓栧笣瀹滅鍐滄皬绾?events.md
relationsPath锛?F:\GitHub\NEXUS\src\annotations\浜嬪唽涔嬭浇\11-绂€氱邯\03-绁炶静鏈濅唬\01-绁炶静姘廫05-鐐庡ぉ鍗佷竴涓栧笣瀹滅鍐滄皬绾?relations.md
eventsPath 瀛樺湪锛?false
relationsPath 瀛樺湪锛?false
鍔犺浇鐨勬爣娉ㄦ枃浠舵暟閲忥細 0
鍔犺浇鐨勬爣娉ㄦ枃浠讹細 []
浼犻€掔粰鍓嶇鐨勬爣娉ㄦ暟鎹細 { files: [] }
 [2m(+8ms)[22m
[2m10:07:04[22m   [34m鈹溾攢[39m [2m/婕旇繘杞ㄨ抗/06-鐐庡ぉ鍗佷簩涓栧笣鏉ョ鍐滄皬绾?index.html[22m========== 鏍囨敞鏂囦欢鍔犺浇璋冭瘯 ==========
article.id 鍘熷鍊硷細 浜嬪唽涔嬭浇/11-绂€氱邯/03-绁炶静鏈濅唬/01-绁炶静姘?06-鐐庡ぉ鍗佷簩涓栧笣鏉ョ鍐滄皬绾?md
article.id 绫诲瀷锛?string
article.id 闀垮害锛?44
article.id 瀛楃浠ｇ爜锛?浜?20107) 鍐?20876) 涔?20043) 杞?36733) /(47) 1(49) 1(49) -(45) 绂?31146) 閫?36890) 绾?32426) /(47) 0(48) 3(51) -(45) 绁?31070) 杈?36786) 鏈?26397) 浠?20195) /(47) 0(48) 1(49) -(45) 绁?31070) 杈?36786) 姘?27663) /(47) 0(48) 6(54) -(45) 鐐?28814) 澶?22825) 鍗?21313) 浜?20108) 涓?19990) 甯?24093) 鏉?26469) 绁?31070) 鍐?20892) 姘?27663) 绾?32426) .(46) m(109) d(100)
annotationRoot锛?F:\GitHub\NEXUS\src\annotations
articlePathWithoutExt锛?浜嬪唽涔嬭浇/11-绂€氱邯/03-绁炶静鏈濅唬/01-绁炶静姘?06-鐐庡ぉ鍗佷簩涓栧笣鏉ョ鍐滄皬绾?eventsPath锛?F:\GitHub\NEXUS\src\annotations\浜嬪唽涔嬭浇\11-绂€氱邯\03-绁炶静鏈濅唬\01-绁炶静姘廫06-鐐庡ぉ鍗佷簩涓栧笣鏉ョ鍐滄皬绾?events.md
relationsPath锛?F:\GitHub\NEXUS\src\annotations\浜嬪唽涔嬭浇\11-绂€氱邯\03-绁炶静鏈濅唬\01-绁炶静姘廫06-鐐庡ぉ鍗佷簩涓栧笣鏉ョ鍐滄皬绾?relations.md
eventsPath 瀛樺湪锛?false
relationsPath 瀛樺湪锛?false
鍔犺浇鐨勬爣娉ㄦ枃浠舵暟閲忥細 0
鍔犺浇鐨勬爣娉ㄦ枃浠讹細 []
浼犻€掔粰鍓嶇鐨勬爣娉ㄦ暟鎹細 { files: [] }
 [2m(+6ms)[22m
[2m10:07:04[22m   [34m鈹溾攢[39m [2m/婕旇繘杞ㄨ抗/07-鐐庡ぉ鍗佷笁涓栧笣鍏嬬鍐滄皬绾?index.html[22m========== 鏍囨敞鏂囦欢鍔犺浇璋冭瘯 ==========
article.id 鍘熷鍊硷細 浜嬪唽涔嬭浇/11-绂€氱邯/03-绁炶静鏈濅唬/01-绁炶静姘?07-鐐庡ぉ鍗佷笁涓栧笣鍏嬬鍐滄皬绾?md
article.id 绫诲瀷锛?string
article.id 闀垮害锛?44
article.id 瀛楃浠ｇ爜锛?浜?20107) 鍐?20876) 涔?20043) 杞?36733) /(47) 1(49) 1(49) -(45) 绂?31146) 閫?36890) 绾?32426) /(47) 0(48) 3(51) -(45) 绁?31070) 杈?36786) 鏈?26397) 浠?20195) /(47) 0(48) 1(49) -(45) 绁?31070) 杈?36786) 姘?27663) /(47) 0(48) 7(55) -(45) 鐐?28814) 澶?22825) 鍗?21313) 涓?19977) 涓?19990) 甯?24093) 鍏?20811) 绁?31070) 鍐?20892) 姘?27663) 绾?32426) .(46) m(109) d(100)
annotationRoot锛?F:\GitHub\NEXUS\src\annotations
articlePathWithoutExt锛?浜嬪唽涔嬭浇/11-绂€氱邯/03-绁炶静鏈濅唬/01-绁炶静姘?07-鐐庡ぉ鍗佷笁涓栧笣鍏嬬鍐滄皬绾?eventsPath锛?F:\GitHub\NEXUS\src\annotations\浜嬪唽涔嬭浇\11-绂€氱邯\03-绁炶静鏈濅唬\01-绁炶静姘廫07-鐐庡ぉ鍗佷笁涓栧笣鍏嬬鍐滄皬绾?events.md
relationsPath锛?F:\GitHub\NEXUS\src\annotations\浜嬪唽涔嬭浇\11-绂€氱邯\03-绁炶静鏈濅唬\01-绁炶静姘廫07-鐐庡ぉ鍗佷笁涓栧笣鍏嬬鍐滄皬绾?relations.md
eventsPath 瀛樺湪锛?false
relationsPath 瀛樺湪锛?false
鍔犺浇鐨勬爣娉ㄦ枃浠舵暟閲忥細 0
鍔犺浇鐨勬爣娉ㄦ枃浠讹細 []
浼犻€掔粰鍓嶇鐨勬爣娉ㄦ暟鎹細 { files: [] }
 [2m(+5ms)[22m
[2m10:07:04[22m   [34m鈹溾攢[39m [2m/婕旇繘杞ㄨ抗/08-鐐庡ぉ鍗佸洓涓栧笣姒嗙綌绁炲啘姘忕邯/index.html[22m========== 鏍囨敞鏂囦欢鍔犺浇璋冭瘯 ==========
article.id 鍘熷鍊硷細 浜嬪唽涔嬭浇/11-绂€氱邯/03-绁炶静鏈濅唬/01-绁炶静姘?08-鐐庡ぉ鍗佸洓涓栧笣姒嗙綌绁炲啘姘忕邯.md
article.id 绫诲瀷锛?string
article.id 闀垮害锛?45
article.id 瀛楃浠ｇ爜锛?浜?20107) 鍐?20876) 涔?20043) 杞?36733) /(47) 1(49) 1(49) -(45) 绂?31146) 閫?36890) 绾?32426) /(47) 0(48) 3(51) -(45) 绁?31070) 杈?36786) 鏈?26397) 浠?20195) /(47) 0(48) 1(49) -(45) 绁?31070) 杈?36786) 姘?27663) /(47) 0(48) 8(56) -(45) 鐐?28814) 澶?22825) 鍗?21313) 鍥?22235) 涓?19990) 甯?24093) 姒?27014) 缃?32596) 绁?31070) 鍐?20892) 姘?27663) 绾?32426) .(46) m(109) d(100)
annotationRoot锛?F:\GitHub\NEXUS\src\annotations
articlePathWithoutExt锛?浜嬪唽涔嬭浇/11-绂€氱邯/03-绁炶静鏈濅唬/01-绁炶静姘?08-鐐庡ぉ鍗佸洓涓栧笣姒嗙綌绁炲啘姘忕邯
eventsPath锛?F:\GitHub\NEXUS\src\annotations\浜嬪唽涔嬭浇\11-绂€氱邯\03-绁炶静鏈.events.json绁炶静姘廫08-鐐庡ぉ鍗佸洓涓栧笣姒嗙綌绁炲啘姘忕邯.events.md
relationsPath锛?F:\GitHub\NEXUS\src\annotations\浜嬪唽涔嬭浇\11-绂€氱邯\03-绁炶静鏈.relations.json炶静姘廫08-鐐庡ぉ鍗佸洓涓栧笣姒嗙綌绁炲啘姘忕邯.relations.md
eventsPath 瀛樺湪锛?false
relationsPath 瀛樺湪锛?false
鍔犺浇鐨勬爣娉ㄦ枃浠舵暟閲忥細 0
鍔犺浇鐨勬爣娉ㄦ枃浠讹細 []
浼犻€掔粰鍓嶇鐨勬爣娉ㄦ暟鎹細 { files: [] }
 [2m(+6ms)[22m
[2m10:07:04[22m   [34m鈹溾攢[39m [2m/婕旇繘杞ㄨ抗/01-鏄婂ぉ涓冨崄鍥涘笣鍜屼紡缇叉皬绾?index.html[22m========== 鏍囨敞鏂囦欢鍔犺浇璋冭瘯 ==========
article.id 鍘熷鍊硷細 浜嬪唽涔嬭浇/11-绂€氱邯/01-浼忕静鏈濅唬/27-浼忕静姘?01-鏄婂ぉ涓冨崄鍥涘笣鍜屼紡缇叉皬绾?md
article.id 绫诲瀷锛?string
article.id 闀垮害锛?44
article.id 瀛楃浠ｇ爜锛?浜?20107) 鍐?20876) 涔?20043) 杞?36733) /(47) 1(49) 1(49) -(45) 绂?31146) 閫?36890) 绾?32426) /(47) 0(48) 1(49) -(45) 浼?20239) 缇?32690) 鏈?26397) 浠?20195) /(47) 2(50) 7(55) -(45) 浼?20239) 缇?32690) 姘?27663) /(47) 0(48) 1(49) -(45) 鏄?26122) 澶?22825) 涓?19971) 鍗?21313) 鍥?22235) 甯?24093) 鍜?21644) 浼?20239) 缇?32690) 姘?27663) 绾?32426) .(46) m(109) d(100)
annotationRoot锛?F:\GitHub\NEXUS\src\annotations
articlePathWithoutExt锛?浜嬪唽涔嬭浇/11-绂€氱邯/01-浼忕静鏈濅唬/27-浼忕静姘?01-鏄婂ぉ涓冨崄鍥涘笣鍜屼紡缇叉皬绾?eventsPath锛?F:\GitHub\NEXUS\src\annotations\浜嬪唽涔嬭浇\11-绂€氱邯\01-浼忕静鏈濅唬\27-浼忕静姘廫01-鏄婂ぉ涓冨崄鍥涘笣鍜屼紡缇叉皬绾?events.md
relationsPath锛?F:\GitHub\NEXUS\src\annotations\浜嬪唽涔嬭浇\11-绂€氱邯\01-浼忕静鏈濅唬\27-浼忕静姘廫01-鏄婂ぉ涓冨崄鍥涘笣鍜屼紡缇叉皬绾?relations.md
eventsPath 瀛樺湪锛?false
relationsPath 瀛樺湪锛?false
鍔犺浇鐨勬爣娉ㄦ枃浠舵暟閲忥細 0
鍔犺浇鐨勬爣娉ㄦ枃浠讹細 []
浼犻€掔粰鍓嶇鐨勬爣娉ㄦ暟鎹細 { files: [] }
 [2m(+8ms)[22m
[2m10:07:04[22m   [34m鈹溾攢[39m [2m/婕旇繘杞ㄨ抗/03-鏄婂ぉ涓冨崄鍏笣澶渤浼忕静姘忕邯/index.html[22m========== 鏍囨敞鏂囦欢鍔犺浇璋冭瘯 ==========
article.id 鍘熷鍊硷細 浜嬪唽涔嬭浇/11-绂€氱邯/01-浼忕静鏈濅唬/27-浼忕静姘?03-鏄婂ぉ涓冨崄鍏笣澶渤浼忕静姘忕邯.md
article.id 绫诲瀷锛?string
article.id 闀垮害锛?45
article.id 瀛楃浠ｇ爜锛?浜?20107) 鍐?20876) 涔?20043) 杞?36733) /(47) 1(49) 1(49) -(45) 绂?31146) 閫?36890) 绾?32426) /(47) 0(48) 1(49) -(45) 浼?20239) 缇?32690) 鏈?26397) 浠?20195) /(47) 2(50) 7(55) -(45) 浼?20239) 缇?32690) 姘?27663) /(47) 0(48) 3(51) -(45) 鏄?26122) 澶?22825) 涓?19971) 鍗?21313) 鍏?20845) 甯?24093) 澶?22826) 娌?27827) 浼?20239) 缇?32690) 姘?27663) 绾?32426) .(46) m(109) d(100)
annotationRoot锛?F:\GitHub\NEXUS\src\annotations
articlePathWithoutExt锛?浜嬪唽涔嬭浇/11-绂€氱邯/01-浼忕静鏈濅唬/27-浼忕静姘?03-鏄婂ぉ涓冨崄鍏笣澶渤浼忕静姘忕邯
eventsPath锛?F:\GitHub\NEXUS\src\annotations\浜嬪唽涔嬭浇\11-绂€氱邯\01-浼忕静鏈.events.json浼忕静姘廫03-鏄婂ぉ涓冨崄鍏笣澶渤浼忕静姘忕邯.events.md
relationsPath锛?F:\GitHub\NEXUS\src\annotations\浜嬪唽涔嬭浇\11-绂€氱邯\01-浼忕静鏈.relations.json忕静姘廫03-鏄婂ぉ涓冨崄鍏笣澶渤浼忕静姘忕邯.relations.md
eventsPath 瀛樺湪锛?false
relationsPath 瀛樺湪锛?false
鍔犺浇鐨勬爣娉ㄦ枃浠舵暟閲忥細 0
鍔犺浇鐨勬爣娉ㄦ枃浠讹細 []
浼犻€掔粰鍓嶇鐨勬爣娉ㄦ暟鎹細 { files: [] }
 [2m(+6ms)[22m
[2m10:07:04[22m   [34m鈹溾攢[39m [2m/婕旇繘杞ㄨ抗/02-鏄婂ぉ涓冨崄浜斿笣鑺備紡缇叉皬绾?index.html[22m========== 鏍囨敞鏂囦欢鍔犺浇璋冭瘯 ==========
article.id 鍘熷鍊硷細 浜嬪唽涔嬭浇/11-绂€氱邯/01-浼忕静鏈濅唬/27-浼忕静姘?02-鏄婂ぉ涓冨崄浜斿笣鑺備紡缇叉皬绾?md
article.id 绫诲瀷锛?string
article.id 闀垮害锛?44
article.id 瀛楃浠ｇ爜锛?浜?20107) 鍐?20876) 涔?20043) 杞?36733) /(47) 1(49) 1(49) -(45) 绂?31146) 閫?36890) 绾?32426) /(47) 0(48) 1(49) -(45) 浼?20239) 缇?32690) 鏈?26397) 浠?20195) /(47) 2(50) 7(55) -(45) 浼?20239) 缇?32690) 姘?27663) /(47) 0(48) 2(50) -(45) 鏄?26122) 澶?22825) 涓?19971) 鍗?21313) 浜?20116) 甯?24093) 鑺?33410) 浼?20239) 缇?32690) 姘?27663) 绾?32426) .(46) m(109) d(100)
annotationRoot锛?F:\GitHub\NEXUS\src\annotations
articlePathWithoutExt锛?浜嬪唽涔嬭浇/11-绂€氱邯/01-浼忕静鏈濅唬/27-浼忕静姘?02-鏄婂ぉ涓冨崄浜斿笣鑺備紡缇叉皬绾?eventsPath锛?F:\GitHub\NEXUS\src\annotations\浜嬪唽涔嬭浇\11-绂€氱邯\01-浼忕静鏈濅唬\27-浼忕静姘廫02-鏄婂ぉ涓冨崄浜斿笣鑺備紡缇叉皬绾?events.md
relationsPath锛?F:\GitHub\NEXUS\src\annotations\浜嬪唽涔嬭浇\11-绂€氱邯\01-浼忕静鏈濅唬\27-浼忕静姘廫02-鏄婂ぉ涓冨崄浜斿笣鑺備紡缇叉皬绾?relations.md
eventsPath 瀛樺湪锛?false
relationsPath 瀛樺湪锛?false
鍔犺浇鐨勬爣娉ㄦ枃浠舵暟閲忥細 0
鍔犺浇鐨勬爣娉ㄦ枃浠讹細 []
浼犻€掔粰鍓嶇鐨勬爣娉ㄦ暟鎹細 { files: [] }
 [2m(+5ms)[22m
[2m10:07:04[22m   [34m鈹溾攢[39m [2m/婕旇繘杞ㄨ抗/04-鏄婂ぉ涓冨崄涓冨笣澶ц€€浼忕静姘忕邯/index.html[22m========== 鏍囨敞鏂囦欢鍔犺浇璋冭瘯 ==========
article.id 鍘熷鍊硷細 浜嬪唽涔嬭浇/11-绂€氱邯/01-浼忕静鏈濅唬/27-浼忕静姘?04-鏄婂ぉ涓冨崄涓冨笣澶ц€€浼忕静姘忕邯.md
article.id 绫诲瀷锛?string
article.id 闀垮害锛?45
article.id 瀛楃浠ｇ爜锛?浜?20107) 鍐?20876) 涔?20043) 杞?36733) /(47) 1(49) 1(49) -(45) 绂?31146) 閫?36890) 绾?32426) /(47) 0(48) 1(49) -(45) 浼?20239) 缇?32690) 鏈?26397) 浠?20195) /(47) 2(50) 7(55) -(45) 浼?20239) 缇?32690) 姘?27663) /(47) 0(48) 4(52) -(45) 鏄?26122) 澶?22825) 涓?19971) 鍗?21313) 涓?19971) 甯?24093) 澶?22823) 鑰€(32768) 浼?20239) 缇?32690) 姘?27663) 绾?32426) .(46) m(109) d(100)
annotationRoot锛?F:\GitHub\NEXUS\src\annotations
articlePathWithoutExt锛?浜嬪唽涔嬭浇/11-绂€氱邯/01-浼忕静鏈濅唬/27-浼忕静姘?04-鏄婂ぉ涓冨崄涓冨笣澶ц€€浼忕静姘忕邯
eventsPath锛?F:\GitHub\NEXUS\src\annotations\浜嬪唽涔嬭浇\11-绂€氱邯\01-浼忕静鏈�.events.json��忕静姘廫04-鏄婂ぉ涓冨崄涓冨笣澶ц€€浼忕静姘忕邯.events.md
relationsPath锛?F:\GitHub\NEXUS\src\annotations\浜嬪唽涔嬭浇\11-绂€氱邯\01-浼忕静鏈�.relations.json��静姘廫04-鏄婂ぉ涓冨崄涓冨笣澶ц€€浼忕静姘忕邯.relations.md
eventsPath 瀛樺湪锛?false
relationsPath 瀛樺湪锛?false
鍔犺浇鐨勬爣娉ㄦ枃浠舵暟閲忥細 0
鍔犺浇鐨勬爣娉ㄦ枃浠讹細 []
浼犻€掔粰鍓嶇鐨勬爣娉ㄦ暟鎹細 { files: [] }
 [2m(+6ms)[22m
[2m10:07:04[22m   [34m鈹溾攢[39m [2m/婕旇繘杞ㄨ抗/05-鏄婂ぉ涓冨崄鍏笣鑺傝姃浼忕静姘忕邯/index.html[22m========== 鏍囨敞鏂囦欢鍔犺浇璋冭瘯 ==========
article.id 鍘熷鍊硷細 浜嬪唽涔嬭浇/11-绂€氱邯/01-浼忕静鏈濅唬/27-浼忕静姘?05-鏄婂ぉ涓冨崄鍏笣鑺傝姃浼忕静姘忕邯.md
article.id 绫诲瀷锛?string
article.id 闀垮害锛?45
article.id 瀛楃浠ｇ爜锛?浜?20107) 鍐?20876) 涔?20043) 杞?36733) /(47) 1(49) 1(49) -(45) 绂?31146) 閫?36890) 绾?32426) /(47) 0(48) 1(49) -(45) 浼?20239) 缇?32690) 鏈?26397) 浠?20195) /(47) 2(50) 7(55) -(45) 浼?20239) 缇?32690) 姘?27663) /(47) 0(48) 5(53) -(45) 鏄?26122) 澶?22825) 涓?19971) 鍗?21313) 鍏?20843) 甯?24093) 鑺?33410) 鑺?33426) 浼?20239) 缇?32690) 姘?27663) 绾?32426) .(46) m(109) d(100)
annotationRoot锛?F:\GitHub\NEXUS\src\annotations
articlePathWithoutExt锛?浜嬪唽涔嬭浇/11-绂€氱邯/01-浼忕静鏈濅唬/27-浼忕静姘?05-鏄婂ぉ涓冨崄鍏笣鑺傝姃浼忕静姘忕邯
eventsPath锛?F:\GitHub\NEXUS\src\annotations\浜嬪唽涔嬭浇\11-绂€氱邯\01-浼忕静鏈.events.json浼忕静姘廫05-鏄婂ぉ涓冨崄鍏笣鑺傝姃浼忕静姘忕邯.events.md
relationsPath锛?F:\GitHub\NEXUS\src\annotations\浜嬪唽涔嬭浇\11-绂€氱邯\01-浼忕静鏈.relations.json忕静姘廫05-鏄婂ぉ涓冨崄鍏笣鑺傝姃浼忕静姘忕邯.relations.md
eventsPath 瀛樺湪锛?false
relationsPath 瀛樺湪锛?false
鍔犺浇鐨勬爣娉ㄦ枃浠舵暟閲忥細 0
鍔犺浇鐨勬爣娉ㄦ枃浠讹細 []
浼犻€掔粰鍓嶇鐨勬爣娉ㄦ暟鎹細 { files: [] }
 [2m(+5ms)[22m
[2m10:07:04[22m   [34m鈹溾攢[39m [2m/婕旇繘杞ㄨ抗/01-榛勫ぉ涓€涓栧笣鑺掕僵杈曟皬绾?index.html[22m========== 鏍囨敞鏂囦欢鍔犺浇璋冭瘯 ==========
article.id 鍘熷鍊硷細 浜嬪唽涔嬭浇/12-鐤忎弧绾?01-杌掕絽鏈濅唬/01-杌掕絽姘?01-榛勫ぉ涓€涓栧笣鑺掕僵杈曟皬绾?md
article.id 绫诲瀷锛?string
article.id 闀垮害锛?43
article.id 瀛楃浠ｇ爜锛?浜?20107) 鍐?20876) 涔?20043) 杞?36733) /(47) 1(49) 2(50) -(45) 鐤?30095) 浠?20193) 绾?32426) /(47) 0(48) 1(49) -(45) 杌?36562) 杞?36677) 鏈?26397) 浠?20195) /(47) 0(48) 1(49) -(45) 杌?36562) 杞?36677) 姘?27663) /(47) 0(48) 1(49) -(45) 榛?40644) 澶?22825) 涓€(19968) 涓?19990) 甯?24093) 鑺?33426) 杞?36713) 杈?36757) 姘?27663) 绾?32426) .(46) m(109) d(100)
annotationRoot锛?F:\GitHub\NEXUS\src\annotations
articlePathWithoutExt锛?浜嬪唽涔嬭浇/12-鐤忎弧绾?01-杌掕絽鏈濅唬/01-杌掕絽姘?01-榛勫ぉ涓€涓栧笣鑺掕僵杈曟皬绾?eventsPath锛?F:\GitHub\NEXUS\src\annotations\浜嬪唽涔嬭浇\12-鐤忎弧绾猏01-杌掕絽鏈濅唬\01-杌掕絽姘廫01-榛勫ぉ涓€涓栧笣鑺掕僵杈曟皬绾?events.md
relationsPath锛?F:\GitHub\NEXUS\src\annotations\浜嬪唽涔嬭浇\12-鐤忎弧绾猏01-杌掕絽鏈濅唬\01-杌掕絽姘廫01-榛勫ぉ涓€涓栧笣鑺掕僵杈曟皬绾?relations.md
eventsPath 瀛樺湪锛?false
relationsPath 瀛樺湪锛?false
鍔犺浇鐨勬爣娉ㄦ枃浠舵暟閲忥細 0
鍔犺浇鐨勬爣娉ㄦ枃浠讹細 []
浼犻€掔粰鍓嶇鐨勬爣娉ㄦ暟鎹細 { files: [] }
 [2m(+5ms)[22m
[2m10:07:04[22m   [34m鈹溾攢[39m [2m/婕旇繘杞ㄨ抗/02-榛勫ぉ浜屼笘甯濊敗杞╄緯姘忕邯/index.html[22m========== 鏍囨敞鏂囦欢鍔犺浇璋冭瘯 ==========
article.id 鍘熷鍊硷細 浜嬪唽涔嬭浇/12-鐤忎弧绾?01-杌掕絽鏈濅唬/01-杌掕絽姘?02-榛勫ぉ浜屼笘甯濊敗杞╄緯姘忕邯.md
article.id 绫诲瀷锛?string
article.id 闀垮害锛?43
article.id 瀛楃浠ｇ爜锛?浜?20107) 鍐?20876) 涔?20043) 杞?36733) /(47) 1(49) 2(50) -(45) 鐤?30095) 浠?20193) 绾?32426) /(47) 0(48) 1(49) -(45) 杌?36562) 杞?36677) 鏈?26397) 浠?20195) /(47) 0(48) 1(49) -(45) 杌?36562) 杞?36677) 姘?27663) /(47) 0(48) 2(50) -(45) 榛?40644) 澶?22825) 浜?20108) 涓?19990) 甯?24093) 钄?34081) 杞?36713) 杈?36757) 姘?27663) 绾?32426) .(46) m(109) d(100)
annotationRoot锛?F:\GitHub\NEXUS\src\annotations
articlePathWithoutExt锛?浜嬪唽涔嬭浇/12-鐤忎弧绾?01-杌掕絽鏈濅唬/01-杌掕絽姘?02-榛勫ぉ浜屼笘甯濊敗杞╄緯姘忕邯
eventsPath锛?F:\GitHub\NEXUS\src\annotations\浜嬪唽涔嬭浇\12-鐤忎弧绾猏01-杌掕絽.events.json01-杌掕絽姘廫02-榛勫ぉ浜屼笘甯濊敗杞╄緯姘忕邯.events.md
relationsPath锛?F:\GitHub\NEXUS\src\annotations\浜嬪唽涔嬭浇\12-鐤忎弧绾猏01-杌掕絽.relations.json杌掕絽姘廫02-榛勫ぉ浜屼笘甯濊敗杞╄緯姘忕邯.relations.md
eventsPath 瀛樺湪锛?false
relationsPath 瀛樺湪锛?false
鍔犺浇鐨勬爣娉ㄦ枃浠舵暟閲忥細 0
鍔犺浇鐨勬爣娉ㄦ枃浠讹細 []
浼犻€掔粰鍓嶇鐨勬爣娉ㄦ暟鎹細 { files: [] }
 [2m(+4ms)[22m
[2m10:07:04[22m   [34m鈹溾攢[39m [2m/婕旇繘杞ㄨ抗/03-榛勫ぉ涓変笘甯濊睍杞╄緯姘忕邯/index.html[22m========== 鏍囨敞鏂囦欢鍔犺浇璋冭瘯 ==========
article.id 鍘熷鍊硷細 浜嬪唽涔嬭浇/12-鐤忎弧绾?01-杌掕絽鏈濅唬/01-杌掕絽姘?03-榛勫ぉ涓変笘甯濊睍杞╄緯姘忕邯.md
article.id 绫诲瀷锛?string
article.id 闀垮害锛?43
article.id 瀛楃浠ｇ爜锛?浜?20107) 鍐?20876) 涔?20043) 杞?36733) /(47) 1(49) 2(50) -(45) 鐤?30095) 浠?20193) 绾?32426) /(47) 0(48) 1(49) -(45) 杌?36562) 杞?36677) 鏈?26397) 浠?20195) /(47) 0(48) 1(49) -(45) 杌?36562) 杞?36677) 姘?27663) /(47) 0(48) 3(51) -(45) 榛?40644) 澶?22825) 涓?19977) 涓?19990) 甯?24093) 璞?35925) 杞?36713) 杈?36757) 姘?27663) 绾?32426) .(46) m(109) d(100)
annotationRoot锛?F:\GitHub\NEXUS\src\annotations
articlePathWithoutExt锛?浜嬪唽涔嬭浇/12-鐤忎弧绾?01-杌掕絽鏈濅唬/01-杌掕絽姘?03-榛勫ぉ涓変笘甯濊睍杞╄緯姘忕邯
eventsPath锛?F:\GitHub\NEXUS\src\annotations\浜嬪唽涔嬭浇\12-鐤忎弧绾猏01-杌掕絽.events.json01-杌掕絽姘廫03-榛勫ぉ涓変笘甯濊睍杞╄緯姘忕邯.events.md
relationsPath锛?F:\GitHub\NEXUS\src\annotations\浜嬪唽涔嬭浇\12-鐤忎弧绾猏01-杌掕絽.relations.json杌掕絽姘廫03-榛勫ぉ涓変笘甯濊睍杞╄緯姘忕邯.relations.md
eventsPath 瀛樺湪锛?false
relationsPath 瀛樺湪锛?false
鍔犺浇鐨勬爣娉ㄦ枃浠舵暟閲忥細 0
鍔犺浇鐨勬爣娉ㄦ枃浠讹細 []
浼犻€掔粰鍓嶇鐨勬爣娉ㄦ暟鎹細 { files: [] }
 [2m(+7ms)[22m
[2m10:07:04[22m   [34m鈹溾攢[39m [2m/婕旇繘杞ㄨ抗/04-榛勫ぉ鍥涗笘甯濇湰杞╄緯姘忕邯/index.html[22m========== 鏍囨敞鏂囦欢鍔犺浇璋冭瘯 ==========
article.id 鍘熷鍊硷細 浜嬪唽涔嬭浇/12-鐤忎弧绾?01-杌掕絽鏈濅唬/01-杌掕絽姘?04-榛勫ぉ鍥涗笘甯濇湰杞╄緯姘忕邯.md
article.id 绫诲瀷锛?string
article.id 闀垮害锛?43
article.id 瀛楃浠ｇ爜锛?浜?20107) 鍐?20876) 涔?20043) 杞?36733) /(47) 1(49) 2(50) -(45) 鐤?30095) 浠?20193) 绾?32426) /(47) 0(48) 1(49) -(45) 杌?36562) 杞?36677) 鏈?26397) 浠?20195) /(47) 0(48) 1(49) -(45) 杌?36562) 杞?36677) 姘?27663) /(47) 0(48) 4(52) -(45) 榛?40644) 澶?22825) 鍥?22235) 涓?19990) 甯?24093) 鏈?26412) 杞?36713) 杈?36757) 姘?27663) 绾?32426) .(46) m(109) d(100)
annotationRoot锛?F:\GitHub\NEXUS\src\annotations
articlePathWithoutExt锛?浜嬪唽涔嬭浇/12-鐤忎弧绾?01-杌掕絽鏈濅唬/01-杌掕絽姘?04-榛勫ぉ鍥涗笘甯濇湰杞╄緯姘忕邯
eventsPath锛?F:\GitHub\NEXUS\src\annotations\浜嬪唽涔嬭浇\12-鐤忎弧绾猏01-杌掕絽.events.json01-杌掕絽姘廫04-榛勫ぉ鍥涗笘甯濇湰杞╄緯姘忕邯.events.md
relationsPath锛?F:\GitHub\NEXUS\src\annotations\浜嬪唽涔嬭浇\12-鐤忎弧绾猏01-杌掕絽.relations.json杌掕絽姘廫04-榛勫ぉ鍥涗笘甯濇湰杞╄緯姘忕邯.relations.md
eventsPath 瀛樺湪锛?false
relationsPath 瀛樺湪锛?false
鍔犺浇鐨勬爣娉ㄦ枃浠舵暟閲忥細 0
鍔犺浇鐨勬爣娉ㄦ枃浠讹細 []
浼犻€掔粰鍓嶇鐨勬爣娉ㄦ暟鎹細 { files: [] }
 [2m(+9ms)[22m
[2m10:07:04[22m   [34m鈹溾攢[39m [2m/婕旇繘杞ㄨ抗/05-榛勫ぉ浜斾笘甯濆父杞╄緯姘忕邯/index.html[22m========== 鏍囨敞鏂囦欢鍔犺浇璋冭瘯 ==========
article.id 鍘熷鍊硷細 浜嬪唽涔嬭浇/12-鐤忎弧绾?01-杌掕絽鏈濅唬/01-杌掕絽姘?05-榛勫ぉ浜斾笘甯濆父杞╄緯姘忕邯.md
article.id 绫诲瀷锛?string
article.id 闀垮害锛?43
article.id 瀛楃浠ｇ爜锛?浜?20107) 鍐?20876) 涔?20043) 杞?36733) /(47) 1(49) 2(50) -(45) 鐤?30095) 浠?20193) 绾?32426) /(47) 0(48) 1(49) -(45) 杌?36562) 杞?36677) 鏈?26397) 浠?20195) /(47) 0(48) 1(49) -(45) 杌?36562) 杞?36677) 姘?27663) /(47) 0(48) 5(53) -(45) 榛?40644) 澶?22825) 浜?20116) 涓?19990) 甯?24093) 甯?24120) 杞?36713) 杈?36757) 姘?27663) 绾?32426) .(46) m(109) d(100)
annotationRoot锛?F:\GitHub\NEXUS\src\annotations
articlePathWithoutExt锛?浜嬪唽涔嬭浇/12-鐤忎弧绾?01-杌掕絽鏈濅唬/01-杌掕絽姘?05-榛勫ぉ浜斾笘甯濆父杞╄緯姘忕邯
eventsPath锛?F:\GitHub\NEXUS\src\annotations\浜嬪唽涔嬭浇\12-鐤忎弧绾猏01-杌掕絽.events.json01-杌掕絽姘廫05-榛勫ぉ浜斾笘甯濆父杞╄緯姘忕邯.events.md
relationsPath锛?F:\GitHub\NEXUS\src\annotations\浜嬪唽涔嬭浇\12-鐤忎弧绾猏01-杌掕絽.relations.json杌掕絽姘廫05-榛勫ぉ浜斾笘甯濆父杞╄緯姘忕邯.relations.md
eventsPath 瀛樺湪锛?false
relationsPath 瀛樺湪锛?false
鍔犺浇鐨勬爣娉ㄦ枃浠舵暟閲忥細 0
鍔犺浇鐨勬爣娉ㄦ枃浠讹細 []
浼犻€掔粰鍓嶇鐨勬爣娉ㄦ暟鎹細 { files: [] }
 [2m(+12ms)[22m
[2m10:07:04[22m   [34m鈹溾攢[39m [2m/婕旇繘杞ㄨ抗/06-榛勫ぉ鍏笘甯濆彿杞╄緯姘忕邯/index.html[22m========== 鏍囨敞鏂囦欢鍔犺浇璋冭瘯 ==========
article.id 鍘熷鍊硷細 浜嬪唽涔嬭浇/12-鐤忎弧绾?01-杌掕絽鏈濅唬/01-杌掕絽姘?06-榛勫ぉ鍏笘甯濆彿杞╄緯姘忕邯.md
article.id 绫诲瀷锛?string
article.id 闀垮害锛?43
article.id 瀛楃浠ｇ爜锛?浜?20107) 鍐?20876) 涔?20043) 杞?36733) /(47) 1(49) 2(50) -(45) 鐤?30095) 浠?20193) 绾?32426) /(47) 0(48) 1(49) -(45) 杌?36562) 杞?36677) 鏈?26397) 浠?20195) /(47) 0(48) 1(49) -(45) 杌?36562) 杞?36677) 姘?27663) /(47) 0(48) 6(54) -(45) 榛?40644) 澶?22825) 鍏?20845) 涓?19990) 甯?24093) 鍙?21495) 杞?36713) 杈?36757) 姘?27663) 绾?32426) .(46) m(109) d(100)
annotationRoot锛?F:\GitHub\NEXUS\src\annotations
articlePathWithoutExt锛?浜嬪唽涔嬭浇/12-鐤忎弧绾?01-杌掕絽鏈濅唬/01-杌掕絽姘?06-榛勫ぉ鍏笘甯濆彿杞╄緯姘忕邯
eventsPath锛?F:\GitHub\NEXUS\src\annotations\浜嬪唽涔嬭浇\12-鐤忎弧绾猏01-杌掕絽.events.json01-杌掕絽姘廫06-榛勫ぉ鍏笘甯濆彿杞╄緯姘忕邯.events.md
relationsPath锛?F:\GitHub\NEXUS\src\annotations\浜嬪唽涔嬭浇\12-鐤忎弧绾猏01-杌掕絽.relations.json杌掕絽姘廫06-榛勫ぉ鍏笘甯濆彿杞╄緯姘忕邯.relations.md
eventsPath 瀛樺湪锛?false
relationsPath 瀛樺湪锛?false
鍔犺浇鐨勬爣娉ㄦ枃浠舵暟閲忥細 0
鍔犺浇鐨勬爣娉ㄦ枃浠讹細 []
浼犻€掔粰鍓嶇鐨勬爣娉ㄦ暟鎹細 { files: [] }
 [2m(+6ms)[22m
[2m10:07:04[22m   [34m鈹溾攢[39m [2m/婕旇繘杞ㄨ抗/07-榛勫ぉ涓冧笘甯濆拋杞╄緯姘忕邯/index.html[22m========== 鏍囨敞鏂囦欢鍔犺浇璋冭瘯 ==========
article.id 鍘熷鍊硷細 浜嬪唽涔嬭浇/12-鐤忎弧绾?01-杌掕絽鏈濅唬/01-杌掕絽姘?07-榛勫ぉ涓冧笘甯濆拋杞╄緯姘忕邯.md
article.id 绫诲瀷锛?string
article.id 闀垮害锛?43
article.id 瀛楃浠ｇ爜锛?浜?20107) 鍐?20876) 涔?20043) 杞?36733) /(47) 1(49) 2(50) -(45) 鐤?30095) 浠?20193) 绾?32426) /(47) 0(48) 1(49) -(45) 杌?36562) 杞?36677) 鏈?26397) 浠?20195) /(47) 0(48) 1(49) -(45) 杌?36562) 杞?36677) 姘?27663) /(47) 0(48) 7(55) -(45) 榛?40644) 澶?22825) 涓?19971) 涓?19990) 甯?24093) 鍜?21633) 杞?36713) 杈?36757) 姘?27663) 绾?32426) .(46) m(109) d(100)
annotationRoot锛?F:\GitHub\NEXUS\src\annotations
articlePathWithoutExt锛?浜嬪唽涔嬭浇/12-鐤忎弧绾?01-杌掕絽鏈濅唬/01-杌掕絽姘?07-榛勫ぉ涓冧笘甯濆拋杞╄緯姘忕邯
eventsPath锛?F:\GitHub\NEXUS\src\annotations\浜嬪唽涔嬭浇\12-鐤忎弧绾猏01-杌掕絽.events.json01-杌掕絽姘廫07-榛勫ぉ涓冧笘甯濆拋杞╄緯姘忕邯.events.md
relationsPath锛?F:\GitHub\NEXUS\src\annotations\浜嬪唽涔嬭浇\12-鐤忎弧绾猏01-杌掕絽.relations.json杌掕絽姘廫07-榛勫ぉ涓冧笘甯濆拋杞╄緯姘忕邯.relations.md
eventsPath 瀛樺湪锛?false
relationsPath 瀛樺湪锛?false
鍔犺浇鐨勬爣娉ㄦ枃浠舵暟閲忥細 0
鍔犺浇鐨勬爣娉ㄦ枃浠讹細 []
浼犻€掔粰鍓嶇鐨勬爣娉ㄦ暟鎹細 { files: [] }
 [2m(+6ms)[22m
[2m10:07:04[22m   [34m鈹溾攢[39m [2m/婕旇繘杞ㄨ抗/08-榛勫ぉ鍏笘甯濊浆鑼歌僵杈曟皬绾?index.html[22m========== 鏍囨敞鏂囦欢鍔犺浇璋冭瘯 ==========
article.id 鍘熷鍊硷細 浜嬪唽涔嬭浇/12-鐤忎弧绾?01-杌掕絽鏈濅唬/01-杌掕絽姘?08-榛勫ぉ鍏笘甯濊浆鑼歌僵杈曟皬绾?md
article.id 绫诲瀷锛?string
article.id 闀垮害锛?44
article.id 瀛楃浠ｇ爜锛?浜?20107) 鍐?20876) 涔?20043) 杞?36733) /(47) 1(49) 2(50) -(45) 鐤?30095) 浠?20193) 绾?32426) /(47) 0(48) 1(49) -(45) 杌?36562) 杞?36677) 鏈?26397) 浠?20195) /(47) 0(48) 1(49) -(45) 杌?36562) 杞?36677) 姘?27663) /(47) 0(48) 8(56) -(45) 榛?40644) 澶?22825) 鍏?20843) 涓?19990) 甯?24093) 杞?36716) 鑼?33592) 杞?36713) 杈?36757) 姘?27663) 绾?32426) .(46) m(109) d(100)
annotationRoot锛?F:\GitHub\NEXUS\src\annotations
articlePathWithoutExt锛?浜嬪唽涔嬭浇/12-鐤忎弧绾?01-杌掕絽鏈濅唬/01-杌掕絽姘?08-榛勫ぉ鍏笘甯濊浆鑼歌僵杈曟皬绾?eventsPath锛?F:\GitHub\NEXUS\src\annotations\浜嬪唽涔嬭浇\12-鐤忎弧绾猏01-杌掕絽鏈濅唬\01-杌掕絽姘廫08-榛勫ぉ鍏笘甯濊浆鑼歌僵杈曟皬绾?events.md
relationsPath锛?F:\GitHub\NEXUS\src\annotations\浜嬪唽涔嬭浇\12-鐤忎弧绾猏01-杌掕絽鏈濅唬\01-杌掕絽姘廫08-榛勫ぉ鍏笘甯濊浆鑼歌僵杈曟皬绾?relations.md
eventsPath 瀛樺湪锛?false
relationsPath 瀛樺湪锛?false
鍔犺浇鐨勬爣娉ㄦ枃浠舵暟閲忥細 0
鍔犺浇鐨勬爣娉ㄦ枃浠讹細 []
浼犻€掔粰鍓嶇鐨勬爣娉ㄦ暟鎹細 { files: [] }
 [2m(+6ms)[22m
[2m10:07:04[22m   [34m鈹溾攢[39m [2m/婕旇繘杞ㄨ抗/09-榛勫ぉ涔濅笘甯濊疮淇炶僵杈曚笘绾?index.html[22m========== 鏍囨敞鏂囦欢鍔犺浇璋冭瘯 ==========
article.id 鍘熷鍊硷細 浜嬪唽涔嬭浇/12-鐤忎弧绾?01-杌掕絽鏈濅唬/01-杌掕絽姘?09-榛勫ぉ涔濅笘甯濊疮淇炶僵杈曚笘绾?md
article.id 绫诲瀷锛?string
article.id 闀垮害锛?44
article.id 瀛楃浠ｇ爜锛?浜?20107) 鍐?20876) 涔?20043) 杞?36733) /(47) 1(49) 2(50) -(45) 鐤?30095) 浠?20193) 绾?32426) /(47) 0(48) 1(49) -(45) 杌?36562) 杞?36677) 鏈?26397) 浠?20195) /(47) 0(48) 1(49) -(45) 杌?36562) 杞?36677) 姘?27663) /(47) 0(48) 9(57) -(45) 榛?40644) 澶?22825) 涔?20061) 涓?19990) 甯?24093) 璐?36143) 淇?20446) 杞?36713) 杈?36757) 涓?19990) 绾?32426) .(46) m(109) d(100)
annotationRoot锛?F:\GitHub\NEXUS\src\annotations
articlePathWithoutExt锛?浜嬪唽涔嬭浇/12-鐤忎弧绾?01-杌掕絽鏈濅唬/01-杌掕絽姘?09-榛勫ぉ涔濅笘甯濊疮淇炶僵杈曚笘绾?eventsPath锛?F:\GitHub\NEXUS\src\annotations\浜嬪唽涔嬭浇\12-鐤忎弧绾猏01-杌掕絽鏈濅唬\01-杌掕絽姘廫09-榛勫ぉ涔濅笘甯濊疮淇炶僵杈曚笘绾?events.md
relationsPath锛?F:\GitHub\NEXUS\src\annotations\浜嬪唽涔嬭浇\12-鐤忎弧绾猏01-杌掕絽鏈濅唬\01-杌掕絽姘廫09-榛勫ぉ涔濅笘甯濊疮淇炶僵杈曚笘绾?relations.md
eventsPath 瀛樺湪锛?false
relationsPath 瀛樺湪锛?false
鍔犺浇鐨勬爣娉ㄦ枃浠舵暟閲忥細 0
鍔犺浇鐨勬爣娉ㄦ枃浠讹細 []
浼犻€掔粰鍓嶇鐨勬爣娉ㄦ暟鎹細 { files: [] }
 [2m(+8ms)[22m
[2m10:07:04[22m   [34m鈹溾攢[39m [2m/婕旇繘杞ㄨ抗/10-榛勫ぉ鍗佷笘甯濇仛鏂囩铻嶆皬绾?index.html[22m========== 鏍囨敞鏂囦欢鍔犺浇璋冭瘯 ==========
article.id 鍘熷鍊硷細 浜嬪唽涔嬭浇/12-鐤忎弧绾?01-杌掕絽鏈濅唬/01-杌掕絽姘?10-榛勫ぉ鍗佷笘甯濇仛鏂囩铻嶆皬绾?md
article.id 绫诲瀷锛?string
article.id 闀垮害锛?44
article.id 瀛楃浠ｇ爜锛?浜?20107) 鍐?20876) 涔?20043) 杞?36733) /(47) 1(49) 2(50) -(45) 鐤?30095) 浠?20193) 绾?32426) /(47) 0(48) 1(49) -(45) 杌?36562) 杞?36677) 鏈?26397) 浠?20195) /(47) 0(48) 1(49) -(45) 杌?36562) 杞?36677) 姘?27663) /(47) 1(49) 0(48) -(45) 榛?40644) 澶?22825) 鍗?21313) 涓?19990) 甯?24093) 鎭?24666) 鏂?25991) 绁?31069) 铻?34701) 姘?27663) 绾?32426) .(46) m(109) d(100)
annotationRoot锛?F:\GitHub\NEXUS\src\annotations
articlePathWithoutExt锛?浜嬪唽涔嬭浇/12-鐤忎弧绾?01-杌掕絽鏈濅唬/01-杌掕絽姘?10-榛勫ぉ鍗佷笘甯濇仛鏂囩铻嶆皬绾?eventsPath锛?F:\GitHub\NEXUS\src\annotations\浜嬪唽涔嬭浇\12-鐤忎弧绾猏01-杌掕絽鏈濅唬\01-杌掕絽姘廫10-榛勫ぉ鍗佷笘甯濇仛鏂囩铻嶆皬绾?events.md
relationsPath锛?F:\GitHub\NEXUS\src\annotations\浜嬪唽涔嬭浇\12-鐤忎弧绾猏01-杌掕絽鏈濅唬\01-杌掕絽姘廫10-榛勫ぉ鍗佷笘甯濇仛鏂囩铻嶆皬绾?relations.md
eventsPath 瀛樺湪锛?false
relationsPath 瀛樺湪锛?false
鍔犺浇鐨勬爣娉ㄦ枃浠舵暟閲忥細 0
鍔犺浇鐨勬爣娉ㄦ枃浠讹細 []
浼犻€掔粰鍓嶇鐨勬爣娉ㄦ暟鎹細 { files: [] }
 [2m(+8ms)[22m
[2m10:07:04[22m   [34m鈹溾攢[39m [2m/婕旇繘杞ㄨ抗/11-榛勫ぉ鍗佷竴涓栧笣鎴愬榄侀殫姘忕邯/index.html[22m========== 鏍囨敞鏂囦欢鍔犺浇璋冭瘯 ==========
article.id 鍘熷鍊硷細 浜嬪唽涔嬭浇/12-鐤忎弧绾?01-杌掕絽鏈濅唬/01-杌掕絽姘?11-榛勫ぉ鍗佷竴涓栧笣鎴愬榄侀殫姘忕邯.md
article.id 绫诲瀷锛?string
article.id 闀垮害锛?45
article.id 瀛楃浠ｇ爜锛?浜?20107) 鍐?20876) 涔?20043) 杞?36733) /(47) 1(49) 2(50) -(45) 鐤?30095) 浠?20193) 绾?32426) /(47) 0(48) 1(49) -(45) 杌?36562) 杞?36677) 鏈?26397) 浠?20195) /(47) 0(48) 1(49) -(45) 杌?36562) 杞?36677) 姘?27663) /(47) 1(49) 1(49) -(45) 榛?40644) 澶?22825) 鍗?21313) 涓€(19968) 涓?19990) 甯?24093) 鎴?25104) 濂?22865) 榄?39745) 闅?38551) 姘?27663) 绾?32426) .(46) m(109) d(100)
annotationRoot锛?F:\GitHub\NEXUS\src\annotations
articlePathWithoutExt锛?浜嬪唽涔嬭浇/12-鐤忎弧绾?01-杌掕絽鏈濅唬/01-杌掕絽姘?11-榛勫ぉ鍗佷竴涓栧笣鎴愬榄侀殫姘忕邯
eventsPath锛?F:\GitHub\NEXUS\src\annotations\浜嬪唽涔嬭浇\12-鐤忎弧绾猏01-杌掕絽鏈.events.json杌掕絽姘廫11-榛勫ぉ鍗佷竴涓栧笣鎴愬榄侀殫姘忕邯.events.md
relationsPath锛?F:\GitHub\NEXUS\src\annotations\浜嬪唽涔嬭浇\12-鐤忎弧绾猏01-杌掕絽鏈.relations.json掕絽姘廫11-榛勫ぉ鍗佷竴涓栧笣鎴愬榄侀殫姘忕邯.relations.md
eventsPath 瀛樺湪锛?false
relationsPath 瀛樺湪锛?false
鍔犺浇鐨勬爣娉ㄦ枃浠舵暟閲忥細 0
鍔犺浇鐨勬爣娉ㄦ枃浠讹細 []
浼犻€掔粰鍓嶇鐨勬爣娉ㄦ暟鎹細 { files: [] }
 [2m(+6ms)[22m
[2m10:07:04[22m   [34m鈹溾攢[39m [2m/婕旇繘杞ㄨ抗/12-榛勫ぉ鍗佷簩涓栧笣浠¤皡榄侀殫姘忕邯/index.html[22m========== 鏍囨敞鏂囦欢鍔犺浇璋冭瘯 ==========
article.id 鍘熷鍊硷細 浜嬪唽涔嬭浇/12-鐤忎弧绾?01-杌掕絽鏈濅唬/01-杌掕絽姘?12-榛勫ぉ鍗佷簩涓栧笣浠¤皡榄侀殫姘忕邯.md
article.id 绫诲瀷锛?string
article.id 闀垮害锛?45
article.id 瀛楃浠ｇ爜锛?浜?20107) 鍐?20876) 涔?20043) 杞?36733) /(47) 1(49) 2(50) -(45) 鐤?30095) 浠?20193) 绾?32426) /(47) 0(48) 1(49) -(45) 杌?36562) 杞?36677) 鏈?26397) 浠?20195) /(47) 0(48) 1(49) -(45) 杌?36562) 杞?36677) 姘?27663) /(47) 1(49) 2(50) -(45) 榛?40644) 澶?22825) 鍗?21313) 浜?20108) 涓?19990) 甯?24093) 浠?20193) 璋?35845) 榄?39745) 闅?38551) 姘?27663) 绾?32426) .(46) m(109) d(100)
annotationRoot锛?F:\GitHub\NEXUS\src\annotations
articlePathWithoutExt锛?浜嬪唽涔嬭浇/12-鐤忎弧绾?01-杌掕絽鏈濅唬/01-杌掕絽姘?12-榛勫ぉ鍗佷簩涓栧笣浠¤皡榄侀殫姘忕邯
eventsPath锛?F:\GitHub\NEXUS\src\annotations\浜嬪唽涔嬭浇\12-鐤忎弧绾猏01-杌掕絽鏈.events.json杌掕絽姘廫12-榛勫ぉ鍗佷簩涓栧笣浠¤皡榄侀殫姘忕邯.events.md
relationsPath锛?F:\GitHub\NEXUS\src\annotations\浜嬪唽涔嬭浇\12-鐤忎弧绾猏01-杌掕絽鏈.relations.json掕絽姘廫12-榛勫ぉ鍗佷簩涓栧笣浠¤皡榄侀殫姘忕邯.relations.md
eventsPath 瀛樺湪锛?false
relationsPath 瀛樺湪锛?false
鍔犺浇鐨勬爣娉ㄦ枃浠舵暟閲忥細 0
鍔犺浇鐨勬爣娉ㄦ枃浠讹細 []
浼犻€掔粰鍓嶇鐨勬爣娉ㄦ暟鎹細 { files: [] }
 [2m(+5ms)[22m
[2m10:07:04[22m   [34m鈹溾攢[39m [2m/婕旇繘杞ㄨ抗/13-榛勫ぉ鍗佷笁涓栧笣姹熼槼鍙傚崲姘忕邯/index.html[22m========== 鏍囨敞鏂囦欢鍔犺浇璋冭瘯 ==========
article.id 鍘熷鍊硷細 浜嬪唽涔嬭浇/12-鐤忎弧绾?01-杌掕絽鏈濅唬/01-杌掕絽姘?13-榛勫ぉ鍗佷笁涓栧笣姹熼槼鍙傚崲姘忕邯.md
article.id 绫诲瀷锛?string
article.id 闀垮害锛?45
article.id 瀛楃浠ｇ爜锛?浜?20107) 鍐?20876) 涔?20043) 杞?36733) /(47) 1(49) 2(50) -(45) 鐤?30095) 浠?20193) 绾?32426) /(47) 0(48) 1(49) -(45) 杌?36562) 杞?36677) 鏈?26397) 浠?20195) /(47) 0(48) 1(49) -(45) 杌?36562) 杞?36677) 姘?27663) /(47) 1(49) 3(51) -(45) 榛?40644) 澶?22825) 鍗?21313) 涓?19977) 涓?19990) 甯?24093) 姹?27743) 闃?38451) 鍙?21442) 鍗?21346) 姘?27663) 绾?32426) .(46) m(109) d(100)
annotationRoot锛?F:\GitHub\NEXUS\src\annotations
articlePathWithoutExt锛?浜嬪唽涔嬭浇/12-鐤忎弧绾?01-杌掕絽鏈濅唬/01-杌掕絽姘?13-榛勫ぉ鍗佷笁涓栧笣姹熼槼鍙傚崲姘忕邯
eventsPath锛?F:\GitHub\NEXUS\src\annotations\浜嬪唽涔嬭浇\12-鐤忎弧绾猏01-杌掕絽鏈.events.json杌掕絽姘廫13-榛勫ぉ鍗佷笁涓栧笣姹熼槼鍙傚崲姘忕邯.events.md
relationsPath锛?F:\GitHub\NEXUS\src\annotations\浜嬪唽涔嬭浇\12-鐤忎弧绾猏01-杌掕絽鏈.relations.json掕絽姘廫13-榛勫ぉ鍗佷笁涓栧笣姹熼槼鍙傚崲姘忕邯.relations.md
eventsPath 瀛樺湪锛?false
relationsPath 瀛樺湪锛?false
鍔犺浇鐨勬爣娉ㄦ枃浠舵暟閲忥細 0
鍔犺浇鐨勬爣娉ㄦ枃浠讹細 []
浼犻€掔粰鍓嶇鐨勬爣娉ㄦ暟鎹細 { files: [] }
 [2m(+6ms)[22m
[2m10:07:04[22m   [34m鈹溾攢[39m [2m/婕旇繘杞ㄨ抗/14-榛勫ぉ鍗佸洓涓栧笣鏄屽潡杞╄緯姘忕邯/index.html[22m========== 鏍囨敞鏂囦欢鍔犺浇璋冭瘯 ==========
article.id 鍘熷鍊硷細 浜嬪唽涔嬭浇/12-鐤忎弧绾?01-杌掕絽鏈濅唬/01-杌掕絽姘?14-榛勫ぉ鍗佸洓涓栧笣鏄屽潡杞╄緯姘忕邯.md
article.id 绫诲瀷锛?string
article.id 闀垮害锛?45
article.id 瀛楃浠ｇ爜锛?浜?20107) 鍐?20876) 涔?20043) 杞?36733) /(47) 1(49) 2(50) -(45) 鐤?30095) 浠?20193) 绾?32426) /(47) 0(48) 1(49) -(45) 杌?36562) 杞?36677) 鏈?26397) 浠?20195) /(47) 0(48) 1(49) -(45) 杌?36562) 杞?36677) 姘?27663) /(47) 1(49) 4(52) -(45) 榛?40644) 澶?22825) 鍗?21313) 鍥?22235) 涓?19990) 甯?24093) 鏄?26124) 鍧?22359) 杞?36713) 杈?36757) 姘?27663) 绾?32426) .(46) m(109) d(100)
annotationRoot锛?F:\GitHub\NEXUS\src\annotations
articlePathWithoutExt锛?浜嬪唽涔嬭浇/12-鐤忎弧绾?01-杌掕絽鏈濅唬/01-杌掕絽姘?14-榛勫ぉ鍗佸洓涓栧笣鏄屽潡杞╄緯姘忕邯
eventsPath锛?F:\GitHub\NEXUS\src\annotations\浜嬪唽涔嬭浇\12-鐤忎弧绾猏01-杌掕絽鏈.events.json杌掕絽姘廫14-榛勫ぉ鍗佸洓涓栧笣鏄屽潡杞╄緯姘忕邯.events.md
relationsPath锛?F:\GitHub\NEXUS\src\annotations\浜嬪唽涔嬭浇\12-鐤忎弧绾猏01-杌掕絽鏈.relations.json掕絽姘廫14-榛勫ぉ鍗佸洓涓栧笣鏄屽潡杞╄緯姘忕邯.relations.md
eventsPath 瀛樺湪锛?false
relationsPath 瀛樺湪锛?false
鍔犺浇鐨勬爣娉ㄦ枃浠舵暟閲忥細 0
鍔犺浇鐨勬爣娉ㄦ枃浠讹細 []
浼犻€掔粰鍓嶇鐨勬爣娉ㄦ暟鎹細 { files: [] }
 [2m(+5ms)[22m
[2m10:07:04[22m   [34m鈹溾攢[39m [2m/婕旇繘杞ㄨ抗/15-榛勫ぉ鍗佷簲涓栧笣鍙锋绁炲啘姘忕邯/index.html[22m========== 鏍囨敞鏂囦欢鍔犺浇璋冭瘯 ==========
article.id 鍘熷鍊硷細 浜嬪唽涔嬭浇/12-鐤忎弧绾?01-杌掕絽鏈濅唬/01-杌掕絽姘?15-榛勫ぉ鍗佷簲涓栧笣鍙锋绁炲啘姘忕邯.md
article.id 绫诲瀷锛?string
article.id 闀垮害锛?45
article.id 瀛楃浠ｇ爜锛?浜?20107) 鍐?20876) 涔?20043) 杞?36733) /(47) 1(49) 2(50) -(45) 鐤?30095) 浠?20193) 绾?32426) /(47) 0(48) 1(49) -(45) 杌?36562) 杞?36677) 鏈?26397) 浠?20195) /(47) 0(48) 1(49) -(45) 杌?36562) 杞?36677) 姘?27663) /(47) 1(49) 5(53) -(45) 榛?40644) 澶?22825) 鍗?21313) 浜?20116) 涓?19990) 甯?24093) 鍙?21495) 娆?27425) 绁?31070) 鍐?20892) 姘?27663) 绾?32426) .(46) m(109) d(100)
annotationRoot锛?F:\GitHub\NEXUS\src\annotations
articlePathWithoutExt锛?浜嬪唽涔嬭浇/12-鐤忎弧绾?01-杌掕絽鏈濅唬/01-杌掕絽姘?15-榛勫ぉ鍗佷簲涓栧笣鍙锋绁炲啘姘忕邯
eventsPath锛?F:\GitHub\NEXUS\src\annotations\浜嬪唽涔嬭浇\12-鐤忎弧绾猏01-杌掕絽鏈.events.json杌掕絽姘廫15-榛勫ぉ鍗佷簲涓栧笣鍙锋绁炲啘姘忕邯.events.md
relationsPath锛?F:\GitHub\NEXUS\src\annotations\浜嬪唽涔嬭浇\12-鐤忎弧绾猏01-杌掕絽鏈.relations.json掕絽姘廫15-榛勫ぉ鍗佷簲涓栧笣鍙锋绁炲啘姘忕邯.relations.md
eventsPath 瀛樺湪锛?false
relationsPath 瀛樺湪锛?false
鍔犺浇鐨勬爣娉ㄦ枃浠舵暟閲忥細 0
鍔犺浇鐨勬爣娉ㄦ枃浠讹細 []
浼犻€掔粰鍓嶇鐨勬爣娉ㄦ暟鎹細 { files: [] }
 [2m(+6ms)[22m
[2m10:07:04[22m   [34m鈹溾攢[39m [2m/婕旇繘杞ㄨ抗/01-鍙茬殗浠撻姘忕邯/index.html[22m========== 鏍囨敞鏂囦欢鍔犺浇璋冭瘯 ==========
article.id 鍘熷鍊硷細 浜嬪唽涔嬭浇/11-绂€氱邯/03-绁炶静鏈濅唬/02-鍙茬殗浠撻姘?01-鍙茬殗浠撻姘忕邯.md
article.id 绫诲瀷锛?string
article.id 闀垮害锛?41
article.id 瀛楃浠ｇ爜锛?浜?20107) 鍐?20876) 涔?20043) 杞?36733) /(47) 1(49) 1(49) -(45) 绂?31146) 閫?36890) 绾?32426) /(47) 0(48) 3(51) -(45) 绁?31070) 杈?36786) 鏈?26397) 浠?20195) /(47) 0(48) 2(50) -(45) 鍙?21490) 鐨?30343) 浠?20179) 棰?39049) 姘?27663) /(47) 0(48) 1(49) -(45) 鍙?21490) 鐨?30343) 浠?20179) 棰?39049) 姘?27663) 绾?32426) .(46) m(109) d(100)
annotationRoot锛?F:\GitHub\NEXUS\src\annotations
articlePathWithoutExt锛?浜嬪唽涔嬭浇/11-绂€氱邯/03-绁炶静鏈濅唬/02-鍙茬殗浠撻姘?01-鍙茬殗浠撻姘忕邯
eventsPath锛?F:\GitHub\NEXUS\src\annotations\浜嬪唽涔嬭浇\11-绂€氱邯\03-绁炶.events.json��\02-鍙茬殗浠撻姘廫01-鍙茬殗浠撻姘忕邯.events.md
relationsPath锛?F:\GitHub\NEXUS\src\annotations\浜嬪唽涔嬭浇\11-绂€氱邯\03-绁炶.relations.json02-鍙茬殗浠撻姘廫01-鍙茬殗浠撻姘忕邯.relations.md
eventsPath 瀛樺湪锛?false
relationsPath 瀛樺湪锛?false
鍔犺浇鐨勬爣娉ㄦ枃浠舵暟閲忥細 0
鍔犺浇鐨勬爣娉ㄦ枃浠讹細 []
浼犻€掔粰鍓嶇鐨勬爣娉ㄦ暟鎹細 { files: [] }
 [2m(+5ms)[22m
[2m10:07:04[22m   [34m鈹溾攢[39m [2m/婕旇繘杞ㄨ抗/01-灏戝吀杞╄緯鍥涗笘閰嬪ぇ杩ヨ僵杈曟皬鍒?index.html[22m========== 鏍囨敞鏂囦欢鍔犺浇璋冭瘯 ==========
article.id 鍘熷鍊硷細 浜嬪唽涔嬭浇/11-绂€氱邯/03-绁炶静鏈濅唬/04-灏戝吀杞╄緯姘?01-灏戝吀杞╄緯鍥涗笘閰嬪ぇ杩ヨ僵杈曟皬鍒?md
article.id 绫诲瀷锛?string
article.id 闀垮害锛?48
article.id 瀛楃浠ｇ爜锛?浜?20107) 鍐?20876) 涔?20043) 杞?36733) /(47) 1(49) 1(49) -(45) 绂?31146) 閫?36890) 绾?32426) /(47) 0(48) 3(51) -(45) 绁?31070) 杈?36786) 鏈?26397) 浠?20195) /(47) 0(48) 4(52) -(45) 灏?23569) 鍏?20856) 杞?36713) 杈?36757) 姘?27663) /(47) 0(48) 1(49) -(45) 灏?23569) 鍏?20856) 杞?36713) 杈?36757) 鍥?22235) 涓?19990) 閰?37195) 澶?22823) 杩?36837) 杞?36713) 杈?36757) 姘?27663) 鍒?21015) .(46) m(109) d(100)
annotationRoot锛?F:\GitHub\NEXUS\src\annotations
articlePathWithoutExt锛?浜嬪唽涔嬭浇/11-绂€氱邯/03-绁炶静鏈濅唬/04-灏戝吀杞╄緯姘?01-灏戝吀杞╄緯鍥涗笘閰嬪ぇ杩ヨ僵杈曟皬鍒?eventsPath锛?F:\GitHub\NEXUS\src\annotations\浜嬪唽涔嬭浇\11-绂€氱邯\03-绁炶静鏈濅唬\04-灏戝吀杞╄緯姘廫01-灏戝吀杞╄緯鍥涗笘閰嬪ぇ杩ヨ僵杈曟皬鍒?events.md
relationsPath锛?F:\GitHub\NEXUS\src\annotations\浜嬪唽涔嬭浇\11-绂€氱邯\03-绁炶静鏈濅唬\04-灏戝吀杞╄緯姘廫01-灏戝吀杞╄緯鍥涗笘閰嬪ぇ杩ヨ僵杈曟皬鍒?relations.md
eventsPath 瀛樺湪锛?false
relationsPath 瀛樺湪锛?false
鍔犺浇鐨勬爣娉ㄦ枃浠舵暟閲忥細 0
鍔犺浇鐨勬爣娉ㄦ枃浠讹細 []
浼犻€掔粰鍓嶇鐨勬爣娉ㄦ暟鎹細 { files: [] }
 [2m(+7ms)[22m
[2m10:07:04[22m   [34m鈹溾攢[39m [2m/婕旇繘杞ㄨ抗/02-灏戝吀杞╄緯浜斾笘閰嬮粍杞╄緯姘忓垪/index.html[22m========== 鏍囨敞鏂囦欢鍔犺浇璋冭瘯 ==========
article.id 鍘熷鍊硷細 浜嬪唽涔嬭浇/11-绂€氱邯/03-绁炶静鏈濅唬/04-灏戝吀杞╄緯姘?02-灏戝吀杞╄緯浜斾笘閰嬮粍杞╄緯姘忓垪.md
article.id 绫诲瀷锛?string
article.id 闀垮害锛?47
article.id 瀛楃浠ｇ爜锛?浜?20107) 鍐?20876) 涔?20043) 杞?36733) /(47) 1(49) 1(49) -(45) 绂?31146) 閫?36890) 绾?32426) /(47) 0(48) 3(51) -(45) 绁?31070) 杈?36786) 鏈?26397) 浠?20195) /(47) 0(48) 4(52) -(45) 灏?23569) 鍏?20856) 杞?36713) 杈?36757) 姘?27663) /(47) 0(48) 2(50) -(45) 灏?23569) 鍏?20856) 杞?36713) 杈?36757) 浜?20116) 涓?19990) 閰?37195) 榛?40644) 杞?36713) 杈?36757) 姘?27663) 鍒?21015) .(46) m(109) d(100)
annotationRoot锛?F:\GitHub\NEXUS\src\annotations
articlePathWithoutExt锛?浜嬪唽涔嬭浇/11-绂€氱邯/03-绁炶静鏈濅唬/04-灏戝吀杞╄緯姘?02-灏戝吀杞╄緯浜斾笘閰嬮粍杞╄緯姘忓垪
eventsPath锛?F:\GitHub\NEXUS\src\annotations\浜嬪唽涔嬭浇\11-绂€氱邯\03-绁炶静鏈濅.events.json戝吀杞╄緯姘廫02-灏戝吀杞╄緯浜斾笘閰嬮粍杞╄緯姘忓垪.events.md
relationsPath锛?F:\GitHub\NEXUS\src\annotations\浜嬪唽涔嬭浇\11-绂€氱邯\03-绁炶静鏈濅.relations.json吀杞╄緯姘廫02-灏戝吀杞╄緯浜斾笘閰嬮粍杞╄緯姘忓垪.relations.md
eventsPath 瀛樺湪锛?false
relationsPath 瀛樺湪锛?false
鍔犺浇鐨勬爣娉ㄦ枃浠舵暟閲忥細 0
鍔犺浇鐨勬爣娉ㄦ枃浠讹細 []
浼犻€掔粰鍓嶇鐨勬爣娉ㄦ暟鎹細 { files: [] }
 [2m(+6ms)[22m
[2m10:07:04[22m   [34m鈹溾攢[39m [2m/婕旇繘杞ㄨ抗/03-灏戝吀杞╄緯鍏笘閰嬪ぇ鍙疯僵杈曟皬鍒?index.html[22m========== 鏍囨敞鏂囦欢鍔犺浇璋冭瘯 ==========
article.id 鍘熷鍊硷細 浜嬪唽涔嬭浇/11-绂€氱邯/03-绁炶静鏈濅唬/04-灏戝吀杞╄緯姘?03-灏戝吀杞╄緯鍏笘閰嬪ぇ鍙疯僵杈曟皬鍒?md
article.id 绫诲瀷锛?string
article.id 闀垮害锛?48
article.id 瀛楃浠ｇ爜锛?浜?20107) 鍐?20876) 涔?20043) 杞?36733) /(47) 1(49) 1(49) -(45) 绂?31146) 閫?36890) 绾?32426) /(47) 0(48) 3(51) -(45) 绁?31070) 杈?36786) 鏈?26397) 浠?20195) /(47) 0(48) 4(52) -(45) 灏?23569) 鍏?20856) 杞?36713) 杈?36757) 姘?27663) /(47) 0(48) 3(51) -(45) 灏?23569) 鍏?20856) 杞?36713) 杈?36757) 鍏?20845) 涓?19990) 閰?37195) 澶?22823) 鍙?21495) 杞?36713) 杈?36757) 姘?27663) 鍒?21015) .(46) m(109) d(100)
annotationRoot锛?F:\GitHub\NEXUS\src\annotations
articlePathWithoutExt锛?浜嬪唽涔嬭浇/11-绂€氱邯/03-绁炶静鏈濅唬/04-灏戝吀杞╄緯姘?03-灏戝吀杞╄緯鍏笘閰嬪ぇ鍙疯僵杈曟皬鍒?eventsPath锛?F:\GitHub\NEXUS\src\annotations\浜嬪唽涔嬭浇\11-绂€氱邯\03-绁炶静鏈濅唬\04-灏戝吀杞╄緯姘廫03-灏戝吀杞╄緯鍏笘閰嬪ぇ鍙疯僵杈曟皬鍒?events.md
relationsPath锛?F:\GitHub\NEXUS\src\annotations\浜嬪唽涔嬭浇\11-绂€氱邯\03-绁炶静鏈濅唬\04-灏戝吀杞╄緯姘廫03-灏戝吀杞╄緯鍏笘閰嬪ぇ鍙疯僵杈曟皬鍒?relations.md
eventsPath 瀛樺湪锛?false
relationsPath 瀛樺湪锛?false
鍔犺浇鐨勬爣娉ㄦ枃浠舵暟閲忥細 0
鍔犺浇鐨勬爣娉ㄦ枃浠讹細 []
浼犻€掔粰鍓嶇鐨勬爣娉ㄦ暟鎹細 { files: [] }
 [2m(+9ms)[22m
[2m10:07:04[22m   [34m鈹溾攢[39m [2m/婕旇繘杞ㄨ抗/04-灏戝吀杞╄緯涓冧笘閰嬭妭杩囪僵杈曟皬鍒?index.html[22m========== 鏍囨敞鏂囦欢鍔犺浇璋冭瘯 ==========
article.id 鍘熷鍊硷細 浜嬪唽涔嬭浇/11-绂€氱邯/03-绁炶静鏈濅唬/04-灏戝吀杞╄緯姘?04-灏戝吀杞╄緯涓冧笘閰嬭妭杩囪僵杈曟皬鍒?md
article.id 绫诲瀷锛?string
article.id 闀垮害锛?48
article.id 瀛楃浠ｇ爜锛?浜?20107) 鍐?20876) 涔?20043) 杞?36733) /(47) 1(49) 1(49) -(45) 绂?31146) 閫?36890) 绾?32426) /(47) 0(48) 3(51) -(45) 绁?31070) 杈?36786) 鏈?26397) 浠?20195) /(47) 0(48) 4(52) -(45) 灏?23569) 鍏?20856) 杞?36713) 杈?36757) 姘?27663) /(47) 0(48) 4(52) -(45) 灏?23569) 鍏?20856) 杞?36713) 杈?36757) 涓?19971) 涓?19990) 閰?37195) 鑺?33410) 杩?36807) 杞?36713) 杈?36757) 姘?27663) 鍒?21015) .(46) m(109) d(100)
annotationRoot锛?F:\GitHub\NEXUS\src\annotations
articlePathWithoutExt锛?浜嬪唽涔嬭浇/11-绂€氱邯/03-绁炶静鏈濅唬/04-灏戝吀杞╄緯姘?04-灏戝吀杞╄緯涓冧笘閰嬭妭杩囪僵杈曟皬鍒?eventsPath锛?F:\GitHub\NEXUS\src\annotations\浜嬪唽涔嬭浇\11-绂€氱邯\03-绁炶静鏈濅唬\04-灏戝吀杞╄緯姘廫04-灏戝吀杞╄緯涓冧笘閰嬭妭杩囪僵杈曟皬鍒?events.md
relationsPath锛?F:\GitHub\NEXUS\src\annotations\浜嬪唽涔嬭浇\11-绂€氱邯\03-绁炶静鏈濅唬\04-灏戝吀杞╄緯姘廫04-灏戝吀杞╄緯涓冧笘閰嬭妭杩囪僵杈曟皬鍒?relations.md
eventsPath 瀛樺湪锛?false
relationsPath 瀛樺湪锛?false
鍔犺浇鐨勬爣娉ㄦ枃浠舵暟閲忥細 0
鍔犺浇鐨勬爣娉ㄦ枃浠讹細 []
浼犻€掔粰鍓嶇鐨勬爣娉ㄦ暟鎹細 { files: [] }
 [2m(+5ms)[22m
[2m10:07:04[22m   [34m鈹溾攢[39m [2m/婕旇繘杞ㄨ抗/05-灏戝吀杞╄緯鍏笘閰嬪彿娉借僵杈曟皬鍒?index.html[22m========== 鏍囨敞鏂囦欢鍔犺浇璋冭瘯 ==========
article.id 鍘熷鍊硷細 浜嬪唽涔嬭浇/11-绂€氱邯/03-绁炶静鏈濅唬/04-灏戝吀杞╄緯姘?05-灏戝吀杞╄緯鍏笘閰嬪彿娉借僵杈曟皬鍒?md
article.id 绫诲瀷锛?string
article.id 闀垮害锛?48
article.id 瀛楃浠ｇ爜锛?浜?20107) 鍐?20876) 涔?20043) 杞?36733) /(47) 1(49) 1(49) -(45) 绂?31146) 閫?36890) 绾?32426) /(47) 0(48) 3(51) -(45) 绁?31070) 杈?36786) 鏈?26397) 浠?20195) /(47) 0(48) 4(52) -(45) 灏?23569) 鍏?20856) 杞?36713) 杈?36757) 姘?27663) /(47) 0(48) 5(53) -(45) 灏?23569) 鍏?20856) 杞?36713) 杈?36757) 鍏?20843) 涓?19990) 閰?37195) 鍙?21495) 娉?27901) 杞?36713) 杈?36757) 姘?27663) 鍒?21015) .(46) m(109) d(100)
annotationRoot锛?F:\GitHub\NEXUS\src\annotations
articlePathWithoutExt锛?浜嬪唽涔嬭浇/11-绂€氱邯/03-绁炶静鏈濅唬/04-灏戝吀杞╄緯姘?05-灏戝吀杞╄緯鍏笘閰嬪彿娉借僵杈曟皬鍒?eventsPath锛?F:\GitHub\NEXUS\src\annotations\浜嬪唽涔嬭浇\11-绂€氱邯\03-绁炶静鏈濅唬\04-灏戝吀杞╄緯姘廫05-灏戝吀杞╄緯鍏笘閰嬪彿娉借僵杈曟皬鍒?events.md
relationsPath锛?F:\GitHub\NEXUS\src\annotations\浜嬪唽涔嬭浇\11-绂€氱邯\03-绁炶静鏈濅唬\04-灏戝吀杞╄緯姘廫05-灏戝吀杞╄緯鍏笘閰嬪彿娉借僵杈曟皬鍒?relations.md
eventsPath 瀛樺湪锛?false
relationsPath 瀛樺湪锛?false
鍔犺浇鐨勬爣娉ㄦ枃浠舵暟閲忥細 0
鍔犺浇鐨勬爣娉ㄦ枃浠讹細 []
浼犻€掔粰鍓嶇鐨勬爣娉ㄦ暟鎹細 { files: [] }
 [2m(+6ms)[22m
[2m10:07:04[22m   [34m鈹溾攢[39m [2m/婕旇繘杞ㄨ抗/08-灏戝吀杞╄緯姘忓崄涓€涓栭厠鏄屽杞╄緯姘忓垪/index.html[22m========== 鏍囨敞鏂囦欢鍔犺浇璋冭瘯 ==========
article.id 鍘熷鍊硷細 浜嬪唽涔嬭浇/11-绂€氱邯/03-绁炶静鏈濅唬/04-灏戝吀杞╄緯姘?08-灏戝吀杞╄緯姘忓崄涓€涓栭厠鏄屽杞╄緯姘忓垪.md
article.id 绫诲瀷锛?string
article.id 闀垮害锛?50
article.id 瀛楃浠ｇ爜锛?浜?20107) 鍐?20876) 涔?20043) 杞?36733) /(47) 1(49) 1(49) -(45) 绂?31146) 閫?36890) 绾?32426) /(47) 0(48) 3(51) -(45) 绁?31070) 杈?36786) 鏈?26397) 浠?20195) /(47) 0(48) 4(52) -(45) 灏?23569) 鍏?20856) 杞?36713) 杈?36757) 姘?27663) /(47) 0(48) 8(56) -(45) 灏?23569) 鍏?20856) 杞?36713) 杈?36757) 姘?27663) 鍗?21313) 涓€(19968) 涓?19990) 閰?37195) 鏄?26124) 濂?22862) 杞?36713) 杈?36757) 姘?27663) 鍒?21015) .(46) m(109) d(100)
annotationRoot锛?F:\GitHub\NEXUS\src\annotations
articlePathWithoutExt锛?浜嬪唽涔嬭浇/11-绂€氱邯/03-绁炶静鏈濅唬/04-灏戝吀杞╄緯姘?08-灏戝吀杞╄緯姘忓崄涓€涓栭厠鏄屽杞╄緯姘忓垪
eventsPath锛?F:\GitHub\NEXUS\src\annotations\浜嬪唽涔嬭浇\11-绂€氱邯\03-绁炶静鏈濅唬\0.events.json�杞╄緯姘廫08-灏戝吀杞╄緯姘忓崄涓€涓栭厠鏄屽杞╄緯姘忓垪.events.md
relationsPath锛?F:\GitHub\NEXUS\src\annotations\浜嬪唽涔嬭浇\11-绂€氱邯\03-绁炶静鏈濅唬\0.relations.json�╄緯姘廫08-灏戝吀杞╄緯姘忓崄涓€涓栭厠鏄屽杞╄緯姘忓垪.relations.md
eventsPath 瀛樺湪锛?false
relationsPath 瀛樺湪锛?false
鍔犺浇鐨勬爣娉ㄦ枃浠舵暟閲忥細 0
鍔犺浇鐨勬爣娉ㄦ枃浠讹細 []
浼犻€掔粰鍓嶇鐨勬爣娉ㄦ暟鎹細 { files: [] }
 [2m(+7ms)[22m
[2m10:07:04[22m   [34m鈹溾攢[39m [2m/婕旇繘杞ㄨ抗/06-灏戝吀杞╄緯涔濅笘閰嬭憶搴旇僵杈曟皬鍒?index.html[22m========== 鏍囨敞鏂囦欢鍔犺浇璋冭瘯 ==========
article.id 鍘熷鍊硷細 浜嬪唽涔嬭浇/11-绂€氱邯/03-绁炶静鏈濅唬/04-灏戝吀杞╄緯姘?06-灏戝吀杞╄緯涔濅笘閰嬭憶搴旇僵杈曟皬鍒?md
article.id 绫诲瀷锛?string
article.id 闀垮害锛?48
article.id 瀛楃浠ｇ爜锛?浜?20107) 鍐?20876) 涔?20043) 杞?36733) /(47) 1(49) 1(49) -(45) 绂?31146) 閫?36890) 绾?32426) /(47) 0(48) 3(51) -(45) 绁?31070) 杈?36786) 鏈?26397) 浠?20195) /(47) 0(48) 4(52) -(45) 灏?23569) 鍏?20856) 杞?36713) 杈?36757) 姘?27663) /(47) 0(48) 6(54) -(45) 灏?23569) 鍏?20856) 杞?36713) 杈?36757) 涔?20061) 涓?19990) 閰?37195) 钁?33883) 搴?24212) 杞?36713) 杈?36757) 姘?27663) 鍒?21015) .(46) m(109) d(100)
annotationRoot锛?F:\GitHub\NEXUS\src\annotations
articlePathWithoutExt锛?浜嬪唽涔嬭浇/11-绂€氱邯/03-绁炶静鏈濅唬/04-灏戝吀杞╄緯姘?06-灏戝吀杞╄緯涔濅笘閰嬭憶搴旇僵杈曟皬鍒?eventsPath锛?F:\GitHub\NEXUS\src\annotations\浜嬪唽涔嬭浇\11-绂€氱邯\03-绁炶静鏈濅唬\04-灏戝吀杞╄緯姘廫06-灏戝吀杞╄緯涔濅笘閰嬭憶搴旇僵杈曟皬鍒?events.md
relationsPath锛?F:\GitHub\NEXUS\src\annotations\浜嬪唽涔嬭浇\11-绂€氱邯\03-绁炶静鏈濅唬\04-灏戝吀杞╄緯姘廫06-灏戝吀杞╄緯涔濅笘閰嬭憶搴旇僵杈曟皬鍒?relations.md
eventsPath 瀛樺湪锛?false
relationsPath 瀛樺湪锛?false
鍔犺浇鐨勬爣娉ㄦ枃浠舵暟閲忥細 0
鍔犺浇鐨勬爣娉ㄦ枃浠讹細 []
浼犻€掔粰鍓嶇鐨勬爣娉ㄦ暟鎹細 { files: [] }
 [2m(+5ms)[22m
[2m10:07:04[22m   [34m鈹溾攢[39m [2m/婕旇繘杞ㄨ抗/07-灏戝吀杞╄緯鍗佷笘閰嬪洖鏍疯僵杈曟皬鍒?index.html[22m========== 鏍囨敞鏂囦欢鍔犺浇璋冭瘯 ==========
article.id 鍘熷鍊硷細 浜嬪唽涔嬭浇/11-绂€氱邯/03-绁炶静鏈濅唬/04-灏戝吀杞╄緯姘?07-灏戝吀杞╄緯鍗佷笘閰嬪洖鏍疯僵杈曟皬鍒?md
article.id 绫诲瀷锛?string
article.id 闀垮害锛?48
article.id 瀛楃浠ｇ爜锛?浜?20107) 鍐?20876) 涔?20043) 杞?36733) /(47) 1(49) 1(49) -(45) 绂?31146) 閫?36890) 绾?32426) /(47) 0(48) 3(51) -(45) 绁?31070) 杈?36786) 鏈?26397) 浠?20195) /(47) 0(48) 4(52) -(45) 灏?23569) 鍏?20856) 杞?36713) 杈?36757) 姘?27663) /(47) 0(48) 7(55) -(45) 灏?23569) 鍏?20856) 杞?36713) 杈?36757) 鍗?21313) 涓?19990) 閰?37195) 鍥?22238) 鏍?26679) 杞?36713) 杈?36757) 姘?27663) 鍒?21015) .(46) m(109) d(100)
annotationRoot锛?F:\GitHub\NEXUS\src\annotations
articlePathWithoutExt锛?浜嬪唽涔嬭浇/11-绂€氱邯/03-绁炶静鏈濅唬/04-灏戝吀杞╄緯姘?07-灏戝吀杞╄緯鍗佷笘閰嬪洖鏍疯僵杈曟皬鍒?eventsPath锛?F:\GitHub\NEXUS\src\annotations\浜嬪唽涔嬭浇\11-绂€氱邯\03-绁炶静鏈濅唬\04-灏戝吀杞╄緯姘廫07-灏戝吀杞╄緯鍗佷笘閰嬪洖鏍疯僵杈曟皬鍒?events.md
relationsPath锛?F:\GitHub\NEXUS\src\annotations\浜嬪唽涔嬭浇\11-绂€氱邯\03-绁炶静鏈濅唬\04-灏戝吀杞╄緯姘廫07-灏戝吀杞╄緯鍗佷笘閰嬪洖鏍疯僵杈曟皬鍒?relations.md
eventsPath 瀛樺湪锛?false
relationsPath 瀛樺湪锛?false
鍔犺浇鐨勬爣娉ㄦ枃浠舵暟閲忥細 0
鍔犺浇鐨勬爣娉ㄦ枃浠讹細 []
浼犻€掔粰鍓嶇鐨勬爣娉ㄦ暟鎹細 { files: [] }
 [2m(+7ms)[22m
[2m10:07:04[22m   [34m鈹溾攢[39m [2m/婕旇繘杞ㄨ抗/09-灏戝吀杞╄緯鍗佷簩涓栭厠璞＄埢杞╄緯姘忓垪/index.html[22m========== 鏍囨敞鏂囦欢鍔犺浇璋冭瘯 ==========
article.id 鍘熷鍊硷細 浜嬪唽涔嬭浇/11-绂€氱邯/03-绁炶静鏈濅唬/04-灏戝吀杞╄緯姘?09-灏戝吀杞╄緯鍗佷簩涓栭厠璞＄埢杞╄緯姘忓垪.md
article.id 绫诲瀷锛?string
article.id 闀垮害锛?49
article.id 瀛楃浠ｇ爜锛?浜?20107) 鍐?20876) 涔?20043) 杞?36733) /(47) 1(49) 1(49) -(45) 绂?31146) 閫?36890) 绾?32426) /(47) 0(48) 3(51) -(45) 绁?31070) 杈?36786) 鏈?26397) 浠?20195) /(47) 0(48) 4(52) -(45) 灏?23569) 鍏?20856) 杞?36713) 杈?36757) 姘?27663) /(47) 0(48) 9(57) -(45) 灏?23569) 鍏?20856) 杞?36713) 杈?36757) 鍗?21313) 浜?20108) 涓?19990) 閰?37195) 璞?35937) 鐖?29243) 杞?36713) 杈?36757) 姘?27663) 鍒?21015) .(46) m(109) d(100)
annotationRoot锛?F:\GitHub\NEXUS\src\annotations
articlePathWithoutExt锛?浜嬪唽涔嬭浇/11-绂€氱邯/03-绁炶静鏈濅唬/04-灏戝吀杞╄緯姘?09-灏戝吀杞╄緯鍗佷簩涓栭厠璞＄埢杞╄緯姘忓垪
eventsPath锛?F:\GitHub\NEXUS\src\annotations\浜嬪唽涔嬭浇\11-绂€氱邯\03-绁炶静鏈濅唬.events.json吀杞╄緯姘廫09-灏戝吀杞╄緯鍗佷簩涓栭厠璞＄埢杞╄緯姘忓垪.events.md
relationsPath锛?F:\GitHub\NEXUS\src\annotations\浜嬪唽涔嬭浇\11-绂€氱邯\03-绁炶静鏈濅唬.relations.json杞╄緯姘廫09-灏戝吀杞╄緯鍗佷簩涓栭厠璞＄埢杞╄緯姘忓垪.relations.md
eventsPath 瀛樺湪锛?false
relationsPath 瀛樺湪锛?false
鍔犺浇鐨勬爣娉ㄦ枃浠舵暟閲忥細 0
鍔犺浇鐨勬爣娉ㄦ枃浠讹細 []
浼犻€掔粰鍓嶇鐨勬爣娉ㄦ暟鎹細 { files: [] }
 [2m(+4ms)[22m
[2m10:07:04[22m   [34m鈹溾攢[39m [2m/婕旇繘杞ㄨ抗/10-灏戝吀杞╄緯鍗佷笁涓栭厠杩為偊杞╄緯姘忓垪/index.html[22m========== 鏍囨敞鏂囦欢鍔犺浇璋冭瘯 ==========
article.id 鍘熷鍊硷細 浜嬪唽涔嬭浇/11-绂€氱邯/03-绁炶静鏈濅唬/04-灏戝吀杞╄緯姘?10-灏戝吀杞╄緯鍗佷笁涓栭厠杩為偊杞╄緯姘忓垪.md
article.id 绫诲瀷锛?string
article.id 闀垮害锛?49
article.id 瀛楃浠ｇ爜锛?浜?20107) 鍐?20876) 涔?20043) 杞?36733) /(47) 1(49) 1(49) -(45) 绂?31146) 閫?36890) 绾?32426) /(47) 0(48) 3(51) -(45) 绁?31070) 杈?36786) 鏈?26397) 浠?20195) /(47) 0(48) 4(52) -(45) 灏?23569) 鍏?20856) 杞?36713) 杈?36757) 姘?27663) /(47) 1(49) 0(48) -(45) 灏?23569) 鍏?20856) 杞?36713) 杈?36757) 鍗?21313) 涓?19977) 涓?19990) 閰?37195) 杩?36830) 閭?37030) 杞?36713) 杈?36757) 姘?27663) 鍒?21015) .(46) m(109) d(100)
annotationRoot锛?F:\GitHub\NEXUS\src\annotations
articlePathWithoutExt锛?浜嬪唽涔嬭浇/11-绂€氱邯/03-绁炶静鏈濅唬/04-灏戝吀杞╄緯姘?10-灏戝吀杞╄緯鍗佷笁涓栭厠杩為偊杞╄緯姘忓垪
eventsPath锛?F:\GitHub\NEXUS\src\annotations\浜嬪唽涔嬭浇\11-绂€氱邯\03-绁炶静鏈濅唬.events.json吀杞╄緯姘廫10-灏戝吀杞╄緯鍗佷笁涓栭厠杩為偊杞╄緯姘忓垪.events.md
relationsPath锛?F:\GitHub\NEXUS\src\annotations\浜嬪唽涔嬭浇\11-绂€氱邯\03-绁炶静鏈濅唬.relations.json杞╄緯姘廫10-灏戝吀杞╄緯鍗佷笁涓栭厠杩為偊杞╄緯姘忓垪.relations.md
eventsPath 瀛樺湪锛?false
relationsPath 瀛樺湪锛?false
鍔犺浇鐨勬爣娉ㄦ枃浠舵暟閲忥細 0
鍔犺浇鐨勬爣娉ㄦ枃浠讹細 []
浼犻€掔粰鍓嶇鐨勬爣娉ㄦ暟鎹細 { files: [] }
 [2m(+4ms)[22m
[2m10:07:04[22m   [34m鈹溾攢[39m [2m/婕旇繘杞ㄨ抗/11-灏戝吀杞╄緯鍗佸洓涓栭厠閭﹀崏杞╄緯姘忓垪/index.html[22m========== 鏍囨敞鏂囦欢鍔犺浇璋冭瘯 ==========
article.id 鍘熷鍊硷細 浜嬪唽涔嬭浇/11-绂€氱邯/03-绁炶静鏈濅唬/04-灏戝吀杞╄緯姘?11-灏戝吀杞╄緯鍗佸洓涓栭厠閭﹀崏杞╄緯姘忓垪.md
article.id 绫诲瀷锛?string
article.id 闀垮害锛?49
article.id 瀛楃浠ｇ爜锛?浜?20107) 鍐?20876) 涔?20043) 杞?36733) /(47) 1(49) 1(49) -(45) 绂?31146) 閫?36890) 绾?32426) /(47) 0(48) 3(51) -(45) 绁?31070) 杈?36786) 鏈?26397) 浠?20195) /(47) 0(48) 4(52) -(45) 灏?23569) 鍏?20856) 杞?36713) 杈?36757) 姘?27663) /(47) 1(49) 1(49) -(45) 灏?23569) 鍏?20856) 杞?36713) 杈?36757) 鍗?21313) 鍥?22235) 涓?19990) 閰?37195) 閭?37030) 鍗?21321) 杞?36713) 杈?36757) 姘?27663) 鍒?21015) .(46) m(109) d(100)
annotationRoot锛?F:\GitHub\NEXUS\src\annotations
articlePathWithoutExt锛?浜嬪唽涔嬭浇/11-绂€氱邯/03-绁炶静鏈濅唬/04-灏戝吀杞╄緯姘?11-灏戝吀杞╄緯鍗佸洓涓栭厠閭﹀崏杞╄緯姘忓垪
eventsPath锛?F:\GitHub\NEXUS\src\annotations\浜嬪唽涔嬭浇\11-绂€氱邯\03-绁炶静鏈濅唬.events.json吀杞╄緯姘廫11-灏戝吀杞╄緯鍗佸洓涓栭厠閭﹀崏杞╄緯姘忓垪.events.md
relationsPath锛?F:\GitHub\NEXUS\src\annotations\浜嬪唽涔嬭浇\11-绂€氱邯\03-绁炶静鏈濅唬.relations.json杞╄緯姘廫11-灏戝吀杞╄緯鍗佸洓涓栭厠閭﹀崏杞╄緯姘忓垪.relations.md
eventsPath 瀛樺湪锛?false
relationsPath 瀛樺湪锛?false
鍔犺浇鐨勬爣娉ㄦ枃浠舵暟閲忥細 0
鍔犺浇鐨勬爣娉ㄦ枃浠讹細 []
浼犻€掔粰鍓嶇鐨勬爣娉ㄦ暟鎹細 { files: [] }
 [2m(+4ms)[22m
[2m10:07:04[22m   [34m鈹溾攢[39m [2m/婕旇繘杞ㄨ抗/00-涔濋粠姘忕邯/index.html[22m========== 鏍囨敞鏂囦欢鍔犺浇璋冭瘯 ==========
article.id 鍘熷鍊硷細 浜嬪唽涔嬭浇/11-绂€氱邯/03-绁炶静鏈濅唬/03-涔濋粠姘?00-涔濋粠姘忕邯.md
article.id 绫诲瀷锛?string
article.id 闀垮害锛?37
article.id 瀛楃浠ｇ爜锛?浜?20107) 鍐?20876) 涔?20043) 杞?36733) /(47) 1(49) 1(49) -(45) 绂?31146) 閫?36890) 绾?32426) /(47) 0(48) 3(51) -(45) 绁?31070) 杈?36786) 鏈?26397) 浠?20195) /(47) 0(48) 3(51) -(45) 涔?20061) 榛?40654) 姘?27663) /(47) 0(48) 0(48) -(45) 涔?20061) 榛?40654) 姘?27663) 绾?32426) .(46) m(109) d(100)
annotationRoot锛?F:\GitHub\NEXUS\src\annotations
articlePathWithoutExt锛?浜嬪唽涔嬭浇/11-绂€氱邯/03-绁炶静鏈濅唬/03-涔濋粠姘?00-涔濋粠姘忕邯
eventsPath锛?F:\GitHub\NEXUS\src\annotations\浜嬪唽涔嬭浇\11-绂€氱邯\03-.events.json��濅唬\03-涔濋粠姘廫00-涔濋粠姘忕邯.events.md
relationsPath锛?F:\GitHub\NEXUS\src\annotations\浜嬪唽涔嬭浇\11-绂€氱邯\03-.relations.json��唬\03-涔濋粠姘廫00-涔濋粠姘忕邯.relations.md
eventsPath 瀛樺湪锛?false
relationsPath 瀛樺湪锛?false
鍔犺浇鐨勬爣娉ㄦ枃浠舵暟閲忥細 0
鍔犺浇鐨勬爣娉ㄦ枃浠讹細 []
浼犻€掔粰鍓嶇鐨勬爣娉ㄦ暟鎹細 { files: [] }
 [2m(+4ms)[22m
[2m10:07:04[22m   [34m鈹溾攢[39m [2m/婕旇繘杞ㄨ抗/01-涔濋粠涓€涓栧笣铏轰節榛庢皬鍒?index.html[22m========== 鏍囨敞鏂囦欢鍔犺浇璋冭瘯 ==========
article.id 鍘熷鍊硷細 浜嬪唽涔嬭浇/11-绂€氱邯/03-绁炶静鏈濅唬/03-涔濋粠姘?01-涔濋粠涓€涓栧笣铏轰節榛庢皬鍒?md
article.id 绫诲瀷锛?string
article.id 闀垮害锛?43
article.id 瀛楃浠ｇ爜锛?浜?20107) 鍐?20876) 涔?20043) 杞?36733) /(47) 1(49) 1(49) -(45) 绂?31146) 閫?36890) 绾?32426) /(47) 0(48) 3(51) -(45) 绁?31070) 杈?36786) 鏈?26397) 浠?20195) /(47) 0(48) 3(51) -(45) 涔?20061) 榛?40654) 姘?27663) /(47) 0(48) 1(49) -(45) 涔?20061) 榛?40654) 涓€(19968) 涓?19990) 甯?24093) 铏?34426) 涔?20061) 榛?40654) 姘?27663) 鍒?21015) .(46) m(109) d(100)
annotationRoot锛?F:\GitHub\NEXUS\src\annotations
articlePathWithoutExt锛?浜嬪唽涔嬭浇/11-绂€氱邯/03-绁炶静鏈濅唬/03-涔濋粠姘?01-涔濋粠涓€涓栧笣铏轰節榛庢皬鍒?eventsPath锛?F:\GitHub\NEXUS\src\annotations\浜嬪唽涔嬭浇\11-绂€氱邯\03-绁炶静鏈濅唬\03-涔濋粠姘廫01-涔濋粠涓€涓栧笣铏轰節榛庢皬鍒?events.md
relationsPath锛?F:\GitHub\NEXUS\src\annotations\浜嬪唽涔嬭浇\11-绂€氱邯\03-绁炶静鏈濅唬\03-涔濋粠姘廫01-涔濋粠涓€涓栧笣铏轰節榛庢皬鍒?relations.md
eventsPath 瀛樺湪锛?false
relationsPath 瀛樺湪锛?false
鍔犺浇鐨勬爣娉ㄦ枃浠舵暟閲忥細 0
鍔犺浇鐨勬爣娉ㄦ枃浠讹細 []
浼犻€掔粰鍓嶇鐨勬爣娉ㄦ暟鎹細 { files: [] }
 [2m(+4ms)[22m
[2m10:07:04[22m   [34m鈹溾攢[39m [2m/婕旇繘杞ㄨ抗/02-涔濋粠浜屼笘甯濆惣涔濋粠姘忓垪/index.html[22m========== 鏍囨敞鏂囦欢鍔犺浇璋冭瘯 ==========
article.id 鍘熷鍊硷細 浜嬪唽涔嬭浇/11-绂€氱邯/03-绁炶静鏈濅唬/03-涔濋粠姘?02-涔濋粠浜屼笘甯濆惣涔濋粠姘忓垪.md
article.id 绫诲瀷锛?string
article.id 闀垮害锛?43
article.id 瀛楃浠ｇ爜锛?浜?20107) 鍐?20876) 涔?20043) 杞?36733) /(47) 1(49) 1(49) -(45) 绂?31146) 閫?36890) 绾?32426) /(47) 0(48) 3(51) -(45) 绁?31070) 杈?36786) 鏈?26397) 浠?20195) /(47) 0(48) 3(51) -(45) 涔?20061) 榛?40654) 姘?27663) /(47) 0(48) 2(50) -(45) 涔?20061) 榛?40654) 浜?20108) 涓?19990) 甯?24093) 鍚?21564) 涔?20061) 榛?40654) 姘?27663) 鍒?21015) .(46) m(109) d(100)
annotationRoot锛?F:\GitHub\NEXUS\src\annotations
articlePathWithoutExt锛?浜嬪唽涔嬭浇/11-绂€氱邯/03-绁炶静鏈濅唬/03-涔濋粠姘?02-涔濋粠浜屼笘甯濆惣涔濋粠姘忓垪
eventsPath锛?F:\GitHub\NEXUS\src\annotations\浜嬪唽涔嬭浇\11-绂€氱邯\03-绁炶静.events.json03-涔濋粠姘廫02-涔濋粠浜屼笘甯濆惣涔濋粠姘忓垪.events.md
relationsPath锛?F:\GitHub\NEXUS\src\annotations\浜嬪唽涔嬭浇\11-绂€氱邯\03-绁炶静.relations.json涔濋粠姘廫02-涔濋粠浜屼笘甯濆惣涔濋粠姘忓垪.relations.md
eventsPath 瀛樺湪锛?false
relationsPath 瀛樺湪锛?false
鍔犺浇鐨勬爣娉ㄦ枃浠舵暟閲忥細 0
鍔犺浇鐨勬爣娉ㄦ枃浠讹細 []
浼犻€掔粰鍓嶇鐨勬爣娉ㄦ暟鎹細 { files: [] }
 [2m(+4ms)[22m
[2m10:07:04[22m   [34m鈹溾攢[39m [2m/婕旇繘杞ㄨ抗/03-涔濋粠涓変笘甯濊毄灏や節榛庢皬鍒?index.html[22m========== 鏍囨敞鏂囦欢鍔犺浇璋冭瘯 ==========
article.id 鍘熷鍊硷細 浜嬪唽涔嬭浇/11-绂€氱邯/03-绁炶静鏈濅唬/03-涔濋粠姘?03-涔濋粠涓変笘甯濊毄灏や節榛庢皬鍒?md
article.id 绫诲瀷锛?string
article.id 闀垮害锛?44
article.id 瀛楃浠ｇ爜锛?浜?20107) 鍐?20876) 涔?20043) 杞?36733) /(47) 1(49) 1(49) -(45) 绂?31146) 閫?36890) 绾?32426) /(47) 0(48) 3(51) -(45) 绁?31070) 杈?36786) 鏈?26397) 浠?20195) /(47) 0(48) 3(51) -(45) 涔?20061) 榛?40654) 姘?27663) /(47) 0(48) 3(51) -(45) 涔?20061) 榛?40654) 涓?19977) 涓?19990) 甯?24093) 铓?34473) 灏?23588) 涔?20061) 榛?40654) 姘?27663) 鍒?21015) .(46) m(109) d(100)
annotationRoot锛?F:\GitHub\NEXUS\src\annotations
articlePathWithoutExt锛?浜嬪唽涔嬭浇/11-绂€氱邯/03-绁炶静鏈濅唬/03-涔濋粠姘?03-涔濋粠涓変笘甯濊毄灏や節榛庢皬鍒?eventsPath锛?F:\GitHub\NEXUS\src\annotations\浜嬪唽涔嬭浇\11-绂€氱邯\03-绁炶静鏈濅唬\03-涔濋粠姘廫03-涔濋粠涓変笘甯濊毄灏や節榛庢皬鍒?events.md
relationsPath锛?F:\GitHub\NEXUS\src\annotations\浜嬪唽涔嬭浇\11-绂€氱邯\03-绁炶静鏈濅唬\03-涔濋粠姘廫03-涔濋粠涓変笘甯濊毄灏や節榛庢皬鍒?relations.md
eventsPath 瀛樺湪锛?false
relationsPath 瀛樺湪锛?false
鍔犺浇鐨勬爣娉ㄦ枃浠舵暟閲忥細 0
鍔犺浇鐨勬爣娉ㄦ枃浠讹細 []
浼犻€掔粰鍓嶇鐨勬爣娉ㄦ暟鎹細 { files: [] }
 [2m(+4ms)[22m
[2m10:07:04[22m   [34m鈹溾攢[39m [2m/婕旇繘杞ㄨ抗/01-棰涢〖涓€涓栧笣棰涢〖楂橀槼姘忕邯/index.html[22m========== 鏍囨敞鏂囦欢鍔犺浇璋冭瘯 ==========
article.id 鍘熷鍊硷細 浜嬪唽涔嬭浇/12-鐤忎弧绾?03-楂橀櫧鏈濅唬/01-楂橀櫧姘?01-棰涢〖涓€涓栧笣棰涢〖楂橀槼姘忕邯.md
article.id 绫诲瀷锛?string
article.id 闀垮害锛?44
article.id 瀛楃浠ｇ爜锛?浜?20107) 鍐?20876) 涔?20043) 杞?36733) /(47) 1(49) 2(50) -(45) 鐤?30095) 浠?20193) 绾?32426) /(47) 0(48) 3(51) -(45) 楂?39640) 闄?38525) 鏈?26397) 浠?20195) /(47) 0(48) 1(49) -(45) 楂?39640) 闄?38525) 姘?27663) /(47) 0(48) 1(49) -(45) 棰?39067) 椤?39036) 涓€(19968) 涓?19990) 甯?24093) 棰?39067) 椤?39036) 楂?39640) 闃?38451) 姘?27663) 绾?32426) .(46) m(109) d(100)
annotationRoot锛?F:\GitHub\NEXUS\src\annotations
articlePathWithoutExt锛?浜嬪唽涔嬭浇/12-鐤忎弧绾?03-楂橀櫧鏈濅唬/01-楂橀櫧姘?01-棰涢〖涓€涓栧笣棰涢〖楂橀槼姘忕邯
eventsPath锛?F:\GitHub\NEXUS\src\annotations\浜嬪唽涔嬭浇\12-鐤忎弧绾猏03-楂橀櫧�.events.json-楂橀櫧姘廫01-棰涢〖涓€涓栧笣棰涢〖楂橀槼姘忕邯.events.md
relationsPath锛?F:\GitHub\NEXUS\src\annotations\浜嬪唽涔嬭浇\12-鐤忎弧绾猏03-楂橀櫧�.relations.json�橀櫧姘廫01-棰涢〖涓€涓栧笣棰涢〖楂橀槼姘忕邯.relations.md
eventsPath 瀛樺湪锛?false
relationsPath 瀛樺湪锛?false
鍔犺浇鐨勬爣娉ㄦ枃浠舵暟閲忥細 0
鍔犺浇鐨勬爣娉ㄦ枃浠讹細 []
浼犻€掔粰鍓嶇鐨勬爣娉ㄦ暟鎹細 { files: [] }
 [2m(+4ms)[22m
[2m10:07:04[22m   [34m鈹溾攢[39m [2m/婕旇繘杞ㄨ抗/02-棰涢〖浜屼笘甯濆涓珮闃虫皬绾?index.html[22m========== 鏍囨敞鏂囦欢鍔犺浇璋冭瘯 ==========
article.id 鍘熷鍊硷細 浜嬪唽涔嬭浇/12-鐤忎弧绾?03-楂橀櫧鏈濅唬/01-楂橀櫧姘?02-棰涢〖浜屼笘甯濆涓珮闃虫皬绾?md
article.id 绫诲瀷锛?string
article.id 闀垮害锛?44
article.id 瀛楃浠ｇ爜锛?浜?20107) 鍐?20876) 涔?20043) 杞?36733) /(47) 1(49) 2(50) -(45) 鐤?30095) 浠?20193) 绾?32426) /(47) 0(48) 3(51) -(45) 楂?39640) 闄?38525) 鏈?26397) 浠?20195) /(47) 0(48) 1(49) -(45) 楂?39640) 闄?38525) 姘?27663) /(47) 0(48) 2(50) -(45) 棰?39067) 椤?39036) 浜?20108) 涓?19990) 甯?24093) 瀹?23461) 涓?20010) 楂?39640) 闃?38451) 姘?27663) 绾?32426) .(46) m(109) d(100)
annotationRoot锛?F:\GitHub\NEXUS\src\annotations
articlePathWithoutExt锛?浜嬪唽涔嬭浇/12-鐤忎弧绾?03-楂橀櫧鏈濅唬/01-楂橀櫧姘?02-棰涢〖浜屼笘甯濆涓珮闃虫皬绾?eventsPath锛?F:\GitHub\NEXUS\src\annotations\浜嬪唽涔嬭浇\12-鐤忎弧绾猏03-楂橀櫧鏈濅唬\01-楂橀櫧姘廫02-棰涢〖浜屼笘甯濆涓珮闃虫皬绾?events.md
relationsPath锛?F:\GitHub\NEXUS\src\annotations\浜嬪唽涔嬭浇\12-鐤忎弧绾猏03-楂橀櫧鏈濅唬\01-楂橀櫧姘廫02-棰涢〖浜屼笘甯濆涓珮闃虫皬绾?relations.md
eventsPath 瀛樺湪锛?false
relationsPath 瀛樺湪锛?false
鍔犺浇鐨勬爣娉ㄦ枃浠舵暟閲忥細 0
鍔犺浇鐨勬爣娉ㄦ枃浠讹細 []
浼犻€掔粰鍓嶇鐨勬爣娉ㄦ暟鎹細 { files: [] }
 [2m(+5ms)[22m
[2m10:07:04[22m   [34m鈹溾攢[39m [2m/婕旇繘杞ㄨ抗/03-棰涢〖涓変笘甯濈剻澶珮闃虫皬绾?index.html[22m========== 鏍囨敞鏂囦欢鍔犺浇璋冭瘯 ==========
article.id 鍘熷鍊硷細 浜嬪唽涔嬭浇/12-鐤忎弧绾?03-楂橀櫧鏈濅唬/01-楂橀櫧姘?03-棰涢〖涓変笘甯濈剻澶珮闃虫皬绾?md
article.id 绫诲瀷锛?string
article.id 闀垮害锛?44
article.id 瀛楃浠ｇ爜锛?浜?20107) 鍐?20876) 涔?20043) 杞?36733) /(47) 1(49) 2(50) -(45) 鐤?30095) 浠?20193) 绾?32426) /(47) 0(48) 3(51) -(45) 楂?39640) 闄?38525) 鏈?26397) 浠?20195) /(47) 0(48) 1(49) -(45) 楂?39640) 闄?38525) 姘?27663) /(47) 0(48) 3(51) -(45) 棰?39067) 椤?39036) 涓?19977) 涓?19990) 甯?24093) 鐒?28953) 澶?22830) 楂?39640) 闃?38451) 姘?27663) 绾?32426) .(46) m(109) d(100)
annotationRoot锛?F:\GitHub\NEXUS\src\annotations
articlePathWithoutExt锛?浜嬪唽涔嬭浇/12-鐤忎弧绾?03-楂橀櫧鏈濅唬/01-楂橀櫧姘?03-棰涢〖涓変笘甯濈剻澶珮闃虫皬绾?eventsPath锛?F:\GitHub\NEXUS\src\annotations\浜嬪唽涔嬭浇\12-鐤忎弧绾猏03-楂橀櫧鏈濅唬\01-楂橀櫧姘廫03-棰涢〖涓変笘甯濈剻澶珮闃虫皬绾?events.md
relationsPath锛?F:\GitHub\NEXUS\src\annotations\浜嬪唽涔嬭浇\12-鐤忎弧绾猏03-楂橀櫧鏈濅唬\01-楂橀櫧姘廫03-棰涢〖涓変笘甯濈剻澶珮闃虫皬绾?relations.md
eventsPath 瀛樺湪锛?false
relationsPath 瀛樺湪锛?false
鍔犺浇鐨勬爣娉ㄦ枃浠舵暟閲忥細 0
鍔犺浇鐨勬爣娉ㄦ枃浠讹細 []
浼犻€掔粰鍓嶇鐨勬爣娉ㄦ暟鎹細 { files: [] }
 [2m(+4ms)[22m
[2m10:07:04[22m   [34m鈹溾攢[39m [2m/婕旇繘杞ㄨ抗/04-棰涢〖鍥涗笘甯濅笂寮洪珮闃虫皬绾?index.html[22m========== 鏍囨敞鏂囦欢鍔犺浇璋冭瘯 ==========
article.id 鍘熷鍊硷細 浜嬪唽涔嬭浇/12-鐤忎弧绾?03-楂橀櫧鏈濅唬/01-楂橀櫧姘?04-棰涢〖鍥涗笘甯濅笂寮洪珮闃虫皬绾?md
article.id 绫诲瀷锛?string
article.id 闀垮害锛?44
article.id 瀛楃浠ｇ爜锛?浜?20107) 鍐?20876) 涔?20043) 杞?36733) /(47) 1(49) 2(50) -(45) 鐤?30095) 浠?20193) 绾?32426) /(47) 0(48) 3(51) -(45) 楂?39640) 闄?38525) 鏈?26397) 浠?20195) /(47) 0(48) 1(49) -(45) 楂?39640) 闄?38525) 姘?27663) /(47) 0(48) 4(52) -(45) 棰?39067) 椤?39036) 鍥?22235) 涓?19990) 甯?24093) 涓?19978) 寮?24378) 楂?39640) 闃?38451) 姘?27663) 绾?32426) .(46) m(109) d(100)
annotationRoot锛?F:\GitHub\NEXUS\src\annotations
articlePathWithoutExt锛?浜嬪唽涔嬭浇/12-鐤忎弧绾?03-楂橀櫧鏈濅唬/01-楂橀櫧姘?04-棰涢〖鍥涗笘甯濅笂寮洪珮闃虫皬绾?eventsPath锛?F:\GitHub\NEXUS\src\annotations\浜嬪唽涔嬭浇\12-鐤忎弧绾猏03-楂橀櫧鏈濅唬\01-楂橀櫧姘廫04-棰涢〖鍥涗笘甯濅笂寮洪珮闃虫皬绾?events.md
relationsPath锛?F:\GitHub\NEXUS\src\annotations\浜嬪唽涔嬭浇\12-鐤忎弧绾猏03-楂橀櫧鏈濅唬\01-楂橀櫧姘廫04-棰涢〖鍥涗笘甯濅笂寮洪珮闃虫皬绾?relations.md
eventsPath 瀛樺湪锛?false
relationsPath 瀛樺湪锛?false
鍔犺浇鐨勬爣娉ㄦ枃浠舵暟閲忥細 0
鍔犺浇鐨勬爣娉ㄦ枃浠讹細 []
浼犻€掔粰鍓嶇鐨勬爣娉ㄦ暟鎹細 { files: [] }
 [2m(+5ms)[22m
[2m10:07:04[22m   [34m鈹溾攢[39m [2m/婕旇繘杞ㄨ抗/05-棰涢〖浜斾笘甯濊嫙缇块珮闃虫皬绾?index.html[22m========== 鏍囨敞鏂囦欢鍔犺浇璋冭瘯 ==========
article.id 鍘熷鍊硷細 浜嬪唽涔嬭浇/12-鐤忎弧绾?03-楂橀櫧鏈濅唬/01-楂橀櫧姘?05-棰涢〖浜斾笘甯濊嫙缇块珮闃虫皬绾?md
article.id 绫诲瀷锛?string
article.id 闀垮害锛?44
article.id 瀛楃浠ｇ爜锛?浜?20107) 鍐?20876) 涔?20043) 杞?36733) /(47) 1(49) 2(50) -(45) 鐤?30095) 浠?20193) 绾?32426) /(47) 0(48) 3(51) -(45) 楂?39640) 闄?38525) 鏈?26397) 浠?20195) /(47) 0(48) 1(49) -(45) 楂?39640) 闄?38525) 姘?27663) /(47) 0(48) 5(53) -(45) 棰?39067) 椤?39036) 浜?20116) 涓?19990) 甯?24093) 鑻?33503) 缇?32703) 楂?39640) 闃?38451) 姘?27663) 绾?32426) .(46) m(109) d(100)
annotationRoot锛?F:\GitHub\NEXUS\src\annotations
articlePathWithoutExt锛?浜嬪唽涔嬭浇/12-鐤忎弧绾?03-楂橀櫧鏈濅唬/01-楂橀櫧姘?05-棰涢〖浜斾笘甯濊嫙缇块珮闃虫皬绾?eventsPath锛?F:\GitHub\NEXUS\src\annotations\浜嬪唽涔嬭浇\12-鐤忎弧绾猏03-楂橀櫧鏈濅唬\01-楂橀櫧姘廫05-棰涢〖浜斾笘甯濊嫙缇块珮闃虫皬绾?events.md
relationsPath锛?F:\GitHub\NEXUS\src\annotations\浜嬪唽涔嬭浇\12-鐤忎弧绾猏03-楂橀櫧鏈濅唬\01-楂橀櫧姘廫05-棰涢〖浜斾笘甯濊嫙缇块珮闃虫皬绾?relations.md
eventsPath 瀛樺湪锛?false
relationsPath 瀛樺湪锛?false
鍔犺浇鐨勬爣娉ㄦ枃浠舵暟閲忥細 0
鍔犺浇鐨勬爣娉ㄦ枃浠讹細 []
浼犻€掔粰鍓嶇鐨勬爣娉ㄦ暟鎹細 { files: [] }
 [2m(+4ms)[22m
[2m10:07:04[22m   [34m鈹溾攢[39m [2m/婕旇繘杞ㄨ抗/06-棰涢〖鍏笘甯濅綇鍏冮珮闃虫皬绾?index.html[22m========== 鏍囨敞鏂囦欢鍔犺浇璋冭瘯 ==========
article.id 鍘熷鍊硷細 浜嬪唽涔嬭浇/12-鐤忎弧绾?03-楂橀櫧鏈濅唬/01-楂橀櫧姘?06-棰涢〖鍏笘甯濅綇鍏冮珮闃虫皬绾?md
article.id 绫诲瀷锛?string
article.id 闀垮害锛?44
article.id 瀛楃浠ｇ爜锛?浜?20107) 鍐?20876) 涔?20043) 杞?36733) /(47) 1(49) 2(50) -(45) 鐤?30095) 浠?20193) 绾?32426) /(47) 0(48) 3(51) -(45) 楂?39640) 闄?38525) 鏈?26397) 浠?20195) /(47) 0(48) 1(49) -(45) 楂?39640) 闄?38525) 姘?27663) /(47) 0(48) 6(54) -(45) 棰?39067) 椤?39036) 鍏?20845) 涓?19990) 甯?24093) 浣?20303) 鍏?20803) 楂?39640) 闃?38451) 姘?27663) 绾?32426) .(46) m(109) d(100)
annotationRoot锛?F:\GitHub\NEXUS\src\annotations
articlePathWithoutExt锛?浜嬪唽涔嬭浇/12-鐤忎弧绾?03-楂橀櫧鏈濅唬/01-楂橀櫧姘?06-棰涢〖鍏笘甯濅綇鍏冮珮闃虫皬绾?eventsPath锛?F:\GitHub\NEXUS\src\annotations\浜嬪唽涔嬭浇\12-鐤忎弧绾猏03-楂橀櫧鏈濅唬\01-楂橀櫧姘廫06-棰涢〖鍏笘甯濅綇鍏冮珮闃虫皬绾?events.md
relationsPath锛?F:\GitHub\NEXUS\src\annotations\浜嬪唽涔嬭浇\12-鐤忎弧绾猏03-楂橀櫧鏈濅唬\01-楂橀櫧姘廫06-棰涢〖鍏笘甯濅綇鍏冮珮闃虫皬绾?relations.md
eventsPath 瀛樺湪锛?false
relationsPath 瀛樺湪锛?false
鍔犺浇鐨勬爣娉ㄦ枃浠舵暟閲忥細 0
鍔犺浇鐨勬爣娉ㄦ枃浠讹細 []
浼犻€掔粰鍓嶇鐨勬爣娉ㄦ暟鎹細 { files: [] }
 [2m(+4ms)[22m
[2m10:07:04[22m   [34m鈹溾攢[39m [2m/婕旇繘杞ㄨ抗/07-棰涢〖涓冧笘甯濊倴浼氶珮闃虫皬绾?index.html[22m========== 鏍囨敞鏂囦欢鍔犺浇璋冭瘯 ==========
article.id 鍘熷鍊硷細 浜嬪唽涔嬭浇/12-鐤忎弧绾?03-楂橀櫧鏈濅唬/01-楂橀櫧姘?07-棰涢〖涓冧笘甯濊倴浼氶珮闃虫皬绾?md
article.id 绫诲瀷锛?string
article.id 闀垮害锛?44
article.id 瀛楃浠ｇ爜锛?浜?20107) 鍐?20876) 涔?20043) 杞?36733) /(47) 1(49) 2(50) -(45) 鐤?30095) 浠?20193) 绾?32426) /(47) 0(48) 3(51) -(45) 楂?39640) 闄?38525) 鏈?26397) 浠?20195) /(47) 0(48) 1(49) -(45) 楂?39640) 闄?38525) 姘?27663) /(47) 0(48) 7(55) -(45) 棰?39067) 椤?39036) 涓?19971) 涓?19990) 甯?24093) 鑲?32918) 浼?20250) 楂?39640) 闃?38451) 姘?27663) 绾?32426) .(46) m(109) d(100)
annotationRoot锛?F:\GitHub\NEXUS\src\annotations
articlePathWithoutExt锛?浜嬪唽涔嬭浇/12-鐤忎弧绾?03-楂橀櫧鏈濅唬/01-楂橀櫧姘?07-棰涢〖涓冧笘甯濊倴浼氶珮闃虫皬绾?eventsPath锛?F:\GitHub\NEXUS\src\annotations\浜嬪唽涔嬭浇\12-鐤忎弧绾猏03-楂橀櫧鏈濅唬\01-楂橀櫧姘廫07-棰涢〖涓冧笘甯濊倴浼氶珮闃虫皬绾?events.md
relationsPath锛?F:\GitHub\NEXUS\src\annotations\浜嬪唽涔嬭浇\12-鐤忎弧绾猏03-楂橀櫧鏈濅唬\01-楂橀櫧姘廫07-棰涢〖涓冧笘甯濊倴浼氶珮闃虫皬绾?relations.md
eventsPath 瀛樺湪锛?false
relationsPath 瀛樺湪锛?false
鍔犺浇鐨勬爣娉ㄦ枃浠舵暟閲忥細 0
鍔犺浇鐨勬爣娉ㄦ枃浠讹細 []
浼犻€掔粰鍓嶇鐨勬爣娉ㄦ暟鎹細 { files: [] }
 [2m(+4ms)[22m
[2m10:07:04[22m   [34m鈹溾攢[39m [2m/婕旇繘杞ㄨ抗/08-棰涢〖鍏笘甯濈編鍕鹃珮闃虫皬绾?index.html[22m========== 鏍囨敞鏂囦欢鍔犺浇璋冭瘯 ==========
article.id 鍘熷鍊硷細 浜嬪唽涔嬭浇/12-鐤忎弧绾?03-楂橀櫧鏈濅唬/01-楂橀櫧姘?08-棰涢〖鍏笘甯濈編鍕鹃珮闃虫皬绾?md
article.id 绫诲瀷锛?string
article.id 闀垮害锛?44
article.id 瀛楃浠ｇ爜锛?浜?20107) 鍐?20876) 涔?20043) 杞?36733) /(47) 1(49) 2(50) -(45) 鐤?30095) 浠?20193) 绾?32426) /(47) 0(48) 3(51) -(45) 楂?39640) 闄?38525) 鏈?26397) 浠?20195) /(47) 0(48) 1(49) -(45) 楂?39640) 闄?38525) 姘?27663) /(47) 0(48) 8(56) -(45) 棰?39067) 椤?39036) 鍏?20843) 涓?19990) 甯?24093) 缇?32654) 鍕?21246) 楂?39640) 闃?38451) 姘?27663) 绾?32426) .(46) m(109) d(100)
annotationRoot锛?F:\GitHub\NEXUS\src\annotations
articlePathWithoutExt锛?浜嬪唽涔嬭浇/12-鐤忎弧绾?03-楂橀櫧鏈濅唬/01-楂橀櫧姘?08-棰涢〖鍏笘甯濈編鍕鹃珮闃虫皬绾?eventsPath锛?F:\GitHub\NEXUS\src\annotations\浜嬪唽涔嬭浇\12-鐤忎弧绾猏03-楂橀櫧鏈濅唬\01-楂橀櫧姘廫08-棰涢〖鍏笘甯濈編鍕鹃珮闃虫皬绾?events.md
relationsPath锛?F:\GitHub\NEXUS\src\annotations\浜嬪唽涔嬭浇\12-鐤忎弧绾猏03-楂橀櫧鏈濅唬\01-楂橀櫧姘廫08-棰涢〖鍏笘甯濈編鍕鹃珮闃虫皬绾?relations.md
eventsPath 瀛樺湪锛?false
relationsPath 瀛樺湪锛?false
鍔犺浇鐨勬爣娉ㄦ枃浠舵暟閲忥細 0
鍔犺浇鐨勬爣娉ㄦ枃浠讹細 []
浼犻€掔粰鍓嶇鐨勬爣娉ㄦ暟鎹細 { files: [] }
 [2m(+5ms)[22m
[2m10:07:04[22m   [34m鈹溾攢[39m [2m/婕旇繘杞ㄨ抗/09-棰涢〖涔濅笘甯濆崪涔犻珮闃虫皬绾?index.html[22m========== 鏍囨敞鏂囦欢鍔犺浇璋冭瘯 ==========
article.id 鍘熷鍊硷細 浜嬪唽涔嬭浇/12-鐤忎弧绾?03-楂橀櫧鏈濅唬/01-楂橀櫧姘?09-棰涢〖涔濅笘甯濆崪涔犻珮闃虫皬绾?md
article.id 绫诲瀷锛?string
article.id 闀垮害锛?44
article.id 瀛楃浠ｇ爜锛?浜?20107) 鍐?20876) 涔?20043) 杞?36733) /(47) 1(49) 2(50) -(45) 鐤?30095) 浠?20193) 绾?32426) /(47) 0(48) 3(51) -(45) 楂?39640) 闄?38525) 鏈?26397) 浠?20195) /(47) 0(48) 1(49) -(45) 楂?39640) 闄?38525) 姘?27663) /(47) 0(48) 9(57) -(45) 棰?39067) 椤?39036) 涔?20061) 涓?19990) 甯?24093) 鍗?21340) 涔?20064) 楂?39640) 闃?38451) 姘?27663) 绾?32426) .(46) m(109) d(100)
annotationRoot锛?F:\GitHub\NEXUS\src\annotations
articlePathWithoutExt锛?浜嬪唽涔嬭浇/12-鐤忎弧绾?03-楂橀櫧鏈濅唬/01-楂橀櫧姘?09-棰涢〖涔濅笘甯濆崪涔犻珮闃虫皬绾?eventsPath锛?F:\GitHub\NEXUS\src\annotations\浜嬪唽涔嬭浇\12-鐤忎弧绾猏03-楂橀櫧鏈濅唬\01-楂橀櫧姘廫09-棰涢〖涔濅笘甯濆崪涔犻珮闃虫皬绾?events.md
relationsPath锛?F:\GitHub\NEXUS\src\annotations\浜嬪唽涔嬭浇\12-鐤忎弧绾猏03-楂橀櫧鏈濅唬\01-楂橀櫧姘廫09-棰涢〖涔濅笘甯濆崪涔犻珮闃虫皬绾?relations.md
eventsPath 瀛樺湪锛?false
relationsPath 瀛樺湪锛?false
鍔犺浇鐨勬爣娉ㄦ枃浠舵暟閲忥細 0
鍔犺浇鐨勬爣娉ㄦ枃浠讹細 []
浼犻€掔粰鍓嶇鐨勬爣娉ㄦ暟鎹細 { files: [] }
 [2m(+5ms)[22m
[2m10:07:04[22m   [34m鈹溾攢[39m [2m/婕旇繘杞ㄨ抗/10-棰涢〖鍗佷笘甯濊吹灏ら珮闃虫皬绾?index.html[22m========== 鏍囨敞鏂囦欢鍔犺浇璋冭瘯 ==========
article.id 鍘熷鍊硷細 浜嬪唽涔嬭浇/12-鐤忎弧绾?03-楂橀櫧鏈濅唬/01-楂橀櫧姘?10-棰涢〖鍗佷笘甯濊吹灏ら珮闃虫皬绾?md
article.id 绫诲瀷锛?string
article.id 闀垮害锛?44
article.id 瀛楃浠ｇ爜锛?浜?20107) 鍐?20876) 涔?20043) 杞?36733) /(47) 1(49) 2(50) -(45) 鐤?30095) 浠?20193) 绾?32426) /(47) 0(48) 3(51) -(45) 楂?39640) 闄?38525) 鏈?26397) 浠?20195) /(47) 0(48) 1(49) -(45) 楂?39640) 闄?38525) 姘?27663) /(47) 1(49) 0(48) -(45) 棰?39067) 椤?39036) 鍗?21313) 涓?19990) 甯?24093) 璐?36149) 灏?23588) 楂?39640) 闃?38451) 姘?27663) 绾?32426) .(46) m(109) d(100)
annotationRoot锛?F:\GitHub\NEXUS\src\annotations
articlePathWithoutExt锛?浜嬪唽涔嬭浇/12-鐤忎弧绾?03-楂橀櫧鏈濅唬/01-楂橀櫧姘?10-棰涢〖鍗佷笘甯濊吹灏ら珮闃虫皬绾?eventsPath锛?F:\GitHub\NEXUS\src\annotations\浜嬪唽涔嬭浇\12-鐤忎弧绾猏03-楂橀櫧鏈濅唬\01-楂橀櫧姘廫10-棰涢〖鍗佷笘甯濊吹灏ら珮闃虫皬绾?events.md
relationsPath锛?F:\GitHub\NEXUS\src\annotations\浜嬪唽涔嬭浇\12-鐤忎弧绾猏03-楂橀櫧鏈濅唬\01-楂橀櫧姘廫10-棰涢〖鍗佷笘甯濊吹灏ら珮闃虫皬绾?relations.md
eventsPath 瀛樺湪锛?false
relationsPath 瀛樺湪锛?false
鍔犺浇鐨勬爣娉ㄦ枃浠舵暟閲忥細 0
鍔犺浇鐨勬爣娉ㄦ枃浠讹細 []
浼犻€掔粰鍓嶇鐨勬爣娉ㄦ暟鎹細 { files: [] }
 [2m(+4ms)[22m
[2m10:07:04[22m   [34m鈹溾攢[39m [2m/婕旇繘杞ㄨ抗/11-棰涢〖鍗佷竴涓栧笣绁ヨ薄楂橀槼姘忕邯/index.html[22m========== 鏍囨敞鏂囦欢鍔犺浇璋冭瘯 ==========
article.id 鍘熷鍊硷細 浜嬪唽涔嬭浇/12-鐤忎弧绾?03-楂橀櫧鏈濅唬/01-楂橀櫧姘?11-棰涢〖鍗佷竴涓栧笣绁ヨ薄楂橀槼姘忕邯.md
article.id 绫诲瀷锛?string
article.id 闀垮害锛?45
article.id 瀛楃浠ｇ爜锛?浜?20107) 鍐?20876) 涔?20043) 杞?36733) /(47) 1(49) 2(50) -(45) 鐤?30095) 浠?20193) 绾?32426) /(47) 0(48) 3(51) -(45) 楂?39640) 闄?38525) 鏈?26397) 浠?20195) /(47) 0(48) 1(49) -(45) 楂?39640) 闄?38525) 姘?27663) /(47) 1(49) 1(49) -(45) 棰?39067) 椤?39036) 鍗?21313) 涓€(19968) 涓?19990) 甯?24093) 绁?31077) 璞?35937) 楂?39640) 闃?38451) 姘?27663) 绾?32426) .(46) m(109) d(100)
annotationRoot锛?F:\GitHub\NEXUS\src\annotations
articlePathWithoutExt锛?浜嬪唽涔嬭浇/12-鐤忎弧绾?03-楂橀櫧鏈濅唬/01-楂橀櫧姘?11-棰涢〖鍗佷竴涓栧笣绁ヨ薄楂橀槼姘忕邯
eventsPath锛?F:\GitHub\NEXUS\src\annotations\浜嬪唽涔嬭浇\12-鐤忎弧绾猏03-楂橀櫧鏈.events.json楂橀櫧姘廫11-棰涢〖鍗佷竴涓栧笣绁ヨ薄楂橀槼姘忕邯.events.md
relationsPath锛?F:\GitHub\NEXUS\src\annotations\浜嬪唽涔嬭浇\12-鐤忎弧绾猏03-楂橀櫧鏈.relations.json橀櫧姘廫11-棰涢〖鍗佷竴涓栧笣绁ヨ薄楂橀槼姘忕邯.relations.md
eventsPath 瀛樺湪锛?false
relationsPath 瀛樺湪锛?false
鍔犺浇鐨勬爣娉ㄦ枃浠舵暟閲忥細 0
鍔犺浇鐨勬爣娉ㄦ枃浠讹細 []
浼犻€掔粰鍓嶇鐨勬爣娉ㄦ暟鎹細 { files: [] }
 [2m(+5ms)[22m
[2m10:07:04[22m   [34m鈹溾攢[39m [2m/婕旇繘杞ㄨ抗/12-棰涢〖鍗佷簩涓栧笣浣崇悮楂橀槼姘忕邯/index.html[22m========== 鏍囨敞鏂囦欢鍔犺浇璋冭瘯 ==========
article.id 鍘熷鍊硷細 浜嬪唽涔嬭浇/12-鐤忎弧绾?03-楂橀櫧鏈濅唬/01-楂橀櫧姘?12-棰涢〖鍗佷簩涓栧笣浣崇悮楂橀槼姘忕邯.md
article.id 绫诲瀷锛?string
article.id 闀垮害锛?45
article.id 瀛楃浠ｇ爜锛?浜?20107) 鍐?20876) 涔?20043) 杞?36733) /(47) 1(49) 2(50) -(45) 鐤?30095) 浠?20193) 绾?32426) /(47) 0(48) 3(51) -(45) 楂?39640) 闄?38525) 鏈?26397) 浠?20195) /(47) 0(48) 1(49) -(45) 楂?39640) 闄?38525) 姘?27663) /(47) 1(49) 2(50) -(45) 棰?39067) 椤?39036) 鍗?21313) 浜?20108) 涓?19990) 甯?24093) 浣?20339) 鐞?29722) 楂?39640) 闃?38451) 姘?27663) 绾?32426) .(46) m(109) d(100)
annotationRoot锛?F:\GitHub\NEXUS\src\annotations
articlePathWithoutExt锛?浜嬪唽涔嬭浇/12-鐤忎弧绾?03-楂橀櫧鏈濅唬/01-楂橀櫧姘?12-棰涢〖鍗佷簩涓栧笣浣崇悮楂橀槼姘忕邯
eventsPath锛?F:\GitHub\NEXUS\src\annotations\浜嬪唽涔嬭浇\12-鐤忎弧绾猏03-楂橀櫧鏈.events.json楂橀櫧姘廫12-棰涢〖鍗佷簩涓栧笣浣崇悮楂橀槼姘忕邯.events.md
relationsPath锛?F:\GitHub\NEXUS\src\annotations\浜嬪唽涔嬭浇\12-鐤忎弧绾猏03-楂橀櫧鏈.relations.json橀櫧姘廫12-棰涢〖鍗佷簩涓栧笣浣崇悮楂橀槼姘忕邯.relations.md
eventsPath 瀛樺湪锛?false
relationsPath 瀛樺湪锛?false
鍔犺浇鐨勬爣娉ㄦ枃浠舵暟閲忥細 0
鍔犺浇鐨勬爣娉ㄦ枃浠讹細 []
浼犻€掔粰鍓嶇鐨勬爣娉ㄦ暟鎹細 { files: [] }
 [2m(+5ms)[22m
[2m10:07:04[22m   [34m鈹溾攢[39m [2m/婕旇繘杞ㄨ抗/01-灏戞槉涓€涓栧笣娓呭柧閲戝ぉ姘忕邯/index.html[22m========== 鏍囨敞鏂囦欢鍔犺浇璋冭瘯 ==========
article.id 鍘熷鍊硷細 浜嬪唽涔嬭浇/12-鐤忎弧绾?02-閲戝ぉ鏈濅唬/01-閲戝ぉ姘?01-灏戞槉涓€涓栧笣娓呭柧閲戝ぉ姘忕邯.md
article.id 绫诲瀷锛?string
article.id 闀垮害锛?44
article.id 瀛楃浠ｇ爜锛?浜?20107) 鍐?20876) 涔?20043) 杞?36733) /(47) 1(49) 2(50) -(45) 鐤?30095) 浠?20193) 绾?32426) /(47) 0(48) 2(50) -(45) 閲?37329) 澶?22825) 鏈?26397) 浠?20195) /(47) 0(48) 1(49) -(45) 閲?37329) 澶?22825) 姘?27663) /(47) 0(48) 1(49) -(45) 灏?23569) 鏄?26122) 涓€(19968) 涓?19990) 甯?24093) 娓?28165) 鍠?21950) 閲?37329) 澶?22825) 姘?27663) 绾?32426) .(46) m(109) d(100)
annotationRoot锛?F:\GitHub\NEXUS\src\annotations
articlePathWithoutExt锛?浜嬪唽涔嬭浇/12-鐤忎弧绾?02-閲戝ぉ鏈濅唬/01-閲戝ぉ姘?01-灏戞槉涓€涓栧笣娓呭柧閲戝ぉ姘忕邯
eventsPath锛?F:\GitHub\NEXUS\src\annotations\浜嬪唽涔嬭浇\12-鐤忎弧绾猏02-閲戝ぉ�.events.json-閲戝ぉ姘廫01-灏戞槉涓€涓栧笣娓呭柧閲戝ぉ姘忕邯.events.md
relationsPath锛?F:\GitHub\NEXUS\src\annotations\浜嬪唽涔嬭浇\12-鐤忎弧绾猏02-閲戝ぉ�.relations.json�戝ぉ姘廫01-灏戞槉涓€涓栧笣娓呭柧閲戝ぉ姘忕邯.relations.md
eventsPath 瀛樺湪锛?false
relationsPath 瀛樺湪锛?false
鍔犺浇鐨勬爣娉ㄦ枃浠舵暟閲忥細 0
鍔犺浇鐨勬爣娉ㄦ枃浠讹細 []
浼犻€掔粰鍓嶇鐨勬爣娉ㄦ暟鎹細 { files: [] }
 [2m(+4ms)[22m
[2m10:07:04[22m   [34m鈹溾攢[39m [2m/婕旇繘杞ㄨ抗/02-灏戞槉浜屼笘甯濈姮閲戝ぉ姘忕邯/index.html[22m========== 鏍囨敞鏂囦欢鍔犺浇璋冭瘯 ==========
article.id 鍘熷鍊硷細 浜嬪唽涔嬭浇/12-鐤忎弧绾?02-閲戝ぉ鏈濅唬/01-閲戝ぉ姘?02-灏戞槉浜屼笘甯濈姮閲戝ぉ姘忕邯.md
article.id 绫诲瀷锛?string
article.id 闀垮害锛?43
article.id 瀛楃浠ｇ爜锛?浜?20107) 鍐?20876) 涔?20043) 杞?36733) /(47) 1(49) 2(50) -(45) 鐤?30095) 浠?20193) 绾?32426) /(47) 0(48) 2(50) -(45) 閲?37329) 澶?22825) 鏈?26397) 浠?20195) /(47) 0(48) 1(49) -(45) 閲?37329) 澶?22825) 姘?27663) /(47) 0(48) 2(50) -(45) 灏?23569) 鏄?26122) 浜?20108) 涓?19990) 甯?24093) 鐘?29356) 閲?37329) 澶?22825) 姘?27663) 绾?32426) .(46) m(109) d(100)
annotationRoot锛?F:\GitHub\NEXUS\src\annotations
articlePathWithoutExt锛?浜嬪唽涔嬭浇/12-鐤忎弧绾?02-閲戝ぉ鏈濅唬/01-閲戝ぉ姘?02-灏戞槉浜屼笘甯濈姮閲戝ぉ姘忕邯
eventsPath锛?F:\GitHub\NEXUS\src\annotations\浜嬪唽涔嬭浇\12-鐤忎弧绾猏02-閲戝ぉ.events.json01-閲戝ぉ姘廫02-灏戞槉浜屼笘甯濈姮閲戝ぉ姘忕邯.events.md
relationsPath锛?F:\GitHub\NEXUS\src\annotations\浜嬪唽涔嬭浇\12-鐤忎弧绾猏02-閲戝ぉ.relations.json閲戝ぉ姘廫02-灏戞槉浜屼笘甯濈姮閲戝ぉ姘忕邯.relations.md
eventsPath 瀛樺湪锛?false
relationsPath 瀛樺湪锛?false
鍔犺浇鐨勬爣娉ㄦ枃浠舵暟閲忥細 0
鍔犺浇鐨勬爣娉ㄦ枃浠讹細 []
浼犻€掔粰鍓嶇鐨勬爣娉ㄦ暟鎹細 { files: [] }
 [2m(+5ms)[22m
[2m10:07:04[22m   [34m鈹溾攢[39m [2m/婕旇繘杞ㄨ抗/03-灏戞槉涓変笘甯濈異閲戝ぉ姘忕邯/index.html[22m========== 鏍囨敞鏂囦欢鍔犺浇璋冭瘯 ==========
article.id 鍘熷鍊硷細 浜嬪唽涔嬭浇/12-鐤忎弧绾?02-閲戝ぉ鏈濅唬/01-閲戝ぉ姘?03-灏戞槉涓変笘甯濈異閲戝ぉ姘忕邯.md
article.id 绫诲瀷锛?string
article.id 闀垮害锛?43
article.id 瀛楃浠ｇ爜锛?浜?20107) 鍐?20876) 涔?20043) 杞?36733) /(47) 1(49) 2(50) -(45) 鐤?30095) 浠?20193) 绾?32426) /(47) 0(48) 2(50) -(45) 閲?37329) 澶?22825) 鏈?26397) 浠?20195) /(47) 0(48) 1(49) -(45) 閲?37329) 澶?22825) 姘?27663) /(47) 0(48) 3(51) -(45) 灏?23569) 鏄?26122) 涓?19977) 涓?19990) 甯?24093) 绠?31632) 閲?37329) 澶?22825) 姘?27663) 绾?32426) .(46) m(109) d(100)
annotationRoot锛?F:\GitHub\NEXUS\src\annotations
articlePathWithoutExt锛?浜嬪唽涔嬭浇/12-鐤忎弧绾?02-閲戝ぉ鏈濅唬/01-閲戝ぉ姘?03-灏戞槉涓変笘甯濈異閲戝ぉ姘忕邯
eventsPath锛?F:\GitHub\NEXUS\src\annotations\浜嬪唽涔嬭浇\12-鐤忎弧绾猏02-閲戝ぉ.events.json01-閲戝ぉ姘廫03-灏戞槉涓変笘甯濈異閲戝ぉ姘忕邯.events.md
relationsPath锛?F:\GitHub\NEXUS\src\annotations\浜嬪唽涔嬭浇\12-鐤忎弧绾猏02-閲戝ぉ.relations.json閲戝ぉ姘廫03-灏戞槉涓変笘甯濈異閲戝ぉ姘忕邯.relations.md
eventsPath 瀛樺湪锛?false
relationsPath 瀛樺湪锛?false
鍔犺浇鐨勬爣娉ㄦ枃浠舵暟閲忥細 0
鍔犺浇鐨勬爣娉ㄦ枃浠讹細 []
浼犻€掔粰鍓嶇鐨勬爣娉ㄦ暟鎹細 { files: [] }
 [2m(+4ms)[22m
[2m10:07:04[22m   [34m鈹溾攢[39m [2m/婕旇繘杞ㄨ抗/04-灏戞槉鍥涗笘甯濇椄鐝㈤噾澶╂皬绾?index.html[22m========== 鏍囨敞鏂囦欢鍔犺浇璋冭瘯 ==========
article.id 鍘熷鍊硷細 浜嬪唽涔嬭浇/12-鐤忎弧绾?02-閲戝ぉ鏈濅唬/01-閲戝ぉ姘?04-灏戞槉鍥涗笘甯濇椄鐝㈤噾澶╂皬绾?md
article.id 绫诲瀷锛?string
article.id 闀垮害锛?44
article.id 瀛楃浠ｇ爜锛?浜?20107) 鍐?20876) 涔?20043) 杞?36733) /(47) 1(49) 2(50) -(45) 鐤?30095) 浠?20193) 绾?32426) /(47) 0(48) 2(50) -(45) 閲?37329) 澶?22825) 鏈?26397) 浠?20195) /(47) 0(48) 1(49) -(45) 閲?37329) 澶?22825) 姘?27663) /(47) 0(48) 4(52) -(45) 灏?23569) 鏄?26122) 鍥?22235) 涓?19990) 甯?24093) 鏃?26104) 鐝?29666) 閲?37329) 澶?22825) 姘?27663) 绾?32426) .(46) m(109) d(100)
annotationRoot锛?F:\GitHub\NEXUS\src\annotations
articlePathWithoutExt锛?浜嬪唽涔嬭浇/12-鐤忎弧绾?02-閲戝ぉ鏈濅唬/01-閲戝ぉ姘?04-灏戞槉鍥涗笘甯濇椄鐝㈤噾澶╂皬绾?eventsPath锛?F:\GitHub\NEXUS\src\annotations\浜嬪唽涔嬭浇\12-鐤忎弧绾猏02-閲戝ぉ鏈濅唬\01-閲戝ぉ姘廫04-灏戞槉鍥涗笘甯濇椄鐝㈤噾澶╂皬绾?events.md
relationsPath锛?F:\GitHub\NEXUS\src\annotations\浜嬪唽涔嬭浇\12-鐤忎弧绾猏02-閲戝ぉ鏈濅唬\01-閲戝ぉ姘廫04-灏戞槉鍥涗笘甯濇椄鐝㈤噾澶╂皬绾?relations.md
eventsPath 瀛樺湪锛?false
relationsPath 瀛樺湪锛?false
鍔犺浇鐨勬爣娉ㄦ枃浠舵暟閲忥細 0
鍔犺浇鐨勬爣娉ㄦ枃浠讹細 []
浼犻€掔粰鍓嶇鐨勬爣娉ㄦ暟鎹細 { files: [] }
 [2m(+4ms)[22m
[2m10:07:04[22m   [34m鈹溾攢[39m [2m/婕旇繘杞ㄨ抗/05-灏戞槉浜斾笘甯濈惃閲戝ぉ姘忕邯/index.html[22m========== 鏍囨敞鏂囦欢鍔犺浇璋冭瘯 ==========
article.id 鍘熷鍊硷細 浜嬪唽涔嬭浇/12-鐤忎弧绾?02-閲戝ぉ鏈濅唬/01-閲戝ぉ姘?05-灏戞槉浜斾笘甯濈惃閲戝ぉ姘忕邯.md
article.id 绫诲瀷锛?string
article.id 闀垮害锛?43
article.id 瀛楃浠ｇ爜锛?浜?20107) 鍐?20876) 涔?20043) 杞?36733) /(47) 1(49) 2(50) -(45) 鐤?30095) 浠?20193) 绾?32426) /(47) 0(48) 2(50) -(45) 閲?37329) 澶?22825) 鏈?26397) 浠?20195) /(47) 0(48) 1(49) -(45) 閲?37329) 澶?22825) 姘?27663) /(47) 0(48) 5(53) -(45) 灏?23569) 鏄?26122) 浜?20116) 涓?19990) 甯?24093) 鐞?29736) 閲?37329) 澶?22825) 姘?27663) 绾?32426) .(46) m(109) d(100)
annotationRoot锛?F:\GitHub\NEXUS\src\annotations
articlePathWithoutExt锛?浜嬪唽涔嬭浇/12-鐤忎弧绾?02-閲戝ぉ鏈濅唬/01-閲戝ぉ姘?05-灏戞槉浜斾笘甯濈惃閲戝ぉ姘忕邯
eventsPath锛?F:\GitHub\NEXUS\src\annotations\浜嬪唽涔嬭浇\12-鐤忎弧绾猏02-閲戝ぉ.events.json01-閲戝ぉ姘廫05-灏戞槉浜斾笘甯濈惃閲戝ぉ姘忕邯.events.md
relationsPath锛?F:\GitHub\NEXUS\src\annotations\浜嬪唽涔嬭浇\12-鐤忎弧绾猏02-閲戝ぉ.relations.json閲戝ぉ姘廫05-灏戞槉浜斾笘甯濈惃閲戝ぉ姘忕邯.relations.md
eventsPath 瀛樺湪锛?false
relationsPath 瀛樺湪锛?false
鍔犺浇鐨勬爣娉ㄦ枃浠舵暟閲忥細 0
鍔犺浇鐨勬爣娉ㄦ枃浠讹細 []
浼犻€掔粰鍓嶇鐨勬爣娉ㄦ暟鎹細 { files: [] }
 [2m(+5ms)[22m
[2m10:07:04[22m   [34m鈹溾攢[39m [2m/婕旇繘杞ㄨ抗/06-灏戞槉鍏笘甯濈晠妤戦噾澶╂皬绾?index.html[22m========== 鏍囨敞鏂囦欢鍔犺浇璋冭瘯 ==========
article.id 鍘熷鍊硷細 浜嬪唽涔嬭浇/12-鐤忎弧绾?02-閲戝ぉ鏈濅唬/01-閲戝ぉ姘?06-灏戞槉鍏笘甯濈晠妤戦噾澶╂皬绾?md
article.id 绫诲瀷锛?string
article.id 闀垮害锛?44
article.id 瀛楃浠ｇ爜锛?浜?20107) 鍐?20876) 涔?20043) 杞?36733) /(47) 1(49) 2(50) -(45) 鐤?30095) 浠?20193) 绾?32426) /(47) 0(48) 2(50) -(45) 閲?37329) 澶?22825) 鏈?26397) 浠?20195) /(47) 0(48) 1(49) -(45) 閲?37329) 澶?22825) 姘?27663) /(47) 0(48) 6(54) -(45) 灏?23569) 鏄?26122) 鍏?20845) 涓?19990) 甯?24093) 鐣?30021) 妤?26961) 閲?37329) 澶?22825) 姘?27663) 绾?32426) .(46) m(109) d(100)
annotationRoot锛?F:\GitHub\NEXUS\src\annotations
articlePathWithoutExt锛?浜嬪唽涔嬭浇/12-鐤忎弧绾?02-閲戝ぉ鏈濅唬/01-閲戝ぉ姘?06-灏戞槉鍏笘甯濈晠妤戦噾澶╂皬绾?eventsPath锛?F:\GitHub\NEXUS\src\annotations\浜嬪唽涔嬭浇\12-鐤忎弧绾猏02-閲戝ぉ鏈濅唬\01-閲戝ぉ姘廫06-灏戞槉鍏笘甯濈晠妤戦噾澶╂皬绾?events.md
relationsPath锛?F:\GitHub\NEXUS\src\annotations\浜嬪唽涔嬭浇\12-鐤忎弧绾猏02-閲戝ぉ鏈濅唬\01-閲戝ぉ姘廫06-灏戞槉鍏笘甯濈晠妤戦噾澶╂皬绾?relations.md
eventsPath 瀛樺湪锛?false
relationsPath 瀛樺湪锛?false
鍔犺浇鐨勬爣娉ㄦ枃浠舵暟閲忥細 0
鍔犺浇鐨勬爣娉ㄦ枃浠讹細 []
浼犻€掔粰鍓嶇鐨勬爣娉ㄦ暟鎹細 { files: [] }
 [2m(+5ms)[22m
[2m10:07:04[22m   [34m鈹溾攢[39m [2m/婕旇繘杞ㄨ抗/07-灏戞槉涓冧笘甯濆尃鏁噾澶╂皬绾?index.html[22m========== 鏍囨敞鏂囦欢鍔犺浇璋冭瘯 ==========
article.id 鍘熷鍊硷細 浜嬪唽涔嬭浇/12-鐤忎弧绾?02-閲戝ぉ鏈濅唬/01-閲戝ぉ姘?07-灏戞槉涓冧笘甯濆尃鏁噾澶╂皬绾?md
article.id 绫诲瀷锛?string
article.id 闀垮害锛?44
article.id 瀛楃浠ｇ爜锛?浜?20107) 鍐?20876) 涔?20043) 杞?36733) /(47) 1(49) 2(50) -(45) 鐤?30095) 浠?20193) 绾?32426) /(47) 0(48) 2(50) -(45) 閲?37329) 澶?22825) 鏈?26397) 浠?20195) /(47) 0(48) 1(49) -(45) 閲?37329) 澶?22825) 姘?27663) /(47) 0(48) 7(55) -(45) 灏?23569) 鏄?26122) 涓?19971) 涓?19990) 甯?24093) 鍖?21280) 鏁?25964) 閲?37329) 澶?22825) 姘?27663) 绾?32426) .(46) m(109) d(100)
annotationRoot锛?F:\GitHub\NEXUS\src\annotations
articlePathWithoutExt锛?浜嬪唽涔嬭浇/12-鐤忎弧绾?02-閲戝ぉ鏈濅唬/01-閲戝ぉ姘?07-灏戞槉涓冧笘甯濆尃鏁噾澶╂皬绾?eventsPath锛?F:\GitHub\NEXUS\src\annotations\浜嬪唽涔嬭浇\12-鐤忎弧绾猏02-閲戝ぉ鏈濅唬\01-閲戝ぉ姘廫07-灏戞槉涓冧笘甯濆尃鏁噾澶╂皬绾?events.md
relationsPath锛?F:\GitHub\NEXUS\src\annotations\浜嬪唽涔嬭浇\12-鐤忎弧绾猏02-閲戝ぉ鏈濅唬\01-閲戝ぉ姘廫07-灏戞槉涓冧笘甯濆尃鏁噾澶╂皬绾?relations.md
eventsPath 瀛樺湪锛?false
relationsPath 瀛樺湪锛?false
鍔犺浇鐨勬爣娉ㄦ枃浠舵暟閲忥細 0
鍔犺浇鐨勬爣娉ㄦ枃浠讹細 []
浼犻€掔粰鍓嶇鐨勬爣娉ㄦ暟鎹細 { files: [] }
 [2m(+5ms)[22m
[2m10:07:04[22m   [34m鈹溾攢[39m [2m/婕旇繘杞ㄨ抗/02-鎸氫簩涓栧笣缁ч潚闃虫皬绾?index.html[22m========== 鏍囨敞鏂囦欢鍔犺浇璋冭瘯 ==========
article.id 鍘熷鍊硷細 浜嬪唽涔嬭浇/12-鐤忎弧绾?05-闈掗櫧鏈濅唬/01-闈掗櫧姘?02-鎸氫簩涓栧笣缁ч潚闃虫皬绾?md
article.id 绫诲瀷锛?string
article.id 闀垮害锛?42
article.id 瀛楃浠ｇ爜锛?浜?20107) 鍐?20876) 涔?20043) 杞?36733) /(47) 1(49) 2(50) -(45) 鐤?30095) 浠?20193) 绾?32426) /(47) 0(48) 5(53) -(45) 闈?38738) 闄?38525) 鏈?26397) 浠?20195) /(47) 0(48) 1(49) -(45) 闈?38738) 闄?38525) 姘?27663) /(47) 0(48) 2(50) -(45) 鎸?25370) 浜?20108) 涓?19990) 甯?24093) 缁?32487) 闈?38738) 闃?38451) 姘?27663) 绾?32426) .(46) m(109) d(100)
annotationRoot锛?F:\GitHub\NEXUS\src\annotations
articlePathWithoutExt锛?浜嬪唽涔嬭浇/12-鐤忎弧绾?05-闈掗櫧鏈濅唬/01-闈掗櫧姘?02-鎸氫簩涓栧笣缁ч潚闃虫皬绾?eventsPath锛?F:\GitHub\NEXUS\src\annotations\浜嬪唽涔嬭浇\12-鐤忎弧绾猏05-闈掗櫧鏈濅唬\01-闈掗櫧姘廫02-鎸氫簩涓栧笣缁ч潚闃虫皬绾?events.md
relationsPath锛?F:\GitHub\NEXUS\src\annotations\浜嬪唽涔嬭浇\12-鐤忎弧绾猏05-闈掗櫧鏈濅唬\01-闈掗櫧姘廫02-鎸氫簩涓栧笣缁ч潚闃虫皬绾?relations.md
eventsPath 瀛樺湪锛?false
relationsPath 瀛樺湪锛?false
鍔犺浇鐨勬爣娉ㄦ枃浠舵暟閲忥細 0
鍔犺浇鐨勬爣娉ㄦ枃浠讹細 []
浼犻€掔粰鍓嶇鐨勬爣娉ㄦ暟鎹細 { files: [] }
 [2m(+5ms)[22m
[2m10:07:04[22m   [34m鈹溾攢[39m [2m/婕旇繘杞ㄨ抗/01-鎸氫竴涓栧笣瑙掗潚闃虫皬绾?index.html[22m========== 鏍囨敞鏂囦欢鍔犺浇璋冭瘯 ==========
article.id 鍘熷鍊硷細 浜嬪唽涔嬭浇/12-鐤忎弧绾?05-闈掗櫧鏈濅唬/01-闈掗櫧姘?01-鎸氫竴涓栧笣瑙掗潚闃虫皬绾?md
article.id 绫诲瀷锛?string
article.id 闀垮害锛?42
article.id 瀛楃浠ｇ爜锛?浜?20107) 鍐?20876) 涔?20043) 杞?36733) /(47) 1(49) 2(50) -(45) 鐤?30095) 浠?20193) 绾?32426) /(47) 0(48) 5(53) -(45) 闈?38738) 闄?38525) 鏈?26397) 浠?20195) /(47) 0(48) 1(49) -(45) 闈?38738) 闄?38525) 姘?27663) /(47) 0(48) 1(49) -(45) 鎸?25370) 涓€(19968) 涓?19990) 甯?24093) 瑙?35282) 闈?38738) 闃?38451) 姘?27663) 绾?32426) .(46) m(109) d(100)
annotationRoot锛?F:\GitHub\NEXUS\src\annotations
articlePathWithoutExt锛?浜嬪唽涔嬭浇/12-鐤忎弧绾?05-闈掗櫧鏈濅唬/01-闈掗櫧姘?01-鎸氫竴涓栧笣瑙掗潚闃虫皬绾?eventsPath锛?F:\GitHub\NEXUS\src\annotations\浜嬪唽涔嬭浇\12-鐤忎弧绾猏05-闈掗櫧鏈濅唬\01-闈掗櫧姘廫01-鎸氫竴涓栧笣瑙掗潚闃虫皬绾?events.md
relationsPath锛?F:\GitHub\NEXUS\src\annotations\浜嬪唽涔嬭浇\12-鐤忎弧绾猏05-闈掗櫧鏈濅唬\01-闈掗櫧姘廫01-鎸氫竴涓栧笣瑙掗潚闃虫皬绾?relations.md
eventsPath 瀛樺湪锛?false
relationsPath 瀛樺湪锛?false
鍔犺浇鐨勬爣娉ㄦ枃浠舵暟閲忥細 0
鍔犺浇鐨勬爣娉ㄦ枃浠讹細 []
浼犻€掔粰鍓嶇鐨勬爣娉ㄦ暟鎹細 { files: [] }
 [2m(+6ms)[22m
[2m10:07:04[22m   [34m鈹溾攢[39m [2m/婕旇繘杞ㄨ抗/03-鎸氫笁涓栧笣瑁橀潚闃虫皬绾?index.html[22m========== 鏍囨敞鏂囦欢鍔犺浇璋冭瘯 ==========
article.id 鍘熷鍊硷細 浜嬪唽涔嬭浇/12-鐤忎弧绾?05-闈掗櫧鏈濅唬/01-闈掗櫧姘?03-鎸氫笁涓栧笣瑁橀潚闃虫皬绾?md
article.id 绫诲瀷锛?string
article.id 闀垮害锛?42
article.id 瀛楃浠ｇ爜锛?浜?20107) 鍐?20876) 涔?20043) 杞?36733) /(47) 1(49) 2(50) -(45) 鐤?30095) 浠?20193) 绾?32426) /(47) 0(48) 5(53) -(45) 闈?38738) 闄?38525) 鏈?26397) 浠?20195) /(47) 0(48) 1(49) -(45) 闈?38738) 闄?38525) 姘?27663) /(47) 0(48) 3(51) -(45) 鎸?25370) 涓?19977) 涓?19990) 甯?24093) 瑁?35032) 闈?38738) 闃?38451) 姘?27663) 绾?32426) .(46) m(109) d(100)
annotationRoot锛?F:\GitHub\NEXUS\src\annotations
articlePathWithoutExt锛?浜嬪唽涔嬭浇/12-鐤忎弧绾?05-闈掗櫧鏈濅唬/01-闈掗櫧姘?03-鎸氫笁涓栧笣瑁橀潚闃虫皬绾?eventsPath锛?F:\GitHub\NEXUS\src\annotations\浜嬪唽涔嬭浇\12-鐤忎弧绾猏05-闈掗櫧鏈濅唬\01-闈掗櫧姘廫03-鎸氫笁涓栧笣瑁橀潚闃虫皬绾?events.md
relationsPath锛?F:\GitHub\NEXUS\src\annotations\浜嬪唽涔嬭浇\12-鐤忎弧绾猏05-闈掗櫧鏈濅唬\01-闈掗櫧姘廫03-鎸氫笁涓栧笣瑁橀潚闃虫皬绾?relations.md
eventsPath 瀛樺湪锛?false
relationsPath 瀛樺湪锛?false
鍔犺浇鐨勬爣娉ㄦ枃浠舵暟閲忥細 0
鍔犺浇鐨勬爣娉ㄦ枃浠讹細 []
浼犻€掔粰鍓嶇鐨勬爣娉ㄦ暟鎹細 { files: [] }
 [2m(+6ms)[22m
[2m10:07:04[22m   [34m鈹溾攢[39m [2m/婕旇繘杞ㄨ抗/04-鎸氬洓涓栧笣鍛涢潚闃虫皬绾?index.html[22m========== 鏍囨敞鏂囦欢鍔犺浇璋冭瘯 ==========
article.id 鍘熷鍊硷細 浜嬪唽涔嬭浇/12-鐤忎弧绾?05-闈掗櫧鏈濅唬/01-闈掗櫧姘?04-鎸氬洓涓栧笣鍛涢潚闃虫皬绾?md
article.id 绫诲瀷锛?string
article.id 闀垮害锛?42
article.id 瀛楃浠ｇ爜锛?浜?20107) 鍐?20876) 涔?20043) 杞?36733) /(47) 1(49) 2(50) -(45) 鐤?30095) 浠?20193) 绾?32426) /(47) 0(48) 5(53) -(45) 闈?38738) 闄?38525) 鏈?26397) 浠?20195) /(47) 0(48) 1(49) -(45) 闈?38738) 闄?38525) 姘?27663) /(47) 0(48) 4(52) -(45) 鎸?25370) 鍥?22235) 涓?19990) 甯?24093) 鍛?21595) 闈?38738) 闃?38451) 姘?27663) 绾?32426) .(46) m(109) d(100)
annotationRoot锛?F:\GitHub\NEXUS\src\annotations
articlePathWithoutExt锛?浜嬪唽涔嬭浇/12-鐤忎弧绾?05-闈掗櫧鏈濅唬/01-闈掗櫧姘?04-鎸氬洓涓栧笣鍛涢潚闃虫皬绾?eventsPath锛?F:\GitHub\NEXUS\src\annotations\浜嬪唽涔嬭浇\12-鐤忎弧绾猏05-闈掗櫧鏈濅唬\01-闈掗櫧姘廫04-鎸氬洓涓栧笣鍛涢潚闃虫皬绾?events.md
relationsPath锛?F:\GitHub\NEXUS\src\annotations\浜嬪唽涔嬭浇\12-鐤忎弧绾猏05-闈掗櫧鏈濅唬\01-闈掗櫧姘廫04-鎸氬洓涓栧笣鍛涢潚闃虫皬绾?relations.md
eventsPath 瀛樺湪锛?false
relationsPath 瀛樺湪锛?false
鍔犺浇鐨勬爣娉ㄦ枃浠舵暟閲忥細 0
鍔犺浇鐨勬爣娉ㄦ枃浠讹細 []
浼犻€掔粰鍓嶇鐨勬爣娉ㄦ暟鎹細 { files: [] }
 [2m(+54ms)[22m
[2m10:07:04[22m   [34m鈹溾攢[39m [2m/婕旇繘杞ㄨ抗/05-鎸氫簲涓栧笣鍑潚闃虫皬绾?index.html[22m========== 鏍囨敞鏂囦欢鍔犺浇璋冭瘯 ==========
article.id 鍘熷鍊硷細 浜嬪唽涔嬭浇/12-鐤忎弧绾?05-闈掗櫧鏈濅唬/01-闈掗櫧姘?05-鎸氫簲涓栧笣鍑潚闃虫皬绾?md
article.id 绫诲瀷锛?string
article.id 闀垮害锛?42
article.id 瀛楃浠ｇ爜锛?浜?20107) 鍐?20876) 涔?20043) 杞?36733) /(47) 1(49) 2(50) -(45) 鐤?30095) 浠?20193) 绾?32426) /(47) 0(48) 5(53) -(45) 闈?38738) 闄?38525) 鏈?26397) 浠?20195) /(47) 0(48) 1(49) -(45) 闈?38738) 闄?38525) 姘?27663) /(47) 0(48) 5(53) -(45) 鎸?25370) 浜?20116) 涓?19990) 甯?24093) 鍑?20975) 闈?38738) 闃?38451) 姘?27663) 绾?32426) .(46) m(109) d(100)
annotationRoot锛?F:\GitHub\NEXUS\src\annotations
articlePathWithoutExt锛?浜嬪唽涔嬭浇/12-鐤忎弧绾?05-闈掗櫧鏈濅唬/01-闈掗櫧姘?05-鎸氫簲涓栧笣鍑潚闃虫皬绾?eventsPath锛?F:\GitHub\NEXUS\src\annotations\浜嬪唽涔嬭浇\12-鐤忎弧绾猏05-闈掗櫧鏈濅唬\01-闈掗櫧姘廫05-鎸氫簲涓栧笣鍑潚闃虫皬绾?events.md
relationsPath锛?F:\GitHub\NEXUS\src\annotations\浜嬪唽涔嬭浇\12-鐤忎弧绾猏05-闈掗櫧鏈濅唬\01-闈掗櫧姘廫05-鎸氫簲涓栧笣鍑潚闃虫皬绾?relations.md
eventsPath 瀛樺湪锛?false
relationsPath 瀛樺湪锛?false
鍔犺浇鐨勬爣娉ㄦ枃浠舵暟閲忥細 0
鍔犺浇鐨勬爣娉ㄦ枃浠讹細 []
浼犻€掔粰鍓嶇鐨勬爣娉ㄦ暟鎹細 { files: [] }
 [2m(+5ms)[22m
[2m10:07:04[22m   [34m鈹溾攢[39m [2m/婕旇繘杞ㄨ抗/06-鎸氬叚涓栧笣鍜ｅ摯浜戦槼姘忕邯/index.html[22m========== 鏍囨敞鏂囦欢鍔犺浇璋冭瘯 ==========
article.id 鍘熷鍊硷細 浜嬪唽涔嬭浇/12-鐤忎弧绾?05-闈掗櫧鏈濅唬/01-闈掗櫧姘?06-鎸氬叚涓栧笣鍜ｅ摯浜戦槼姘忕邯.md
article.id 绫诲瀷锛?string
article.id 闀垮害锛?43
article.id 瀛楃浠ｇ爜锛?浜?20107) 鍐?20876) 涔?20043) 杞?36733) /(47) 1(49) 2(50) -(45) 鐤?30095) 浠?20193) 绾?32426) /(47) 0(48) 5(53) -(45) 闈?38738) 闄?38525) 鏈?26397) 浠?20195) /(47) 0(48) 1(49) -(45) 闈?38738) 闄?38525) 姘?27663) /(47) 0(48) 6(54) -(45) 鎸?25370) 鍏?20845) 涓?19990) 甯?24093) 鍜?21667) 鍝?21748) 浜?20113) 闃?38451) 姘?27663) 绾?32426) .(46) m(109) d(100)
annotationRoot锛?F:\GitHub\NEXUS\src\annotations
articlePathWithoutExt锛?浜嬪唽涔嬭浇/12-鐤忎弧绾?05-闈掗櫧鏈濅唬/01-闈掗櫧姘?06-鎸氬叚涓栧笣鍜ｅ摯浜戦槼姘忕邯
eventsPath锛?F:\GitHub\NEXUS\src\annotations\浜嬪唽涔嬭浇\12-鐤忎弧绾猏05-闈掗櫧.events.json01-闈掗櫧姘廫06-鎸氬叚涓栧笣鍜ｅ摯浜戦槼姘忕邯.events.md
relationsPath锛?F:\GitHub\NEXUS\src\annotations\浜嬪唽涔嬭浇\12-鐤忎弧绾猏05-闈掗櫧.relations.json闈掗櫧姘廫06-鎸氬叚涓栧笣鍜ｅ摯浜戦槼姘忕邯.relations.md
eventsPath 瀛樺湪锛?false
relationsPath 瀛樺湪锛?false
鍔犺浇鐨勬爣娉ㄦ枃浠舵暟閲忥細 0
鍔犺浇鐨勬爣娉ㄦ枃浠讹細 []
浼犻€掔粰鍓嶇鐨勬爣娉ㄦ暟鎹細 { files: [] }
 [2m(+11ms)[22m
[2m10:07:04[22m   [34m鈹溾攢[39m [2m/婕旇繘杞ㄨ抗/07-鎸氫竷涓栧笣鍚戝浜戦槼姘忕邯/index.html[22m========== 鏍囨敞鏂囦欢鍔犺浇璋冭瘯 ==========
article.id 鍘熷鍊硷細 浜嬪唽涔嬭浇/12-鐤忎弧绾?05-闈掗櫧鏈濅唬/01-闈掗櫧姘?07-鎸氫竷涓栧笣鍚戝浜戦槼姘忕邯.md
article.id 绫诲瀷锛?string
article.id 闀垮害锛?43
article.id 瀛楃浠ｇ爜锛?浜?20107) 鍐?20876) 涔?20043) 杞?36733) /(47) 1(49) 2(50) -(45) 鐤?30095) 浠?20193) 绾?32426) /(47) 0(48) 5(53) -(45) 闈?38738) 闄?38525) 鏈?26397) 浠?20195) /(47) 0(48) 1(49) -(45) 闈?38738) 闄?38525) 姘?27663) /(47) 0(48) 7(55) -(45) 鎸?25370) 涓?19971) 涓?19990) 甯?24093) 鍚?21521) 濡?22970) 浜?20113) 闃?38451) 姘?27663) 绾?32426) .(46) m(109) d(100)
annotationRoot锛?F:\GitHub\NEXUS\src\annotations
articlePathWithoutExt锛?浜嬪唽涔嬭浇/12-鐤忎弧绾?05-闈掗櫧鏈濅唬/01-闈掗櫧姘?07-鎸氫竷涓栧笣鍚戝浜戦槼姘忕邯
eventsPath锛?F:\GitHub\NEXUS\src\annotations\浜嬪唽涔嬭浇\12-鐤忎弧绾猏05-闈掗櫧.events.json01-闈掗櫧姘廫07-鎸氫竷涓栧笣鍚戝浜戦槼姘忕邯.events.md
relationsPath锛?F:\GitHub\NEXUS\src\annotations\浜嬪唽涔嬭浇\12-鐤忎弧绾猏05-闈掗櫧.relations.json闈掗櫧姘廫07-鎸氫竷涓栧笣鍚戝浜戦槼姘忕邯.relations.md
eventsPath 瀛樺湪锛?false
relationsPath 瀛樺湪锛?false
鍔犺浇鐨勬爣娉ㄦ枃浠舵暟閲忥細 0
鍔犺浇鐨勬爣娉ㄦ枃浠讹細 []
浼犻€掔粰鍓嶇鐨勬爣娉ㄦ暟鎹細 { files: [] }
 [2m(+6ms)[22m
[2m10:07:04[22m   [34m鈹溾攢[39m [2m/婕旇繘杞ㄨ抗/08-鎸氬叓涓栧笣灞卞彮浜戦槼姘忕邯/index.html[22m========== 鏍囨敞鏂囦欢鍔犺浇璋冭瘯 ==========
article.id 鍘熷鍊硷細 浜嬪唽涔嬭浇/12-鐤忎弧绾?05-闈掗櫧鏈濅唬/01-闈掗櫧姘?08-鎸氬叓涓栧笣灞卞彮浜戦槼姘忕邯.md
article.id 绫诲瀷锛?string
article.id 闀垮害锛?43
article.id 瀛楃浠ｇ爜锛?浜?20107) 鍐?20876) 涔?20043) 杞?36733) /(47) 1(49) 2(50) -(45) 鐤?30095) 浠?20193) 绾?32426) /(47) 0(48) 5(53) -(45) 闈?38738) 闄?38525) 鏈?26397) 浠?20195) /(47) 0(48) 1(49) -(45) 闈?38738) 闄?38525) 姘?27663) /(47) 0(48) 8(56) -(45) 鎸?25370) 鍏?20843) 涓?19990) 甯?24093) 灞?23665) 鍙?21485) 浜?20113) 闃?38451) 姘?27663) 绾?32426) .(46) m(109) d(100)
annotationRoot锛?F:\GitHub\NEXUS\src\annotations
articlePathWithoutExt锛?浜嬪唽涔嬭浇/12-鐤忎弧绾?05-闈掗櫧鏈濅唬/01-闈掗櫧姘?08-鎸氬叓涓栧笣灞卞彮浜戦槼姘忕邯
eventsPath锛?F:\GitHub\NEXUS\src\annotations\浜嬪唽涔嬭浇\12-鐤忎弧绾猏05-闈掗櫧.events.json01-闈掗櫧姘廫08-鎸氬叓涓栧笣灞卞彮浜戦槼姘忕邯.events.md
relationsPath锛?F:\GitHub\NEXUS\src\annotations\浜嬪唽涔嬭浇\12-鐤忎弧绾猏05-闈掗櫧.relations.json闈掗櫧姘廫08-鎸氬叓涓栧笣灞卞彮浜戦槼姘忕邯.relations.md
eventsPath 瀛樺湪锛?false
relationsPath 瀛樺湪锛?false
鍔犺浇鐨勬爣娉ㄦ枃浠舵暟閲忥細 0
鍔犺浇鐨勬爣娉ㄦ枃浠讹細 []
浼犻€掔粰鍓嶇鐨勬爣娉ㄦ暟鎹細 { files: [] }
 [2m(+6ms)[22m
[2m10:07:04[22m   [34m鈹溾攢[39m [2m/婕旇繘杞ㄨ抗/09-鎸氫節涓栧笣瀛や簯闃虫皬绾?index.html[22m========== 鏍囨敞鏂囦欢鍔犺浇璋冭瘯 ==========
article.id 鍘熷鍊硷細 浜嬪唽涔嬭浇/12-鐤忎弧绾?05-闈掗櫧鏈濅唬/01-闈掗櫧姘?09-鎸氫節涓栧笣瀛や簯闃虫皬绾?md
article.id 绫诲瀷锛?string
article.id 闀垮害锛?42
article.id 瀛楃浠ｇ爜锛?浜?20107) 鍐?20876) 涔?20043) 杞?36733) /(47) 1(49) 2(50) -(45) 鐤?30095) 浠?20193) 绾?32426) /(47) 0(48) 5(53) -(45) 闈?38738) 闄?38525) 鏈?26397) 浠?20195) /(47) 0(48) 1(49) -(45) 闈?38738) 闄?38525) 姘?27663) /(47) 0(48) 9(57) -(45) 鎸?25370) 涔?20061) 涓?19990) 甯?24093) 瀛?23396) 浜?20113) 闃?38451) 姘?27663) 绾?32426) .(46) m(109) d(100)
annotationRoot锛?F:\GitHub\NEXUS\src\annotations
articlePathWithoutExt锛?浜嬪唽涔嬭浇/12-鐤忎弧绾?05-闈掗櫧鏈濅唬/01-闈掗櫧姘?09-鎸氫節涓栧笣瀛や簯闃虫皬绾?eventsPath锛?F:\GitHub\NEXUS\src\annotations\浜嬪唽涔嬭浇\12-鐤忎弧绾猏05-闈掗櫧鏈濅唬\01-闈掗櫧姘廫09-鎸氫節涓栧笣瀛や簯闃虫皬绾?events.md
relationsPath锛?F:\GitHub\NEXUS\src\annotations\浜嬪唽涔嬭浇\12-鐤忎弧绾猏05-闈掗櫧鏈濅唬\01-闈掗櫧姘廫09-鎸氫節涓栧笣瀛や簯闃虫皬绾?relations.md
eventsPath 瀛樺湪锛?false
relationsPath 瀛樺湪锛?false
鍔犺浇鐨勬爣娉ㄦ枃浠舵暟閲忥細 0
鍔犺浇鐨勬爣娉ㄦ枃浠讹細 []
浼犻€掔粰鍓嶇鐨勬爣娉ㄦ暟鎹細 { files: [] }
 [2m(+4ms)[22m
[2m10:07:04[22m   [34m鈹溾攢[39m [2m/婕旇繘杞ㄨ抗/10-鎸氬崄涓栧笣娌熸浜戦槼姘忕邯/index.html[22m========== 鏍囨敞鏂囦欢鍔犺浇璋冭瘯 ==========
article.id 鍘熷鍊硷細 浜嬪唽涔嬭浇/12-鐤忎弧绾?05-闈掗櫧鏈濅唬/01-闈掗櫧姘?10-鎸氬崄涓栧笣娌熸浜戦槼姘忕邯.md
article.id 绫诲瀷锛?string
article.id 闀垮害锛?43
article.id 瀛楃浠ｇ爜锛?浜?20107) 鍐?20876) 涔?20043) 杞?36733) /(47) 1(49) 2(50) -(45) 鐤?30095) 浠?20193) 绾?32426) /(47) 0(48) 5(53) -(45) 闈?38738) 闄?38525) 鏈?26397) 浠?20195) /(47) 0(48) 1(49) -(45) 闈?38738) 闄?38525) 姘?27663) /(47) 1(49) 0(48) -(45) 鎸?25370) 鍗?21313) 涓?19990) 甯?24093) 娌?27807) 娆?27425) 浜?20113) 闃?38451) 姘?27663) 绾?32426) .(46) m(109) d(100)
annotationRoot锛?F:\GitHub\NEXUS\src\annotations
articlePathWithoutExt锛?浜嬪唽涔嬭浇/12-鐤忎弧绾?05-闈掗櫧鏈濅唬/01-闈掗櫧姘?10-鎸氬崄涓栧笣娌熸浜戦槼姘忕邯
eventsPath锛?F:\GitHub\NEXUS\src\annotations\浜嬪唽涔嬭浇\12-鐤忎弧绾猏05-闈掗櫧.events.json01-闈掗櫧姘廫10-鎸氬崄涓栧笣娌熸浜戦槼姘忕邯.events.md
relationsPath锛?F:\GitHub\NEXUS\src\annotations\浜嬪唽涔嬭浇\12-鐤忎弧绾猏05-闈掗櫧.relations.json闈掗櫧姘廫10-鎸氬崄涓栧笣娌熸浜戦槼姘忕邯.relations.md
eventsPath 瀛樺湪锛?false
relationsPath 瀛樺湪锛?false
鍔犺浇鐨勬爣娉ㄦ枃浠舵暟閲忥細 0
鍔犺浇鐨勬爣娉ㄦ枃浠讹細 []
浼犻€掔粰鍓嶇鐨勬爣娉ㄦ暟鎹細 { files: [] }
 [2m(+3ms)[22m
[2m10:07:04[22m   [34m鈹溾攢[39m [2m/婕旇繘杞ㄨ抗/11-鎸氬崄涓€涓栧笣鎺у嵂浜戦槼姘忕邯/index.html[22m========== 鏍囨敞鏂囦欢鍔犺浇璋冭瘯 ==========
article.id 鍘熷鍊硷細 浜嬪唽涔嬭浇/12-鐤忎弧绾?05-闈掗櫧鏈濅唬/01-闈掗櫧姘?11-鎸氬崄涓€涓栧笣鎺у嵂浜戦槼姘忕邯.md
article.id 绫诲瀷锛?string
article.id 闀垮害锛?44
article.id 瀛楃浠ｇ爜锛?浜?20107) 鍐?20876) 涔?20043) 杞?36733) /(47) 1(49) 2(50) -(45) 鐤?30095) 浠?20193) 绾?32426) /(47) 0(48) 5(53) -(45) 闈?38738) 闄?38525) 鏈?26397) 浠?20195) /(47) 0(48) 1(49) -(45) 闈?38738) 闄?38525) 姘?27663) /(47) 1(49) 1(49) -(45) 鎸?25370) 鍗?21313) 涓€(19968) 涓?19990) 甯?24093) 鎺?25511) 鍗?21359) 浜?20113) 闃?38451) 姘?27663) 绾?32426) .(46) m(109) d(100)
annotationRoot锛?F:\GitHub\NEXUS\src\annotations
articlePathWithoutExt锛?浜嬪唽涔嬭浇/12-鐤忎弧绾?05-闈掗櫧鏈濅唬/01-闈掗櫧姘?11-鎸氬崄涓€涓栧笣鎺у嵂浜戦槼姘忕邯
eventsPath锛?F:\GitHub\NEXUS\src\annotations\浜嬪唽涔嬭浇\12-鐤忎弧绾猏05-闈掗櫧�.events.json-闈掗櫧姘廫11-鎸氬崄涓€涓栧笣鎺у嵂浜戦槼姘忕邯.events.md
relationsPath锛?F:\GitHub\NEXUS\src\annotations\浜嬪唽涔嬭浇\12-鐤忎弧绾猏05-闈掗櫧�.relations.json�掗櫧姘廫11-鎸氬崄涓€涓栧笣鎺у嵂浜戦槼姘忕邯.relations.md
eventsPath 瀛樺湪锛?false
relationsPath 瀛樺湪锛?false
鍔犺浇鐨勬爣娉ㄦ枃浠舵暟閲忥細 0
鍔犺浇鐨勬爣娉ㄦ枃浠讹細 []
浼犻€掔粰鍓嶇鐨勬爣娉ㄦ暟鎹細 { files: [] }
 [2m(+4ms)[22m
[2m10:07:04[22m   [34m鈹溾攢[39m [2m/婕旇繘杞ㄨ抗/12-鎸氬崄浜屼笘甯濆窛澹讳簯闃虫皬绾?index.html[22m========== 鏍囨敞鏂囦欢鍔犺浇璋冭瘯 ==========
article.id 鍘熷鍊硷細 浜嬪唽涔嬭浇/12-鐤忎弧绾?05-闈掗櫧鏈濅唬/01-闈掗櫧姘?12-鎸氬崄浜屼笘甯濆窛澹讳簯闃虫皬绾?md
article.id 绫诲瀷锛?string
article.id 闀垮害锛?44
article.id 瀛楃浠ｇ爜锛?浜?20107) 鍐?20876) 涔?20043) 杞?36733) /(47) 1(49) 2(50) -(45) 鐤?30095) 浠?20193) 绾?32426) /(47) 0(48) 5(53) -(45) 闈?38738) 闄?38525) 鏈?26397) 浠?20195) /(47) 0(48) 1(49) -(45) 闈?38738) 闄?38525) 姘?27663) /(47) 1(49) 2(50) -(45) 鎸?25370) 鍗?21313) 浜?20108) 涓?19990) 甯?24093) 宸?24029) 澹?22779) 浜?20113) 闃?38451) 姘?27663) 绾?32426) .(46) m(109) d(100)
annotationRoot锛?F:\GitHub\NEXUS\src\annotations
articlePathWithoutExt锛?浜嬪唽涔嬭浇/12-鐤忎弧绾?05-闈掗櫧鏈濅唬/01-闈掗櫧姘?12-鎸氬崄浜屼笘甯濆窛澹讳簯闃虫皬绾?eventsPath锛?F:\GitHub\NEXUS\src\annotations\浜嬪唽涔嬭浇\12-鐤忎弧绾猏05-闈掗櫧鏈濅唬\01-闈掗櫧姘廫12-鎸氬崄浜屼笘甯濆窛澹讳簯闃虫皬绾?events.md
relationsPath锛?F:\GitHub\NEXUS\src\annotations\浜嬪唽涔嬭浇\12-鐤忎弧绾猏05-闈掗櫧鏈濅唬\01-闈掗櫧姘廫12-鎸氬崄浜屼笘甯濆窛澹讳簯闃虫皬绾?relations.md
eventsPath 瀛樺湪锛?false
relationsPath 瀛樺湪锛?false
鍔犺浇鐨勬爣娉ㄦ枃浠舵暟閲忥細 0
鍔犺浇鐨勬爣娉ㄦ枃浠讹細 []
浼犻€掔粰鍓嶇鐨勬爣娉ㄦ暟鎹細 { files: [] }
 [2m(+4ms)[22m
[2m10:07:04[22m   [34m鈹溾攢[39m [2m/婕旇繘杞ㄨ抗/14-鎸氬崄鍥涗笘甯濈編浜戦槼姘忕邯/index.html[22m========== 鏍囨敞鏂囦欢鍔犺浇璋冭瘯 ==========
article.id 鍘熷鍊硷細 浜嬪唽涔嬭浇/12-鐤忎弧绾?05-闈掗櫧鏈濅唬/01-闈掗櫧姘?14-鎸氬崄鍥涗笘甯濈編浜戦槼姘忕邯.md
article.id 绫诲瀷锛?string
article.id 闀垮害锛?43
article.id 瀛楃浠ｇ爜锛?浜?20107) 鍐?20876) 涔?20043) 杞?36733) /(47) 1(49) 2(50) -(45) 鐤?30095) 浠?20193) 绾?32426) /(47) 0(48) 5(53) -(45) 闈?38738) 闄?38525) 鏈?26397) 浠?20195) /(47) 0(48) 1(49) -(45) 闈?38738) 闄?38525) 姘?27663) /(47) 1(49) 4(52) -(45) 鎸?25370) 鍗?21313) 鍥?22235) 涓?19990) 甯?24093) 缇?32654) 浜?20113) 闃?38451) 姘?27663) 绾?32426) .(46) m(109) d(100)
annotationRoot锛?F:\GitHub\NEXUS\src\annotations
articlePathWithoutExt锛?浜嬪唽涔嬭浇/12-鐤忎弧绾?05-闈掗櫧鏈濅唬/01-闈掗櫧姘?14-鎸氬崄鍥涗笘甯濈編浜戦槼姘忕邯
eventsPath锛?F:\GitHub\NEXUS\src\annotations\浜嬪唽涔嬭浇\12-鐤忎弧绾猏05-闈掗櫧.events.json01-闈掗櫧姘廫14-鎸氬崄鍥涗笘甯濈編浜戦槼姘忕邯.events.md
relationsPath锛?F:\GitHub\NEXUS\src\annotations\浜嬪唽涔嬭浇\12-鐤忎弧绾猏05-闈掗櫧.relations.json闈掗櫧姘廫14-鎸氬崄鍥涗笘甯濈編浜戦槼姘忕邯.relations.md
eventsPath 瀛樺湪锛?false
relationsPath 瀛樺湪锛?false
鍔犺浇鐨勬爣娉ㄦ枃浠舵暟閲忥細 0
鍔犺浇鐨勬爣娉ㄦ枃浠讹細 []
浼犻€掔粰鍓嶇鐨勬爣娉ㄦ暟鎹細 { files: [] }
 [2m(+4ms)[22m
[2m10:07:04[22m   [34m鈹溾攢[39m [2m/婕旇繘杞ㄨ抗/13-鎸氬崄涓変笘甯濋暱骞呬簯闃虫皬绾?index.html[22m========== 鏍囨敞鏂囦欢鍔犺浇璋冭瘯 ==========
article.id 鍘熷鍊硷細 浜嬪唽涔嬭浇/12-鐤忎弧绾?05-闈掗櫧鏈濅唬/01-闈掗櫧姘?13-鎸氬崄涓変笘甯濋暱骞呬簯闃虫皬绾?md
article.id 绫诲瀷锛?string
article.id 闀垮害锛?44
article.id 瀛楃浠ｇ爜锛?浜?20107) 鍐?20876) 涔?20043) 杞?36733) /(47) 1(49) 2(50) -(45) 鐤?30095) 浠?20193) 绾?32426) /(47) 0(48) 5(53) -(45) 闈?38738) 闄?38525) 鏈?26397) 浠?20195) /(47) 0(48) 1(49) -(45) 闈?38738) 闄?38525) 姘?27663) /(47) 1(49) 3(51) -(45) 鎸?25370) 鍗?21313) 涓?19977) 涓?19990) 甯?24093) 闀?38271) 骞?24133) 浜?20113) 闃?38451) 姘?27663) 绾?32426) .(46) m(109) d(100)
annotationRoot锛?F:\GitHub\NEXUS\src\annotations
articlePathWithoutExt锛?浜嬪唽涔嬭浇/12-鐤忎弧绾?05-闈掗櫧鏈濅唬/01-闈掗櫧姘?13-鎸氬崄涓変笘甯濋暱骞呬簯闃虫皬绾?eventsPath锛?F:\GitHub\NEXUS\src\annotations\浜嬪唽涔嬭浇\12-鐤忎弧绾猏05-闈掗櫧鏈濅唬\01-闈掗櫧姘廫13-鎸氬崄涓変笘甯濋暱骞呬簯闃虫皬绾?events.md
relationsPath锛?F:\GitHub\NEXUS\src\annotations\浜嬪唽涔嬭浇\12-鐤忎弧绾猏05-闈掗櫧鏈濅唬\01-闈掗櫧姘廫13-鎸氬崄涓変笘甯濋暱骞呬簯闃虫皬绾?relations.md
eventsPath 瀛樺湪锛?false
relationsPath 瀛樺湪锛?false
鍔犺浇鐨勬爣娉ㄦ枃浠舵暟閲忥細 0
鍔犺浇鐨勬爣娉ㄦ枃浠讹細 []
浼犻€掔粰鍓嶇鐨勬爣娉ㄦ暟鎹細 { files: [] }
 [2m(+3ms)[22m
[2m10:07:04[22m   [34m鈹溾攢[39m [2m/婕旇繘杞ㄨ抗/15-鎸氬崄浜斾笘甯濇柉缁╀簯闃虫皬绾?index.html[22m========== 鏍囨敞鏂囦欢鍔犺浇璋冭瘯 ==========
article.id 鍘熷鍊硷細 浜嬪唽涔嬭浇/12-鐤忎弧绾?05-闈掗櫧鏈濅唬/01-闈掗櫧姘?15-鎸氬崄浜斾笘甯濇柉缁╀簯闃虫皬绾?md
article.id 绫诲瀷锛?string
article.id 闀垮害锛?44
article.id 瀛楃浠ｇ爜锛?浜?20107) 鍐?20876) 涔?20043) 杞?36733) /(47) 1(49) 2(50) -(45) 鐤?30095) 浠?20193) 绾?32426) /(47) 0(48) 5(53) -(45) 闈?38738) 闄?38525) 鏈?26397) 浠?20195) /(47) 0(48) 1(49) -(45) 闈?38738) 闄?38525) 姘?27663) /(47) 1(49) 5(53) -(45) 鎸?25370) 鍗?21313) 浜?20116) 涓?19990) 甯?24093) 鏂?26031) 缁?32489) 浜?20113) 闃?38451) 姘?27663) 绾?32426) .(46) m(109) d(100)
annotationRoot锛?F:\GitHub\NEXUS\src\annotations
articlePathWithoutExt锛?浜嬪唽涔嬭浇/12-鐤忎弧绾?05-闈掗櫧鏈濅唬/01-闈掗櫧姘?15-鎸氬崄浜斾笘甯濇柉缁╀簯闃虫皬绾?eventsPath锛?F:\GitHub\NEXUS\src\annotations\浜嬪唽涔嬭浇\12-鐤忎弧绾猏05-闈掗櫧鏈濅唬\01-闈掗櫧姘廫15-鎸氬崄浜斾笘甯濇柉缁╀簯闃虫皬绾?events.md
relationsPath锛?F:\GitHub\NEXUS\src\annotations\浜嬪唽涔嬭浇\12-鐤忎弧绾猏05-闈掗櫧鏈濅唬\01-闈掗櫧姘廫15-鎸氬崄浜斾笘甯濇柉缁╀簯闃虫皬绾?relations.md
eventsPath 瀛樺湪锛?false
relationsPath 瀛樺湪锛?false
鍔犺浇鐨勬爣娉ㄦ枃浠舵暟閲忥細 0
鍔犺浇鐨勬爣娉ㄦ枃浠讹細 []
浼犻€掔粰鍓嶇鐨勬爣娉ㄦ暟鎹細 { files: [] }
 [2m(+3ms)[22m
[2m10:07:04[22m   [34m鈹溾攢[39m [2m/婕旇繘杞ㄨ抗/16-鎸氬崄鍏笘甯濇柉閬傞潚闃虫皬绾?index.html[22m========== 鏍囨敞鏂囦欢鍔犺浇璋冭瘯 ==========
article.id 鍘熷鍊硷細 浜嬪唽涔嬭浇/12-鐤忎弧绾?05-闈掗櫧鏈濅唬/01-闈掗櫧姘?16-鎸氬崄鍏笘甯濇柉閬傞潚闃虫皬绾?md
article.id 绫诲瀷锛?string
article.id 闀垮害锛?44
article.id 瀛楃浠ｇ爜锛?浜?20107) 鍐?20876) 涔?20043) 杞?36733) /(47) 1(49) 2(50) -(45) 鐤?30095) 浠?20193) 绾?32426) /(47) 0(48) 5(53) -(45) 闈?38738) 闄?38525) 鏈?26397) 浠?20195) /(47) 0(48) 1(49) -(45) 闈?38738) 闄?38525) 姘?27663) /(47) 1(49) 6(54) -(45) 鎸?25370) 鍗?21313) 鍏?20845) 涓?19990) 甯?24093) 鏂?26031) 閬?36930) 闈?38738) 闃?38451) 姘?27663) 绾?32426) .(46) m(109) d(100)
annotationRoot锛?F:\GitHub\NEXUS\src\annotations
articlePathWithoutExt锛?浜嬪唽涔嬭浇/12-鐤忎弧绾?05-闈掗櫧鏈濅唬/01-闈掗櫧姘?16-鎸氬崄鍏笘甯濇柉閬傞潚闃虫皬绾?eventsPath锛?F:\GitHub\NEXUS\src\annotations\浜嬪唽涔嬭浇\12-鐤忎弧绾猏05-闈掗櫧鏈濅唬\01-闈掗櫧姘廫16-鎸氬崄鍏笘甯濇柉閬傞潚闃虫皬绾?events.md
relationsPath锛?F:\GitHub\NEXUS\src\annotations\浜嬪唽涔嬭浇\12-鐤忎弧绾猏05-闈掗櫧鏈濅唬\01-闈掗櫧姘廫16-鎸氬崄鍏笘甯濇柉閬傞潚闃虫皬绾?relations.md
eventsPath 瀛樺湪锛?false
relationsPath 瀛樺湪锛?false
鍔犺浇鐨勬爣娉ㄦ枃浠舵暟閲忥細 0
鍔犺浇鐨勬爣娉ㄦ枃浠讹細 []
浼犻€掔粰鍓嶇鐨勬爣娉ㄦ暟鎹細 { files: [] }
 [2m(+3ms)[22m
[2m10:07:04[22m   [34m鈹溾攢[39m [2m/婕旇繘杞ㄨ抗/17-鎸氬崄涓冧笘甯濋阜闈掗槼姘忕邯/index.html[22m========== 鏍囨敞鏂囦欢鍔犺浇璋冭瘯 ==========
article.id 鍘熷鍊硷細 浜嬪唽涔嬭浇/12-鐤忎弧绾?05-闈掗櫧鏈濅唬/01-闈掗櫧姘?17-鎸氬崄涓冧笘甯濋阜闈掗槼姘忕邯.md
article.id 绫诲瀷锛?string
article.id 闀垮害锛?43
article.id 瀛楃浠ｇ爜锛?浜?20107) 鍐?20876) 涔?20043) 杞?36733) /(47) 1(49) 2(50) -(45) 鐤?30095) 浠?20193) 绾?32426) /(47) 0(48) 5(53) -(45) 闈?38738) 闄?38525) 鏈?26397) 浠?20195) /(47) 0(48) 1(49) -(45) 闈?38738) 闄?38525) 姘?27663) /(47) 1(49) 7(55) -(45) 鎸?25370) 鍗?21313) 涓?19971) 涓?19990) 甯?24093) 楦?40503) 闈?38738) 闃?38451) 姘?27663) 绾?32426) .(46) m(109) d(100)
annotationRoot锛?F:\GitHub\NEXUS\src\annotations
articlePathWithoutExt锛?浜嬪唽涔嬭浇/12-鐤忎弧绾?05-闈掗櫧鏈濅唬/01-闈掗櫧姘?17-鎸氬崄涓冧笘甯濋阜闈掗槼姘忕邯
eventsPath锛?F:\GitHub\NEXUS\src\annotations\浜嬪唽涔嬭浇\12-鐤忎弧绾猏05-闈掗櫧.events.json01-闈掗櫧姘廫17-鎸氬崄涓冧笘甯濋阜闈掗槼姘忕邯.events.md
relationsPath锛?F:\GitHub\NEXUS\src\annotations\浜嬪唽涔嬭浇\12-鐤忎弧绾猏05-闈掗櫧.relations.json闈掗櫧姘廫17-鎸氬崄涓冧笘甯濋阜闈掗槼姘忕邯.relations.md
eventsPath 瀛樺湪锛?false
relationsPath 瀛樺湪锛?false
鍔犺浇鐨勬爣娉ㄦ枃浠舵暟閲忥細 0
鍔犺浇鐨勬爣娉ㄦ枃浠讹細 []
浼犻€掔粰鍓嶇鐨勬爣娉ㄦ暟鎹細 { files: [] }
 [2m(+4ms)[22m
[2m10:07:04[22m   [34m鈹溾攢[39m [2m/婕旇繘杞ㄨ抗/01-灏т竴涓栧笣灏ч櫠鍞愭皬绾?index.html[22m========== 鏍囨敞鏂囦欢鍔犺浇璋冭瘯 ==========
article.id 鍘熷鍊硷細 浜嬪唽涔嬭浇/12-鐤忎弧绾?06-闄跺攼鏈濅唬/01-闄跺攼姘?01-灏т竴涓栧笣灏ч櫠鍞愭皬绾?md
article.id 绫诲瀷锛?string
article.id 闀垮害锛?42
article.id 瀛楃浠ｇ爜锛?浜?20107) 鍐?20876) 涔?20043) 杞?36733) /(47) 1(49) 2(50) -(45) 鐤?30095) 浠?20193) 绾?32426) /(47) 0(48) 6(54) -(45) 闄?38518) 鍞?21776) 鏈?26397) 浠?20195) /(47) 0(48) 1(49) -(45) 闄?38518) 鍞?21776) 姘?27663) /(47) 0(48) 1(49) -(45) 灏?23591) 涓€(19968) 涓?19990) 甯?24093) 灏?23591) 闄?38518) 鍞?21776) 姘?27663) 绾?32426) .(46) m(109) d(100)
annotationRoot锛?F:\GitHub\NEXUS\src\annotations
articlePathWithoutExt锛?浜嬪唽涔嬭浇/12-鐤忎弧绾?06-闄跺攼鏈濅唬/01-闄跺攼姘?01-灏т竴涓栧笣灏ч櫠鍞愭皬绾?eventsPath锛?F:\GitHub\NEXUS\src\annotations\浜嬪唽涔嬭浇\12-鐤忎弧绾猏06-闄跺攼鏈濅唬\01-闄跺攼姘廫01-灏т竴涓栧笣灏ч櫠鍞愭皬绾?events.md
relationsPath锛?F:\GitHub\NEXUS\src\annotations\浜嬪唽涔嬭浇\12-鐤忎弧绾猏06-闄跺攼鏈濅唬\01-闄跺攼姘廫01-灏т竴涓栧笣灏ч櫠鍞愭皬绾?relations.md
eventsPath 瀛樺湪锛?false
relationsPath 瀛樺湪锛?false
鍔犺浇鐨勬爣娉ㄦ枃浠舵暟閲忥細 0
鍔犺浇鐨勬爣娉ㄦ枃浠讹細 []
浼犻€掔粰鍓嶇鐨勬爣娉ㄦ暟鎹細 { files: [] }
 [2m(+4ms)[22m
[2m10:07:04[22m   [34m鈹溾攢[39m [2m/婕旇繘杞ㄨ抗/03-灏т笁涓栧笣姹熼櫠鍞愭皬绾?index.html[22m========== 鏍囨敞鏂囦欢鍔犺浇璋冭瘯 ==========
article.id 鍘熷鍊硷細 浜嬪唽涔嬭浇/12-鐤忎弧绾?06-闄跺攼鏈濅唬/01-闄跺攼姘?03-灏т笁涓栧笣姹熼櫠鍞愭皬绾?md
article.id 绫诲瀷锛?string
article.id 闀垮害锛?42
article.id 瀛楃浠ｇ爜锛?浜?20107) 鍐?20876) 涔?20043) 杞?36733) /(47) 1(49) 2(50) -(45) 鐤?30095) 浠?20193) 绾?32426) /(47) 0(48) 6(54) -(45) 闄?38518) 鍞?21776) 鏈?26397) 浠?20195) /(47) 0(48) 1(49) -(45) 闄?38518) 鍞?21776) 姘?27663) /(47) 0(48) 3(51) -(45) 灏?23591) 涓?19977) 涓?19990) 甯?24093) 姹?27743) 闄?38518) 鍞?21776) 姘?27663) 绾?32426) .(46) m(109) d(100)
annotationRoot锛?F:\GitHub\NEXUS\src\annotations
articlePathWithoutExt锛?浜嬪唽涔嬭浇/12-鐤忎弧绾?06-闄跺攼鏈濅唬/01-闄跺攼姘?03-灏т笁涓栧笣姹熼櫠鍞愭皬绾?eventsPath锛?F:\GitHub\NEXUS\src\annotations\浜嬪唽涔嬭浇\12-鐤忎弧绾猏06-闄跺攼鏈濅唬\01-闄跺攼姘廫03-灏т笁涓栧笣姹熼櫠鍞愭皬绾?events.md
relationsPath锛?F:\GitHub\NEXUS\src\annotations\浜嬪唽涔嬭浇\12-鐤忎弧绾猏06-闄跺攼鏈濅唬\01-闄跺攼姘廫03-灏т笁涓栧笣姹熼櫠鍞愭皬绾?relations.md
eventsPath 瀛樺湪锛?false
relationsPath 瀛樺湪锛?false
鍔犺浇鐨勬爣娉ㄦ枃浠舵暟閲忥細 0
鍔犺浇鐨勬爣娉ㄦ枃浠讹細 []
浼犻€掔粰鍓嶇鐨勬爣娉ㄦ暟鎹細 { files: [] }
 [2m(+4ms)[22m
[2m10:07:04[22m   [34m鈹溾攢[39m [2m/婕旇繘杞ㄨ抗/02-灏т簩涓栧笣鏀惧媼闄跺攼姘忕邯/index.html[22m========== 鏍囨敞鏂囦欢鍔犺浇璋冭瘯 ==========
article.id 鍘熷鍊硷細 浜嬪唽涔嬭浇/12-鐤忎弧绾?06-闄跺攼鏈濅唬/01-闄跺攼姘?02-灏т簩涓栧笣鏀惧媼闄跺攼姘忕邯.md
article.id 绫诲瀷锛?string
article.id 闀垮害锛?43
article.id 瀛楃浠ｇ爜锛?浜?20107) 鍐?20876) 涔?20043) 杞?36733) /(47) 1(49) 2(50) -(45) 鐤?30095) 浠?20193) 绾?32426) /(47) 0(48) 6(54) -(45) 闄?38518) 鍞?21776) 鏈?26397) 浠?20195) /(47) 0(48) 1(49) -(45) 闄?38518) 鍞?21776) 姘?27663) /(47) 0(48) 2(50) -(45) 灏?23591) 浜?20108) 涓?19990) 甯?24093) 鏀?25918) 鍕?21195) 闄?38518) 鍞?21776) 姘?27663) 绾?32426) .(46) m(109) d(100)
annotationRoot锛?F:\GitHub\NEXUS\src\annotations
articlePathWithoutExt锛?浜嬪唽涔嬭浇/12-鐤忎弧绾?06-闄跺攼鏈濅唬/01-闄跺攼姘?02-灏т簩涓栧笣鏀惧媼闄跺攼姘忕邯
eventsPath锛?F:\GitHub\NEXUS\src\annotations\浜嬪唽涔嬭浇\12-鐤忎弧绾猏06-闄跺攼.events.json01-闄跺攼姘廫02-灏т簩涓栧笣鏀惧媼闄跺攼姘忕邯.events.md
relationsPath锛?F:\GitHub\NEXUS\src\annotations\浜嬪唽涔嬭浇\12-鐤忎弧绾猏06-闄跺攼.relations.json闄跺攼姘廫02-灏т簩涓栧笣鏀惧媼闄跺攼姘忕邯.relations.md
eventsPath 瀛樺湪锛?false
relationsPath 瀛樺湪锛?false
鍔犺浇鐨勬爣娉ㄦ枃浠舵暟閲忥細 0
鍔犺浇鐨勬爣娉ㄦ枃浠讹細 []
浼犻€掔粰鍓嶇鐨勬爣娉ㄦ暟鎹細 { files: [] }
 [2m(+3ms)[22m
[2m10:07:04[22m   [34m鈹溾攢[39m [2m/婕旇繘杞ㄨ抗/04-灏у洓涓栧笣鏍旈櫠鍞愭皬绾?index.html[22m========== 鏍囨敞鏂囦欢鍔犺浇璋冭瘯 ==========
article.id 鍘熷鍊硷細 浜嬪唽涔嬭浇/12-鐤忎弧绾?06-闄跺攼鏈濅唬/01-闄跺攼姘?04-灏у洓涓栧笣鏍旈櫠鍞愭皬绾?md
article.id 绫诲瀷锛?string
article.id 闀垮害锛?42
article.id 瀛楃浠ｇ爜锛?浜?20107) 鍐?20876) 涔?20043) 杞?36733) /(47) 1(49) 2(50) -(45) 鐤?30095) 浠?20193) 绾?32426) /(47) 0(48) 6(54) -(45) 闄?38518) 鍞?21776) 鏈?26397) 浠?20195) /(47) 0(48) 1(49) -(45) 闄?38518) 鍞?21776) 姘?27663) /(47) 0(48) 4(52) -(45) 灏?23591) 鍥?22235) 涓?19990) 甯?24093) 鏍?26644) 闄?38518) 鍞?21776) 姘?27663) 绾?32426) .(46) m(109) d(100)
annotationRoot锛?F:\GitHub\NEXUS\src\annotations
articlePathWithoutExt锛?浜嬪唽涔嬭浇/12-鐤忎弧绾?06-闄跺攼鏈濅唬/01-闄跺攼姘?04-灏у洓涓栧笣鏍旈櫠鍞愭皬绾?eventsPath锛?F:\GitHub\NEXUS\src\annotations\浜嬪唽涔嬭浇\12-鐤忎弧绾猏06-闄跺攼鏈濅唬\01-闄跺攼姘廫04-灏у洓涓栧笣鏍旈櫠鍞愭皬绾?events.md
relationsPath锛?F:\GitHub\NEXUS\src\annotations\浜嬪唽涔嬭浇\12-鐤忎弧绾猏06-闄跺攼鏈濅唬\01-闄跺攼姘廫04-灏у洓涓栧笣鏍旈櫠鍞愭皬绾?relations.md
eventsPath 瀛樺湪锛?false
relationsPath 瀛樺湪锛?false
鍔犺浇鐨勬爣娉ㄦ枃浠舵暟閲忥細 0
鍔犺浇鐨勬爣娉ㄦ枃浠讹細 []
浼犻€掔粰鍓嶇鐨勬爣娉ㄦ暟鎹細 { files: [] }
 [2m(+4ms)[22m
[2m10:07:04[22m   [34m鈹溾攢[39m [2m/婕旇繘杞ㄨ抗/05-灏т簲涓栧笣瑁橀櫠鍞愭皬绾?index.html[22m========== 鏍囨敞鏂囦欢鍔犺浇璋冭瘯 ==========
article.id 鍘熷鍊硷細 浜嬪唽涔嬭浇/12-鐤忎弧绾?06-闄跺攼鏈濅唬/01-闄跺攼姘?05-灏т簲涓栧笣瑁橀櫠鍞愭皬绾?md
article.id 绫诲瀷锛?string
article.id 闀垮害锛?42
article.id 瀛楃浠ｇ爜锛?浜?20107) 鍐?20876) 涔?20043) 杞?36733) /(47) 1(49) 2(50) -(45) 鐤?30095) 浠?20193) 绾?32426) /(47) 0(48) 6(54) -(45) 闄?38518) 鍞?21776) 鏈?26397) 浠?20195) /(47) 0(48) 1(49) -(45) 闄?38518) 鍞?21776) 姘?27663) /(47) 0(48) 5(53) -(45) 灏?23591) 浜?20116) 涓?19990) 甯?24093) 瑁?35032) 闄?38518) 鍞?21776) 姘?27663) 绾?32426) .(46) m(109) d(100)
annotationRoot锛?F:\GitHub\NEXUS\src\annotations
articlePathWithoutExt锛?浜嬪唽涔嬭浇/12-鐤忎弧绾?06-闄跺攼鏈濅唬/01-闄跺攼姘?05-灏т簲涓栧笣瑁橀櫠鍞愭皬绾?eventsPath锛?F:\GitHub\NEXUS\src\annotations\浜嬪唽涔嬭浇\12-鐤忎弧绾猏06-闄跺攼鏈濅唬\01-闄跺攼姘廫05-灏т簲涓栧笣瑁橀櫠鍞愭皬绾?events.md
relationsPath锛?F:\GitHub\NEXUS\src\annotations\浜嬪唽涔嬭浇\12-鐤忎弧绾猏06-闄跺攼鏈濅唬\01-闄跺攼姘廫05-灏т簲涓栧笣瑁橀櫠鍞愭皬绾?relations.md
eventsPath 瀛樺湪锛?false
relationsPath 瀛樺湪锛?false
鍔犺浇鐨勬爣娉ㄦ枃浠舵暟閲忥細 0
鍔犺浇鐨勬爣娉ㄦ枃浠讹細 []
浼犻€掔粰鍓嶇鐨勬爣娉ㄦ暟鎹細 { files: [] }
 [2m(+3ms)[22m
[2m10:07:04[22m   [34m鈹溾攢[39m [2m/婕旇繘杞ㄨ抗/06-灏у叚涓栧笣瀵嗛櫠鍞愭皬绾?index.html[22m========== 鏍囨敞鏂囦欢鍔犺浇璋冭瘯 ==========
article.id 鍘熷鍊硷細 浜嬪唽涔嬭浇/12-鐤忎弧绾?06-闄跺攼鏈濅唬/01-闄跺攼姘?06-灏у叚涓栧笣瀵嗛櫠鍞愭皬绾?md
article.id 绫诲瀷锛?string
article.id 闀垮害锛?42
article.id 瀛楃浠ｇ爜锛?浜?20107) 鍐?20876) 涔?20043) 杞?36733) /(47) 1(49) 2(50) -(45) 鐤?30095) 浠?20193) 绾?32426) /(47) 0(48) 6(54) -(45) 闄?38518) 鍞?21776) 鏈?26397) 浠?20195) /(47) 0(48) 1(49) -(45) 闄?38518) 鍞?21776) 姘?27663) /(47) 0(48) 6(54) -(45) 灏?23591) 鍏?20845) 涓?19990) 甯?24093) 瀵?23494) 闄?38518) 鍞?21776) 姘?27663) 绾?32426) .(46) m(109) d(100)
annotationRoot锛?F:\GitHub\NEXUS\src\annotations
articlePathWithoutExt锛?浜嬪唽涔嬭浇/12-鐤忎弧绾?06-闄跺攼鏈濅唬/01-闄跺攼姘?06-灏у叚涓栧笣瀵嗛櫠鍞愭皬绾?eventsPath锛?F:\GitHub\NEXUS\src\annotations\浜嬪唽涔嬭浇\12-鐤忎弧绾猏06-闄跺攼鏈濅唬\01-闄跺攼姘廫06-灏у叚涓栧笣瀵嗛櫠鍞愭皬绾?events.md
relationsPath锛?F:\GitHub\NEXUS\src\annotations\浜嬪唽涔嬭浇\12-鐤忎弧绾猏06-闄跺攼鏈濅唬\01-闄跺攼姘廫06-灏у叚涓栧笣瀵嗛櫠鍞愭皬绾?relations.md
eventsPath 瀛樺湪锛?false
relationsPath 瀛樺湪锛?false
鍔犺浇鐨勬爣娉ㄦ枃浠舵暟閲忥細 0
鍔犺浇鐨勬爣娉ㄦ枃浠讹細 []
浼犻€掔粰鍓嶇鐨勬爣娉ㄦ暟鎹細 { files: [] }
 [2m(+4ms)[22m
[2m10:07:04[22m   [34m鈹溾攢[39m [2m/婕旇繘杞ㄨ抗/01-鍠句竴涓栧笣鍠剧編楂樿緵姘忕邯/index.html[22m========== 鏍囨敞鏂囦欢鍔犺浇璋冭瘯 ==========
article.id 鍘熷鍊硷細 浜嬪唽涔嬭浇/12-鐤忎弧绾?04-楂樿緵鏈濅唬/01-楂樿緵姘?01-鍠句竴涓栧笣鍠剧編楂樿緵姘忕邯.md
article.id 绫诲瀷锛?string
article.id 闀垮害锛?43
article.id 瀛楃浠ｇ爜锛?浜?20107) 鍐?20876) 涔?20043) 杞?36733) /(47) 1(49) 2(50) -(45) 鐤?30095) 浠?20193) 绾?32426) /(47) 0(48) 4(52) -(45) 楂?39640) 杈?36763) 鏈?26397) 浠?20195) /(47) 0(48) 1(49) -(45) 楂?39640) 杈?36763) 姘?27663) /(47) 0(48) 1(49) -(45) 鍠?21950) 涓€(19968) 涓?19990) 甯?24093) 鍠?21950) 缇?32654) 楂?39640) 杈?36763) 姘?27663) 绾?32426) .(46) m(109) d(100)
annotationRoot锛?F:\GitHub\NEXUS\src\annotations
articlePathWithoutExt锛?浜嬪唽涔嬭浇/12-鐤忎弧绾?04-楂樿緵鏈濅唬/01-楂樿緵姘?01-鍠句竴涓栧笣鍠剧編楂樿緵姘忕邯
eventsPath锛?F:\GitHub\NEXUS\src\annotations\浜嬪唽涔嬭浇\12-鐤忎弧绾猏04-楂樿緵.events.json01-楂樿緵姘廫01-鍠句竴涓栧笣鍠剧編楂樿緵姘忕邯.events.md
relationsPath锛?F:\GitHub\NEXUS\src\annotations\浜嬪唽涔嬭浇\12-鐤忎弧绾猏04-楂樿緵.relations.json楂樿緵姘廫01-鍠句竴涓栧笣鍠剧編楂樿緵姘忕邯.relations.md
eventsPath 瀛樺湪锛?false
relationsPath 瀛樺湪锛?false
鍔犺浇鐨勬爣娉ㄦ枃浠舵暟閲忥細 0
鍔犺浇鐨勬爣娉ㄦ枃浠讹細 []
浼犻€掔粰鍓嶇鐨勬爣娉ㄦ暟鎹細 { files: [] }
 [2m(+4ms)[22m
[2m10:07:04[22m   [34m鈹溾攢[39m [2m/婕旇繘杞ㄨ抗/02-鍠句簩涓栧笣娌欒姍楂樿緵姘忕邯/index.html[22m========== 鏍囨敞鏂囦欢鍔犺浇璋冭瘯 ==========
article.id 鍘熷鍊硷細 浜嬪唽涔嬭浇/12-鐤忎弧绾?04-楂樿緵鏈濅唬/01-楂樿緵姘?02-鍠句簩涓栧笣娌欒姍楂樿緵姘忕邯.md
article.id 绫诲瀷锛?string
article.id 闀垮害锛?43
article.id 瀛楃浠ｇ爜锛?浜?20107) 鍐?20876) 涔?20043) 杞?36733) /(47) 1(49) 2(50) -(45) 鐤?30095) 浠?20193) 绾?32426) /(47) 0(48) 4(52) -(45) 楂?39640) 杈?36763) 鏈?26397) 浠?20195) /(47) 0(48) 1(49) -(45) 楂?39640) 杈?36763) 姘?27663) /(47) 0(48) 2(50) -(45) 鍠?21950) 浜?20108) 涓?19990) 甯?24093) 娌?27801) 鑺?33433) 楂?39640) 杈?36763) 姘?27663) 绾?32426) .(46) m(109) d(100)
annotationRoot锛?F:\GitHub\NEXUS\src\annotations
articlePathWithoutExt锛?浜嬪唽涔嬭浇/12-鐤忎弧绾?04-楂樿緵鏈濅唬/01-楂樿緵姘?02-鍠句簩涓栧笣娌欒姍楂樿緵姘忕邯
eventsPath锛?F:\GitHub\NEXUS\src\annotations\浜嬪唽涔嬭浇\12-鐤忎弧绾猏04-楂樿緵.events.json01-楂樿緵姘廫02-鍠句簩涓栧笣娌欒姍楂樿緵姘忕邯.events.md
relationsPath锛?F:\GitHub\NEXUS\src\annotations\浜嬪唽涔嬭浇\12-鐤忎弧绾猏04-楂樿緵.relations.json楂樿緵姘廫02-鍠句簩涓栧笣娌欒姍楂樿緵姘忕邯.relations.md
eventsPath 瀛樺湪锛?false
relationsPath 瀛樺湪锛?false
鍔犺浇鐨勬爣娉ㄦ枃浠舵暟閲忥細 0
鍔犺浇鐨勬爣娉ㄦ枃浠讹細 []
浼犻€掔粰鍓嶇鐨勬爣娉ㄦ暟鎹細 { files: [] }
 [2m(+4ms)[22m
[2m10:07:04[22m   [34m鈹溾攢[39m [2m/婕旇繘杞ㄨ抗/03-鍠句笁涓栧笣鍒氭瓕楂樿緵姘忕邯/index.html[22m========== 鏍囨敞鏂囦欢鍔犺浇璋冭瘯 ==========
article.id 鍘熷鍊硷細 浜嬪唽涔嬭浇/12-鐤忎弧绾?04-楂樿緵鏈濅唬/01-楂樿緵姘?03-鍠句笁涓栧笣鍒氭瓕楂樿緵姘忕邯.md
article.id 绫诲瀷锛?string
article.id 闀垮害锛?43
article.id 瀛楃浠ｇ爜锛?浜?20107) 鍐?20876) 涔?20043) 杞?36733) /(47) 1(49) 2(50) -(45) 鐤?30095) 浠?20193) 绾?32426) /(47) 0(48) 4(52) -(45) 楂?39640) 杈?36763) 鏈?26397) 浠?20195) /(47) 0(48) 1(49) -(45) 楂?39640) 杈?36763) 姘?27663) /(47) 0(48) 3(51) -(45) 鍠?21950) 涓?19977) 涓?19990) 甯?24093) 鍒?21018) 姝?27468) 楂?39640) 杈?36763) 姘?27663) 绾?32426) .(46) m(109) d(100)
annotationRoot锛?F:\GitHub\NEXUS\src\annotations
articlePathWithoutExt锛?浜嬪唽涔嬭浇/12-鐤忎弧绾?04-楂樿緵鏈濅唬/01-楂樿緵姘?03-鍠句笁涓栧笣鍒氭瓕楂樿緵姘忕邯
eventsPath锛?F:\GitHub\NEXUS\src\annotations\浜嬪唽涔嬭浇\12-鐤忎弧绾猏04-楂樿緵.events.json01-楂樿緵姘廫03-鍠句笁涓栧笣鍒氭瓕楂樿緵姘忕邯.events.md
relationsPath锛?F:\GitHub\NEXUS\src\annotations\浜嬪唽涔嬭浇\12-鐤忎弧绾猏04-楂樿緵.relations.json楂樿緵姘廫03-鍠句笁涓栧笣鍒氭瓕楂樿緵姘忕邯.relations.md
eventsPath 瀛樺湪锛?false
relationsPath 瀛樺湪锛?false
鍔犺浇鐨勬爣娉ㄦ枃浠舵暟閲忥細 0
鍔犺浇鐨勬爣娉ㄦ枃浠讹細 []
浼犻€掔粰鍓嶇鐨勬爣娉ㄦ暟鎹細 { files: [] }
 [2m(+4ms)[22m
[2m10:07:04[22m   [34m鈹溾攢[39m [2m/婕旇繘杞ㄨ抗/04-鍠惧洓涓栧笣棣欒帿楂樿緵姘忕邯/index.html[22m========== 鏍囨敞鏂囦欢鍔犺浇璋冭瘯 ==========
article.id 鍘熷鍊硷細 浜嬪唽涔嬭浇/12-鐤忎弧绾?04-楂樿緵鏈濅唬/01-楂樿緵姘?04-鍠惧洓涓栧笣棣欒帿楂樿緵姘忕邯.md
article.id 绫诲瀷锛?string
article.id 闀垮害锛?43
article.id 瀛楃浠ｇ爜锛?浜?20107) 鍐?20876) 涔?20043) 杞?36733) /(47) 1(49) 2(50) -(45) 鐤?30095) 浠?20193) 绾?32426) /(47) 0(48) 4(52) -(45) 楂?39640) 杈?36763) 鏈?26397) 浠?20195) /(47) 0(48) 1(49) -(45) 楂?39640) 杈?36763) 姘?27663) /(47) 0(48) 4(52) -(45) 鍠?21950) 鍥?22235) 涓?19990) 甯?24093) 棣?39321) 鑾?33707) 楂?39640) 杈?36763) 姘?27663) 绾?32426) .(46) m(109) d(100)
annotationRoot锛?F:\GitHub\NEXUS\src\annotations
articlePathWithoutExt锛?浜嬪唽涔嬭浇/12-鐤忎弧绾?04-楂樿緵鏈濅唬/01-楂樿緵姘?04-鍠惧洓涓栧笣棣欒帿楂樿緵姘忕邯
eventsPath锛?F:\GitHub\NEXUS\src\annotations\浜嬪唽涔嬭浇\12-鐤忎弧绾猏04-楂樿緵.events.json01-楂樿緵姘廫04-鍠惧洓涓栧笣棣欒帿楂樿緵姘忕邯.events.md
relationsPath锛?F:\GitHub\NEXUS\src\annotations\浜嬪唽涔嬭浇\12-鐤忎弧绾猏04-楂樿緵.relations.json楂樿緵姘廫04-鍠惧洓涓栧笣棣欒帿楂樿緵姘忕邯.relations.md
eventsPath 瀛樺湪锛?false
relationsPath 瀛樺湪锛?false
鍔犺浇鐨勬爣娉ㄦ枃浠舵暟閲忥細 0
鍔犺浇鐨勬爣娉ㄦ枃浠讹細 []
浼犻€掔粰鍓嶇鐨勬爣娉ㄦ暟鎹細 { files: [] }
 [2m(+5ms)[22m
[2m10:07:04[22m   [34m鈹溾攢[39m [2m/婕旇繘杞ㄨ抗/05-鍠句簲涓栧笣闀挎樇楂樿緵姘忕邯/index.html[22m========== 鏍囨敞鏂囦欢鍔犺浇璋冭瘯 ==========
article.id 鍘熷鍊硷細 浜嬪唽涔嬭浇/12-鐤忎弧绾?04-楂樿緵鏈濅唬/01-楂樿緵姘?05-鍠句簲涓栧笣闀挎樇楂樿緵姘忕邯.md
article.id 绫诲瀷锛?string
article.id 闀垮害锛?43
article.id 瀛楃浠ｇ爜锛?浜?20107) 鍐?20876) 涔?20043) 杞?36733) /(47) 1(49) 2(50) -(45) 鐤?30095) 浠?20193) 绾?32426) /(47) 0(48) 4(52) -(45) 楂?39640) 杈?36763) 鏈?26397) 浠?20195) /(47) 0(48) 1(49) -(45) 楂?39640) 杈?36763) 姘?27663) /(47) 0(48) 5(53) -(45) 鍠?21950) 浜?20116) 涓?19990) 甯?24093) 闀?38271) 鏄?26172) 楂?39640) 杈?36763) 姘?27663) 绾?32426) .(46) m(109) d(100)
annotationRoot锛?F:\GitHub\NEXUS\src\annotations
articlePathWithoutExt锛?浜嬪唽涔嬭浇/12-鐤忎弧绾?04-楂樿緵鏈濅唬/01-楂樿緵姘?05-鍠句簲涓栧笣闀挎樇楂樿緵姘忕邯
eventsPath锛?F:\GitHub\NEXUS\src\annotations\浜嬪唽涔嬭浇\12-鐤忎弧绾猏04-楂樿緵.events.json01-楂樿緵姘廫05-鍠句簲涓栧笣闀挎樇楂樿緵姘忕邯.events.md
relationsPath锛?F:\GitHub\NEXUS\src\annotations\浜嬪唽涔嬭浇\12-鐤忎弧绾猏04-楂樿緵.relations.json楂樿緵姘廫05-鍠句簲涓栧笣闀挎樇楂樿緵姘忕邯.relations.md
eventsPath 瀛樺湪锛?false
relationsPath 瀛樺湪锛?false
鍔犺浇鐨勬爣娉ㄦ枃浠舵暟閲忥細 0
鍔犺浇鐨勬爣娉ㄦ枃浠讹細 []
浼犻€掔粰鍓嶇鐨勬爣娉ㄦ暟鎹細 { files: [] }
 [2m(+4ms)[22m
[2m10:07:04[22m   [34m鈹溾攢[39m [2m/婕旇繘杞ㄨ抗/06-鍠惧叚涓栧笣鏁ｉ珮杈涙皬绾?index.html[22m========== 鏍囨敞鏂囦欢鍔犺浇璋冭瘯 ==========
article.id 鍘熷鍊硷細 浜嬪唽涔嬭浇/12-鐤忎弧绾?04-楂樿緵鏈濅唬/01-楂樿緵姘?06-鍠惧叚涓栧笣鏁ｉ珮杈涙皬绾?md
article.id 绫诲瀷锛?string
article.id 闀垮害锛?42
article.id 瀛楃浠ｇ爜锛?浜?20107) 鍐?20876) 涔?20043) 杞?36733) /(47) 1(49) 2(50) -(45) 鐤?30095) 浠?20193) 绾?32426) /(47) 0(48) 4(52) -(45) 楂?39640) 杈?36763) 鏈?26397) 浠?20195) /(47) 0(48) 1(49) -(45) 楂?39640) 杈?36763) 姘?27663) /(47) 0(48) 6(54) -(45) 鍠?21950) 鍏?20845) 涓?19990) 甯?24093) 鏁?25955) 楂?39640) 杈?36763) 姘?27663) 绾?32426) .(46) m(109) d(100)
annotationRoot锛?F:\GitHub\NEXUS\src\annotations
articlePathWithoutExt锛?浜嬪唽涔嬭浇/12-鐤忎弧绾?04-楂樿緵鏈濅唬/01-楂樿緵姘?06-鍠惧叚涓栧笣鏁ｉ珮杈涙皬绾?eventsPath锛?F:\GitHub\NEXUS\src\annotations\浜嬪唽涔嬭浇\12-鐤忎弧绾猏04-楂樿緵鏈濅唬\01-楂樿緵姘廫06-鍠惧叚涓栧笣鏁ｉ珮杈涙皬绾?events.md
relationsPath锛?F:\GitHub\NEXUS\src\annotations\浜嬪唽涔嬭浇\12-鐤忎弧绾猏04-楂樿緵鏈濅唬\01-楂樿緵姘廫06-鍠惧叚涓栧笣鏁ｉ珮杈涙皬绾?relations.md
eventsPath 瀛樺湪锛?false
relationsPath 瀛樺湪锛?false
鍔犺浇鐨勬爣娉ㄦ枃浠舵暟閲忥細 0
鍔犺浇鐨勬爣娉ㄦ枃浠讹細 []
浼犻€掔粰鍓嶇鐨勬爣娉ㄦ暟鎹細 { files: [] }
 [2m(+5ms)[22m
[2m10:07:04[22m   [34m鈹溾攢[39m [2m/婕旇繘杞ㄨ抗/07-鍠句竷涓栧笣鍗冮緳楂樿緵姘忕邯/index.html[22m========== 鏍囨敞鏂囦欢鍔犺浇璋冭瘯 ==========
article.id 鍘熷鍊硷細 浜嬪唽涔嬭浇/12-鐤忎弧绾?04-楂樿緵鏈濅唬/01-楂樿緵姘?07-鍠句竷涓栧笣鍗冮緳楂樿緵姘忕邯.md
article.id 绫诲瀷锛?string
article.id 闀垮害锛?43
article.id 瀛楃浠ｇ爜锛?浜?20107) 鍐?20876) 涔?20043) 杞?36733) /(47) 1(49) 2(50) -(45) 鐤?30095) 浠?20193) 绾?32426) /(47) 0(48) 4(52) -(45) 楂?39640) 杈?36763) 鏈?26397) 浠?20195) /(47) 0(48) 1(49) -(45) 楂?39640) 杈?36763) 姘?27663) /(47) 0(48) 7(55) -(45) 鍠?21950) 涓?19971) 涓?19990) 甯?24093) 鍗?21315) 榫?40857) 楂?39640) 杈?36763) 姘?27663) 绾?32426) .(46) m(109) d(100)
annotationRoot锛?F:\GitHub\NEXUS\src\annotations
articlePathWithoutExt锛?浜嬪唽涔嬭浇/12-鐤忎弧绾?04-楂樿緵鏈濅唬/01-楂樿緵姘?07-鍠句竷涓栧笣鍗冮緳楂樿緵姘忕邯
eventsPath锛?F:\GitHub\NEXUS\src\annotations\浜嬪唽涔嬭浇\12-鐤忎弧绾猏04-楂樿緵.events.json01-楂樿緵姘廫07-鍠句竷涓栧笣鍗冮緳楂樿緵姘忕邯.events.md
relationsPath锛?F:\GitHub\NEXUS\src\annotations\浜嬪唽涔嬭浇\12-鐤忎弧绾猏04-楂樿緵.relations.json楂樿緵姘廫07-鍠句竷涓栧笣鍗冮緳楂樿緵姘忕邯.relations.md
eventsPath 瀛樺湪锛?false
relationsPath 瀛樺湪锛?false
鍔犺浇鐨勬爣娉ㄦ枃浠舵暟閲忥細 0
鍔犺浇鐨勬爣娉ㄦ枃浠讹細 []
浼犻€掔粰鍓嶇鐨勬爣娉ㄦ暟鎹細 { files: [] }
 [2m(+5ms)[22m
[2m10:07:04[22m   [34m鈹溾攢[39m [2m/婕旇繘杞ㄨ抗/08-鍠惧叓涓栧笣妗戠敇楂樿緵姘忕邯/index.html[22m========== 鏍囨敞鏂囦欢鍔犺浇璋冭瘯 ==========
article.id 鍘熷鍊硷細 浜嬪唽涔嬭浇/12-鐤忎弧绾?04-楂樿緵鏈濅唬/01-楂樿緵姘?08-鍠惧叓涓栧笣妗戠敇楂樿緵姘忕邯.md
article.id 绫诲瀷锛?string
article.id 闀垮害锛?43
article.id 瀛楃浠ｇ爜锛?浜?20107) 鍐?20876) 涔?20043) 杞?36733) /(47) 1(49) 2(50) -(45) 鐤?30095) 浠?20193) 绾?32426) /(47) 0(48) 4(52) -(45) 楂?39640) 杈?36763) 鏈?26397) 浠?20195) /(47) 0(48) 1(49) -(45) 楂?39640) 杈?36763) 姘?27663) /(47) 0(48) 8(56) -(45) 鍠?21950) 鍏?20843) 涓?19990) 甯?24093) 妗?26705) 鐢?29976) 楂?39640) 杈?36763) 姘?27663) 绾?32426) .(46) m(109) d(100)
annotationRoot锛?F:\GitHub\NEXUS\src\annotations
articlePathWithoutExt锛?浜嬪唽涔嬭浇/12-鐤忎弧绾?04-楂樿緵鏈濅唬/01-楂樿緵姘?08-鍠惧叓涓栧笣妗戠敇楂樿緵姘忕邯
eventsPath锛?F:\GitHub\NEXUS\src\annotations\浜嬪唽涔嬭浇\12-鐤忎弧绾猏04-楂樿緵.events.json01-楂樿緵姘廫08-鍠惧叓涓栧笣妗戠敇楂樿緵姘忕邯.events.md
relationsPath锛?F:\GitHub\NEXUS\src\annotations\浜嬪唽涔嬭浇\12-鐤忎弧绾猏04-楂樿緵.relations.json楂樿緵姘廫08-鍠惧叓涓栧笣妗戠敇楂樿緵姘忕邯.relations.md
eventsPath 瀛樺湪锛?false
relationsPath 瀛樺湪锛?false
鍔犺浇鐨勬爣娉ㄦ枃浠舵暟閲忥細 0
鍔犺浇鐨勬爣娉ㄦ枃浠讹細 []
浼犻€掔粰鍓嶇鐨勬爣娉ㄦ暟鎹細 { files: [] }
 [2m(+5ms)[22m
[2m10:07:04[22m   [34m鈹溾攢[39m [2m/婕旇繘杞ㄨ抗/09-鍠句節涓栧笣娌￠珮杈涙皬绾?index.html[22m========== 鏍囨敞鏂囦欢鍔犺浇璋冭瘯 ==========
article.id 鍘熷鍊硷細 浜嬪唽涔嬭浇/12-鐤忎弧绾?04-楂樿緵鏈濅唬/01-楂樿緵姘?09-鍠句節涓栧笣娌￠珮杈涙皬绾?md
article.id 绫诲瀷锛?string
article.id 闀垮害锛?42
article.id 瀛楃浠ｇ爜锛?浜?20107) 鍐?20876) 涔?20043) 杞?36733) /(47) 1(49) 2(50) -(45) 鐤?30095) 浠?20193) 绾?32426) /(47) 0(48) 4(52) -(45) 楂?39640) 杈?36763) 鏈?26397) 浠?20195) /(47) 0(48) 1(49) -(45) 楂?39640) 杈?36763) 姘?27663) /(47) 0(48) 9(57) -(45) 鍠?21950) 涔?20061) 涓?19990) 甯?24093) 娌?27809) 楂?39640) 杈?36763) 姘?27663) 绾?32426) .(46) m(109) d(100)
annotationRoot锛?F:\GitHub\NEXUS\src\annotations
articlePathWithoutExt锛?浜嬪唽涔嬭浇/12-鐤忎弧绾?04-楂樿緵鏈濅唬/01-楂樿緵姘?09-鍠句節涓栧笣娌￠珮杈涙皬绾?eventsPath锛?F:\GitHub\NEXUS\src\annotations\浜嬪唽涔嬭浇\12-鐤忎弧绾猏04-楂樿緵鏈濅唬\01-楂樿緵姘廫09-鍠句節涓栧笣娌￠珮杈涙皬绾?events.md
relationsPath锛?F:\GitHub\NEXUS\src\annotations\浜嬪唽涔嬭浇\12-鐤忎弧绾猏04-楂樿緵鏈濅唬\01-楂樿緵姘廫09-鍠句節涓栧笣娌￠珮杈涙皬绾?relations.md
eventsPath 瀛樺湪锛?false
relationsPath 瀛樺湪锛?false
鍔犺浇鐨勬爣娉ㄦ枃浠舵暟閲忥細 0
鍔犺浇鐨勬爣娉ㄦ枃浠讹細 []
浼犻€掔粰鍓嶇鐨勬爣娉ㄦ暟鎹細 { files: [] }
 [2m(+5ms)[22m
[2m10:07:04[22m   [34m鈹溾攢[39m [2m/婕旇繘杞ㄨ抗/10-鍠惧崄涓栧笣鏉滈噷楂樿緵姘忕邯/index.html[22m========== 鏍囨敞鏂囦欢鍔犺浇璋冭瘯 ==========
article.id 鍘熷鍊硷細 浜嬪唽涔嬭浇/12-鐤忎弧绾?04-楂樿緵鏈濅唬/01-楂樿緵姘?10-鍠惧崄涓栧笣鏉滈噷楂樿緵姘忕邯.md
article.id 绫诲瀷锛?string
article.id 闀垮害锛?43
article.id 瀛楃浠ｇ爜锛?浜?20107) 鍐?20876) 涔?20043) 杞?36733) /(47) 1(49) 2(50) -(45) 鐤?30095) 浠?20193) 绾?32426) /(47) 0(48) 4(52) -(45) 楂?39640) 杈?36763) 鏈?26397) 浠?20195) /(47) 0(48) 1(49) -(45) 楂?39640) 杈?36763) 姘?27663) /(47) 1(49) 0(48) -(45) 鍠?21950) 鍗?21313) 涓?19990) 甯?24093) 鏉?26460) 閲?37324) 楂?39640) 杈?36763) 姘?27663) 绾?32426) .(46) m(109) d(100)
annotationRoot锛?F:\GitHub\NEXUS\src\annotations
articlePathWithoutExt锛?浜嬪唽涔嬭浇/12-鐤忎弧绾?04-楂樿緵鏈濅唬/01-楂樿緵姘?10-鍠惧崄涓栧笣鏉滈噷楂樿緵姘忕邯
eventsPath锛?F:\GitHub\NEXUS\src\annotations\浜嬪唽涔嬭浇\12-鐤忎弧绾猏04-楂樿緵.events.json01-楂樿緵姘廫10-鍠惧崄涓栧笣鏉滈噷楂樿緵姘忕邯.events.md
relationsPath锛?F:\GitHub\NEXUS\src\annotations\浜嬪唽涔嬭浇\12-鐤忎弧绾猏04-楂樿緵.relations.json楂樿緵姘廫10-鍠惧崄涓栧笣鏉滈噷楂樿緵姘忕邯.relations.md
eventsPath 瀛樺湪锛?false
relationsPath 瀛樺湪锛?false
鍔犺浇鐨勬爣娉ㄦ枃浠舵暟閲忥細 0
鍔犺浇鐨勬爣娉ㄦ枃浠讹細 []
浼犻€掔粰鍓嶇鐨勬爣娉ㄦ暟鎹細 { files: [] }
 [2m(+4ms)[22m
[2m10:07:04[22m   [34m鈹溾攢[39m [2m/婕旇繘杞ㄨ抗/11-鍠惧崄涓€涓栧笣鐗￠珮杈涙皬绾?index.html[22m========== 鏍囨敞鏂囦欢鍔犺浇璋冭瘯 ==========
article.id 鍘熷鍊硷細 浜嬪唽涔嬭浇/12-鐤忎弧绾?04-楂樿緵鏈濅唬/01-楂樿緵姘?11-鍠惧崄涓€涓栧笣鐗￠珮杈涙皬绾?md
article.id 绫诲瀷锛?string
article.id 闀垮害锛?43
article.id 瀛楃浠ｇ爜锛?浜?20107) 鍐?20876) 涔?20043) 杞?36733) /(47) 1(49) 2(50) -(45) 鐤?30095) 浠?20193) 绾?32426) /(47) 0(48) 4(52) -(45) 楂?39640) 杈?36763) 鏈?26397) 浠?20195) /(47) 0(48) 1(49) -(45) 楂?39640) 杈?36763) 姘?27663) /(47) 1(49) 1(49) -(45) 鍠?21950) 鍗?21313) 涓€(19968) 涓?19990) 甯?24093) 鐗?29281) 楂?39640) 杈?36763) 姘?27663) 绾?32426) .(46) m(109) d(100)
annotationRoot锛?F:\GitHub\NEXUS\src\annotations
articlePathWithoutExt锛?浜嬪唽涔嬭浇/12-鐤忎弧绾?04-楂樿緵鏈濅唬/01-楂樿緵姘?11-鍠惧崄涓€涓栧笣鐗￠珮杈涙皬绾?eventsPath锛?F:\GitHub\NEXUS\src\annotations\浜嬪唽涔嬭浇\12-鐤忎弧绾猏04-楂樿緵鏈濅唬\01-楂樿緵姘廫11-鍠惧崄涓€涓栧笣鐗￠珮杈涙皬绾?events.md
relationsPath锛?F:\GitHub\NEXUS\src\annotations\浜嬪唽涔嬭浇\12-鐤忎弧绾猏04-楂樿緵鏈濅唬\01-楂樿緵姘廫11-鍠惧崄涓€涓栧笣鐗￠珮杈涙皬绾?relations.md
eventsPath 瀛樺湪锛?false
relationsPath 瀛樺湪锛?false
鍔犺浇鐨勬爣娉ㄦ枃浠舵暟閲忥細 0
鍔犺浇鐨勬爣娉ㄦ枃浠讹細 []
浼犻€掔粰鍓嶇鐨勬爣娉ㄦ暟鎹細 { files: [] }
 [2m(+3ms)[22m
[2m10:07:04[22m   [34m鈹溾攢[39m [2m/婕旇繘杞ㄨ抗/12-鍠惧崄浜屼笘甯濆鍏堥珮杈涙皬绾?index.html[22m========== 鏍囨敞鏂囦欢鍔犺浇璋冭瘯 ==========
article.id 鍘熷鍊硷細 浜嬪唽涔嬭浇/12-鐤忎弧绾?04-楂樿緵鏈濅唬/01-楂樿緵姘?12-鍠惧崄浜屼笘甯濆鍏堥珮杈涙皬绾?md
article.id 绫诲瀷锛?string
article.id 闀垮害锛?44
article.id 瀛楃浠ｇ爜锛?浜?20107) 鍐?20876) 涔?20043) 杞?36733) /(47) 1(49) 2(50) -(45) 鐤?30095) 浠?20193) 绾?32426) /(47) 0(48) 4(52) -(45) 楂?39640) 杈?36763) 鏈?26397) 浠?20195) /(47) 0(48) 1(49) -(45) 楂?39640) 杈?36763) 姘?27663) /(47) 1(49) 2(50) -(45) 鍠?21950) 鍗?21313) 浜?20108) 涓?19990) 甯?24093) 濮?22999) 鍏?20808) 楂?39640) 杈?36763) 姘?27663) 绾?32426) .(46) m(109) d(100)
annotationRoot锛?F:\GitHub\NEXUS\src\annotations
articlePathWithoutExt锛?浜嬪唽涔嬭浇/12-鐤忎弧绾?04-楂樿緵鏈濅唬/01-楂樿緵姘?12-鍠惧崄浜屼笘甯濆鍏堥珮杈涙皬绾?eventsPath锛?F:\GitHub\NEXUS\src\annotations\浜嬪唽涔嬭浇\12-鐤忎弧绾猏04-楂樿緵鏈濅唬\01-楂樿緵姘廫12-鍠惧崄浜屼笘甯濆鍏堥珮杈涙皬绾?events.md
relationsPath锛?F:\GitHub\NEXUS\src\annotations\浜嬪唽涔嬭浇\12-鐤忎弧绾猏04-楂樿緵鏈濅唬\01-楂樿緵姘廫12-鍠惧崄浜屼笘甯濆鍏堥珮杈涙皬绾?relations.md
eventsPath 瀛樺湪锛?false
relationsPath 瀛樺湪锛?false
鍔犺浇鐨勬爣娉ㄦ枃浠舵暟閲忥細 0
鍔犺浇鐨勬爣娉ㄦ枃浠讹細 []
浼犻€掔粰鍓嶇鐨勬爣娉ㄦ暟鎹細 { files: [] }
 [2m(+3ms)[22m
[2m10:07:04[22m   [34m鈹溾攢[39m [2m/婕旇繘杞ㄨ抗/13-鍠惧崄涓変笘甯濇．娴搁珮杈涙皬绾?index.html[22m========== 鏍囨敞鏂囦欢鍔犺浇璋冭瘯 ==========
article.id 鍘熷鍊硷細 浜嬪唽涔嬭浇/12-鐤忎弧绾?04-楂樿緵鏈濅唬/01-楂樿緵姘?13-鍠惧崄涓変笘甯濇．娴搁珮杈涙皬绾?md
article.id 绫诲瀷锛?string
article.id 闀垮害锛?44
article.id 瀛楃浠ｇ爜锛?浜?20107) 鍐?20876) 涔?20043) 杞?36733) /(47) 1(49) 2(50) -(45) 鐤?30095) 浠?20193) 绾?32426) /(47) 0(48) 4(52) -(45) 楂?39640) 杈?36763) 鏈?26397) 浠?20195) /(47) 0(48) 1(49) -(45) 楂?39640) 杈?36763) 姘?27663) /(47) 1(49) 3(51) -(45) 鍠?21950) 鍗?21313) 涓?19977) 涓?19990) 甯?24093) 妫?26862) 娴?28024) 楂?39640) 杈?36763) 姘?27663) 绾?32426) .(46) m(109) d(100)
annotationRoot锛?F:\GitHub\NEXUS\src\annotations
articlePathWithoutExt锛?浜嬪唽涔嬭浇/12-鐤忎弧绾?04-楂樿緵鏈濅唬/01-楂樿緵姘?13-鍠惧崄涓変笘甯濇．娴搁珮杈涙皬绾?eventsPath锛?F:\GitHub\NEXUS\src\annotations\浜嬪唽涔嬭浇\12-鐤忎弧绾猏04-楂樿緵鏈濅唬\01-楂樿緵姘廫13-鍠惧崄涓変笘甯濇．娴搁珮杈涙皬绾?events.md
relationsPath锛?F:\GitHub\NEXUS\src\annotations\浜嬪唽涔嬭浇\12-鐤忎弧绾猏04-楂樿緵鏈濅唬\01-楂樿緵姘廫13-鍠惧崄涓変笘甯濇．娴搁珮杈涙皬绾?relations.md
eventsPath 瀛樺湪锛?false
relationsPath 瀛樺湪锛?false
鍔犺浇鐨勬爣娉ㄦ枃浠舵暟閲忥細 0
鍔犺浇鐨勬爣娉ㄦ枃浠讹細 []
浼犻€掔粰鍓嶇鐨勬爣娉ㄦ暟鎹細 { files: [] }
 [2m(+4ms)[22m
[2m10:07:04[22m   [34m鈹溾攢[39m [2m/婕旇繘杞ㄨ抗/14-鍠惧崄鍥涗笘甯濊埃楂樿緵姘忕邯/index.html[22m========== 鏍囨敞鏂囦欢鍔犺浇璋冭瘯 ==========
article.id 鍘熷鍊硷細 浜嬪唽涔嬭浇/12-鐤忎弧绾?04-楂樿緵鏈濅唬/01-楂樿緵姘?14-鍠惧崄鍥涗笘甯濊埃楂樿緵姘忕邯.md
article.id 绫诲瀷锛?string
article.id 闀垮害锛?43
article.id 瀛楃浠ｇ爜锛?浜?20107) 鍐?20876) 涔?20043) 杞?36733) /(47) 1(49) 2(50) -(45) 鐤?30095) 浠?20193) 绾?32426) /(47) 0(48) 4(52) -(45) 楂?39640) 杈?36763) 鏈?26397) 浠?20195) /(47) 0(48) 1(49) -(45) 楂?39640) 杈?36763) 姘?27663) /(47) 1(49) 4(52) -(45) 鍠?21950) 鍗?21313) 鍥?22235) 涓?19990) 甯?24093) 璋?35875) 楂?39640) 杈?36763) 姘?27663) 绾?32426) .(46) m(109) d(100)
annotationRoot锛?F:\GitHub\NEXUS\src\annotations
articlePathWithoutExt锛?浜嬪唽涔嬭浇/12-鐤忎弧绾?04-楂樿緵鏈濅唬/01-楂樿緵姘?14-鍠惧崄鍥涗笘甯濊埃楂樿緵姘忕邯
eventsPath锛?F:\GitHub\NEXUS\src\annotations\浜嬪唽涔嬭浇\12-鐤忎弧绾猏04-楂樿緵.events.json01-楂樿緵姘廫14-鍠惧崄鍥涗笘甯濊埃楂樿緵姘忕邯.events.md
relationsPath锛?F:\GitHub\NEXUS\src\annotations\浜嬪唽涔嬭浇\12-鐤忎弧绾猏04-楂樿緵.relations.json楂樿緵姘廫14-鍠惧崄鍥涗笘甯濊埃楂樿緵姘忕邯.relations.md
eventsPath 瀛樺湪锛?false
relationsPath 瀛樺湪锛?false
鍔犺浇鐨勬爣娉ㄦ枃浠舵暟閲忥細 0
鍔犺浇鐨勬爣娉ㄦ枃浠讹細 []
浼犻€掔粰鍓嶇鐨勬爣娉ㄦ暟鎹細 { files: [] }
 [2m(+3ms)[22m
[2m10:07:04[22m   [34m鈹溾攢[39m [2m/婕旇繘杞ㄨ抗/15-鍠惧崄浜斾笘甯濅翰涔夐珮杈涙皬绾?index.html[22m========== 鏍囨敞鏂囦欢鍔犺浇璋冭瘯 ==========
article.id 鍘熷鍊硷細 浜嬪唽涔嬭浇/12-鐤忎弧绾?04-楂樿緵鏈濅唬/01-楂樿緵姘?15-鍠惧崄浜斾笘甯濅翰涔夐珮杈涙皬绾?md
article.id 绫诲瀷锛?string
article.id 闀垮害锛?44
article.id 瀛楃浠ｇ爜锛?浜?20107) 鍐?20876) 涔?20043) 杞?36733) /(47) 1(49) 2(50) -(45) 鐤?30095) 浠?20193) 绾?32426) /(47) 0(48) 4(52) -(45) 楂?39640) 杈?36763) 鏈?26397) 浠?20195) /(47) 0(48) 1(49) -(45) 楂?39640) 杈?36763) 姘?27663) /(47) 1(49) 5(53) -(45) 鍠?21950) 鍗?21313) 浜?20116) 涓?19990) 甯?24093) 浜?20146) 涔?20041) 楂?39640) 杈?36763) 姘?27663) 绾?32426) .(46) m(109) d(100)
annotationRoot锛?F:\GitHub\NEXUS\src\annotations
articlePathWithoutExt锛?浜嬪唽涔嬭浇/12-鐤忎弧绾?04-楂樿緵鏈濅唬/01-楂樿緵姘?15-鍠惧崄浜斾笘甯濅翰涔夐珮杈涙皬绾?eventsPath锛?F:\GitHub\NEXUS\src\annotations\浜嬪唽涔嬭浇\12-鐤忎弧绾猏04-楂樿緵鏈濅唬\01-楂樿緵姘廫15-鍠惧崄浜斾笘甯濅翰涔夐珮杈涙皬绾?events.md
relationsPath锛?F:\GitHub\NEXUS\src\annotations\浜嬪唽涔嬭浇\12-鐤忎弧绾猏04-楂樿緵鏈濅唬\01-楂樿緵姘廫15-鍠惧崄浜斾笘甯濅翰涔夐珮杈涙皬绾?relations.md
eventsPath 瀛樺湪锛?false
relationsPath 瀛樺湪锛?false
鍔犺浇鐨勬爣娉ㄦ枃浠舵暟閲忥細 0
鍔犺浇鐨勬爣娉ㄦ枃浠讹細 []
浼犻€掔粰鍓嶇鐨勬爣娉ㄦ暟鎹細 { files: [] }
 [2m(+3ms)[22m
[2m10:07:04[22m   [34m鈹溾攢[39m [2m/婕旇繘杞ㄨ抗/16-鍠惧崄鍏皬甯濇柦楂樿緵姘忕邯/index.html[22m========== 鏍囨敞鏂囦欢鍔犺浇璋冭瘯 ==========
article.id 鍘熷鍊硷細 浜嬪唽涔嬭浇/12-鐤忎弧绾?04-楂樿緵鏈濅唬/01-楂樿緵姘?16-鍠惧崄鍏皬甯濇柦楂樿緵姘忕邯.md
article.id 绫诲瀷锛?string
article.id 闀垮害锛?43
article.id 瀛楃浠ｇ爜锛?浜?20107) 鍐?20876) 涔?20043) 杞?36733) /(47) 1(49) 2(50) -(45) 鐤?30095) 浠?20193) 绾?32426) /(47) 0(48) 4(52) -(45) 楂?39640) 杈?36763) 鏈?26397) 浠?20195) /(47) 0(48) 1(49) -(45) 楂?39640) 杈?36763) 姘?27663) /(47) 1(49) 6(54) -(45) 鍠?21950) 鍗?21313) 鍏?20845) 姘?27663) 甯?24093) 鏂?26045) 楂?39640) 杈?36763) 姘?27663) 绾?32426) .(46) m(109) d(100)
annotationRoot锛?F:\GitHub\NEXUS\src\annotations
articlePathWithoutExt锛?浜嬪唽涔嬭浇/12-鐤忎弧绾?04-楂樿緵鏈濅唬/01-楂樿緵姘?16-鍠惧崄鍏皬甯濇柦楂樿緵姘忕邯
eventsPath锛?F:\GitHub\NEXUS\src\annotations\浜嬪唽涔嬭浇\12-鐤忎弧绾猏04-楂樿緵.events.json01-楂樿緵姘廫16-鍠惧崄鍏皬甯濇柦楂樿緵姘忕邯.events.md
relationsPath锛?F:\GitHub\NEXUS\src\annotations\浜嬪唽涔嬭浇\12-鐤忎弧绾猏04-楂樿緵.relations.json楂樿緵姘廫16-鍠惧崄鍏皬甯濇柦楂樿緵姘忕邯.relations.md
eventsPath 瀛樺湪锛?false
relationsPath 瀛樺湪锛?false
鍔犺浇鐨勬爣娉ㄦ枃浠舵暟閲忥細 0
鍔犺浇鐨勬爣娉ㄦ枃浠讹細 []
浼犻€掔粰鍓嶇鐨勬爣娉ㄦ暟鎹細 { files: [] }
 [2m(+4ms)[22m
[2m10:07:04[22m   [34m鈹溾攢[39m [2m/婕旇繘杞ㄨ抗/17-鍠惧崄涓冧笘甯濇．杈堥珮杈涙皬绾?index.html[22m========== 鏍囨敞鏂囦欢鍔犺浇璋冭瘯 ==========
article.id 鍘熷鍊硷細 浜嬪唽涔嬭浇/12-鐤忎弧绾?04-楂樿緵鏈濅唬/01-楂樿緵姘?17-鍠惧崄涓冧笘甯濇．杈堥珮杈涙皬绾?md
article.id 绫诲瀷锛?string
article.id 闀垮害锛?44
article.id 瀛楃浠ｇ爜锛?浜?20107) 鍐?20876) 涔?20043) 杞?36733) /(47) 1(49) 2(50) -(45) 鐤?30095) 浠?20193) 绾?32426) /(47) 0(48) 4(52) -(45) 楂?39640) 杈?36763) 鏈?26397) 浠?20195) /(47) 0(48) 1(49) -(45) 楂?39640) 杈?36763) 姘?27663) /(47) 1(49) 7(55) -(45) 鍠?21950) 鍗?21313) 涓?19971) 涓?19990) 甯?24093) 妫?26862) 杈?36744) 楂?39640) 杈?36763) 姘?27663) 绾?32426) .(46) m(109) d(100)
annotationRoot锛?F:\GitHub\NEXUS\src\annotations
articlePathWithoutExt锛?浜嬪唽涔嬭浇/12-鐤忎弧绾?04-楂樿緵鏈濅唬/01-楂樿緵姘?17-鍠惧崄涓冧笘甯濇．杈堥珮杈涙皬绾?eventsPath锛?F:\GitHub\NEXUS\src\annotations\浜嬪唽涔嬭浇\12-鐤忎弧绾猏04-楂樿緵鏈濅唬\01-楂樿緵姘廫17-鍠惧崄涓冧笘甯濇．杈堥珮杈涙皬绾?events.md
relationsPath锛?F:\GitHub\NEXUS\src\annotations\浜嬪唽涔嬭浇\12-鐤忎弧绾猏04-楂樿緵鏈濅唬\01-楂樿緵姘廫17-鍠惧崄涓冧笘甯濇．杈堥珮杈涙皬绾?relations.md
eventsPath 瀛樺湪锛?false
relationsPath 瀛樺湪锛?false
鍔犺浇鐨勬爣娉ㄦ枃浠舵暟閲忥細 0
鍔犺浇鐨勬爣娉ㄦ枃浠讹細 []
浼犻€掔粰鍓嶇鐨勬爣娉ㄦ暟鎹細 { files: [] }
 [2m(+4ms)[22m
[2m10:07:04[22m   [34m鈹溾攢[39m [2m/婕旇繘杞ㄨ抗/18-鍠惧崄鍏笘甯濆北鍥為珮杈涙皬绾?index.html[22m========== 鏍囨敞鏂囦欢鍔犺浇璋冭瘯 ==========
article.id 鍘熷鍊硷細 浜嬪唽涔嬭浇/12-鐤忎弧绾?04-楂樿緵鏈濅唬/01-楂樿緵姘?18-鍠惧崄鍏笘甯濆北鍥為珮杈涙皬绾?md
article.id 绫诲瀷锛?string
article.id 闀垮害锛?44
article.id 瀛楃浠ｇ爜锛?浜?20107) 鍐?20876) 涔?20043) 杞?36733) /(47) 1(49) 2(50) -(45) 鐤?30095) 浠?20193) 绾?32426) /(47) 0(48) 4(52) -(45) 楂?39640) 杈?36763) 鏈?26397) 浠?20195) /(47) 0(48) 1(49) -(45) 楂?39640) 杈?36763) 姘?27663) /(47) 1(49) 8(56) -(45) 鍠?21950) 鍗?21313) 鍏?20843) 涓?19990) 甯?24093) 灞?23665) 鍥?22238) 楂?39640) 杈?36763) 姘?27663) 绾?32426) .(46) m(109) d(100)
annotationRoot锛?F:\GitHub\NEXUS\src\annotations
articlePathWithoutExt锛?浜嬪唽涔嬭浇/12-鐤忎弧绾?04-楂樿緵鏈濅唬/01-楂樿緵姘?18-鍠惧崄鍏笘甯濆北鍥為珮杈涙皬绾?eventsPath锛?F:\GitHub\NEXUS\src\annotations\浜嬪唽涔嬭浇\12-鐤忎弧绾猏04-楂樿緵鏈濅唬\01-楂樿緵姘廫18-鍠惧崄鍏笘甯濆北鍥為珮杈涙皬绾?events.md
relationsPath锛?F:\GitHub\NEXUS\src\annotations\浜嬪唽涔嬭浇\12-鐤忎弧绾猏04-楂樿緵鏈濅唬\01-楂樿緵姘廫18-鍠惧崄鍏笘甯濆北鍥為珮杈涙皬绾?relations.md
eventsPath 瀛樺湪锛?false
relationsPath 瀛樺湪锛?false
鍔犺浇鐨勬爣娉ㄦ枃浠舵暟閲忥細 0
鍔犺浇鐨勬爣娉ㄦ枃浠讹細 []
浼犻€掔粰鍓嶇鐨勬爣娉ㄦ暟鎹細 { files: [] }
 [2m(+4ms)[22m
[2m10:07:04[22m   [34m鈹溾攢[39m [2m/婕旇繘杞ㄨ抗/19-鍠惧崄涔濅笘甯濈珛搴撻珮杈涙皬绾?index.html[22m========== 鏍囨敞鏂囦欢鍔犺浇璋冭瘯 ==========
article.id 鍘熷鍊硷細 浜嬪唽涔嬭浇/12-鐤忎弧绾?04-楂樿緵鏈濅唬/01-楂樿緵姘?19-鍠惧崄涔濅笘甯濈珛搴撻珮杈涙皬绾?md
article.id 绫诲瀷锛?string
article.id 闀垮害锛?44
article.id 瀛楃浠ｇ爜锛?浜?20107) 鍐?20876) 涔?20043) 杞?36733) /(47) 1(49) 2(50) -(45) 鐤?30095) 浠?20193) 绾?32426) /(47) 0(48) 4(52) -(45) 楂?39640) 杈?36763) 鏈?26397) 浠?20195) /(47) 0(48) 1(49) -(45) 楂?39640) 杈?36763) 姘?27663) /(47) 1(49) 9(57) -(45) 鍠?21950) 鍗?21313) 涔?20061) 涓?19990) 甯?24093) 绔?31435) 搴?24211) 楂?39640) 杈?36763) 姘?27663) 绾?32426) .(46) m(109) d(100)
annotationRoot锛?F:\GitHub\NEXUS\src\annotations
articlePathWithoutExt锛?浜嬪唽涔嬭浇/12-鐤忎弧绾?04-楂樿緵鏈濅唬/01-楂樿緵姘?19-鍠惧崄涔濅笘甯濈珛搴撻珮杈涙皬绾?eventsPath锛?F:\GitHub\NEXUS\src\annotations\浜嬪唽涔嬭浇\12-鐤忎弧绾猏04-楂樿緵鏈濅唬\01-楂樿緵姘廫19-鍠惧崄涔濅笘甯濈珛搴撻珮杈涙皬绾?events.md
relationsPath锛?F:\GitHub\NEXUS\src\annotations\浜嬪唽涔嬭浇\12-鐤忎弧绾猏04-楂樿緵鏈濅唬\01-楂樿緵姘廫19-鍠惧崄涔濅笘甯濈珛搴撻珮杈涙皬绾?relations.md
eventsPath 瀛樺湪锛?false
relationsPath 瀛樺湪锛?false
鍔犺浇鐨勬爣娉ㄦ枃浠舵暟閲忥細 0
鍔犺浇鐨勬爣娉ㄦ枃浠讹細 []
浼犻€掔粰鍓嶇鐨勬爣娉ㄦ暟鎹細 { files: [] }
 [2m(+4ms)[22m
[2m10:07:04[22m   [34m鈹溾攢[39m [2m/婕旇繘杞ㄨ抗/20-鍠句簩鍗佷笘甯濆皢鑲冮珮杈涙皬绾?index.html[22m========== 鏍囨敞鏂囦欢鍔犺浇璋冭瘯 ==========
article.id 鍘熷鍊硷細 浜嬪唽涔嬭浇/12-鐤忎弧绾?04-楂樿緵鏈濅唬/01-楂樿緵姘?20-鍠句簩鍗佷笘甯濆皢鑲冮珮杈涙皬绾?md
article.id 绫诲瀷锛?string
article.id 闀垮害锛?44
article.id 瀛楃浠ｇ爜锛?浜?20107) 鍐?20876) 涔?20043) 杞?36733) /(47) 1(49) 2(50) -(45) 鐤?30095) 浠?20193) 绾?32426) /(47) 0(48) 4(52) -(45) 楂?39640) 杈?36763) 鏈?26397) 浠?20195) /(47) 0(48) 1(49) -(45) 楂?39640) 杈?36763) 姘?27663) /(47) 2(50) 0(48) -(45) 鍠?21950) 浜?20108) 鍗?21313) 涓?19990) 甯?24093) 灏?23558) 鑲?32899) 楂?39640) 杈?36763) 姘?27663) 绾?32426) .(46) m(109) d(100)
annotationRoot锛?F:\GitHub\NEXUS\src\annotations
articlePathWithoutExt锛?浜嬪唽涔嬭浇/12-鐤忎弧绾?04-楂樿緵鏈濅唬/01-楂樿緵姘?20-鍠句簩鍗佷笘甯濆皢鑲冮珮杈涙皬绾?eventsPath锛?F:\GitHub\NEXUS\src\annotations\浜嬪唽涔嬭浇\12-鐤忎弧绾猏04-楂樿緵鏈濅唬\01-楂樿緵姘廫20-鍠句簩鍗佷笘甯濆皢鑲冮珮杈涙皬绾?events.md
relationsPath锛?F:\GitHub\NEXUS\src\annotations\浜嬪唽涔嬭浇\12-鐤忎弧绾猏04-楂樿緵鏈濅唬\01-楂樿緵姘廫20-鍠句簩鍗佷笘甯濆皢鑲冮珮杈涙皬绾?relations.md
eventsPath 瀛樺湪锛?false
relationsPath 瀛樺湪锛?false
鍔犺浇鐨勬爣娉ㄦ枃浠舵暟閲忥細 0
鍔犺浇鐨勬爣娉ㄦ枃浠讹細 []
浼犻€掔粰鍓嶇鐨勬爣娉ㄦ暟鎹細 { files: [] }
 [2m(+3ms)[22m
[2m10:07:04[22m   [34m鈹溾攢[39m [2m/婕旇繘杞ㄨ抗/21-鍠惧豢涓€涓栧笣宸村姞楂樿緵姘忕邯/index.html[22m========== 鏍囨敞鏂囦欢鍔犺浇璋冭瘯 ==========
article.id 鍘熷鍊硷細 浜嬪唽涔嬭浇/12-鐤忎弧绾?04-楂樿緵鏈濅唬/01-楂樿緵姘?21-鍠惧豢涓€涓栧笣宸村姞楂樿緵姘忕邯.md
article.id 绫诲瀷锛?string
article.id 闀垮害锛?44
article.id 瀛楃浠ｇ爜锛?浜?20107) 鍐?20876) 涔?20043) 杞?36733) /(47) 1(49) 2(50) -(45) 鐤?30095) 浠?20193) 绾?32426) /(47) 0(48) 4(52) -(45) 楂?39640) 杈?36763) 鏈?26397) 浠?20195) /(47) 0(48) 1(49) -(45) 楂?39640) 杈?36763) 姘?27663) /(47) 2(50) 1(49) -(45) 鍠?21950) 寤?24319) 涓€(19968) 涓?19990) 甯?24093) 宸?24052) 鍔?21152) 楂?39640) 杈?36763) 姘?27663) 绾?32426) .(46) m(109) d(100)
annotationRoot锛?F:\GitHub\NEXUS\src\annotations
articlePathWithoutExt锛?浜嬪唽涔嬭浇/12-鐤忎弧绾?04-楂樿緵鏈濅唬/01-楂樿緵姘?21-鍠惧豢涓€涓栧笣宸村姞楂樿緵姘忕邯
eventsPath锛?F:\GitHub\NEXUS\src\annotations\浜嬪唽涔嬭浇\12-鐤忎弧绾猏04-楂樿緵�.events.json-楂樿緵姘廫21-鍠惧豢涓€涓栧笣宸村姞楂樿緵姘忕邯.events.md
relationsPath锛?F:\GitHub\NEXUS\src\annotations\浜嬪唽涔嬭浇\12-鐤忎弧绾猏04-楂樿緵�.relations.json�樿緵姘廫21-鍠惧豢涓€涓栧笣宸村姞楂樿緵姘忕邯.relations.md
eventsPath 瀛樺湪锛?false
relationsPath 瀛樺湪锛?false
鍔犺浇鐨勬爣娉ㄦ枃浠舵暟閲忥細 0
鍔犺浇鐨勬爣娉ㄦ枃浠讹細 []
浼犻€掔粰鍓嶇鐨勬爣娉ㄦ暟鎹細 { files: [] }
 [2m(+3ms)[22m
[2m10:07:04[22m   [34m鈹溾攢[39m [2m/婕旇繘杞ㄨ抗/01-澶忎竴涓栧笣绂瑰鍚庢皬绾?index.html[22m========== 鏍囨敞鏂囦欢鍔犺浇璋冭瘯 ==========
article.id 鍘熷鍊硷細 浜嬪唽涔嬭浇/12-鐤忎弧绾?08-澶忓悗鏈濅唬/01-澶忓悗姘?01-澶忎竴涓栧笣绂瑰鍚庢皬绾?md
article.id 绫诲瀷锛?string
article.id 闀垮害锛?42
article.id 瀛楃浠ｇ爜锛?浜?20107) 鍐?20876) 涔?20043) 杞?36733) /(47) 1(49) 2(50) -(45) 鐤?30095) 浠?20193) 绾?32426) /(47) 0(48) 8(56) -(45) 澶?22799) 鍚?21518) 鏈?26397) 浠?20195) /(47) 0(48) 1(49) -(45) 澶?22799) 鍚?21518) 姘?27663) /(47) 0(48) 1(49) -(45) 澶?22799) 涓€(19968) 涓?19990) 甯?24093) 绂?31161) 澶?22799) 鍚?21518) 姘?27663) 绾?32426) .(46) m(109) d(100)
annotationRoot锛?F:\GitHub\NEXUS\src\annotations
articlePathWithoutExt锛?浜嬪唽涔嬭浇/12-鐤忎弧绾?08-澶忓悗鏈濅唬/01-澶忓悗姘?01-澶忎竴涓栧笣绂瑰鍚庢皬绾?eventsPath锛?F:\GitHub\NEXUS\src\annotations\浜嬪唽涔嬭浇\12-鐤忎弧绾猏08-澶忓悗鏈濅唬\01-澶忓悗姘廫01-澶忎竴涓栧笣绂瑰鍚庢皬绾?events.md
relationsPath锛?F:\GitHub\NEXUS\src\annotations\浜嬪唽涔嬭浇\12-鐤忎弧绾猏08-澶忓悗鏈濅唬\01-澶忓悗姘廫01-澶忎竴涓栧笣绂瑰鍚庢皬绾?relations.md
eventsPath 瀛樺湪锛?false
relationsPath 瀛樺湪锛?false
鍔犺浇鐨勬爣娉ㄦ枃浠舵暟閲忥細 0
鍔犺浇鐨勬爣娉ㄦ枃浠讹細 []
浼犻€掔粰鍓嶇鐨勬爣娉ㄦ暟鎹細 { files: [] }
 [2m(+5ms)[22m
[2m10:07:04[22m   [34m鈹溾攢[39m [2m/婕旇繘杞ㄨ抗/02-澶忎簩涓栫帇鍚鍚庢皬绾?index.html[22m========== 鏍囨敞鏂囦欢鍔犺浇璋冭瘯 ==========
article.id 鍘熷鍊硷細 浜嬪唽涔嬭浇/12-鐤忎弧绾?08-澶忓悗鏈濅唬/01-澶忓悗姘?02-澶忎簩涓栫帇鍚鍚庢皬绾?md
article.id 绫诲瀷锛?string
article.id 闀垮害锛?42
article.id 瀛楃浠ｇ爜锛?浜?20107) 鍐?20876) 涔?20043) 杞?36733) /(47) 1(49) 2(50) -(45) 鐤?30095) 浠?20193) 绾?32426) /(47) 0(48) 8(56) -(45) 澶?22799) 鍚?21518) 鏈?26397) 浠?20195) /(47) 0(48) 1(49) -(45) 澶?22799) 鍚?21518) 姘?27663) /(47) 0(48) 2(50) -(45) 澶?22799) 浜?20108) 涓?19990) 鐜?29579) 鍚?21551) 澶?22799) 鍚?21518) 姘?27663) 绾?32426) .(46) m(109) d(100)
annotationRoot锛?F:\GitHub\NEXUS\src\annotations
articlePathWithoutExt锛?浜嬪唽涔嬭浇/12-鐤忎弧绾?08-澶忓悗鏈濅唬/01-澶忓悗姘?02-澶忎簩涓栫帇鍚鍚庢皬绾?eventsPath锛?F:\GitHub\NEXUS\src\annotations\浜嬪唽涔嬭浇\12-鐤忎弧绾猏08-澶忓悗鏈濅唬\01-澶忓悗姘廫02-澶忎簩涓栫帇鍚鍚庢皬绾?events.md
relationsPath锛?F:\GitHub\NEXUS\src\annotations\浜嬪唽涔嬭浇\12-鐤忎弧绾猏08-澶忓悗鏈濅唬\01-澶忓悗姘廫02-澶忎簩涓栫帇鍚鍚庢皬绾?relations.md
eventsPath 瀛樺湪锛?false
relationsPath 瀛樺湪锛?false
鍔犺浇鐨勬爣娉ㄦ枃浠舵暟閲忥細 0
鍔犺浇鐨勬爣娉ㄦ枃浠讹細 []
浼犻€掔粰鍓嶇鐨勬爣娉ㄦ暟鎹細 { files: [] }
 [2m(+3ms)[22m
[2m10:07:04[22m   [34m鈹溾攢[39m [2m/婕旇繘杞ㄨ抗/03-澶忎笁涓栫帇澶悍澶忓悗姘忕邯/index.html[22m========== 鏍囨敞鏂囦欢鍔犺浇璋冭瘯 ==========
article.id 鍘熷鍊硷細 浜嬪唽涔嬭浇/12-鐤忎弧绾?08-澶忓悗鏈濅唬/01-澶忓悗姘?03-澶忎笁涓栫帇澶悍澶忓悗姘忕邯.md
article.id 绫诲瀷锛?string
article.id 闀垮害锛?43
article.id 瀛楃浠ｇ爜锛?浜?20107) 鍐?20876) 涔?20043) 杞?36733) /(47) 1(49) 2(50) -(45) 鐤?30095) 浠?20193) 绾?32426) /(47) 0(48) 8(56) -(45) 澶?22799) 鍚?21518) 鏈?26397) 浠?20195) /(47) 0(48) 1(49) -(45) 澶?22799) 鍚?21518) 姘?27663) /(47) 0(48) 3(51) -(45) 澶?22799) 涓?19977) 涓?19990) 鐜?29579) 澶?22826) 搴?24247) 澶?22799) 鍚?21518) 姘?27663) 绾?32426) .(46) m(109) d(100)
annotationRoot锛?F:\GitHub\NEXUS\src\annotations
articlePathWithoutExt锛?浜嬪唽涔嬭浇/12-鐤忎弧绾?08-澶忓悗鏈濅唬/01-澶忓悗姘?03-澶忎笁涓栫帇澶悍澶忓悗姘忕邯
eventsPath锛?F:\GitHub\NEXUS\src\annotations\浜嬪唽涔嬭浇\12-鐤忎弧绾猏08-澶忓悗.events.json01-澶忓悗姘廫03-澶忎笁涓栫帇澶悍澶忓悗姘忕邯.events.md
relationsPath锛?F:\GitHub\NEXUS\src\annotations\浜嬪唽涔嬭浇\12-鐤忎弧绾猏08-澶忓悗.relations.json澶忓悗姘廫03-澶忎笁涓栫帇澶悍澶忓悗姘忕邯.relations.md
eventsPath 瀛樺湪锛?false
relationsPath 瀛樺湪锛?false
鍔犺浇鐨勬爣娉ㄦ枃浠舵暟閲忥細 0
鍔犺浇鐨勬爣娉ㄦ枃浠讹細 []
浼犻€掔粰鍓嶇鐨勬爣娉ㄦ暟鎹細 { files: [] }
 [2m(+4ms)[22m
[2m10:07:04[22m   [34m鈹溾攢[39m [2m/婕旇繘杞ㄨ抗/04-澶忓洓涓栫帇浠插悍澶忓悗姘忕邯/index.html[22m========== 鏍囨敞鏂囦欢鍔犺浇璋冭瘯 ==========
article.id 鍘熷鍊硷細 浜嬪唽涔嬭浇/12-鐤忎弧绾?08-澶忓悗鏈濅唬/01-澶忓悗姘?04-澶忓洓涓栫帇浠插悍澶忓悗姘忕邯.md
article.id 绫诲瀷锛?string
article.id 闀垮害锛?43
article.id 瀛楃浠ｇ爜锛?浜?20107) 鍐?20876) 涔?20043) 杞?36733) /(47) 1(49) 2(50) -(45) 鐤?30095) 浠?20193) 绾?32426) /(47) 0(48) 8(56) -(45) 澶?22799) 鍚?21518) 鏈?26397) 浠?20195) /(47) 0(48) 1(49) -(45) 澶?22799) 鍚?21518) 姘?27663) /(47) 0(48) 4(52) -(45) 澶?22799) 鍥?22235) 涓?19990) 鐜?29579) 浠?20210) 搴?24247) 澶?22799) 鍚?21518) 姘?27663) 绾?32426) .(46) m(109) d(100)
annotationRoot锛?F:\GitHub\NEXUS\src\annotations
articlePathWithoutExt锛?浜嬪唽涔嬭浇/12-鐤忎弧绾?08-澶忓悗鏈濅唬/01-澶忓悗姘?04-澶忓洓涓栫帇浠插悍澶忓悗姘忕邯
eventsPath锛?F:\GitHub\NEXUS\src\annotations\浜嬪唽涔嬭浇\12-鐤忎弧绾猏08-澶忓悗.events.json01-澶忓悗姘廫04-澶忓洓涓栫帇浠插悍澶忓悗姘忕邯.events.md
relationsPath锛?F:\GitHub\NEXUS\src\annotations\浜嬪唽涔嬭浇\12-鐤忎弧绾猏08-澶忓悗.relations.json澶忓悗姘廫04-澶忓洓涓栫帇浠插悍澶忓悗姘忕邯.relations.md
eventsPath 瀛樺湪锛?false
relationsPath 瀛樺湪锛?false
鍔犺浇鐨勬爣娉ㄦ枃浠舵暟閲忥細 0
鍔犺浇鐨勬爣娉ㄦ枃浠讹細 []
浼犻€掔粰鍓嶇鐨勬爣娉ㄦ暟鎹細 { files: [] }
 [2m(+4ms)[22m
[2m10:07:04[22m   [34m鈹溾攢[39m [2m/婕旇繘杞ㄨ抗/01-澶忎竷涓栫帇瀵掓禐瀵掓皬绾?index.html[22m========== 鏍囨敞鏂囦欢鍔犺浇璋冭瘯 ==========
article.id 鍘熷鍊硷細 浜嬪唽涔嬭浇/12-鐤忎弧绾?08-澶忓悗鏈濅唬/03-瀵掓皬/01-澶忎竷涓栫帇瀵掓禐瀵掓皬绾?md
article.id 绫诲瀷锛?string
article.id 闀垮害锛?41
article.id 瀛楃浠ｇ爜锛?浜?20107) 鍐?20876) 涔?20043) 杞?36733) /(47) 1(49) 2(50) -(45) 鐤?30095) 浠?20193) 绾?32426) /(47) 0(48) 8(56) -(45) 澶?22799) 鍚?21518) 鏈?26397) 浠?20195) /(47) 0(48) 3(51) -(45) 瀵?23506) 姘?27663) /(47) 0(48) 1(49) -(45) 澶?22799) 涓?19971) 涓?19990) 鐜?29579) 瀵?23506) 娴?27998) 瀵?23506) 姘?27663) 绾?32426) .(46) m(109) d(100)
annotationRoot锛?F:\GitHub\NEXUS\src\annotations
articlePathWithoutExt锛?浜嬪唽涔嬭浇/12-鐤忎弧绾?08-澶忓悗鏈濅唬/03-瀵掓皬/01-澶忎竷涓栫帇瀵掓禐瀵掓皬绾?eventsPath锛?F:\GitHub\NEXUS\src\annotations\浜嬪唽涔嬭浇\12-鐤忎弧绾猏08-澶忓悗鏈濅唬\03-瀵掓皬\01-澶忎竷涓栫帇瀵掓禐瀵掓皬绾?events.md
relationsPath锛?F:\GitHub\NEXUS\src\annotations\浜嬪唽涔嬭浇\12-鐤忎弧绾猏08-澶忓悗鏈濅唬\03-瀵掓皬\01-澶忎竷涓栫帇瀵掓禐瀵掓皬绾?relations.md
eventsPath 瀛樺湪锛?false
relationsPath 瀛樺湪锛?false
鍔犺浇鐨勬爣娉ㄦ枃浠舵暟閲忥細 0
鍔犺浇鐨勬爣娉ㄦ枃浠讹細 []
浼犻€掔粰鍓嶇鐨勬爣娉ㄦ暟鎹細 { files: [] }
 [2m(+5ms)[22m
[2m10:07:04[22m   [34m鈹溾攢[39m [2m/婕旇繘杞ㄨ抗/05-澶忎簲涓栫帇鐩稿鍚庢皬绾?index.html[22m========== 鏍囨敞鏂囦欢鍔犺浇璋冭瘯 ==========
article.id 鍘熷鍊硷細 浜嬪唽涔嬭浇/12-鐤忎弧绾?08-澶忓悗鏈濅唬/01-澶忓悗姘?05-澶忎簲涓栫帇鐩稿鍚庢皬绾?md
article.id 绫诲瀷锛?string
article.id 闀垮害锛?42
article.id 瀛楃浠ｇ爜锛?浜?20107) 鍐?20876) 涔?20043) 杞?36733) /(47) 1(49) 2(50) -(45) 鐤?30095) 浠?20193) 绾?32426) /(47) 0(48) 8(56) -(45) 澶?22799) 鍚?21518) 鏈?26397) 浠?20195) /(47) 0(48) 1(49) -(45) 澶?22799) 鍚?21518) 姘?27663) /(47) 0(48) 5(53) -(45) 澶?22799) 浜?20116) 涓?19990) 鐜?29579) 鐩?30456) 澶?22799) 鍚?21518) 姘?27663) 绾?32426) .(46) m(109) d(100)
annotationRoot锛?F:\GitHub\NEXUS\src\annotations
articlePathWithoutExt锛?浜嬪唽涔嬭浇/12-鐤忎弧绾?08-澶忓悗鏈濅唬/01-澶忓悗姘?05-澶忎簲涓栫帇鐩稿鍚庢皬绾?eventsPath锛?F:\GitHub\NEXUS\src\annotations\浜嬪唽涔嬭浇\12-鐤忎弧绾猏08-澶忓悗鏈濅唬\01-澶忓悗姘廫05-澶忎簲涓栫帇鐩稿鍚庢皬绾?events.md
relationsPath锛?F:\GitHub\NEXUS\src\annotations\浜嬪唽涔嬭浇\12-鐤忎弧绾猏08-澶忓悗鏈濅唬\01-澶忓悗姘廫05-澶忎簲涓栫帇鐩稿鍚庢皬绾?relations.md
eventsPath 瀛樺湪锛?false
relationsPath 瀛樺湪锛?false
鍔犺浇鐨勬爣娉ㄦ枃浠舵暟閲忥細 0
鍔犺浇鐨勬爣娉ㄦ枃浠讹細 []
浼犻€掔粰鍓嶇鐨勬爣娉ㄦ暟鎹細 { files: [] }
 [2m(+4ms)[22m
[2m10:07:04[22m   [34m鈹溾攢[39m [2m/婕旇繘杞ㄨ抗/01-澶忓叓涓栫帇灏戝悍澶忓悗姘忕邯/index.html[22m========== 鏍囨敞鏂囦欢鍔犺浇璋冭瘯 ==========
article.id 鍘熷鍊硷細 浜嬪唽涔嬭浇/12-鐤忎弧绾?08-澶忓悗鏈濅唬/04-澶忓悗姘?01-澶忓叓涓栫帇灏戝悍澶忓悗姘忕邯.md
article.id 绫诲瀷锛?string
article.id 闀垮害锛?43
article.id 瀛楃浠ｇ爜锛?浜?20107) 鍐?20876) 涔?20043) 杞?36733) /(47) 1(49) 2(50) -(45) 鐤?30095) 浠?20193) 绾?32426) /(47) 0(48) 8(56) -(45) 澶?22799) 鍚?21518) 鏈?26397) 浠?20195) /(47) 0(48) 4(52) -(45) 澶?22799) 鍚?21518) 姘?27663) /(47) 0(48) 1(49) -(45) 澶?22799) 鍏?20843) 涓?19990) 鐜?29579) 灏?23569) 搴?24247) 澶?22799) 鍚?21518) 姘?27663) 绾?32426) .(46) m(109) d(100)
annotationRoot锛?F:\GitHub\NEXUS\src\annotations
articlePathWithoutExt锛?浜嬪唽涔嬭浇/12-鐤忎弧绾?08-澶忓悗鏈濅唬/04-澶忓悗姘?01-澶忓叓涓栫帇灏戝悍澶忓悗姘忕邯
eventsPath锛?F:\GitHub\NEXUS\src\annotations\浜嬪唽涔嬭浇\12-鐤忎弧绾猏08-澶忓悗.events.json04-澶忓悗姘廫01-澶忓叓涓栫帇灏戝悍澶忓悗姘忕邯.events.md
relationsPath锛?F:\GitHub\NEXUS\src\annotations\浜嬪唽涔嬭浇\12-鐤忎弧绾猏08-澶忓悗.relations.json澶忓悗姘廫01-澶忓叓涓栫帇灏戝悍澶忓悗姘忕邯.relations.md
eventsPath 瀛樺湪锛?false
relationsPath 瀛樺湪锛?false
鍔犺浇鐨勬爣娉ㄦ枃浠舵暟閲忥細 0
鍔犺浇鐨勬爣娉ㄦ枃浠讹細 []
浼犻€掔粰鍓嶇鐨勬爣娉ㄦ暟鎹細 { files: [] }
 [2m(+4ms)[22m
[2m10:07:04[22m   [34m鈹溾攢[39m [2m/婕旇繘杞ㄨ抗/01-鑸滀竴涓栧笣鑸滄湁铏炴皬绾?index.html[22m========== 鏍囨敞鏂囦欢鍔犺浇璋冭瘯 ==========
article.id 鍘熷鍊硷細 浜嬪唽涔嬭浇/12-鐤忎弧绾?07-鏈夎櫈鏈濅唬/01-鏈夎櫈姘?01-鑸滀竴涓栧笣鑸滄湁铏炴皬绾?md
article.id 绫诲瀷锛?string
article.id 闀垮害锛?42
article.id 瀛楃浠ｇ爜锛?浜?20107) 鍐?20876) 涔?20043) 杞?36733) /(47) 1(49) 2(50) -(45) 鐤?30095) 浠?20193) 绾?32426) /(47) 0(48) 7(55) -(45) 鏈?26377) 铏?34398) 鏈?26397) 浠?20195) /(47) 0(48) 1(49) -(45) 鏈?26377) 铏?34398) 姘?27663) /(47) 0(48) 1(49) -(45) 鑸?33308) 涓€(19968) 涓?19990) 甯?24093) 鑸?33308) 鏈?26377) 铏?34398) 姘?27663) 绾?32426) .(46) m(109) d(100)
annotationRoot锛?F:\GitHub\NEXUS\src\annotations
articlePathWithoutExt锛?浜嬪唽涔嬭浇/12-鐤忎弧绾?07-鏈夎櫈鏈濅唬/01-鏈夎櫈姘?01-鑸滀竴涓栧笣鑸滄湁铏炴皬绾?eventsPath锛?F:\GitHub\NEXUS\src\annotations\浜嬪唽涔嬭浇\12-鐤忎弧绾猏07-鏈夎櫈鏈濅唬\01-鏈夎櫈姘廫01-鑸滀竴涓栧笣鑸滄湁铏炴皬绾?events.md
relationsPath锛?F:\GitHub\NEXUS\src\annotations\浜嬪唽涔嬭浇\12-鐤忎弧绾猏07-鏈夎櫈鏈濅唬\01-鏈夎櫈姘廫01-鑸滀竴涓栧笣鑸滄湁铏炴皬绾?relations.md
eventsPath 瀛樺湪锛?false
relationsPath 瀛樺湪锛?false
鍔犺浇鐨勬爣娉ㄦ枃浠舵暟閲忥細 0
鍔犺浇鐨勬爣娉ㄦ枃浠讹細 []
浼犻€掔粰鍓嶇鐨勬爣娉ㄦ暟鎹細 { files: [] }
 [2m(+4ms)[22m
[2m10:07:04[22m   [34m鈹溾攢[39m [2m/婕旇繘杞ㄨ抗/02-鑸滀簩涓栧笣绔犳湁铏炴皬绾?index.html[22m========== 鏍囨敞鏂囦欢鍔犺浇璋冭瘯 ==========
article.id 鍘熷鍊硷細 浜嬪唽涔嬭浇/12-鐤忎弧绾?07-鏈夎櫈鏈濅唬/01-鏈夎櫈姘?02-鑸滀簩涓栧笣绔犳湁铏炴皬绾?md
article.id 绫诲瀷锛?string
article.id 闀垮害锛?42
article.id 瀛楃浠ｇ爜锛?浜?20107) 鍐?20876) 涔?20043) 杞?36733) /(47) 1(49) 2(50) -(45) 鐤?30095) 浠?20193) 绾?32426) /(47) 0(48) 7(55) -(45) 鏈?26377) 铏?34398) 鏈?26397) 浠?20195) /(47) 0(48) 1(49) -(45) 鏈?26377) 铏?34398) 姘?27663) /(47) 0(48) 2(50) -(45) 鑸?33308) 浜?20108) 涓?19990) 甯?24093) 绔?31456) 鏈?26377) 铏?34398) 姘?27663) 绾?32426) .(46) m(109) d(100)
annotationRoot锛?F:\GitHub\NEXUS\src\annotations
articlePathWithoutExt锛?浜嬪唽涔嬭浇/12-鐤忎弧绾?07-鏈夎櫈鏈濅唬/01-鏈夎櫈姘?02-鑸滀簩涓栧笣绔犳湁铏炴皬绾?eventsPath锛?F:\GitHub\NEXUS\src\annotations\浜嬪唽涔嬭浇\12-鐤忎弧绾猏07-鏈夎櫈鏈濅唬\01-鏈夎櫈姘廫02-鑸滀簩涓栧笣绔犳湁铏炴皬绾?events.md
relationsPath锛?F:\GitHub\NEXUS\src\annotations\浜嬪唽涔嬭浇\12-鐤忎弧绾猏07-鏈夎櫈鏈濅唬\01-鏈夎櫈姘廫02-鑸滀簩涓栧笣绔犳湁铏炴皬绾?relations.md
eventsPath 瀛樺湪锛?false
relationsPath 瀛樺湪锛?false
鍔犺浇鐨勬爣娉ㄦ枃浠舵暟閲忥細 0
鍔犺浇鐨勬爣娉ㄦ枃浠讹細 []
浼犻€掔粰鍓嶇鐨勬爣娉ㄦ暟鎹細 { files: [] }
 [2m(+4ms)[22m
[2m10:07:04[22m   [34m鈹溾攢[39m [2m/婕旇繘杞ㄨ抗/01-澶у徃绌虹澶忓悗姘忓垪/index.html[22m========== 鏍囨敞鏂囦欢鍔犺浇璋冭瘯 ==========
article.id 鍘熷鍊硷細 浜嬪唽涔嬭浇/12-鐤忎弧绾?07-鏈夎櫈鏈濅唬/02-澶忓悗姘?01-澶у徃绌虹澶忓悗姘忓垪.md
article.id 绫诲瀷锛?string
article.id 闀垮害锛?41
article.id 瀛楃浠ｇ爜锛?浜?20107) 鍐?20876) 涔?20043) 杞?36733) /(47) 1(49) 2(50) -(45) 鐤?30095) 浠?20193) 绾?32426) /(47) 0(48) 7(55) -(45) 鏈?26377) 铏?34398) 鏈?26397) 浠?20195) /(47) 0(48) 2(50) -(45) 澶?22799) 鍚?21518) 姘?27663) /(47) 0(48) 1(49) -(45) 澶?22823) 鍙?21496) 绌?31354) 绂?31161) 澶?22799) 鍚?21518) 姘?27663) 鍒?21015) .(46) m(109) d(100)
annotationRoot锛?F:\GitHub\NEXUS\src\annotations
articlePathWithoutExt锛?浜嬪唽涔嬭浇/12-鐤忎弧绾?07-鏈夎櫈鏈濅唬/02-澶忓悗姘?01-澶у徃绌虹澶忓悗姘忓垪
eventsPath锛?F:\GitHub\NEXUS\src\annotations\浜嬪唽涔嬭浇\12-鐤忎弧绾猏07-鏈夎.events.json��\02-澶忓悗姘廫01-澶у徃绌虹澶忓悗姘忓垪.events.md
relationsPath锛?F:\GitHub\NEXUS\src\annotations\浜嬪唽涔嬭浇\12-鐤忎弧绾猏07-鏈夎.relations.json02-澶忓悗姘廫01-澶у徃绌虹澶忓悗姘忓垪.relations.md
eventsPath 瀛樺湪锛?false
relationsPath 瀛樺湪锛?false
鍔犺浇鐨勬爣娉ㄦ枃浠舵暟閲忥細 0
鍔犺浇鐨勬爣娉ㄦ枃浠讹細 []
浼犻€掔粰鍓嶇鐨勬爣娉ㄦ暟鎹細 { files: [] }
 [2m(+5ms)[22m
[2m10:07:04[22m   [34m鈹溾攢[39m [2m/婕旇繘杞ㄨ抗/01-澶忓叚涓栫帇缇挎湁绌锋皬绾?index.html[22m========== 鏍囨敞鏂囦欢鍔犺浇璋冭瘯 ==========
article.id 鍘熷鍊硷細 浜嬪唽涔嬭浇/12-鐤忎弧绾?08-澶忓悗鏈濅唬/02-鏈夌┓姘?01-澶忓叚涓栫帇缇挎湁绌锋皬绾?md
article.id 绫诲瀷锛?string
article.id 闀垮害锛?42
article.id 瀛楃浠ｇ爜锛?浜?20107) 鍐?20876) 涔?20043) 杞?36733) /(47) 1(49) 2(50) -(45) 鐤?30095) 浠?20193) 绾?32426) /(47) 0(48) 8(56) -(45) 澶?22799) 鍚?21518) 鏈?26397) 浠?20195) /(47) 0(48) 2(50) -(45) 鏈?26377) 绌?31351) 姘?27663) /(47) 0(48) 1(49) -(45) 澶?22799) 鍏?20845) 涓?19990) 鐜?29579) 缇?32703) 鏈?26377) 绌?31351) 姘?27663) 绾?32426) .(46) m(109) d(100)
annotationRoot锛?F:\GitHub\NEXUS\src\annotations
articlePathWithoutExt锛?浜嬪唽涔嬭浇/12-鐤忎弧绾?08-澶忓悗鏈濅唬/02-鏈夌┓姘?01-澶忓叚涓栫帇缇挎湁绌锋皬绾?eventsPath锛?F:\GitHub\NEXUS\src\annotations\浜嬪唽涔嬭浇\12-鐤忎弧绾猏08-澶忓悗鏈濅唬\02-鏈夌┓姘廫01-澶忓叚涓栫帇缇挎湁绌锋皬绾?events.md
relationsPath锛?F:\GitHub\NEXUS\src\annotations\浜嬪唽涔嬭浇\12-鐤忎弧绾猏08-澶忓悗鏈濅唬\02-鏈夌┓姘廫01-澶忓叚涓栫帇缇挎湁绌锋皬绾?relations.md
eventsPath 瀛樺湪锛?false
relationsPath 瀛樺湪锛?false
鍔犺浇鐨勬爣娉ㄦ枃浠舵暟閲忥細 0
鍔犺浇鐨勬爣娉ㄦ枃浠讹細 []
浼犻€掔粰鍓嶇鐨勬爣娉ㄦ暟鎹細 { files: [] }
 [2m(+5ms)[22m
[2m10:07:04[22m   [34m鈹溾攢[39m [2m/婕旇繘杞ㄨ抗/01-銆婂彶璁般€嬬Е濮嬬殗鏈邯/index.html[22m========== 鏍囨敞鏂囦欢鍔犺浇璋冭瘯 ==========
article.id 鍘熷鍊硷細 浜嬪唽涔嬭浇/13-闂ㄩ榾绾?02-绉︽湞浠?01-瀣寸Е姘?01-銆婂彶璁般€嬬Е濮嬬殗鏈邯.md
article.id 绫诲瀷锛?string
article.id 闀垮害锛?41
article.id 瀛楃浠ｇ爜锛?浜?20107) 鍐?20876) 涔?20043) 杞?36733) /(47) 1(49) 3(51) -(45) 闂?38376) 闃€(38400) 绾?32426) /(47) 0(48) 2(50) -(45) 绉?31206) 鏈?26397) 浠?20195) /(47) 0(48) 1(49) -(45) 瀣?23348) 绉?31206) 姘?27663) /(47) 0(48) 1(49) -(45) 銆?12298) 鍙?21490) 璁?35760) 銆?12299) 绉?31206) 濮?22987) 鐨?30343) 鏈?26412) 绾?32426) .(46) m(109) d(100)
annotationRoot锛?F:\GitHub\NEXUS\src\annotations
articlePathWithoutExt锛?浜嬪唽涔嬭浇/13-闂ㄩ榾绾?02-绉︽湞浠?01-瀣寸Е姘?01-銆婂彶璁般€嬬Е濮嬬殗鏈邯
eventsPath锛?F:\GitHub\NEXUS\src\annotations\浜嬪唽涔嬭浇\13-闂ㄩ榾绾猏02-绉︽.events.json1-瀣寸Е姘廫01-銆婂彶璁般€嬬Е濮嬬殗鏈邯.events.md
relationsPath锛?F:\GitHub\NEXUS\src\annotations\浜嬪唽涔嬭浇\13-闂ㄩ榾绾猏02-绉︽.relations.json��寸Е姘廫01-銆婂彶璁般€嬬Е濮嬬殗鏈邯.relations.md
eventsPath 瀛樺湪锛?false
relationsPath 瀛樺湪锛?false
鍔犺浇鐨勬爣娉ㄦ枃浠舵暟閲忥細 0
鍔犺浇鐨勬爣娉ㄦ枃浠讹細 []
浼犻€掔粰鍓嶇鐨勬爣娉ㄦ暟鎹細 { files: [] }
 [2m(+6ms)[22m
[2m10:07:04[22m   [34m鈹溾攢[39m [2m/婕旇繘杞ㄨ抗/01-绁濊瀺鍗佸叚涓栫尫瑗垮渤涔嬩紶/index.html[22m========== 鏍囨敞鏂囦欢鍔犺浇璋冭瘯 ==========
article.id 鍘熷鍊硷細 浜嬪唽涔嬭浇/11-绂€氱邯/02-榄侀殫鏈濅唬/01-榄侀殫姘?02-绁濊瀺姘?01-绁濊瀺鍗佸叚涓栫尫瑗垮渤涔嬩紶.md
article.id 绫诲瀷锛?string
article.id 闀垮害锛?50
article.id 瀛楃浠ｇ爜锛?浜?20107) 鍐?20876) 涔?20043) 杞?36733) /(47) 1(49) 1(49) -(45) 绂?31146) 閫?36890) 绾?32426) /(47) 0(48) 2(50) -(45) 榄?39745) 闅?38551) 鏈?26397) 浠?20195) /(47) 0(48) 1(49) -(45) 榄?39745) 闅?38551) 姘?27663) /(47) 0(48) 2(50) -(45) 绁?31069) 铻?34701) 姘?27663) /(47) 0(48) 1(49) -(45) 绁?31069) 铻?34701) 鍗?21313) 鍏?20845) 涓?19990) 鐚?29495) 瑗?35199) 宀?23731) 涔?20043) 浼?20256) .(46) m(109) d(100)
annotationRoot锛?F:\GitHub\NEXUS\src\annotations
articlePathWithoutExt锛?浜嬪唽涔嬭浇/11-绂€氱邯/02-榄侀殫鏈濅唬/01-榄侀殫姘?02-绁濊瀺姘?01-绁濊瀺鍗佸叚涓栫尫瑗垮渤涔嬩紶
eventsPath锛?F:\GitHub\NEXUS\src\annotations\浜嬪唽涔嬭浇\11-绂€氱邯\02-榄侀殫鏈濅�.events.json�殫姘廫02-绁濊瀺姘廫01-绁濊瀺鍗佸叚涓栫尫瑗垮渤涔嬩紶.events.md
relationsPath锛?F:\GitHub\NEXUS\src\annotations\浜嬪唽涔嬭浇\11-绂€氱邯\02-榄侀殫鏈濅�.relations.json�姘廫02-绁濊瀺姘廫01-绁濊瀺鍗佸叚涓栫尫瑗垮渤涔嬩紶.relations.md
eventsPath 瀛樺湪锛?false
relationsPath 瀛樺湪锛?false
鍔犺浇鐨勬爣娉ㄦ枃浠舵暟閲忥細 0
鍔犺浇鐨勬爣娉ㄦ枃浠讹細 []
浼犻€掔粰鍓嶇鐨勬爣娉ㄦ暟鎹細 { files: [] }
 [2m(+5ms)[22m
[2m10:07:04[22m   [34m鈹溾攢[39m [2m/婕旇繘杞ㄨ抗/02-绁濊瀺鍗佷竷涓栫尫鍏堥緳涔嬩紶/index.html[22m========== 鏍囨敞鏂囦欢鍔犺浇璋冭瘯 ==========
article.id 鍘熷鍊硷細 浜嬪唽涔嬭浇/11-绂€氱邯/02-榄侀殫鏈濅唬/01-榄侀殫姘?02-绁濊瀺姘?02-绁濊瀺鍗佷竷涓栫尫鍏堥緳涔嬩紶.md
article.id 绫诲瀷锛?string
article.id 闀垮害锛?50
article.id 瀛楃浠ｇ爜锛?浜?20107) 鍐?20876) 涔?20043) 杞?36733) /(47) 1(49) 1(49) -(45) 绂?31146) 閫?36890) 绾?32426) /(47) 0(48) 2(50) -(45) 榄?39745) 闅?38551) 鏈?26397) 浠?20195) /(47) 0(48) 1(49) -(45) 榄?39745) 闅?38551) 姘?27663) /(47) 0(48) 2(50) -(45) 绁?31069) 铻?34701) 姘?27663) /(47) 0(48) 2(50) -(45) 绁?31069) 铻?34701) 鍗?21313) 涓?19971) 涓?19990) 鐚?29495) 鍏?20808) 榫?40857) 涔?20043) 浼?20256) .(46) m(109) d(100)
annotationRoot锛?F:\GitHub\NEXUS\src\annotations
articlePathWithoutExt锛?浜嬪唽涔嬭浇/11-绂€氱邯/02-榄侀殫鏈濅唬/01-榄侀殫姘?02-绁濊瀺姘?02-绁濊瀺鍗佷竷涓栫尫鍏堥緳涔嬩紶
eventsPath锛?F:\GitHub\NEXUS\src\annotations\浜嬪唽涔嬭浇\11-绂€氱邯\02-榄侀殫鏈濅�.events.json�殫姘廫02-绁濊瀺姘廫02-绁濊瀺鍗佷竷涓栫尫鍏堥緳涔嬩紶.events.md
relationsPath锛?F:\GitHub\NEXUS\src\annotations\浜嬪唽涔嬭浇\11-绂€氱邯\02-榄侀殫鏈濅�.relations.json�姘廫02-绁濊瀺姘廫02-绁濊瀺鍗佷竷涓栫尫鍏堥緳涔嬩紶.relations.md
eventsPath 瀛樺湪锛?false
relationsPath 瀛樺湪锛?false
鍔犺浇鐨勬爣娉ㄦ枃浠舵暟閲忥細 0
鍔犺浇鐨勬爣娉ㄦ枃浠讹細 []
浼犻€掔粰鍓嶇鐨勬爣娉ㄦ暟鎹細 { files: [] }
 [2m(+13ms)[22m
[2m10:07:04[22m   [34m鈹溾攢[39m [2m/婕旇繘杞ㄨ抗/03-绁濊瀺鍗佷竷涓栫尫缇屾垘涔嬩紶/index.html[22m========== 鏍囨敞鏂囦欢鍔犺浇璋冭瘯 ==========
article.id 鍘熷鍊硷細 浜嬪唽涔嬭浇/11-绂€氱邯/02-榄侀殫鏈濅唬/01-榄侀殫姘?02-绁濊瀺姘?03-绁濊瀺鍗佷竷涓栫尫缇屾垘涔嬩紶.md
article.id 绫诲瀷锛?string
article.id 闀垮害锛?50
article.id 瀛楃浠ｇ爜锛?浜?20107) 鍐?20876) 涔?20043) 杞?36733) /(47) 1(49) 1(49) -(45) 绂?31146) 閫?36890) 绾?32426) /(47) 0(48) 2(50) -(45) 榄?39745) 闅?38551) 鏈?26397) 浠?20195) /(47) 0(48) 1(49) -(45) 榄?39745) 闅?38551) 姘?27663) /(47) 0(48) 2(50) -(45) 绁?31069) 铻?34701) 姘?27663) /(47) 0(48) 3(51) -(45) 绁?31069) 铻?34701) 鍗?21313) 涓?19971) 涓?19990) 鐚?29495) 缇?32652) 鎴?25102) 涔?20043) 浼?20256) .(46) m(109) d(100)
annotationRoot锛?F:\GitHub\NEXUS\src\annotations
articlePathWithoutExt锛?浜嬪唽涔嬭浇/11-绂€氱邯/02-榄侀殫鏈濅唬/01-榄侀殫姘?02-绁濊瀺姘?03-绁濊瀺鍗佷竷涓栫尫缇屾垘涔嬩紶
eventsPath锛?F:\GitHub\NEXUS\src\annotations\浜嬪唽涔嬭浇\11-绂€氱邯\02-榄侀殫鏈濅�.events.json�殫姘廫02-绁濊瀺姘廫03-绁濊瀺鍗佷竷涓栫尫缇屾垘涔嬩紶.events.md
relationsPath锛?F:\GitHub\NEXUS\src\annotations\浜嬪唽涔嬭浇\11-绂€氱邯\02-榄侀殫鏈濅�.relations.json�姘廫02-绁濊瀺姘廫03-绁濊瀺鍗佷竷涓栫尫缇屾垘涔嬩紶.relations.md
eventsPath 瀛樺湪锛?false
relationsPath 瀛樺湪锛?false
鍔犺浇鐨勬爣娉ㄦ枃浠舵暟閲忥細 0
鍔犺浇鐨勬爣娉ㄦ枃浠讹細 []
浼犻€掔粰鍓嶇鐨勬爣娉ㄦ暟鎹細 { files: [] }
 [2m(+15ms)[22m
[2m10:07:04[22m   [34m鈹溾攢[39m [2m/婕旇繘杞ㄨ抗/01-榄侀殫鍥涗笘閰嬩集闄靛垪/index.html[22m========== 鏍囨敞鏂囦欢鍔犺浇璋冭瘯 ==========
article.id 鍘熷鍊硷細 浜嬪唽涔嬭浇/11-绂€氱邯/02-榄侀殫鏈濅唬/01-榄侀殫姘?01-榄侀殫姘?01-榄侀殫鍥涗笘閰嬩集闄靛垪.md
article.id 绫诲瀷锛?string
article.id 闀垮害锛?48
article.id 瀛楃浠ｇ爜锛?浜?20107) 鍐?20876) 涔?20043) 杞?36733) /(47) 1(49) 1(49) -(45) 绂?31146) 閫?36890) 绾?32426) /(47) 0(48) 2(50) -(45) 榄?39745) 闅?38551) 鏈?26397) 浠?20195) /(47) 0(48) 1(49) -(45) 榄?39745) 闅?38551) 姘?27663) /(47) 0(48) 1(49) -(45) 榄?39745) 闅?38551) 姘?27663) /(47) 0(48) 1(49) -(45) 榄?39745) 闅?38551) 鍥?22235) 涓?19990) 閰?37195) 浼?20271) 闄?38517) 鍒?21015) .(46) m(109) d(100)
annotationRoot锛?F:\GitHub\NEXUS\src\annotations
articlePathWithoutExt锛?浜嬪唽涔嬭浇/11-绂€氱邯/02-榄侀殫鏈濅唬/01-榄侀殫姘?01-榄侀殫姘?01-榄侀殫鍥涗笘閰嬩集闄靛垪
eventsPath锛?F:\GitHub\NEXUS\src\annotations\浜嬪唽涔嬭浇\11-绂€氱邯\02-榄侀殫鏈�.events.json�侀殫姘廫01-榄侀殫姘廫01-榄侀殫鍥涗笘閰嬩集闄靛垪.events.md
relationsPath锛?F:\GitHub\NEXUS\src\annotations\浜嬪唽涔嬭浇\11-绂€氱邯\02-榄侀殫鏈�.relations.json�殫姘廫01-榄侀殫姘廫01-榄侀殫鍥涗笘閰嬩集闄靛垪.relations.md
eventsPath 瀛樺湪锛?false
relationsPath 瀛樺湪锛?false
鍔犺浇鐨勬爣娉ㄦ枃浠舵暟閲忥細 0
鍔犺浇鐨勬爣娉ㄦ枃浠讹細 []
浼犻€掔粰鍓嶇鐨勬爣娉ㄦ暟鎹細 { files: [] }
 [2m(+14ms)[22m
[2m10:07:04[22m   [34m鈹溾攢[39m [2m/婕旇繘杞ㄨ抗/02-榄侀殫浜斾笘鐚风伒鎭濅紶/index.html[22m========== 鏍囨敞鏂囦欢鍔犺浇璋冭瘯 ==========
article.id 鍘熷鍊硷細 浜嬪唽涔嬭浇/11-绂€氱邯/02-榄侀殫鏈濅唬/01-榄侀殫姘?01-榄侀殫姘?02-榄侀殫浜斾笘鐚风伒鎭濅紶.md
article.id 绫诲瀷锛?string
article.id 闀垮害锛?48
article.id 瀛楃浠ｇ爜锛?浜?20107) 鍐?20876) 涔?20043) 杞?36733) /(47) 1(49) 1(49) -(45) 绂?31146) 閫?36890) 绾?32426) /(47) 0(48) 2(50) -(45) 榄?39745) 闅?38551) 鏈?26397) 浠?20195) /(47) 0(48) 1(49) -(45) 榄?39745) 闅?38551) 姘?27663) /(47) 0(48) 1(49) -(45) 榄?39745) 闅?38551) 姘?27663) /(47) 0(48) 2(50) -(45) 榄?39745) 闅?38551) 浜?20116) 涓?19990) 鐚?29495) 鐏?28789) 鎭?24669) 浼?20256) .(46) m(109) d(100)
annotationRoot锛?F:\GitHub\NEXUS\src\annotations
articlePathWithoutExt锛?浜嬪唽涔嬭浇/11-绂€氱邯/02-榄侀殫鏈濅唬/01-榄侀殫姘?01-榄侀殫姘?02-榄侀殫浜斾笘鐚风伒鎭濅紶
eventsPath锛?F:\GitHub\NEXUS\src\annotations\浜嬪唽涔嬭浇\11-绂€氱邯\02-榄侀殫鏈�.events.json�侀殫姘廫01-榄侀殫姘廫02-榄侀殫浜斾笘鐚风伒鎭濅紶.events.md
relationsPath锛?F:\GitHub\NEXUS\src\annotations\浜嬪唽涔嬭浇\11-绂€氱邯\02-榄侀殫鏈�.relations.json�殫姘廫01-榄侀殫姘廫02-榄侀殫浜斾笘鐚风伒鎭濅紶.relations.md
eventsPath 瀛樺湪锛?false
relationsPath 瀛樺湪锛?false
鍔犺浇鐨勬爣娉ㄦ枃浠舵暟閲忥細 0
鍔犺浇鐨勬爣娉ㄦ枃浠讹細 []
浼犻€掔粰鍓嶇鐨勬爣娉ㄦ暟鎹細 { files: [] }
 [2m(+20ms)[22m
[2m10:07:04[22m   [34m鈹溾攢[39m [2m/婕旇繘杞ㄨ抗/01-涓夎嫍姘忓垪/index.html[22m========== 鏍囨敞鏂囦欢鍔犺浇璋冭瘯 ==========
article.id 鍘熷鍊硷細 浜嬪唽涔嬭浇/11-绂€氱邯/03-绁炶静鏈濅唬/01-绁炶静姘?01-涓夎嫍姘?01-涓夎嫍姘忓垪.md
article.id 绫诲瀷锛?string
article.id 闀垮害锛?44
article.id 瀛楃浠ｇ爜锛?浜?20107) 鍐?20876) 涔?20043) 杞?36733) /(47) 1(49) 1(49) -(45) 绂?31146) 閫?36890) 绾?32426) /(47) 0(48) 3(51) -(45) 绁?31070) 杈?36786) 鏈?26397) 浠?20195) /(47) 0(48) 1(49) -(45) 绁?31070) 杈?36786) 姘?27663) /(47) 0(48) 1(49) -(45) 涓?19977) 鑻?33495) 姘?27663) /(47) 0(48) 1(49) -(45) 涓?19977) 鑻?33495) 姘?27663) 鍒?21015) .(46) m(109) d(100)
annotationRoot锛?F:\GitHub\NEXUS\src\annotations
articlePathWithoutExt锛?浜嬪唽涔嬭浇/11-绂€氱邯/03-绁炶静鏈濅唬/01-绁炶静姘?01-涓夎嫍姘?01-涓夎嫍姘忓垪
eventsPath锛?F:\GitHub\NEXUS\src\annotations\浜嬪唽涔嬭浇\11-绂€氱邯\03-绁炶�.events.json\01-绁炶静姘廫01-涓夎嫍姘廫01-涓夎嫍姘忓垪.events.md
relationsPath锛?F:\GitHub\NEXUS\src\annotations\浜嬪唽涔嬭浇\11-绂€氱邯\03-绁炶�.relations.json-绁炶静姘廫01-涓夎嫍姘廫01-涓夎嫍姘忓垪.relations.md
eventsPath 瀛樺湪锛?false
relationsPath 瀛樺湪锛?false
鍔犺浇鐨勬爣娉ㄦ枃浠舵暟閲忥細 0
鍔犺浇鐨勬爣娉ㄦ枃浠讹細 []
浼犻€掔粰鍓嶇鐨勬爣娉ㄦ暟鎹細 { files: [] }
 [2m(+5ms)[22m
[2m10:07:04[22m   [34m鈹溾攢[39m [2m/婕旇繘杞ㄨ抗/00-灏戝吀杞╄緯姘忓垪/index.html[22m========== 鏍囨敞鏂囦欢鍔犺浇璋冭瘯 ==========
article.id 鍘熷鍊硷細 浜嬪唽涔嬭浇/11-绂€氱邯/01-浼忕静鏈濅唬/27-浼忕静姘?01-灏戝吀杞╄緯姘?00-灏戝吀杞╄緯姘忓垪.md
article.id 绫诲瀷锛?string
article.id 闀垮害锛?48
article.id 瀛楃浠ｇ爜锛?浜?20107) 鍐?20876) 涔?20043) 杞?36733) /(47) 1(49) 1(49) -(45) 绂?31146) 閫?36890) 绾?32426) /(47) 0(48) 1(49) -(45) 浼?20239) 缇?32690) 鏈?26397) 浠?20195) /(47) 2(50) 7(55) -(45) 浼?20239) 缇?32690) 姘?27663) /(47) 0(48) 1(49) -(45) 灏?23569) 鍏?20856) 杞?36713) 杈?36757) 姘?27663) /(47) 0(48) 0(48) -(45) 灏?23569) 鍏?20856) 杞?36713) 杈?36757) 姘?27663) 鍒?21015) .(46) m(109) d(100)
annotationRoot锛?F:\GitHub\NEXUS\src\annotations
articlePathWithoutExt锛?浜嬪唽涔嬭浇/11-绂€氱邯/01-浼忕静鏈濅唬/27-浼忕静姘?01-灏戝吀杞╄緯姘?00-灏戝吀杞╄緯姘忓垪
eventsPath锛?F:\GitHub\NEXUS\src\annotations\浜嬪唽涔嬭浇\11-绂€氱邯\01-浼忕静鏈�.events.json�忕静姘廫01-灏戝吀杞╄緯姘廫00-灏戝吀杞╄緯姘忓垪.events.md
relationsPath锛?F:\GitHub\NEXUS\src\annotations\浜嬪唽涔嬭浇\11-绂€氱邯\01-浼忕静鏈�.relations.json�静姘廫01-灏戝吀杞╄緯姘廫00-灏戝吀杞╄緯姘忓垪.relations.md
eventsPath 瀛樺湪锛?false
relationsPath 瀛樺湪锛?false
鍔犺浇鐨勬爣娉ㄦ枃浠舵暟閲忥細 0
鍔犺浇鐨勬爣娉ㄦ枃浠讹細 []
浼犻€掔粰鍓嶇鐨勬爣娉ㄦ暟鎹細 { files: [] }
 [2m(+4ms)[22m
[2m10:07:04[22m   [34m鈹溾攢[39m [2m/婕旇繘杞ㄨ抗/01-灏戝吀杞╄緯涓€涓栫尫鐭涙湳浼?index.html[22m========== 鏍囨敞鏂囦欢鍔犺浇璋冭瘯 ==========
article.id 鍘熷鍊硷細 浜嬪唽涔嬭浇/11-绂€氱邯/01-浼忕静鏈濅唬/27-浼忕静姘?01-灏戝吀杞╄緯姘?01-灏戝吀杞╄緯涓€涓栫尫鐭涙湳浼?md
article.id 绫诲瀷锛?string
article.id 闀垮害锛?52
article.id 瀛楃浠ｇ爜锛?浜?20107) 鍐?20876) 涔?20043) 杞?36733) /(47) 1(49) 1(49) -(45) 绂?31146) 閫?36890) 绾?32426) /(47) 0(48) 1(49) -(45) 浼?20239) 缇?32690) 鏈?26397) 浠?20195) /(47) 2(50) 7(55) -(45) 浼?20239) 缇?32690) 姘?27663) /(47) 0(48) 1(49) -(45) 灏?23569) 鍏?20856) 杞?36713) 杈?36757) 姘?27663) /(47) 0(48) 1(49) -(45) 灏?23569) 鍏?20856) 杞?36713) 杈?36757) 涓€(19968) 涓?19990) 鐚?29495) 鐭?30683) 鏈?26415) 浼?20256) .(46) m(109) d(100)
annotationRoot锛?F:\GitHub\NEXUS\src\annotations
articlePathWithoutExt锛?浜嬪唽涔嬭浇/11-绂€氱邯/01-浼忕静鏈濅唬/27-浼忕静姘?01-灏戝吀杞╄緯姘?01-灏戝吀杞╄緯涓€涓栫尫鐭涙湳浼?eventsPath锛?F:\GitHub\NEXUS\src\annotations\浜嬪唽涔嬭浇\11-绂€氱邯\01-浼忕静鏈濅唬\27-浼忕静姘廫01-灏戝吀杞╄緯姘廫01-灏戝吀杞╄緯涓€涓栫尫鐭涙湳浼?events.md
relationsPath锛?F:\GitHub\NEXUS\src\annotations\浜嬪唽涔嬭浇\11-绂€氱邯\01-浼忕静鏈濅唬\27-浼忕静姘廫01-灏戝吀杞╄緯姘廫01-灏戝吀杞╄緯涓€涓栫尫鐭涙湳浼?relations.md
eventsPath 瀛樺湪锛?false
relationsPath 瀛樺湪锛?false
鍔犺浇鐨勬爣娉ㄦ枃浠舵暟閲忥細 0
鍔犺浇鐨勬爣娉ㄦ枃浠讹細 []
浼犻€掔粰鍓嶇鐨勬爣娉ㄦ暟鎹細 { files: [] }
 [2m(+4ms)[22m
[2m10:07:04[22m   [34m鈹溾攢[39m [2m/婕旇繘杞ㄨ抗/02-灏戝吀杞╄緯浜屼笘鐚疯尨鑺掍紶/index.html[22m========== 鏍囨敞鏂囦欢鍔犺浇璋冭瘯 ==========
article.id 鍘熷鍊硷細 浜嬪唽涔嬭浇/11-绂€氱邯/01-浼忕静鏈濅唬/27-浼忕静姘?01-灏戝吀杞╄緯姘?02-灏戝吀杞╄緯浜屼笘鐚疯尨鑺掍紶.md
article.id 绫诲瀷锛?string
article.id 闀垮害锛?52
article.id 瀛楃浠ｇ爜锛?浜?20107) 鍐?20876) 涔?20043) 杞?36733) /(47) 1(49) 1(49) -(45) 绂?31146) 閫?36890) 绾?32426) /(47) 0(48) 1(49) -(45) 浼?20239) 缇?32690) 鏈?26397) 浠?20195) /(47) 2(50) 7(55) -(45) 浼?20239) 缇?32690) 姘?27663) /(47) 0(48) 1(49) -(45) 灏?23569) 鍏?20856) 杞?36713) 杈?36757) 姘?27663) /(47) 0(48) 2(50) -(45) 灏?23569) 鍏?20856) 杞?36713) 杈?36757) 浜?20108) 涓?19990) 鐚?29495) 鑼?33588) 鑺?33426) 浼?20256) .(46) m(109) d(100)
annotationRoot锛?F:\GitHub\NEXUS\src\annotations
articlePathWithoutExt锛?浜嬪唽涔嬭浇/11-绂€氱邯/01-浼忕静鏈濅唬/27-浼忕静姘?01-灏戝吀杞╄緯姘?02-灏戝吀杞╄緯浜屼笘鐚疯尨鑺掍紶
eventsPath锛?F:\GitHub\NEXUS\src\annotations\浜嬪唽涔嬭浇\11-绂€氱邯\01-浼忕静鏈濅唬\2.events.json�姘廫01-灏戝吀杞╄緯姘廫02-灏戝吀杞╄緯浜屼笘鐚疯尨鑺掍紶.events.md
relationsPath锛?F:\GitHub\NEXUS\src\annotations\浜嬪唽涔嬭浇\11-绂€氱邯\01-浼忕静鏈濅唬\2.relations.json�廫01-灏戝吀杞╄緯姘廫02-灏戝吀杞╄緯浜屼笘鐚疯尨鑺掍紶.relations.md
eventsPath 瀛樺湪锛?false
relationsPath 瀛樺湪锛?false
鍔犺浇鐨勬爣娉ㄦ枃浠舵暟閲忥細 0
鍔犺浇鐨勬爣娉ㄦ枃浠讹細 []
浼犻€掔粰鍓嶇鐨勬爣娉ㄦ暟鎹細 { files: [] }
 [2m(+4ms)[22m
[2m10:07:04[22m   [34m鈹溾攢[39m [2m/婕旇繘杞ㄨ抗/03-灏戝吀杞╄緯涓変笘鐚疯丹鍝蹭紶/index.html[22m========== 鏍囨敞鏂囦欢鍔犺浇璋冭瘯 ==========
article.id 鍘熷鍊硷細 浜嬪唽涔嬭浇/11-绂€氱邯/01-浼忕静鏈濅唬/27-浼忕静姘?01-灏戝吀杞╄緯姘?03-灏戝吀杞╄緯涓変笘鐚疯丹鍝蹭紶.md
article.id 绫诲瀷锛?string
article.id 闀垮害锛?52
article.id 瀛楃浠ｇ爜锛?浜?20107) 鍐?20876) 涔?20043) 杞?36733) /(47) 1(49) 1(49) -(45) 绂?31146) 閫?36890) 绾?32426) /(47) 0(48) 1(49) -(45) 浼?20239) 缇?32690) 鏈?26397) 浠?20195) /(47) 2(50) 7(55) -(45) 浼?20239) 缇?32690) 姘?27663) /(47) 0(48) 1(49) -(45) 灏?23569) 鍏?20856) 杞?36713) 杈?36757) 姘?27663) /(47) 0(48) 3(51) -(45) 灏?23569) 鍏?20856) 杞?36713) 杈?36757) 涓?19977) 涓?19990) 鐚?29495) 璧?36196) 鍝?21746) 浼?20256) .(46) m(109) d(100)
annotationRoot锛?F:\GitHub\NEXUS\src\annotations
articlePathWithoutExt锛?浜嬪唽涔嬭浇/11-绂€氱邯/01-浼忕静鏈濅唬/27-浼忕静姘?01-灏戝吀杞╄緯姘?03-灏戝吀杞╄緯涓変笘鐚疯丹鍝蹭紶
eventsPath锛?F:\GitHub\NEXUS\src\annotations\浜嬪唽涔嬭浇\11-绂€氱邯\01-浼忕静鏈濅唬\2.events.json�姘廫01-灏戝吀杞╄緯姘廫03-灏戝吀杞╄緯涓変笘鐚疯丹鍝蹭紶.events.md
relationsPath锛?F:\GitHub\NEXUS\src\annotations\浜嬪唽涔嬭浇\11-绂€氱邯\01-浼忕静鏈濅唬\2.relations.json�廫01-灏戝吀杞╄緯姘廫03-灏戝吀杞╄緯涓変笘鐚疯丹鍝蹭紶.relations.md
eventsPath 瀛樺湪锛?false
relationsPath 瀛樺湪锛?false
鍔犺浇鐨勬爣娉ㄦ枃浠舵暟閲忥細 0
鍔犺浇鐨勬爣娉ㄦ枃浠讹細 []
浼犻€掔粰鍓嶇鐨勬爣娉ㄦ暟鎹細 { files: [] }
 [2m(+3ms)[22m
[2m10:07:04[22m   [34m鈹溾攢[39m [2m/婕旇繘杞ㄨ抗/01-鏌变笅鍙插叡宸ユ皬鍒?index.html[22m========== 鏍囨敞鏂囦欢鍔犺浇璋冭瘯 ==========
article.id 鍘熷鍊硷細 浜嬪唽涔嬭浇/11-绂€氱邯/01-浼忕静鏈濅唬/27-浼忕静姘?02-鏌变笅鍙插叡宸ユ皬鍒?01-鏌变笅鍙插叡宸ユ皬鍒?md
article.id 绫诲瀷锛?string
article.id 闀垮害锛?51
article.id 瀛楃浠ｇ爜锛?浜?20107) 鍐?20876) 涔?20043) 杞?36733) /(47) 1(49) 1(49) -(45) 绂?31146) 閫?36890) 绾?32426) /(47) 0(48) 1(49) -(45) 浼?20239) 缇?32690) 鏈?26397) 浠?20195) /(47) 2(50) 7(55) -(45) 浼?20239) 缇?32690) 姘?27663) /(47) 0(48) 2(50) -(45) 鏌?26609) 涓?19979) 鍙?21490) 鍏?20849) 宸?24037) 姘?27663) 鍒?21015) /(47) 0(48) 1(49) -(45) 鏌?26609) 涓?19979) 鍙?21490) 鍏?20849) 宸?24037) 姘?27663) 鍒?21015) .(46) m(109) d(100)
annotationRoot锛?F:\GitHub\NEXUS\src\annotations
articlePathWithoutExt锛?浜嬪唽涔嬭浇/11-绂€氱邯/01-浼忕静鏈濅唬/27-浼忕静姘?02-鏌变笅鍙插叡宸ユ皬鍒?01-鏌变笅鍙插叡宸ユ皬鍒?eventsPath锛?F:\GitHub\NEXUS\src\annotations\浜嬪唽涔嬭浇\11-绂€氱邯\01-浼忕静鏈濅唬\27-浼忕静姘廫02-鏌变笅鍙插叡宸ユ皬鍒梊01-鏌变笅鍙插叡宸ユ皬鍒?events.md
relationsPath锛?F:\GitHub\NEXUS\src\annotations\浜嬪唽涔嬭浇\11-绂€氱邯\01-浼忕静鏈濅唬\27-浼忕静姘廫02-鏌变笅鍙插叡宸ユ皬鍒梊01-鏌变笅鍙插叡宸ユ皬鍒?relations.md
eventsPath 瀛樺湪锛?false
relationsPath 瀛樺湪锛?false
鍔犺浇鐨勬爣娉ㄦ枃浠舵暟閲忥細 0
鍔犺浇鐨勬爣娉ㄦ枃浠讹細 []
浼犻€掔粰鍓嶇鐨勬爣娉ㄦ暟鎹細 { files: [] }
 [2m(+5ms)[22m
[2m10:07:04[22m   [34m鈹溾攢[39m [2m/婕旇繘杞ㄨ抗/01-涔濋粠鍥涗笘澶у笣铓╁晞鍒?index.html[22m========== 鏍囨敞鏂囦欢鍔犺浇璋冭瘯 ==========
article.id 鍘熷鍊硷細 浜嬪唽涔嬭浇/12-鐤忎弧绾?01-杌掕絽鏈濅唬/01-杌掕絽姘?01-涔濋粠铓╁挨姘?01-涔濋粠鍥涗笘澶у笣铓╁晞鍒?md
article.id 绫诲瀷锛?string
article.id 闀垮害锛?51
article.id 瀛楃浠ｇ爜锛?浜?20107) 鍐?20876) 涔?20043) 杞?36733) /(47) 1(49) 2(50) -(45) 鐤?30095) 浠?20193) 绾?32426) /(47) 0(48) 1(49) -(45) 杌?36562) 杞?36677) 鏈?26397) 浠?20195) /(47) 0(48) 1(49) -(45) 杌?36562) 杞?36677) 姘?27663) /(47) 0(48) 1(49) -(45) 涔?20061) 榛?40654) 铓?34473) 灏?23588) 姘?27663) /(47) 0(48) 1(49) -(45) 涔?20061) 榛?40654) 鍥?22235) 涓?19990) 澶?22823) 甯?24093) 铓?34473) 鍟?21828) 鍒?21015) .(46) m(109) d(100)
annotationRoot锛?F:\GitHub\NEXUS\src\annotations
articlePathWithoutExt锛?浜嬪唽涔嬭浇/12-鐤忎弧绾?01-杌掕絽鏈濅唬/01-杌掕絽姘?01-涔濋粠铓╁挨姘?01-涔濋粠鍥涗笘澶у笣铓╁晞鍒?eventsPath锛?F:\GitHub\NEXUS\src\annotations\浜嬪唽涔嬭浇\12-鐤忎弧绾猏01-杌掕絽鏈濅唬\01-杌掕絽姘廫01-涔濋粠铓╁挨姘廫01-涔濋粠鍥涗笘澶у笣铓╁晞鍒?events.md
relationsPath锛?F:\GitHub\NEXUS\src\annotations\浜嬪唽涔嬭浇\12-鐤忎弧绾猏01-杌掕絽鏈濅唬\01-杌掕絽姘廫01-涔濋粠铓╁挨姘廫01-涔濋粠鍥涗笘澶у笣铓╁晞鍒?relations.md
eventsPath 瀛樺湪锛?false
relationsPath 瀛樺湪锛?false
鍔犺浇鐨勬爣娉ㄦ枃浠舵暟閲忥細 0
鍔犺浇鐨勬爣娉ㄦ枃浠讹細 []
浼犻€掔粰鍓嶇鐨勬爣娉ㄦ暟鎹細 { files: [] }
 [2m(+4ms)[22m
[2m10:07:04[22m   [34m鈹溾攢[39m [2m/婕旇繘杞ㄨ抗/02-涔濋粠浜斾笘甯濆洖铏昏毄灏ゆ皬鍒?index.html[22m========== 鏍囨敞鏂囦欢鍔犺浇璋冭瘯 ==========
article.id 鍘熷鍊硷細 浜嬪唽涔嬭浇/12-鐤忎弧绾?01-杌掕絽鏈濅唬/01-杌掕絽姘?01-涔濋粠铓╁挨姘?02-涔濋粠浜斾笘甯濆洖铏昏毄灏ゆ皬鍒?md
article.id 绫诲瀷锛?string
article.id 闀垮害锛?53
article.id 瀛楃浠ｇ爜锛?浜?20107) 鍐?20876) 涔?20043) 杞?36733) /(47) 1(49) 2(50) -(45) 鐤?30095) 浠?20193) 绾?32426) /(47) 0(48) 1(49) -(45) 杌?36562) 杞?36677) 鏈?26397) 浠?20195) /(47) 0(48) 1(49) -(45) 杌?36562) 杞?36677) 姘?27663) /(47) 0(48) 1(49) -(45) 涔?20061) 榛?40654) 铓?34473) 灏?23588) 姘?27663) /(47) 0(48) 2(50) -(45) 涔?20061) 榛?40654) 浜?20116) 涓?19990) 甯?24093) 鍥?22238) 铏?34427) 铓?34473) 灏?23588) 姘?27663) 鍒?21015) .(46) m(109) d(100)
annotationRoot锛?F:\GitHub\NEXUS\src\annotations
articlePathWithoutExt锛?浜嬪唽涔嬭浇/12-鐤忎弧绾?01-杌掕絽鏈濅唬/01-杌掕絽姘?01-涔濋粠铓╁挨姘?02-涔濋粠浜斾笘甯濆洖铏昏毄灏ゆ皬鍒?eventsPath锛?F:\GitHub\NEXUS\src\annotations\浜嬪唽涔嬭浇\12-鐤忎弧绾猏01-杌掕絽鏈濅唬\01-杌掕絽姘廫01-涔濋粠铓╁挨姘廫02-涔濋粠浜斾笘甯濆洖铏昏毄灏ゆ皬鍒?events.md
relationsPath锛?F:\GitHub\NEXUS\src\annotations\浜嬪唽涔嬭浇\12-鐤忎弧绾猏01-杌掕絽鏈濅唬\01-杌掕絽姘廫01-涔濋粠铓╁挨姘廫02-涔濋粠浜斾笘甯濆洖铏昏毄灏ゆ皬鍒?relations.md
eventsPath 瀛樺湪锛?false
relationsPath 瀛樺湪锛?false
鍔犺浇鐨勬爣娉ㄦ枃浠舵暟閲忥細 0
鍔犺浇鐨勬爣娉ㄦ枃浠讹細 []
浼犻€掔粰鍓嶇鐨勬爣娉ㄦ暟鎹細 { files: [] }
 [2m(+6ms)[22m
[2m10:07:04[22m   [34m鈹溾攢[39m [2m/婕旇繘杞ㄨ抗/03-涔濋粠鍏笘甯濊灜铓╁挨姘忓垪/index.html[22m========== 鏍囨敞鏂囦欢鍔犺浇璋冭瘯 ==========
article.id 鍘熷鍊硷細 浜嬪唽涔嬭浇/12-鐤忎弧绾?01-杌掕絽鏈濅唬/01-杌掕絽姘?01-涔濋粠铓╁挨姘?03-涔濋粠鍏笘甯濊灜铓╁挨姘忓垪.md
article.id 绫诲瀷锛?string
article.id 闀垮害锛?52
article.id 瀛楃浠ｇ爜锛?浜?20107) 鍐?20876) 涔?20043) 杞?36733) /(47) 1(49) 2(50) -(45) 鐤?30095) 浠?20193) 绾?32426) /(47) 0(48) 1(49) -(45) 杌?36562) 杞?36677) 鏈?26397) 浠?20195) /(47) 0(48) 1(49) -(45) 杌?36562) 杞?36677) 姘?27663) /(47) 0(48) 1(49) -(45) 涔?20061) 榛?40654) 铓?34473) 灏?23588) 姘?27663) /(47) 0(48) 3(51) -(45) 涔?20061) 榛?40654) 鍏?20845) 涓?19990) 甯?24093) 铻?34733) 铓?34473) 灏?23588) 姘?27663) 鍒?21015) .(46) m(109) d(100)
annotationRoot锛?F:\GitHub\NEXUS\src\annotations
articlePathWithoutExt锛?浜嬪唽涔嬭浇/12-鐤忎弧绾?01-杌掕絽鏈濅唬/01-杌掕絽姘?01-涔濋粠铓╁挨姘?03-涔濋粠鍏笘甯濊灜铓╁挨姘忓垪
eventsPath锛?F:\GitHub\NEXUS\src\annotations\浜嬪唽涔嬭浇\12-鐤忎弧绾猏01-杌掕絽鏈濅唬\0.events.json�姘廫01-涔濋粠铓╁挨姘廫03-涔濋粠鍏笘甯濊灜铓╁挨姘忓垪.events.md
relationsPath锛?F:\GitHub\NEXUS\src\annotations\浜嬪唽涔嬭浇\12-鐤忎弧绾猏01-杌掕絽鏈濅唬\0.relations.json�廫01-涔濋粠铓╁挨姘廫03-涔濋粠鍏笘甯濊灜铓╁挨姘忓垪.relations.md
eventsPath 瀛樺湪锛?false
relationsPath 瀛樺湪锛?false
鍔犺浇鐨勬爣娉ㄦ枃浠舵暟閲忥細 0
鍔犺浇鐨勬爣娉ㄦ枃浠讹細 []
浼犻€掔粰鍓嶇鐨勬爣娉ㄦ暟鎹細 { files: [] }
 [2m(+3ms)[22m
[2m10:07:04[22m   [34m鈹溾攢[39m [2m/婕旇繘杞ㄨ抗/04-涔濋粠涓冧笘甯濊殾铓╁挨姘忓垪/index.html[22m========== 鏍囨敞鏂囦欢鍔犺浇璋冭瘯 ==========
article.id 鍘熷鍊硷細 浜嬪唽涔嬭浇/12-鐤忎弧绾?01-杌掕絽鏈濅唬/01-杌掕絽姘?01-涔濋粠铓╁挨姘?04-涔濋粠涓冧笘甯濊殾铓╁挨姘忓垪.md
article.id 绫诲瀷锛?string
article.id 闀垮害锛?52
article.id 瀛楃浠ｇ爜锛?浜?20107) 鍐?20876) 涔?20043) 杞?36733) /(47) 1(49) 2(50) -(45) 鐤?30095) 浠?20193) 绾?32426) /(47) 0(48) 1(49) -(45) 杌?36562) 杞?36677) 鏈?26397) 浠?20195) /(47) 0(48) 1(49) -(45) 杌?36562) 杞?36677) 姘?27663) /(47) 0(48) 1(49) -(45) 涔?20061) 榛?40654) 铓?34473) 灏?23588) 姘?27663) /(47) 0(48) 4(52) -(45) 涔?20061) 榛?40654) 涓?19971) 涓?19990) 甯?24093) 铓?34470) 铓?34473) 灏?23588) 姘?27663) 鍒?21015) .(46) m(109) d(100)
annotationRoot锛?F:\GitHub\NEXUS\src\annotations
articlePathWithoutExt锛?浜嬪唽涔嬭浇/12-鐤忎弧绾?01-杌掕絽鏈濅唬/01-杌掕絽姘?01-涔濋粠铓╁挨姘?04-涔濋粠涓冧笘甯濊殾铓╁挨姘忓垪
eventsPath锛?F:\GitHub\NEXUS\src\annotations\浜嬪唽涔嬭浇\12-鐤忎弧绾猏01-杌掕絽鏈濅唬\0.events.json�姘廫01-涔濋粠铓╁挨姘廫04-涔濋粠涓冧笘甯濊殾铓╁挨姘忓垪.events.md
relationsPath锛?F:\GitHub\NEXUS\src\annotations\浜嬪唽涔嬭浇\12-鐤忎弧绾猏01-杌掕絽鏈濅唬\0.relations.json�廫01-涔濋粠铓╁挨姘廫04-涔濋粠涓冧笘甯濊殾铓╁挨姘忓垪.relations.md
eventsPath 瀛樺湪锛?false
relationsPath 瀛樺湪锛?false
鍔犺浇鐨勬爣娉ㄦ枃浠舵暟閲忥細 0
鍔犺浇鐨勬爣娉ㄦ枃浠讹細 []
浼犻€掔粰鍓嶇鐨勬爣娉ㄦ暟鎹細 { files: [] }
 [2m(+4ms)[22m
[2m10:07:04[22m   [34m鈹溾攢[39m [2m/婕旇繘杞ㄨ抗/01-姘存宕囦集椴ф皬鍒?index.html[22m========== 鏍囨敞鏂囦欢鍔犺浇璋冭瘯 ==========
article.id 鍘熷鍊硷細 浜嬪唽涔嬭浇/12-鐤忎弧绾?06-闄跺攼鏈濅唬/01-闄跺攼姘?01-姘存宕囦集椴ф皬/01-姘存宕囦集椴ф皬鍒?md
article.id 绫诲瀷锛?string
article.id 闀垮害锛?50
article.id 瀛楃浠ｇ爜锛?浜?20107) 鍐?20876) 涔?20043) 杞?36733) /(47) 1(49) 2(50) -(45) 鐤?30095) 浠?20193) 绾?32426) /(47) 0(48) 6(54) -(45) 闄?38518) 鍞?21776) 鏈?26397) 浠?20195) /(47) 0(48) 1(49) -(45) 闄?38518) 鍞?21776) 姘?27663) /(47) 0(48) 1(49) -(45) 姘?27700) 姝?27491) 宕?23815) 浼?20271) 椴?40103) 姘?27663) /(47) 0(48) 1(49) -(45) 姘?27700) 姝?27491) 宕?23815) 浼?20271) 椴?40103) 姘?27663) 鍒?21015) .(46) m(109) d(100)
annotationRoot锛?F:\GitHub\NEXUS\src\annotations
articlePathWithoutExt锛?浜嬪唽涔嬭浇/12-鐤忎弧绾?06-闄跺攼鏈濅唬/01-闄跺攼姘?01-姘存宕囦集椴ф皬/01-姘存宕囦集椴ф皬鍒?eventsPath锛?F:\GitHub\NEXUS\src\annotations\浜嬪唽涔嬭浇\12-鐤忎弧绾猏06-闄跺攼鏈濅唬\01-闄跺攼姘廫01-姘存宕囦集椴ф皬\01-姘存宕囦集椴ф皬鍒?events.md
relationsPath锛?F:\GitHub\NEXUS\src\annotations\浜嬪唽涔嬭浇\12-鐤忎弧绾猏06-闄跺攼鏈濅唬\01-闄跺攼姘廫01-姘存宕囦集椴ф皬\01-姘存宕囦集椴ф皬鍒?relations.md
eventsPath 瀛樺湪锛?false
relationsPath 瀛樺湪锛?false
鍔犺浇鐨勬爣娉ㄦ枃浠舵暟閲忥細 0
鍔犺浇鐨勬爣娉ㄦ枃浠讹細 []
浼犻€掔粰鍓嶇鐨勬爣娉ㄦ暟鎹細 { files: [] }
 [2m(+4ms)[22m
[2m10:07:04[22m   [34m鈹溾攢[39m [2m/婕旇繘杞ㄨ抗/01-鍟嗕集涓€涓栧瀛愭皬浼?index.html[22m========== 鏍囨敞鏂囦欢鍔犺浇璋冭瘯 ==========
article.id 鍘熷鍊硷細 浜嬪唽涔嬭浇/12-鐤忎弧绾?07-鏈夎櫈鏈濅唬/01-鏈夎櫈姘?01-鍙稿緳鍟嗕集瀛愭皬/01-鍟嗕集涓€涓栧瀛愭皬浼?md
article.id 绫诲瀷锛?string
article.id 闀垮害锛?51
article.id 瀛楃浠ｇ爜锛?浜?20107) 鍐?20876) 涔?20043) 杞?36733) /(47) 1(49) 2(50) -(45) 鐤?30095) 浠?20193) 绾?32426) /(47) 0(48) 7(55) -(45) 鏈?26377) 铏?34398) 鏈?26397) 浠?20195) /(47) 0(48) 1(49) -(45) 鏈?26377) 铏?34398) 姘?27663) /(47) 0(48) 1(49) -(45) 鍙?21496) 寰?24473) 鍟?21830) 浼?20271) 瀛?23376) 姘?27663) /(47) 0(48) 1(49) -(45) 鍟?21830) 浼?20271) 涓€(19968) 涓?19990) 濂?22865) 瀛?23376) 姘?27663) 浼?20256) .(46) m(109) d(100)
annotationRoot锛?F:\GitHub\NEXUS\src\annotations
articlePathWithoutExt锛?浜嬪唽涔嬭浇/12-鐤忎弧绾?07-鏈夎櫈鏈濅唬/01-鏈夎櫈姘?01-鍙稿緳鍟嗕集瀛愭皬/01-鍟嗕集涓€涓栧瀛愭皬浼?eventsPath锛?F:\GitHub\NEXUS\src\annotations\浜嬪唽涔嬭浇\12-鐤忎弧绾猏07-鏈夎櫈鏈濅唬\01-鏈夎櫈姘廫01-鍙稿緳鍟嗕集瀛愭皬\01-鍟嗕集涓€涓栧瀛愭皬浼?events.md
relationsPath锛?F:\GitHub\NEXUS\src\annotations\浜嬪唽涔嬭浇\12-鐤忎弧绾猏07-鏈夎櫈鏈濅唬\01-鏈夎櫈姘廫01-鍙稿緳鍟嗕集瀛愭皬\01-鍟嗕集涓€涓栧瀛愭皬浼?relations.md
eventsPath 瀛樺湪锛?false
relationsPath 瀛樺湪锛?false
鍔犺浇鐨勬爣娉ㄦ枃浠舵暟閲忥細 0
鍔犺浇鐨勬爣娉ㄦ枃浠讹細 []
浼犻€掔粰鍓嶇鐨勬爣娉ㄦ暟鎹細 { files: [] }
 [2m(+5ms)[22m
[2m10:07:04[22m   [34m鈹溾攢[39m [2m/鍒跺害涓庡垱閫?0-閮ㄥ簭/index.html[22m========== 鏍囨敞鏂囦欢鍔犺浇璋冭瘯 ==========
article.id 鍘熷鍊硷細 0-閮ㄥ簭.md
article.id 绫诲瀷锛?string
article.id 闀垮害锛?7
article.id 瀛楃浠ｇ爜锛?0(48) -(45) 閮?37096) 搴?24207) .(46) m(109) d(100)
annotationRoot锛?F:\GitHub\NEXUS\src\annotations
articlePathWithoutExt锛?0-閮ㄥ簭
eventsPath锛?F:\GitHub\NEXUS\src\annotations\0-�.events.jsonvents.md
relationsPath锛?F:\GitHub\NEXUS\src\annotations\0-�.relations.jsontions.md
eventsPath 瀛樺湪锛?false
relationsPath 瀛樺湪锛?false
鍔犺浇鐨勬爣娉ㄦ枃浠舵暟閲忥細 0
鍔犺浇鐨勬爣娉ㄦ枃浠讹細 []
浼犻€掔粰鍓嶇鐨勬爣娉ㄦ暟鎹細 { files: [] }
 [2m(+6ms)[22m
[2m10:07:04[22m   [34m鈹溾攢[39m [2m/鍒跺害涓庡垱閫?01-缇茬殗鏀垮吀/index.html[22m========== 鏍囨敞鏂囦欢鍔犺浇璋冭瘯 ==========
article.id 鍘熷鍊硷細 鏀垮吀涔嬩功/63-鏄婂ぉ鍧?01-缇茬殗鏀垮吀.md
article.id 绫诲瀷锛?string
article.id 闀垮害锛?22
article.id 瀛楃浠ｇ爜锛?鏀?25919) 鍏?20856) 涔?20043) 涔?20070) /(47) 6(54) 3(51) -(45) 鏄?26122) 澶?22825) 鍧?22367) /(47) 0(48) 1(49) -(45) 缇?32690) 鐨?30343) 鏀?25919) 鍏?20856) .(46) m(109) d(100)
annotationRoot锛?F:\GitHub\NEXUS\src\annotations
articlePathWithoutExt锛?鏀垮吀涔嬩功/63-鏄婂ぉ鍧?01-缇茬殗鏀垮吀
eventsPath锛?F:\GitHub\NEXUS\src\annotations\鏀垮吀涔嬩功\63-.events.json��焅01-缇茬殗鏀垮吀.events.md
relationsPath锛?F:\GitHub\NEXUS\src\annotations\鏀垮吀涔嬩功\63-.relations.json��01-缇茬殗鏀垮吀.relations.md
eventsPath 瀛樺湪锛?false
relationsPath 瀛樺湪锛?false
鍔犺浇鐨勬爣娉ㄦ枃浠舵暟閲忥細 0
鍔犺浇鐨勬爣娉ㄦ枃浠讹細 []
浼犻€掔粰鍓嶇鐨勬爣娉ㄦ暟鎹細 { files: [] }
 [2m(+4ms)[22m
[2m10:07:04[22m   [34m鈹溾攢[39m [2m/鍒跺害涓庡垱閫?鐕х殗鏀垮吀/index.html[22m========== 鏍囨敞鏂囦欢鍔犺浇璋冭瘯 ==========
article.id 鍘熷鍊硷細 鏀垮吀涔嬩功/61-鐕уぉ鍧?鐕х殗鏀垮吀.md
article.id 绫诲瀷锛?string
article.id 闀垮害锛?19
article.id 瀛楃浠ｇ爜锛?鏀?25919) 鍏?20856) 涔?20043) 涔?20070) /(47) 6(54) 1(49) -(45) 鐕?29159) 澶?22825) 鍧?22367) /(47) 鐕?29159) 鐨?30343) 鏀?25919) 鍏?20856) .(46) m(109) d(100)
annotationRoot锛?F:\GitHub\NEXUS\src\annotations
articlePathWithoutExt锛?鏀垮吀涔嬩功/61-鐕уぉ鍧?鐕х殗鏀垮吀
eventsPath锛?F:\GitHub\NEXUS\src\annotations\鏀垮吀涔嬩功\.events.json�鍧焅鐕х殗鏀垮吀.events.md
relationsPath锛?F:\GitHub\NEXUS\src\annotations\鏀垮吀涔嬩功\.relations.json�焅鐕х殗鏀垮吀.relations.md
eventsPath 瀛樺湪锛?false
relationsPath 瀛樺湪锛?false
鍔犺浇鐨勬爣娉ㄦ枃浠舵暟閲忥細 0
鍔犺浇鐨勬爣娉ㄦ枃浠讹細 []
浼犻€掔粰鍓嶇鐨勬爣娉ㄦ暟鎹細 { files: [] }
 [2m(+5ms)[22m
[2m10:07:04[22m   [34m鈹溾攢[39m [2m/鍒跺害涓庡垱閫?02-濂冲ú鏀垮吀/index.html[22m========== 鏍囨敞鏂囦欢鍔犺浇璋冭瘯 ==========
article.id 鍘熷鍊硷細 鏀垮吀涔嬩功/63-鏄婂ぉ鍧?02-濂冲ú鏀垮吀.md
article.id 绫诲瀷锛?string
article.id 闀垮害锛?22
article.id 瀛楃浠ｇ爜锛?鏀?25919) 鍏?20856) 涔?20043) 涔?20070) /(47) 6(54) 3(51) -(45) 鏄?26122) 澶?22825) 鍧?22367) /(47) 0(48) 2(50) -(45) 濂?22899) 濞?23090) 鏀?25919) 鍏?20856) .(46) m(109) d(100)
annotationRoot锛?F:\GitHub\NEXUS\src\annotations
articlePathWithoutExt锛?鏀垮吀涔嬩功/63-鏄婂ぉ鍧?02-濂冲ú鏀垮吀
eventsPath锛?F:\GitHub\NEXUS\src\annotations\鏀垮吀涔嬩功\63-.events.json��焅02-濂冲ú鏀垮吀.events.md
relationsPath锛?F:\GitHub\NEXUS\src\annotations\鏀垮吀涔嬩功\63-.relations.json��02-濂冲ú鏀垮吀.relations.md
eventsPath 瀛樺湪锛?false
relationsPath 瀛樺湪锛?false
鍔犺浇鐨勬爣娉ㄦ枃浠舵暟閲忥細 0
鍔犺浇鐨勬爣娉ㄦ枃浠讹細 []
浼犻€掔粰鍓嶇鐨勬爣娉ㄦ暟鎹細 { files: [] }
 [2m(+4ms)[22m
[2m10:07:04[22m   [34m鈹溾攢[39m [2m/鍒跺害涓庡垱閫?03-鏍楅檰姘忔斂鍏?index.html[22m========== 鏍囨敞鏂囦欢鍔犺浇璋冭瘯 ==========
article.id 鍘熷鍊硷細 鏀垮吀涔嬩功/63-鏄婂ぉ鍧?03-鏍楅檰姘忔斂鍏?md
article.id 绫诲瀷锛?string
article.id 闀垮害锛?23
article.id 瀛楃浠ｇ爜锛?鏀?25919) 鍏?20856) 涔?20043) 涔?20070) /(47) 6(54) 3(51) -(45) 鏄?26122) 澶?22825) 鍧?22367) /(47) 0(48) 3(51) -(45) 鏍?26647) 闄?38470) 姘?27663) 鏀?25919) 鍏?20856) .(46) m(109) d(100)
annotationRoot锛?F:\GitHub\NEXUS\src\annotations
articlePathWithoutExt锛?鏀垮吀涔嬩功/63-鏄婂ぉ鍧?03-鏍楅檰姘忔斂鍏?eventsPath锛?F:\GitHub\NEXUS\src\annotations\鏀垮吀涔嬩功\63-鏄婂ぉ鍧焅03-鏍楅檰姘忔斂鍏?events.md
relationsPath锛?F:\GitHub\NEXUS\src\annotations\鏀垮吀涔嬩功\63-鏄婂ぉ鍧焅03-鏍楅檰姘忔斂鍏?relations.md
eventsPath 瀛樺湪锛?false
relationsPath 瀛樺湪锛?false
鍔犺浇鐨勬爣娉ㄦ枃浠舵暟閲忥細 0
鍔犺浇鐨勬爣娉ㄦ枃浠讹細 []
浼犻€掔粰鍓嶇鐨勬爣娉ㄦ暟鎹細 { files: [] }
 [2m(+5ms)[22m
[2m10:07:04[22m   [34m鈹溾攢[39m [2m/鍒跺害涓庡垱閫?12-璧儱姘忔斂鍏?index.html[22m========== 鏍囨敞鏂囦欢鍔犺浇璋冭瘯 ==========
article.id 鍘熷鍊硷細 鏀垮吀涔嬩功/63-鏄婂ぉ鍧?12-璧儱姘忔斂鍏?md
article.id 绫诲瀷锛?string
article.id 闀垮害锛?23
article.id 瀛楃浠ｇ爜锛?鏀?25919) 鍏?20856) 涔?20043) 涔?20070) /(47) 6(54) 3(51) -(45) 鏄?26122) 澶?22825) 鍧?22367) /(47) 1(49) 2(50) -(45) 璧?36203) 鑳?32997) 姘?27663) 鏀?25919) 鍏?20856) .(46) m(109) d(100)
annotationRoot锛?F:\GitHub\NEXUS\src\annotations
articlePathWithoutExt锛?鏀垮吀涔嬩功/63-鏄婂ぉ鍧?12-璧儱姘忔斂鍏?eventsPath锛?F:\GitHub\NEXUS\src\annotations\鏀垮吀涔嬩功\63-鏄婂ぉ鍧焅12-璧儱姘忔斂鍏?events.md
relationsPath锛?F:\GitHub\NEXUS\src\annotations\鏀垮吀涔嬩功\63-鏄婂ぉ鍧焅12-璧儱姘忔斂鍏?relations.md
eventsPath 瀛樺湪锛?false
relationsPath 瀛樺湪锛?false
鍔犺浇鐨勬爣娉ㄦ枃浠舵暟閲忥細 0
鍔犺浇鐨勬爣娉ㄦ枃浠讹細 []
浼犻€掔粰鍓嶇鐨勬爣娉ㄦ暟鎹細 { files: [] }
 [2m(+4ms)[22m
[2m10:07:04[22m   [34m鈹溾攢[39m [2m/鍒跺害涓庡垱閫?11-楠婅繛姘忔斂鍏?index.html[22m========== 鏍囨敞鏂囦欢鍔犺浇璋冭瘯 ==========
article.id 鍘熷鍊硷細 鏀垮吀涔嬩功/63-鏄婂ぉ鍧?11-楠婅繛姘忔斂鍏?md
article.id 绫诲瀷锛?string
article.id 闀垮害锛?23
article.id 瀛楃浠ｇ爜锛?鏀?25919) 鍏?20856) 涔?20043) 涔?20070) /(47) 6(54) 3(51) -(45) 鏄?26122) 澶?22825) 鍧?22367) /(47) 1(49) 1(49) -(45) 楠?39562) 杩?36830) 姘?27663) 鏀?25919) 鍏?20856) .(46) m(109) d(100)
annotationRoot锛?F:\GitHub\NEXUS\src\annotations
articlePathWithoutExt锛?鏀垮吀涔嬩功/63-鏄婂ぉ鍧?11-楠婅繛姘忔斂鍏?eventsPath锛?F:\GitHub\NEXUS\src\annotations\鏀垮吀涔嬩功\63-鏄婂ぉ鍧焅11-楠婅繛姘忔斂鍏?events.md
relationsPath锛?F:\GitHub\NEXUS\src\annotations\鏀垮吀涔嬩功\63-鏄婂ぉ鍧焅11-楠婅繛姘忔斂鍏?relations.md
eventsPath 瀛樺湪锛?false
relationsPath 瀛樺湪锛?false
鍔犺浇鐨勬爣娉ㄦ枃浠舵暟閲忥細 0
鍔犺浇鐨勬爣娉ㄦ枃浠讹細 []
浼犻€掔粰鍓嶇鐨勬爣娉ㄦ暟鎹細 { files: [] }
 [2m(+5ms)[22m
[2m10:07:04[22m   [34m鈹溾攢[39m [2m/鍒跺害涓庡垱閫?14-灏婂崲姘忔斂鍏?index.html[22m========== 鏍囨敞鏂囦欢鍔犺浇璋冭瘯 ==========
article.id 鍘熷鍊硷細 鏀垮吀涔嬩功/63-鏄婂ぉ鍧?14-灏婂崲姘忔斂鍏?md
article.id 绫诲瀷锛?string
article.id 闀垮害锛?23
article.id 瀛楃浠ｇ爜锛?鏀?25919) 鍏?20856) 涔?20043) 涔?20070) /(47) 6(54) 3(51) -(45) 鏄?26122) 澶?22825) 鍧?22367) /(47) 1(49) 4(52) -(45) 灏?23562) 鍗?21346) 姘?27663) 鏀?25919) 鍏?20856) .(46) m(109) d(100)
annotationRoot锛?F:\GitHub\NEXUS\src\annotations
articlePathWithoutExt锛?鏀垮吀涔嬩功/63-鏄婂ぉ鍧?14-灏婂崲姘忔斂鍏?eventsPath锛?F:\GitHub\NEXUS\src\annotations\鏀垮吀涔嬩功\63-鏄婂ぉ鍧焅14-灏婂崲姘忔斂鍏?events.md
relationsPath锛?F:\GitHub\NEXUS\src\annotations\鏀垮吀涔嬩功\63-鏄婂ぉ鍧焅14-灏婂崲姘忔斂鍏?relations.md
eventsPath 瀛樺湪锛?false
relationsPath 瀛樺湪锛?false
鍔犺浇鐨勬爣娉ㄦ枃浠舵暟閲忥細 0
鍔犺浇鐨勬爣娉ㄦ枃浠讹細 []
浼犻€掔粰鍓嶇鐨勬爣娉ㄦ暟鎹細 { files: [] }
 [2m(+4ms)[22m
[2m10:07:04[22m   [34m鈹溾攢[39m [2m/鍒跺害涓庡垱閫?13-浼忕静姘忔斂鍏?index.html[22m========== 鏍囨敞鏂囦欢鍔犺浇璋冭瘯 ==========
article.id 鍘熷鍊硷細 鏀垮吀涔嬩功/63-鏄婂ぉ鍧?13-浼忕静姘忔斂鍏?md
article.id 绫诲瀷锛?string
article.id 闀垮害锛?23
article.id 瀛楃浠ｇ爜锛?鏀?25919) 鍏?20856) 涔?20043) 涔?20070) /(47) 6(54) 3(51) -(45) 鏄?26122) 澶?22825) 鍧?22367) /(47) 1(49) 3(51) -(45) 浼?20239) 缇?32690) 姘?27663) 鏀?25919) 鍏?20856) .(46) m(109) d(100)
annotationRoot锛?F:\GitHub\NEXUS\src\annotations
articlePathWithoutExt锛?鏀垮吀涔嬩功/63-鏄婂ぉ鍧?13-浼忕静姘忔斂鍏?eventsPath锛?F:\GitHub\NEXUS\src\annotations\鏀垮吀涔嬩功\63-鏄婂ぉ鍧焅13-浼忕静姘忔斂鍏?events.md
relationsPath锛?F:\GitHub\NEXUS\src\annotations\鏀垮吀涔嬩功\63-鏄婂ぉ鍧焅13-浼忕静姘忔斂鍏?relations.md
eventsPath 瀛樺湪锛?false
relationsPath 瀛樺湪锛?false
鍔犺浇鐨勬爣娉ㄦ枃浠舵暟閲忥細 0
鍔犺浇鐨勬爣娉ㄦ枃浠讹細 []
浼犻€掔粰鍓嶇鐨勬爣娉ㄦ暟鎹細 { files: [] }
 [2m(+5ms)[22m
[2m10:07:04[22m   [34m鈹溾攢[39m [2m/鍒跺害涓庡垱閫?17-娣锋矊姘忔斂鍏?index.html[22m========== 鏍囨敞鏂囦欢鍔犺浇璋冭瘯 ==========
article.id 鍘熷鍊硷細 鏀垮吀涔嬩功/63-鏄婂ぉ鍧?17-娣锋矊姘忔斂鍏?md
article.id 绫诲瀷锛?string
article.id 闀垮害锛?23
article.id 瀛楃浠ｇ爜锛?鏀?25919) 鍏?20856) 涔?20043) 涔?20070) /(47) 6(54) 3(51) -(45) 鏄?26122) 澶?22825) 鍧?22367) /(47) 1(49) 7(55) -(45) 娣?28151) 娌?27788) 姘?27663) 鏀?25919) 鍏?20856) .(46) m(109) d(100)
annotationRoot锛?F:\GitHub\NEXUS\src\annotations
articlePathWithoutExt锛?鏀垮吀涔嬩功/63-鏄婂ぉ鍧?17-娣锋矊姘忔斂鍏?eventsPath锛?F:\GitHub\NEXUS\src\annotations\鏀垮吀涔嬩功\63-鏄婂ぉ鍧焅17-娣锋矊姘忔斂鍏?events.md
relationsPath锛?F:\GitHub\NEXUS\src\annotations\鏀垮吀涔嬩功\63-鏄婂ぉ鍧焅17-娣锋矊姘忔斂鍏?relations.md
eventsPath 瀛樺湪锛?false
relationsPath 瀛樺湪锛?false
鍔犺浇鐨勬爣娉ㄦ枃浠舵暟閲忥細 0
鍔犺浇鐨勬爣娉ㄦ枃浠讹細 []
浼犻€掔粰鍓嶇鐨勬爣娉ㄦ暟鎹細 { files: [] }
 [2m(+5ms)[22m
[2m10:07:04[22m   [34m鈹溾攢[39m [2m/鍒跺害涓庡垱閫?23-浼忕静姘忔斂鍏?index.html[22m========== 鏍囨敞鏂囦欢鍔犺浇璋冭瘯 ==========
article.id 鍘熷鍊硷細 鏀垮吀涔嬩功/63-鏄婂ぉ鍧?23-浼忕静姘忔斂鍏?md
article.id 绫诲瀷锛?string
article.id 闀垮害锛?23
article.id 瀛楃浠ｇ爜锛?鏀?25919) 鍏?20856) 涔?20043) 涔?20070) /(47) 6(54) 3(51) -(45) 鏄?26122) 澶?22825) 鍧?22367) /(47) 2(50) 3(51) -(45) 浼?20239) 缇?32690) 姘?27663) 鏀?25919) 鍏?20856) .(46) m(109) d(100)
annotationRoot锛?F:\GitHub\NEXUS\src\annotations
articlePathWithoutExt锛?鏀垮吀涔嬩功/63-鏄婂ぉ鍧?23-浼忕静姘忔斂鍏?eventsPath锛?F:\GitHub\NEXUS\src\annotations\鏀垮吀涔嬩功\63-鏄婂ぉ鍧焅23-浼忕静姘忔斂鍏?events.md
relationsPath锛?F:\GitHub\NEXUS\src\annotations\鏀垮吀涔嬩功\63-鏄婂ぉ鍧焅23-浼忕静姘忔斂鍏?relations.md
eventsPath 瀛樺湪锛?false
relationsPath 瀛樺湪锛?false
鍔犺浇鐨勬爣娉ㄦ枃浠舵暟閲忥細 0
鍔犺浇鐨勬爣娉ㄦ枃浠讹細 []
浼犻€掔粰鍓嶇鐨勬爣娉ㄦ暟鎹細 { files: [] }
 [2m(+6ms)[22m
[2m10:07:04[22m   [34m鈹溾攢[39m [2m/鍒跺害涓庡垱閫?18-鏄婅嫳姘忔斂鍏?index.html[22m========== 鏍囨敞鏂囦欢鍔犺浇璋冭瘯 ==========
article.id 鍘熷鍊硷細 鏀垮吀涔嬩功/63-鏄婂ぉ鍧?18-鏄婅嫳姘忔斂鍏?md
article.id 绫诲瀷锛?string
article.id 闀垮害锛?23
article.id 瀛楃浠ｇ爜锛?鏀?25919) 鍏?20856) 涔?20043) 涔?20070) /(47) 6(54) 3(51) -(45) 鏄?26122) 澶?22825) 鍧?22367) /(47) 1(49) 8(56) -(45) 鏄?26122) 鑻?33521) 姘?27663) 鏀?25919) 鍏?20856) .(46) m(109) d(100)
annotationRoot锛?F:\GitHub\NEXUS\src\annotations
articlePathWithoutExt锛?鏀垮吀涔嬩功/63-鏄婂ぉ鍧?18-鏄婅嫳姘忔斂鍏?eventsPath锛?F:\GitHub\NEXUS\src\annotations\鏀垮吀涔嬩功\63-鏄婂ぉ鍧焅18-鏄婅嫳姘忔斂鍏?events.md
relationsPath锛?F:\GitHub\NEXUS\src\annotations\鏀垮吀涔嬩功\63-鏄婂ぉ鍧焅18-鏄婅嫳姘忔斂鍏?relations.md
eventsPath 瀛樺湪锛?false
relationsPath 瀛樺湪锛?false
鍔犺浇鐨勬爣娉ㄦ枃浠舵暟閲忥細 0
鍔犺浇鐨勬爣娉ㄦ枃浠讹細 []
浼犻€掔粰鍓嶇鐨勬爣娉ㄦ暟鎹細 { files: [] }
 [2m(+4ms)[22m
[2m10:07:04[22m   [34m鈹溾攢[39m [2m/鍒跺害涓庡垱閫?26-鏃犳€€姘忔斂鍏?index.html[22m========== 鏍囨敞鏂囦欢鍔犺浇璋冭瘯 ==========
article.id 鍘熷鍊硷細 鏀垮吀涔嬩功/63-鏄婂ぉ鍧?26-鏃犳€€姘忔斂鍏?md
article.id 绫诲瀷锛?string
article.id 闀垮害锛?23
article.id 瀛楃浠ｇ爜锛?鏀?25919) 鍏?20856) 涔?20043) 涔?20070) /(47) 6(54) 3(51) -(45) 鏄?26122) 澶?22825) 鍧?22367) /(47) 2(50) 6(54) -(45) 鏃?26080) 鎬€(24576) 姘?27663) 鏀?25919) 鍏?20856) .(46) m(109) d(100)
annotationRoot锛?F:\GitHub\NEXUS\src\annotations
articlePathWithoutExt锛?鏀垮吀涔嬩功/63-鏄婂ぉ鍧?26-鏃犳€€姘忔斂鍏?eventsPath锛?F:\GitHub\NEXUS\src\annotations\鏀垮吀涔嬩功\63-鏄婂ぉ鍧焅26-鏃犳€€姘忔斂鍏?events.md
relationsPath锛?F:\GitHub\NEXUS\src\annotations\鏀垮吀涔嬩功\63-鏄婂ぉ鍧焅26-鏃犳€€姘忔斂鍏?relations.md
eventsPath 瀛樺湪锛?false
relationsPath 瀛樺湪锛?false
鍔犺浇鐨勬爣娉ㄦ枃浠舵暟閲忥細 0
鍔犺浇鐨勬爣娉ㄦ枃浠讹細 []
浼犻€掔粰鍓嶇鐨勬爣娉ㄦ暟鎹細 { files: [] }
 [2m(+5ms)[22m
[2m10:07:04[22m   [34m鈹溾攢[39m [2m/鍒跺害涓庡垱閫?01-绁炲啘姘忔斂鍏?index.html[22m========== 鏍囨敞鏂囦欢鍔犺浇璋冭瘯 ==========
article.id 鍘熷鍊硷細 鏀垮吀涔嬩功/65-鐐庡ぉ鍧?01-绁炲啘姘忔斂鍏?md
article.id 绫诲瀷锛?string
article.id 闀垮害锛?23
article.id 瀛楃浠ｇ爜锛?鏀?25919) 鍏?20856) 涔?20043) 涔?20070) /(47) 6(54) 5(53) -(45) 鐐?28814) 澶?22825) 鍧?22367) /(47) 0(48) 1(49) -(45) 绁?31070) 鍐?20892) 姘?27663) 鏀?25919) 鍏?20856) .(46) m(109) d(100)
annotationRoot锛?F:\GitHub\NEXUS\src\annotations
articlePathWithoutExt锛?鏀垮吀涔嬩功/65-鐐庡ぉ鍧?01-绁炲啘姘忔斂鍏?eventsPath锛?F:\GitHub\NEXUS\src\annotations\鏀垮吀涔嬩功\65-鐐庡ぉ鍧焅01-绁炲啘姘忔斂鍏?events.md
relationsPath锛?F:\GitHub\NEXUS\src\annotations\鏀垮吀涔嬩功\65-鐐庡ぉ鍧焅01-绁炲啘姘忔斂鍏?relations.md
eventsPath 瀛樺湪锛?false
relationsPath 瀛樺湪锛?false
鍔犺浇鐨勬爣娉ㄦ枃浠舵暟閲忥細 0
鍔犺浇鐨勬爣娉ㄦ枃浠讹細 []
浼犻€掔粰鍓嶇鐨勬爣娉ㄦ暟鎹細 { files: [] }
 [2m(+5ms)[22m
[2m10:07:04[22m   [34m鈹溾攢[39m [2m/鍒跺害涓庡垱閫?27-浼忕静姘忔斂鍏?index.html[22m========== 鏍囨敞鏂囦欢鍔犺浇璋冭瘯 ==========
article.id 鍘熷鍊硷細 鏀垮吀涔嬩功/63-鏄婂ぉ鍧?27-浼忕静姘忔斂鍏?md
article.id 绫诲瀷锛?string
article.id 闀垮害锛?23
article.id 瀛楃浠ｇ爜锛?鏀?25919) 鍏?20856) 涔?20043) 涔?20070) /(47) 6(54) 3(51) -(45) 鏄?26122) 澶?22825) 鍧?22367) /(47) 2(50) 7(55) -(45) 浼?20239) 缇?32690) 姘?27663) 鏀?25919) 鍏?20856) .(46) m(109) d(100)
annotationRoot锛?F:\GitHub\NEXUS\src\annotations
articlePathWithoutExt锛?鏀垮吀涔嬩功/63-鏄婂ぉ鍧?27-浼忕静姘忔斂鍏?eventsPath锛?F:\GitHub\NEXUS\src\annotations\鏀垮吀涔嬩功\63-鏄婂ぉ鍧焅27-浼忕静姘忔斂鍏?events.md
relationsPath锛?F:\GitHub\NEXUS\src\annotations\鏀垮吀涔嬩功\63-鏄婂ぉ鍧焅27-浼忕静姘忔斂鍏?relations.md
eventsPath 瀛樺湪锛?false
relationsPath 瀛樺湪锛?false
鍔犺浇鐨勬爣娉ㄦ枃浠舵暟閲忥細 0
鍔犺浇鐨勬爣娉ㄦ枃浠讹細 []
浼犻€掔粰鍓嶇鐨勬爣娉ㄦ暟鎹細 { files: [] }
 [2m(+5ms)[22m
[2m10:07:04[22m   [34m鈹溾攢[39m [2m/鍒跺害涓庡垱閫?01-杞╄緯姘忔斂鍏?index.html[22m========== 鏍囨敞鏂囦欢鍔犺浇璋冭瘯 ==========
article.id 鍘熷鍊硷細 鏀垮吀涔嬩功/66-榛勫ぉ涔?01-杞╄緯姘忔斂鍏?md
article.id 绫诲瀷锛?string
article.id 闀垮害锛?23
article.id 瀛楃浠ｇ爜锛?鏀?25919) 鍏?20856) 涔?20043) 涔?20070) /(47) 6(54) 6(54) -(45) 榛?40644) 澶?22825) 涔?20070) /(47) 0(48) 1(49) -(45) 杞?36713) 杈?36757) 姘?27663) 鏀?25919) 鍏?20856) .(46) m(109) d(100)
annotationRoot锛?F:\GitHub\NEXUS\src\annotations
articlePathWithoutExt锛?鏀垮吀涔嬩功/66-榛勫ぉ涔?01-杞╄緯姘忔斂鍏?eventsPath锛?F:\GitHub\NEXUS\src\annotations\鏀垮吀涔嬩功\66-榛勫ぉ涔01-杞╄緯姘忔斂鍏?events.md
relationsPath锛?F:\GitHub\NEXUS\src\annotations\鏀垮吀涔嬩功\66-榛勫ぉ涔01-杞╄緯姘忔斂鍏?relations.md
eventsPath 瀛樺湪锛?false
relationsPath 瀛樺湪锛?false
鍔犺浇鐨勬爣娉ㄦ枃浠舵暟閲忥細 0
鍔犺浇鐨勬爣娉ㄦ枃浠讹細 []
浼犻€掔粰鍓嶇鐨勬爣娉ㄦ暟鎹細 { files: [] }
 [2m(+5ms)[22m
[2m10:07:04[22m   [34m鈹溾攢[39m [2m/鍒跺害涓庡垱閫?01-楂樿緵姘忔斂鍏?index.html[22m========== 鏍囨敞鏂囦欢鍔犺浇璋冭瘯 ==========
article.id 鍘熷鍊硷細 鏀垮吀涔嬩功/69-鍠惧ぉ涔?01-楂樿緵姘忔斂鍏?md
article.id 绫诲瀷锛?string
article.id 闀垮害锛?23
article.id 瀛楃浠ｇ爜锛?鏀?25919) 鍏?20856) 涔?20043) 涔?20070) /(47) 6(54) 9(57) -(45) 鍠?21950) 澶?22825) 涔?20070) /(47) 0(48) 1(49) -(45) 楂?39640) 杈?36763) 姘?27663) 鏀?25919) 鍏?20856) .(46) m(109) d(100)
annotationRoot锛?F:\GitHub\NEXUS\src\annotations
articlePathWithoutExt锛?鏀垮吀涔嬩功/69-鍠惧ぉ涔?01-楂樿緵姘忔斂鍏?eventsPath锛?F:\GitHub\NEXUS\src\annotations\鏀垮吀涔嬩功\69-鍠惧ぉ涔01-楂樿緵姘忔斂鍏?events.md
relationsPath锛?F:\GitHub\NEXUS\src\annotations\鏀垮吀涔嬩功\69-鍠惧ぉ涔01-楂樿緵姘忔斂鍏?relations.md
eventsPath 瀛樺湪锛?false
relationsPath 瀛樺湪锛?false
鍔犺浇鐨勬爣娉ㄦ枃浠舵暟閲忥細 0
鍔犺浇鐨勬爣娉ㄦ枃浠讹細 []
浼犻€掔粰鍓嶇鐨勬爣娉ㄦ暟鎹細 { files: [] }
 [2m(+4ms)[22m
[2m10:07:04[22m   [34m鈹溾攢[39m [2m/鍒跺害涓庡垱閫?01-闈掗槼姘忔斂鍏?index.html[22m========== 鏍囨敞鏂囦欢鍔犺浇璋冭瘯 ==========
article.id 鍘熷鍊硷細 鏀垮吀涔嬩功/70-鎸氬ぉ涔?01-闈掗槼姘忔斂鍏?md
article.id 绫诲瀷锛?string
article.id 闀垮害锛?23
article.id 瀛楃浠ｇ爜锛?鏀?25919) 鍏?20856) 涔?20043) 涔?20070) /(47) 7(55) 0(48) -(45) 鎸?25370) 澶?22825) 涔?20070) /(47) 0(48) 1(49) -(45) 闈?38738) 闃?38451) 姘?27663) 鏀?25919) 鍏?20856) .(46) m(109) d(100)
annotationRoot锛?F:\GitHub\NEXUS\src\annotations
articlePathWithoutExt锛?鏀垮吀涔嬩功/70-鎸氬ぉ涔?01-闈掗槼姘忔斂鍏?eventsPath锛?F:\GitHub\NEXUS\src\annotations\鏀垮吀涔嬩功\70-鎸氬ぉ涔01-闈掗槼姘忔斂鍏?events.md
relationsPath锛?F:\GitHub\NEXUS\src\annotations\鏀垮吀涔嬩功\70-鎸氬ぉ涔01-闈掗槼姘忔斂鍏?relations.md
eventsPath 瀛樺湪锛?false
relationsPath 瀛樺湪锛?false
鍔犺浇鐨勬爣娉ㄦ枃浠舵暟閲忥細 0
鍔犺浇鐨勬爣娉ㄦ枃浠讹細 []
浼犻€掔粰鍓嶇鐨勬爣娉ㄦ暟鎹細 { files: [] }
 [2m(+5ms)[22m
[2m10:07:04[22m   [34m鈹溾攢[39m [2m/鍒跺害涓庡垱閫?01-楂橀槼姘忔斂鍏?index.html[22m========== 鏍囨敞鏂囦欢鍔犺浇璋冭瘯 ==========
article.id 鍘熷鍊硷細 鏀垮吀涔嬩功/68-棰涢〖涔?01-楂橀槼姘忔斂鍏?md
article.id 绫诲瀷锛?string
article.id 闀垮害锛?23
article.id 瀛楃浠ｇ爜锛?鏀?25919) 鍏?20856) 涔?20043) 涔?20070) /(47) 6(54) 8(56) -(45) 棰?39067) 椤?39036) 涔?20070) /(47) 0(48) 1(49) -(45) 楂?39640) 闃?38451) 姘?27663) 鏀?25919) 鍏?20856) .(46) m(109) d(100)
annotationRoot锛?F:\GitHub\NEXUS\src\annotations
articlePathWithoutExt锛?鏀垮吀涔嬩功/68-棰涢〖涔?01-楂橀槼姘忔斂鍏?eventsPath锛?F:\GitHub\NEXUS\src\annotations\鏀垮吀涔嬩功\68-棰涢〖涔01-楂橀槼姘忔斂鍏?events.md
relationsPath锛?F:\GitHub\NEXUS\src\annotations\鏀垮吀涔嬩功\68-棰涢〖涔01-楂橀槼姘忔斂鍏?relations.md
eventsPath 瀛樺湪锛?false
relationsPath 瀛樺湪锛?false
鍔犺浇鐨勬爣娉ㄦ枃浠舵暟閲忥細 0
鍔犺浇鐨勬爣娉ㄦ枃浠讹細 []
浼犻€掔粰鍓嶇鐨勬爣娉ㄦ暟鎹細 { files: [] }
 [2m(+4ms)[22m
[2m10:07:04[22m   [34m鈹溾攢[39m [2m/鍒跺害涓庡垱閫?01-闄跺攼姘忔斂鍏?index.html[22m========== 鏍囨敞鏂囦欢鍔犺浇璋冭瘯 ==========
article.id 鍘熷鍊硷細 鏀垮吀涔嬩功/71-灏уぉ涔?01-闄跺攼姘忔斂鍏?md
article.id 绫诲瀷锛?string
article.id 闀垮害锛?23
article.id 瀛楃浠ｇ爜锛?鏀?25919) 鍏?20856) 涔?20043) 涔?20070) /(47) 7(55) 1(49) -(45) 灏?23591) 澶?22825) 涔?20070) /(47) 0(48) 1(49) -(45) 闄?38518) 鍞?21776) 姘?27663) 鏀?25919) 鍏?20856) .(46) m(109) d(100)
annotationRoot锛?F:\GitHub\NEXUS\src\annotations
articlePathWithoutExt锛?鏀垮吀涔嬩功/71-灏уぉ涔?01-闄跺攼姘忔斂鍏?eventsPath锛?F:\GitHub\NEXUS\src\annotations\鏀垮吀涔嬩功\71-灏уぉ涔01-闄跺攼姘忔斂鍏?events.md
relationsPath锛?F:\GitHub\NEXUS\src\annotations\鏀垮吀涔嬩功\71-灏уぉ涔01-闄跺攼姘忔斂鍏?relations.md
eventsPath 瀛樺湪锛?false
relationsPath 瀛樺湪锛?false
鍔犺浇鐨勬爣娉ㄦ枃浠舵暟閲忥細 0
鍔犺浇鐨勬爣娉ㄦ枃浠讹細 []
浼犻€掔粰鍓嶇鐨勬爣娉ㄦ暟鎹細 { files: [] }
 [2m(+5ms)[22m
[2m10:07:04[22m   [34m鈹溾攢[39m [2m/鍒跺害涓庡垱閫?01-鏈夎櫈姘忔斂鍏?index.html[22m========== 鏍囨敞鏂囦欢鍔犺浇璋冭瘯 ==========
article.id 鍘熷鍊硷細 鏀垮吀涔嬩功/72-铏炰功/01-鏈夎櫈姘忔斂鍏?md
article.id 绫诲瀷锛?string
article.id 闀垮害锛?22
article.id 瀛楃浠ｇ爜锛?鏀?25919) 鍏?20856) 涔?20043) 涔?20070) /(47) 7(55) 2(50) -(45) 铏?34398) 涔?20070) /(47) 0(48) 1(49) -(45) 鏈?26377) 铏?34398) 姘?27663) 鏀?25919) 鍏?20856) .(46) m(109) d(100)
annotationRoot锛?F:\GitHub\NEXUS\src\annotations
articlePathWithoutExt锛?鏀垮吀涔嬩功/72-铏炰功/01-鏈夎櫈姘忔斂鍏?eventsPath锛?F:\GitHub\NEXUS\src\annotations\鏀垮吀涔嬩功\72-铏炰功\01-鏈夎櫈姘忔斂鍏?events.md
relationsPath锛?F:\GitHub\NEXUS\src\annotations\鏀垮吀涔嬩功\72-铏炰功\01-鏈夎櫈姘忔斂鍏?relations.md
eventsPath 瀛樺湪锛?false
relationsPath 瀛樺湪锛?false
鍔犺浇鐨勬爣娉ㄦ枃浠舵暟閲忥細 0
鍔犺浇鐨勬爣娉ㄦ枃浠讹細 []
浼犻€掔粰鍓嶇鐨勬爣娉ㄦ暟鎹細 { files: [] }
 [2m(+5ms)[22m
[2m10:07:04[22m   [34m鈹溾攢[39m [2m/鍒跺害涓庡垱閫?01-澶忓悗姘忔斂鍏?index.html[22m========== 鏍囨敞鏂囦欢鍔犺浇璋冭瘯 ==========
article.id 鍘熷鍊硷細 鏀垮吀涔嬩功/73-澶忎功/01-澶忓悗姘忔斂鍏?md
article.id 绫诲瀷锛?string
article.id 闀垮害锛?22
article.id 瀛楃浠ｇ爜锛?鏀?25919) 鍏?20856) 涔?20043) 涔?20070) /(47) 7(55) 3(51) -(45) 澶?22799) 涔?20070) /(47) 0(48) 1(49) -(45) 澶?22799) 鍚?21518) 姘?27663) 鏀?25919) 鍏?20856) .(46) m(109) d(100)
annotationRoot锛?F:\GitHub\NEXUS\src\annotations
articlePathWithoutExt锛?鏀垮吀涔嬩功/73-澶忎功/01-澶忓悗姘忔斂鍏?eventsPath锛?F:\GitHub\NEXUS\src\annotations\鏀垮吀涔嬩功\73-澶忎功\01-澶忓悗姘忔斂鍏?events.md
relationsPath锛?F:\GitHub\NEXUS\src\annotations\鏀垮吀涔嬩功\73-澶忎功\01-澶忓悗姘忔斂鍏?relations.md
eventsPath 瀛樺湪锛?false
relationsPath 瀛樺湪锛?false
鍔犺浇鐨勬爣娉ㄦ枃浠舵暟閲忥細 0
鍔犺浇鐨勬爣娉ㄦ枃浠讹細 []
浼犻€掔粰鍓嶇鐨勬爣娉ㄦ暟鎹細 { files: [] }
 [2m(+4ms)[22m
[2m10:07:04[22m   [34m鈹溾攢[39m [2m/鍒跺害涓庡垱閫?01-鍟嗘斂鍏?index.html[22m========== 鏍囨敞鏂囦欢鍔犺浇璋冭瘯 ==========
article.id 鍘熷鍊硷細 鏀垮吀涔嬩功/74-鍟嗕功/01-鍟嗘斂鍏?md
article.id 绫诲瀷锛?string
article.id 闀垮害锛?20
article.id 瀛楃浠ｇ爜锛?鏀?25919) 鍏?20856) 涔?20043) 涔?20070) /(47) 7(55) 4(52) -(45) 鍟?21830) 涔?20070) /(47) 0(48) 1(49) -(45) 鍟?21830) 鏀?25919) 鍏?20856) .(46) m(109) d(100)
annotationRoot锛?F:\GitHub\NEXUS\src\annotations
articlePathWithoutExt锛?鏀垮吀涔嬩功/74-鍟嗕功/01-鍟嗘斂鍏?eventsPath锛?F:\GitHub\NEXUS\src\annotations\鏀垮吀涔嬩功\74-鍟嗕功\01-鍟嗘斂鍏?events.md
relationsPath锛?F:\GitHub\NEXUS\src\annotations\鏀垮吀涔嬩功\74-鍟嗕功\01-鍟嗘斂鍏?relations.md
eventsPath 瀛樺湪锛?false
relationsPath 瀛樺湪锛?false
鍔犺浇鐨勬爣娉ㄦ枃浠舵暟閲忥細 0
鍔犺浇鐨勬爣娉ㄦ枃浠讹細 []
浼犻€掔粰鍓嶇鐨勬爣娉ㄦ暟鎹細 { files: [] }
 [2m(+4ms)[22m
[2m10:07:04[22m   [34m鈹溾攢[39m [2m/鍒跺害涓庡垱閫?00-鍛ㄦ枃鐜嬫斂鍏?index.html[22m========== 鏍囨敞鏂囦欢鍔犺浇璋冭瘯 ==========
article.id 鍘熷鍊硷細 鏀垮吀涔嬩功/75-鍛ㄤ功/00-鍛ㄦ枃鐜嬫斂鍏?md
article.id 绫诲瀷锛?string
article.id 闀垮害锛?22
article.id 瀛楃浠ｇ爜锛?鏀?25919) 鍏?20856) 涔?20043) 涔?20070) /(47) 7(55) 5(53) -(45) 鍛?21608) 涔?20070) /(47) 0(48) 0(48) -(45) 鍛?21608) 鏂?25991) 鐜?29579) 鏀?25919) 鍏?20856) .(46) m(109) d(100)
annotationRoot锛?F:\GitHub\NEXUS\src\annotations
articlePathWithoutExt锛?鏀垮吀涔嬩功/75-鍛ㄤ功/00-鍛ㄦ枃鐜嬫斂鍏?eventsPath锛?F:\GitHub\NEXUS\src\annotations\鏀垮吀涔嬩功\75-鍛ㄤ功\00-鍛ㄦ枃鐜嬫斂鍏?events.md
relationsPath锛?F:\GitHub\NEXUS\src\annotations\鏀垮吀涔嬩功\75-鍛ㄤ功\00-鍛ㄦ枃鐜嬫斂鍏?relations.md
eventsPath 瀛樺湪锛?false
relationsPath 瀛樺湪锛?false
鍔犺浇鐨勬爣娉ㄦ枃浠舵暟閲忥細 0
鍔犺浇鐨勬爣娉ㄦ枃浠讹細 []
浼犻€掔粰鍓嶇鐨勬爣娉ㄦ暟鎹細 { files: [] }
 [2m(+4ms)[22m
[2m10:07:04[22m   [34m鈹溾攢[39m [2m/鍒跺害涓庡垱閫?01-鍛ㄦ鐜嬫斂鍏?index.html[22m========== 鏍囨敞鏂囦欢鍔犺浇璋冭瘯 ==========
article.id 鍘熷鍊硷細 鏀垮吀涔嬩功/75-鍛ㄤ功/01-鍛ㄦ鐜嬫斂鍏?md
article.id 绫诲瀷锛?string
article.id 闀垮害锛?22
article.id 瀛楃浠ｇ爜锛?鏀?25919) 鍏?20856) 涔?20043) 涔?20070) /(47) 7(55) 5(53) -(45) 鍛?21608) 涔?20070) /(47) 0(48) 1(49) -(45) 鍛?21608) 姝?27494) 鐜?29579) 鏀?25919) 鍏?20856) .(46) m(109) d(100)
annotationRoot锛?F:\GitHub\NEXUS\src\annotations
articlePathWithoutExt锛?鏀垮吀涔嬩功/75-鍛ㄤ功/01-鍛ㄦ鐜嬫斂鍏?eventsPath锛?F:\GitHub\NEXUS\src\annotations\鏀垮吀涔嬩功\75-鍛ㄤ功\01-鍛ㄦ鐜嬫斂鍏?events.md
relationsPath锛?F:\GitHub\NEXUS\src\annotations\鏀垮吀涔嬩功\75-鍛ㄤ功\01-鍛ㄦ鐜嬫斂鍏?relations.md
eventsPath 瀛樺湪锛?false
relationsPath 瀛樺湪锛?false
鍔犺浇鐨勬爣娉ㄦ枃浠舵暟閲忥細 0
鍔犺浇鐨勬爣娉ㄦ枃浠讹細 []
浼犻€掔粰鍓嶇鐨勬爣娉ㄦ暟鎹細 { files: [] }
 [2m(+5ms)[22m
[2m10:07:04[22m   [34m鈹溾攢[39m [2m/鍒跺害涓庡垱閫?03-鍛ㄥ悍鐜嬫斂鍏?index.html[22m========== 鏍囨敞鏂囦欢鍔犺浇璋冭瘯 ==========
article.id 鍘熷鍊硷細 鏀垮吀涔嬩功/75-鍛ㄤ功/03-鍛ㄥ悍鐜嬫斂鍏?md
article.id 绫诲瀷锛?string
article.id 闀垮害锛?22
article.id 瀛楃浠ｇ爜锛?鏀?25919) 鍏?20856) 涔?20043) 涔?20070) /(47) 7(55) 5(53) -(45) 鍛?21608) 涔?20070) /(47) 0(48) 3(51) -(45) 鍛?21608) 搴?24247) 鐜?29579) 鏀?25919) 鍏?20856) .(46) m(109) d(100)
annotationRoot锛?F:\GitHub\NEXUS\src\annotations
articlePathWithoutExt锛?鏀垮吀涔嬩功/75-鍛ㄤ功/03-鍛ㄥ悍鐜嬫斂鍏?eventsPath锛?F:\GitHub\NEXUS\src\annotations\鏀垮吀涔嬩功\75-鍛ㄤ功\03-鍛ㄥ悍鐜嬫斂鍏?events.md
relationsPath锛?F:\GitHub\NEXUS\src\annotations\鏀垮吀涔嬩功\75-鍛ㄤ功\03-鍛ㄥ悍鐜嬫斂鍏?relations.md
eventsPath 瀛樺湪锛?false
relationsPath 瀛樺湪锛?false
鍔犺浇鐨勬爣娉ㄦ枃浠舵暟閲忥細 0
鍔犺浇鐨勬爣娉ㄦ枃浠讹細 []
浼犻€掔粰鍓嶇鐨勬爣娉ㄦ暟鎹細 { files: [] }
 [2m(+5ms)[22m
[2m10:07:04[22m   [34m鈹溾攢[39m [2m/鍒跺害涓庡垱閫?04-鍛ㄦ槶鐜嬫斂鍏?index.html[22m========== 鏍囨敞鏂囦欢鍔犺浇璋冭瘯 ==========
article.id 鍘熷鍊硷細 鏀垮吀涔嬩功/75-鍛ㄤ功/04-鍛ㄦ槶鐜嬫斂鍏?md
article.id 绫诲瀷锛?string
article.id 闀垮害锛?22
article.id 瀛楃浠ｇ爜锛?鏀?25919) 鍏?20856) 涔?20043) 涔?20070) /(47) 7(55) 5(53) -(45) 鍛?21608) 涔?20070) /(47) 0(48) 4(52) -(45) 鍛?21608) 鏄?26157) 鐜?29579) 鏀?25919) 鍏?20856) .(46) m(109) d(100)
annotationRoot锛?F:\GitHub\NEXUS\src\annotations
articlePathWithoutExt锛?鏀垮吀涔嬩功/75-鍛ㄤ功/04-鍛ㄦ槶鐜嬫斂鍏?eventsPath锛?F:\GitHub\NEXUS\src\annotations\鏀垮吀涔嬩功\75-鍛ㄤ功\04-鍛ㄦ槶鐜嬫斂鍏?events.md
relationsPath锛?F:\GitHub\NEXUS\src\annotations\鏀垮吀涔嬩功\75-鍛ㄤ功\04-鍛ㄦ槶鐜嬫斂鍏?relations.md
eventsPath 瀛樺湪锛?false
relationsPath 瀛樺湪锛?false
鍔犺浇鐨勬爣娉ㄦ枃浠舵暟閲忥細 0
鍔犺浇鐨勬爣娉ㄦ枃浠讹細 []
浼犻€掔粰鍓嶇鐨勬爣娉ㄦ暟鎹細 { files: [] }
 [2m(+5ms)[22m
[2m10:07:04[22m   [34m鈹溾攢[39m [2m/鍒跺害涓庡垱閫?02-鍛ㄦ垚鐜嬫斂鍏?index.html[22m========== 鏍囨敞鏂囦欢鍔犺浇璋冭瘯 ==========
article.id 鍘熷鍊硷細 鏀垮吀涔嬩功/75-鍛ㄤ功/02-鍛ㄦ垚鐜嬫斂鍏?md
article.id 绫诲瀷锛?string
article.id 闀垮害锛?22
article.id 瀛楃浠ｇ爜锛?鏀?25919) 鍏?20856) 涔?20043) 涔?20070) /(47) 7(55) 5(53) -(45) 鍛?21608) 涔?20070) /(47) 0(48) 2(50) -(45) 鍛?21608) 鎴?25104) 鐜?29579) 鏀?25919) 鍏?20856) .(46) m(109) d(100)
annotationRoot锛?F:\GitHub\NEXUS\src\annotations
articlePathWithoutExt锛?鏀垮吀涔嬩功/75-鍛ㄤ功/02-鍛ㄦ垚鐜嬫斂鍏?eventsPath锛?F:\GitHub\NEXUS\src\annotations\鏀垮吀涔嬩功\75-鍛ㄤ功\02-鍛ㄦ垚鐜嬫斂鍏?events.md
relationsPath锛?F:\GitHub\NEXUS\src\annotations\鏀垮吀涔嬩功\75-鍛ㄤ功\02-鍛ㄦ垚鐜嬫斂鍏?relations.md
eventsPath 瀛樺湪锛?false
relationsPath 瀛樺湪锛?false
鍔犺浇鐨勬爣娉ㄦ枃浠舵暟閲忥細 0
鍔犺浇鐨勬爣娉ㄦ枃浠讹細 []
浼犻€掔粰鍓嶇鐨勬爣娉ㄦ暟鎹細 { files: [] }
 [2m(+4ms)[22m
[2m10:07:04[22m   [34m鈹溾攢[39m [2m/鍒跺害涓庡垱閫?05-鍛ㄧ﹩鐜嬫斂鍏?index.html[22m========== 鏍囨敞鏂囦欢鍔犺浇璋冭瘯 ==========
article.id 鍘熷鍊硷細 鏀垮吀涔嬩功/75-鍛ㄤ功/05-鍛ㄧ﹩鐜嬫斂鍏?md
article.id 绫诲瀷锛?string
article.id 闀垮害锛?22
article.id 瀛楃浠ｇ爜锛?鏀?25919) 鍏?20856) 涔?20043) 涔?20070) /(47) 7(55) 5(53) -(45) 鍛?21608) 涔?20070) /(47) 0(48) 5(53) -(45) 鍛?21608) 绌?31302) 鐜?29579) 鏀?25919) 鍏?20856) .(46) m(109) d(100)
annotationRoot锛?F:\GitHub\NEXUS\src\annotations
articlePathWithoutExt锛?鏀垮吀涔嬩功/75-鍛ㄤ功/05-鍛ㄧ﹩鐜嬫斂鍏?eventsPath锛?F:\GitHub\NEXUS\src\annotations\鏀垮吀涔嬩功\75-鍛ㄤ功\05-鍛ㄧ﹩鐜嬫斂鍏?events.md
relationsPath锛?F:\GitHub\NEXUS\src\annotations\鏀垮吀涔嬩功\75-鍛ㄤ功\05-鍛ㄧ﹩鐜嬫斂鍏?relations.md
eventsPath 瀛樺湪锛?false
relationsPath 瀛樺湪锛?false
鍔犺浇鐨勬爣娉ㄦ枃浠舵暟閲忥細 0
鍔犺浇鐨勬爣娉ㄦ枃浠讹細 []
浼犻€掔粰鍓嶇鐨勬爣娉ㄦ暟鎹細 { files: [] }
 [2m(+4ms)[22m
[2m10:07:04[22m   [34m鈹溾攢[39m [2m/鍒跺害涓庡垱閫?06-鍛ㄦ伃鐜嬫斂鍏?index.html[22m========== 鏍囨敞鏂囦欢鍔犺浇璋冭瘯 ==========
article.id 鍘熷鍊硷細 鏀垮吀涔嬩功/75-鍛ㄤ功/06-鍛ㄦ伃鐜嬫斂鍏?md
article.id 绫诲瀷锛?string
article.id 闀垮害锛?22
article.id 瀛楃浠ｇ爜锛?鏀?25919) 鍏?20856) 涔?20043) 涔?20070) /(47) 7(55) 5(53) -(45) 鍛?21608) 涔?20070) /(47) 0(48) 6(54) -(45) 鍛?21608) 鎭?24685) 鐜?29579) 鏀?25919) 鍏?20856) .(46) m(109) d(100)
annotationRoot锛?F:\GitHub\NEXUS\src\annotations
articlePathWithoutExt锛?鏀垮吀涔嬩功/75-鍛ㄤ功/06-鍛ㄦ伃鐜嬫斂鍏?eventsPath锛?F:\GitHub\NEXUS\src\annotations\鏀垮吀涔嬩功\75-鍛ㄤ功\06-鍛ㄦ伃鐜嬫斂鍏?events.md
relationsPath锛?F:\GitHub\NEXUS\src\annotations\鏀垮吀涔嬩功\75-鍛ㄤ功\06-鍛ㄦ伃鐜嬫斂鍏?relations.md
eventsPath 瀛樺湪锛?false
relationsPath 瀛樺湪锛?false
鍔犺浇鐨勬爣娉ㄦ枃浠舵暟閲忥細 0
鍔犺浇鐨勬爣娉ㄦ枃浠讹細 []
浼犻€掔粰鍓嶇鐨勬爣娉ㄦ暟鎹細 { files: [] }
 [2m(+4ms)[22m
[2m10:07:04[22m   [34m鈹溾攢[39m [2m/鍒跺害涓庡垱閫?07-鍛ㄦ嚳鐜嬫斂鍏?index.html[22m========== 鏍囨敞鏂囦欢鍔犺浇璋冭瘯 ==========
article.id 鍘熷鍊硷細 鏀垮吀涔嬩功/75-鍛ㄤ功/07-鍛ㄦ嚳鐜嬫斂鍏?md
article.id 绫诲瀷锛?string
article.id 闀垮害锛?22
article.id 瀛楃浠ｇ爜锛?鏀?25919) 鍏?20856) 涔?20043) 涔?20070) /(47) 7(55) 5(53) -(45) 鍛?21608) 涔?20070) /(47) 0(48) 7(55) -(45) 鍛?21608) 鎳?25087) 鐜?29579) 鏀?25919) 鍏?20856) .(46) m(109) d(100)
annotationRoot锛?F:\GitHub\NEXUS\src\annotations
articlePathWithoutExt锛?鏀垮吀涔嬩功/75-鍛ㄤ功/07-鍛ㄦ嚳鐜嬫斂鍏?eventsPath锛?F:\GitHub\NEXUS\src\annotations\鏀垮吀涔嬩功\75-鍛ㄤ功\07-鍛ㄦ嚳鐜嬫斂鍏?events.md
relationsPath锛?F:\GitHub\NEXUS\src\annotations\鏀垮吀涔嬩功\75-鍛ㄤ功\07-鍛ㄦ嚳鐜嬫斂鍏?relations.md
eventsPath 瀛樺湪锛?false
relationsPath 瀛樺湪锛?false
鍔犺浇鐨勬爣娉ㄦ枃浠舵暟閲忥細 0
鍔犺浇鐨勬爣娉ㄦ枃浠讹細 []
浼犻€掔粰鍓嶇鐨勬爣娉ㄦ暟鎹細 { files: [] }
 [2m(+5ms)[22m
[2m10:07:04[22m   [34m鈹溾攢[39m [2m/鍒跺害涓庡垱閫?08-鍛ㄥ瓭鐜嬫斂鍏?index.html[22m========== 鏍囨敞鏂囦欢鍔犺浇璋冭瘯 ==========
article.id 鍘熷鍊硷細 鏀垮吀涔嬩功/75-鍛ㄤ功/08-鍛ㄥ瓭鐜嬫斂鍏?md
article.id 绫诲瀷锛?string
article.id 闀垮害锛?22
article.id 瀛楃浠ｇ爜锛?鏀?25919) 鍏?20856) 涔?20043) 涔?20070) /(47) 7(55) 5(53) -(45) 鍛?21608) 涔?20070) /(47) 0(48) 8(56) -(45) 鍛?21608) 瀛?23389) 鐜?29579) 鏀?25919) 鍏?20856) .(46) m(109) d(100)
annotationRoot锛?F:\GitHub\NEXUS\src\annotations
articlePathWithoutExt锛?鏀垮吀涔嬩功/75-鍛ㄤ功/08-鍛ㄥ瓭鐜嬫斂鍏?eventsPath锛?F:\GitHub\NEXUS\src\annotations\鏀垮吀涔嬩功\75-鍛ㄤ功\08-鍛ㄥ瓭鐜嬫斂鍏?events.md
relationsPath锛?F:\GitHub\NEXUS\src\annotations\鏀垮吀涔嬩功\75-鍛ㄤ功\08-鍛ㄥ瓭鐜嬫斂鍏?relations.md
eventsPath 瀛樺湪锛?false
relationsPath 瀛樺湪锛?false
鍔犺浇鐨勬爣娉ㄦ枃浠舵暟閲忥細 0
鍔犺浇鐨勬爣娉ㄦ枃浠讹細 []
浼犻€掔粰鍓嶇鐨勬爣娉ㄦ暟鎹細 { files: [] }
 [2m(+22ms)[22m
[2m10:07:04[22m   [34m鈹溾攢[39m [2m/鍒跺害涓庡垱閫?11-鍛ㄥ鐜嬫斂鍏?index.html[22m========== 鏍囨敞鏂囦欢鍔犺浇璋冭瘯 ==========
article.id 鍘熷鍊硷細 鏀垮吀涔嬩功/75-鍛ㄤ功/11-鍛ㄥ鐜嬫斂鍏?md
article.id 绫诲瀷锛?string
article.id 闀垮害锛?22
article.id 瀛楃浠ｇ爜锛?鏀?25919) 鍏?20856) 涔?20043) 涔?20070) /(47) 7(55) 5(53) -(45) 鍛?21608) 涔?20070) /(47) 1(49) 1(49) -(45) 鍛?21608) 瀹?23459) 鐜?29579) 鏀?25919) 鍏?20856) .(46) m(109) d(100)
annotationRoot锛?F:\GitHub\NEXUS\src\annotations
articlePathWithoutExt锛?鏀垮吀涔嬩功/75-鍛ㄤ功/11-鍛ㄥ鐜嬫斂鍏?eventsPath锛?F:\GitHub\NEXUS\src\annotations\鏀垮吀涔嬩功\75-鍛ㄤ功\11-鍛ㄥ鐜嬫斂鍏?events.md
relationsPath锛?F:\GitHub\NEXUS\src\annotations\鏀垮吀涔嬩功\75-鍛ㄤ功\11-鍛ㄥ鐜嬫斂鍏?relations.md
eventsPath 瀛樺湪锛?false
relationsPath 瀛樺湪锛?false
鍔犺浇鐨勬爣娉ㄦ枃浠舵暟閲忥細 0
鍔犺浇鐨勬爣娉ㄦ枃浠讹細 []
浼犻€掔粰鍓嶇鐨勬爣娉ㄦ暟鎹細 { files: [] }
 [2m(+38ms)[22m
[2m10:07:04[22m   [34m鈹溾攢[39m [2m/鍒跺害涓庡垱閫?10-鍛ㄥ帀鐜嬫斂鍏?index.html[22m========== 鏍囨敞鏂囦欢鍔犺浇璋冭瘯 ==========
article.id 鍘熷鍊硷細 鏀垮吀涔嬩功/75-鍛ㄤ功/10-鍛ㄥ帀鐜嬫斂鍏?md
article.id 绫诲瀷锛?string
article.id 闀垮害锛?22
article.id 瀛楃浠ｇ爜锛?鏀?25919) 鍏?20856) 涔?20043) 涔?20070) /(47) 7(55) 5(53) -(45) 鍛?21608) 涔?20070) /(47) 1(49) 0(48) -(45) 鍛?21608) 鍘?21385) 鐜?29579) 鏀?25919) 鍏?20856) .(46) m(109) d(100)
annotationRoot锛?F:\GitHub\NEXUS\src\annotations
articlePathWithoutExt锛?鏀垮吀涔嬩功/75-鍛ㄤ功/10-鍛ㄥ帀鐜嬫斂鍏?eventsPath锛?F:\GitHub\NEXUS\src\annotations\鏀垮吀涔嬩功\75-鍛ㄤ功\10-鍛ㄥ帀鐜嬫斂鍏?events.md
relationsPath锛?F:\GitHub\NEXUS\src\annotations\鏀垮吀涔嬩功\75-鍛ㄤ功\10-鍛ㄥ帀鐜嬫斂鍏?relations.md
eventsPath 瀛樺湪锛?false
relationsPath 瀛樺湪锛?false
鍔犺浇鐨勬爣娉ㄦ枃浠舵暟閲忥細 0
鍔犺浇鐨勬爣娉ㄦ枃浠讹細 []
浼犻€掔粰鍓嶇鐨勬爣娉ㄦ暟鎹細 { files: [] }
 [2m(+12ms)[22m
[2m10:07:05[22m   [34m鈹溾攢[39m [2m/鍒跺害涓庡垱閫?09-鍛ㄥし鐜嬫斂鍏?index.html[22m========== 鏍囨敞鏂囦欢鍔犺浇璋冭瘯 ==========
article.id 鍘熷鍊硷細 鏀垮吀涔嬩功/75-鍛ㄤ功/09-鍛ㄥし鐜嬫斂鍏?md
article.id 绫诲瀷锛?string
article.id 闀垮害锛?22
article.id 瀛楃浠ｇ爜锛?鏀?25919) 鍏?20856) 涔?20043) 涔?20070) /(47) 7(55) 5(53) -(45) 鍛?21608) 涔?20070) /(47) 0(48) 9(57) -(45) 鍛?21608) 澶?22839) 鐜?29579) 鏀?25919) 鍏?20856) .(46) m(109) d(100)
annotationRoot锛?F:\GitHub\NEXUS\src\annotations
articlePathWithoutExt锛?鏀垮吀涔嬩功/75-鍛ㄤ功/09-鍛ㄥし鐜嬫斂鍏?eventsPath锛?F:\GitHub\NEXUS\src\annotations\鏀垮吀涔嬩功\75-鍛ㄤ功\09-鍛ㄥし鐜嬫斂鍏?events.md
relationsPath锛?F:\GitHub\NEXUS\src\annotations\鏀垮吀涔嬩功\75-鍛ㄤ功\09-鍛ㄥし鐜嬫斂鍏?relations.md
eventsPath 瀛樺湪锛?false
relationsPath 瀛樺湪锛?false
鍔犺浇鐨勬爣娉ㄦ枃浠舵暟閲忥細 0
鍔犺浇鐨勬爣娉ㄦ枃浠讹細 []
浼犻€掔粰鍓嶇鐨勬爣娉ㄦ暟鎹細 { files: [] }
 [2m(+8ms)[22m
[2m10:07:05[22m   [34m鈹溾攢[39m [2m/鍒跺害涓庡垱閫?12-鍛ㄥ菇鐜嬫斂鍏?index.html[22m========== 鏍囨敞鏂囦欢鍔犺浇璋冭瘯 ==========
article.id 鍘熷鍊硷細 鏀垮吀涔嬩功/75-鍛ㄤ功/12-鍛ㄥ菇鐜嬫斂鍏?md
article.id 绫诲瀷锛?string
article.id 闀垮害锛?22
article.id 瀛楃浠ｇ爜锛?鏀?25919) 鍏?20856) 涔?20043) 涔?20070) /(47) 7(55) 5(53) -(45) 鍛?21608) 涔?20070) /(47) 1(49) 2(50) -(45) 鍛?21608) 骞?24189) 鐜?29579) 鏀?25919) 鍏?20856) .(46) m(109) d(100)
annotationRoot锛?F:\GitHub\NEXUS\src\annotations
articlePathWithoutExt锛?鏀垮吀涔嬩功/75-鍛ㄤ功/12-鍛ㄥ菇鐜嬫斂鍏?eventsPath锛?F:\GitHub\NEXUS\src\annotations\鏀垮吀涔嬩功\75-鍛ㄤ功\12-鍛ㄥ菇鐜嬫斂鍏?events.md
relationsPath锛?F:\GitHub\NEXUS\src\annotations\鏀垮吀涔嬩功\75-鍛ㄤ功\12-鍛ㄥ菇鐜嬫斂鍏?relations.md
eventsPath 瀛樺湪锛?false
relationsPath 瀛樺湪锛?false
鍔犺浇鐨勬爣娉ㄦ枃浠舵暟閲忥細 0
鍔犺浇鐨勬爣娉ㄦ枃浠讹細 []
浼犻€掔粰鍓嶇鐨勬爣娉ㄦ暟鎹細 { files: [] }
 [2m(+6ms)[22m
[2m10:07:05[22m   [34m鈹溾攢[39m [2m/鍒跺害涓庡垱閫?13-鍛ㄥ钩鐜嬫斂鍏?index.html[22m========== 鏍囨敞鏂囦欢鍔犺浇璋冭瘯 ==========
article.id 鍘熷鍊硷細 鏀垮吀涔嬩功/75-鍛ㄤ功/13-鍛ㄥ钩鐜嬫斂鍏?md
article.id 绫诲瀷锛?string
article.id 闀垮害锛?22
article.id 瀛楃浠ｇ爜锛?鏀?25919) 鍏?20856) 涔?20043) 涔?20070) /(47) 7(55) 5(53) -(45) 鍛?21608) 涔?20070) /(47) 1(49) 3(51) -(45) 鍛?21608) 骞?24179) 鐜?29579) 鏀?25919) 鍏?20856) .(46) m(109) d(100)
annotationRoot锛?F:\GitHub\NEXUS\src\annotations
articlePathWithoutExt锛?鏀垮吀涔嬩功/75-鍛ㄤ功/13-鍛ㄥ钩鐜嬫斂鍏?eventsPath锛?F:\GitHub\NEXUS\src\annotations\鏀垮吀涔嬩功\75-鍛ㄤ功\13-鍛ㄥ钩鐜嬫斂鍏?events.md
relationsPath锛?F:\GitHub\NEXUS\src\annotations\鏀垮吀涔嬩功\75-鍛ㄤ功\13-鍛ㄥ钩鐜嬫斂鍏?relations.md
eventsPath 瀛樺湪锛?false
relationsPath 瀛樺湪锛?false
鍔犺浇鐨勬爣娉ㄦ枃浠舵暟閲忥細 0
鍔犺浇鐨勬爣娉ㄦ枃浠讹細 []
浼犻€掔粰鍓嶇鐨勬爣娉ㄦ暟鎹細 { files: [] }
 [2m(+5ms)[22m
[2m10:07:05[22m   [34m鈹溾攢[39m [2m/鍒跺害涓庡垱閫?17-鍛ㄦ儬鐜嬫斂鍏?index.html[22m========== 鏍囨敞鏂囦欢鍔犺浇璋冭瘯 ==========
article.id 鍘熷鍊硷細 鏀垮吀涔嬩功/75-鍛ㄤ功/17-鍛ㄦ儬鐜嬫斂鍏?md
article.id 绫诲瀷锛?string
article.id 闀垮害锛?22
article.id 瀛楃浠ｇ爜锛?鏀?25919) 鍏?20856) 涔?20043) 涔?20070) /(47) 7(55) 5(53) -(45) 鍛?21608) 涔?20070) /(47) 1(49) 7(55) -(45) 鍛?21608) 鎯?24800) 鐜?29579) 鏀?25919) 鍏?20856) .(46) m(109) d(100)
annotationRoot锛?F:\GitHub\NEXUS\src\annotations
articlePathWithoutExt锛?鏀垮吀涔嬩功/75-鍛ㄤ功/17-鍛ㄦ儬鐜嬫斂鍏?eventsPath锛?F:\GitHub\NEXUS\src\annotations\鏀垮吀涔嬩功\75-鍛ㄤ功\17-鍛ㄦ儬鐜嬫斂鍏?events.md
relationsPath锛?F:\GitHub\NEXUS\src\annotations\鏀垮吀涔嬩功\75-鍛ㄤ功\17-鍛ㄦ儬鐜嬫斂鍏?relations.md
eventsPath 瀛樺湪锛?false
relationsPath 瀛樺湪锛?false
鍔犺浇鐨勬爣娉ㄦ枃浠舵暟閲忥細 0
鍔犺浇鐨勬爣娉ㄦ枃浠讹細 []
浼犻€掔粰鍓嶇鐨勬爣娉ㄦ暟鎹細 { files: [] }
 [2m(+4ms)[22m
[2m10:07:05[22m   [34m鈹溾攢[39m [2m/鍒跺害涓庡垱閫?19-鍛ㄨ鐜嬫斂鍏?index.html[22m========== 鏍囨敞鏂囦欢鍔犺浇璋冭瘯 ==========
article.id 鍘熷鍊硷細 鏀垮吀涔嬩功/75-鍛ㄤ功/19-鍛ㄨ鐜嬫斂鍏?md
article.id 绫诲瀷锛?string
article.id 闀垮害锛?22
article.id 瀛楃浠ｇ爜锛?鏀?25919) 鍏?20856) 涔?20043) 涔?20070) /(47) 7(55) 5(53) -(45) 鍛?21608) 涔?20070) /(47) 1(49) 9(57) -(45) 鍛?21608) 瑗?35140) 鐜?29579) 鏀?25919) 鍏?20856) .(46) m(109) d(100)
annotationRoot锛?F:\GitHub\NEXUS\src\annotations
articlePathWithoutExt锛?鏀垮吀涔嬩功/75-鍛ㄤ功/19-鍛ㄨ鐜嬫斂鍏?eventsPath锛?F:\GitHub\NEXUS\src\annotations\鏀垮吀涔嬩功\75-鍛ㄤ功\19-鍛ㄨ鐜嬫斂鍏?events.md
relationsPath锛?F:\GitHub\NEXUS\src\annotations\鏀垮吀涔嬩功\75-鍛ㄤ功\19-鍛ㄨ鐜嬫斂鍏?relations.md
eventsPath 瀛樺湪锛?false
relationsPath 瀛樺湪锛?false
鍔犺浇鐨勬爣娉ㄦ枃浠舵暟閲忥細 0
鍔犺浇鐨勬爣娉ㄦ枃浠讹細 []
浼犻€掔粰鍓嶇鐨勬爣娉ㄦ暟鎹細 { files: [] }
 [2m(+5ms)[22m
[2m10:07:05[22m   [34m鈹溾攢[39m [2m/鍒跺害涓庡垱閫?22-鍛ㄥ畾鐜嬫斂鍏?index.html[22m========== 鏍囨敞鏂囦欢鍔犺浇璋冭瘯 ==========
article.id 鍘熷鍊硷細 鏀垮吀涔嬩功/75-鍛ㄤ功/22-鍛ㄥ畾鐜嬫斂鍏?md
article.id 绫诲瀷锛?string
article.id 闀垮害锛?22
article.id 瀛楃浠ｇ爜锛?鏀?25919) 鍏?20856) 涔?20043) 涔?20070) /(47) 7(55) 5(53) -(45) 鍛?21608) 涔?20070) /(47) 2(50) 2(50) -(45) 鍛?21608) 瀹?23450) 鐜?29579) 鏀?25919) 鍏?20856) .(46) m(109) d(100)
annotationRoot锛?F:\GitHub\NEXUS\src\annotations
articlePathWithoutExt锛?鏀垮吀涔嬩功/75-鍛ㄤ功/22-鍛ㄥ畾鐜嬫斂鍏?eventsPath锛?F:\GitHub\NEXUS\src\annotations\鏀垮吀涔嬩功\75-鍛ㄤ功\22-鍛ㄥ畾鐜嬫斂鍏?events.md
relationsPath锛?F:\GitHub\NEXUS\src\annotations\鏀垮吀涔嬩功\75-鍛ㄤ功\22-鍛ㄥ畾鐜嬫斂鍏?relations.md
eventsPath 瀛樺湪锛?false
relationsPath 瀛樺湪锛?false
鍔犺浇鐨勬爣娉ㄦ枃浠舵暟閲忥細 0
鍔犺浇鐨勬爣娉ㄦ枃浠讹細 []
浼犻€掔粰鍓嶇鐨勬爣娉ㄦ暟鎹細 { files: [] }
 [2m(+4ms)[22m
[2m10:07:05[22m   [34m鈹溾攢[39m [2m/鍒跺害涓庡垱閫?24-鍛ㄧ伒鐜嬫斂鍏?index.html[22m========== 鏍囨敞鏂囦欢鍔犺浇璋冭瘯 ==========
article.id 鍘熷鍊硷細 鏀垮吀涔嬩功/75-鍛ㄤ功/24-鍛ㄧ伒鐜嬫斂鍏?md
article.id 绫诲瀷锛?string
article.id 闀垮害锛?22
article.id 瀛楃浠ｇ爜锛?鏀?25919) 鍏?20856) 涔?20043) 涔?20070) /(47) 7(55) 5(53) -(45) 鍛?21608) 涔?20070) /(47) 2(50) 4(52) -(45) 鍛?21608) 鐏?28789) 鐜?29579) 鏀?25919) 鍏?20856) .(46) m(109) d(100)
annotationRoot锛?F:\GitHub\NEXUS\src\annotations
articlePathWithoutExt锛?鏀垮吀涔嬩功/75-鍛ㄤ功/24-鍛ㄧ伒鐜嬫斂鍏?eventsPath锛?F:\GitHub\NEXUS\src\annotations\鏀垮吀涔嬩功\75-鍛ㄤ功\24-鍛ㄧ伒鐜嬫斂鍏?events.md
relationsPath锛?F:\GitHub\NEXUS\src\annotations\鏀垮吀涔嬩功\75-鍛ㄤ功\24-鍛ㄧ伒鐜嬫斂鍏?relations.md
eventsPath 瀛樺湪锛?false
relationsPath 瀛樺湪锛?false
鍔犺浇鐨勬爣娉ㄦ枃浠舵暟閲忥細 0
鍔犺浇鐨勬爣娉ㄦ枃浠讹細 []
浼犻€掔粰鍓嶇鐨勬爣娉ㄦ暟鎹細 { files: [] }
 [2m(+4ms)[22m
[2m10:07:05[22m   [34m鈹溾攢[39m [2m/鍒跺害涓庡垱閫?23-鍛ㄧ畝鐜嬫斂鍏?index.html[22m========== 鏍囨敞鏂囦欢鍔犺浇璋冭瘯 ==========
article.id 鍘熷鍊硷細 鏀垮吀涔嬩功/75-鍛ㄤ功/23-鍛ㄧ畝鐜嬫斂鍏?md
article.id 绫诲瀷锛?string
article.id 闀垮害锛?22
article.id 瀛楃浠ｇ爜锛?鏀?25919) 鍏?20856) 涔?20043) 涔?20070) /(47) 7(55) 5(53) -(45) 鍛?21608) 涔?20070) /(47) 2(50) 3(51) -(45) 鍛?21608) 绠€(31616) 鐜?29579) 鏀?25919) 鍏?20856) .(46) m(109) d(100)
annotationRoot锛?F:\GitHub\NEXUS\src\annotations
articlePathWithoutExt锛?鏀垮吀涔嬩功/75-鍛ㄤ功/23-鍛ㄧ畝鐜嬫斂鍏?eventsPath锛?F:\GitHub\NEXUS\src\annotations\鏀垮吀涔嬩功\75-鍛ㄤ功\23-鍛ㄧ畝鐜嬫斂鍏?events.md
relationsPath锛?F:\GitHub\NEXUS\src\annotations\鏀垮吀涔嬩功\75-鍛ㄤ功\23-鍛ㄧ畝鐜嬫斂鍏?relations.md
eventsPath 瀛樺湪锛?false
relationsPath 瀛樺湪锛?false
鍔犺浇鐨勬爣娉ㄦ枃浠舵暟閲忥細 0
鍔犺浇鐨勬爣娉ㄦ枃浠讹細 []
浼犻€掔粰鍓嶇鐨勬爣娉ㄦ暟鎹細 { files: [] }
 [2m(+4ms)[22m
[2m10:07:05[22m   [34m鈹溾攢[39m [2m/鍒跺害涓庡垱閫?25-鍛ㄦ櫙鐜嬫斂鍏?index.html[22m========== 鏍囨敞鏂囦欢鍔犺浇璋冭瘯 ==========
article.id 鍘熷鍊硷細 鏀垮吀涔嬩功/75-鍛ㄤ功/25-鍛ㄦ櫙鐜嬫斂鍏?md
article.id 绫诲瀷锛?string
article.id 闀垮害锛?22
article.id 瀛楃浠ｇ爜锛?鏀?25919) 鍏?20856) 涔?20043) 涔?20070) /(47) 7(55) 5(53) -(45) 鍛?21608) 涔?20070) /(47) 2(50) 5(53) -(45) 鍛?21608) 鏅?26223) 鐜?29579) 鏀?25919) 鍏?20856) .(46) m(109) d(100)
annotationRoot锛?F:\GitHub\NEXUS\src\annotations
articlePathWithoutExt锛?鏀垮吀涔嬩功/75-鍛ㄤ功/25-鍛ㄦ櫙鐜嬫斂鍏?eventsPath锛?F:\GitHub\NEXUS\src\annotations\鏀垮吀涔嬩功\75-鍛ㄤ功\25-鍛ㄦ櫙鐜嬫斂鍏?events.md
relationsPath锛?F:\GitHub\NEXUS\src\annotations\鏀垮吀涔嬩功\75-鍛ㄤ功\25-鍛ㄦ櫙鐜嬫斂鍏?relations.md
eventsPath 瀛樺湪锛?false
relationsPath 瀛樺湪锛?false
鍔犺浇鐨勬爣娉ㄦ枃浠舵暟閲忥細 0
鍔犺浇鐨勬爣娉ㄦ枃浠讹細 []
浼犻€掔粰鍓嶇鐨勬爣娉ㄦ暟鎹細 { files: [] }
 [2m(+4ms)[22m
[2m10:07:05[22m   [34m鈹溾攢[39m [2m/鍒跺害涓庡垱閫?27-鍛ㄦ暚鐜嬫斂鍏?index.html[22m========== 鏍囨敞鏂囦欢鍔犺浇璋冭瘯 ==========
article.id 鍘熷鍊硷細 鏀垮吀涔嬩功/75-鍛ㄤ功/27-鍛ㄦ暚鐜嬫斂鍏?md
article.id 绫诲瀷锛?string
article.id 闀垮害锛?22
article.id 瀛楃浠ｇ爜锛?鏀?25919) 鍏?20856) 涔?20043) 涔?20070) /(47) 7(55) 5(53) -(45) 鍛?21608) 涔?20070) /(47) 2(50) 7(55) -(45) 鍛?21608) 鏁?25964) 鐜?29579) 鏀?25919) 鍏?20856) .(46) m(109) d(100)
annotationRoot锛?F:\GitHub\NEXUS\src\annotations
articlePathWithoutExt锛?鏀垮吀涔嬩功/75-鍛ㄤ功/27-鍛ㄦ暚鐜嬫斂鍏?eventsPath锛?F:\GitHub\NEXUS\src\annotations\鏀垮吀涔嬩功\75-鍛ㄤ功\27-鍛ㄦ暚鐜嬫斂鍏?events.md
relationsPath锛?F:\GitHub\NEXUS\src\annotations\鏀垮吀涔嬩功\75-鍛ㄤ功\27-鍛ㄦ暚鐜嬫斂鍏?relations.md
eventsPath 瀛樺湪锛?false
relationsPath 瀛樺湪锛?false
鍔犺浇鐨勬爣娉ㄦ枃浠舵暟閲忥細 0
鍔犺浇鐨勬爣娉ㄦ枃浠讹細 []
浼犻€掔粰鍓嶇鐨勬爣娉ㄦ暟鎹細 { files: [] }
 [2m(+5ms)[22m
[2m10:07:05[22m   [34m鈹溾攢[39m [2m/鍒跺害涓庡垱閫?01-绉﹀鐨囨斂鍏?index.html[22m========== 鏍囨敞鏂囦欢鍔犺浇璋冭瘯 ==========
article.id 鍘熷鍊硷細 鏀垮吀涔嬩功/77-绉︿功/01-绉﹀鐨囨斂鍏?md
article.id 绫诲瀷锛?string
article.id 闀垮害锛?22
article.id 瀛楃浠ｇ爜锛?鏀?25919) 鍏?20856) 涔?20043) 涔?20070) /(47) 7(55) 7(55) -(45) 绉?31206) 涔?20070) /(47) 0(48) 1(49) -(45) 绉?31206) 濮?22987) 鐨?30343) 鏀?25919) 鍏?20856) .(46) m(109) d(100)
annotationRoot锛?F:\GitHub\NEXUS\src\annotations
articlePathWithoutExt锛?鏀垮吀涔嬩功/77-绉︿功/01-绉﹀鐨囨斂鍏?eventsPath锛?F:\GitHub\NEXUS\src\annotations\鏀垮吀涔嬩功\77-绉︿功\01-绉﹀鐨囨斂鍏?events.md
relationsPath锛?F:\GitHub\NEXUS\src\annotations\鏀垮吀涔嬩功\77-绉︿功\01-绉﹀鐨囨斂鍏?relations.md
eventsPath 瀛樺湪锛?false
relationsPath 瀛樺湪锛?false
鍔犺浇鐨勬爣娉ㄦ枃浠舵暟閲忥細 0
鍔犺浇鐨勬爣娉ㄦ枃浠讹細 []
浼犻€掔粰鍓嶇鐨勬爣娉ㄦ暟鎹細 { files: [] }
 [2m(+5ms)[22m
[2m10:07:05[22m   [34m鈹溾攢[39m [2m/鍒跺害涓庡垱閫?02-姹夋枃甯濇斂鍏?index.html[22m========== 鏍囨敞鏂囦欢鍔犺浇璋冭瘯 ==========
article.id 鍘熷鍊硷細 鏀垮吀涔嬩功/78-姹変功/02-姹夋枃甯濇斂鍏?md
article.id 绫诲瀷锛?string
article.id 闀垮害锛?22
article.id 瀛楃浠ｇ爜锛?鏀?25919) 鍏?20856) 涔?20043) 涔?20070) /(47) 7(55) 8(56) -(45) 姹?27721) 涔?20070) /(47) 0(48) 2(50) -(45) 姹?27721) 鏂?25991) 甯?24093) 鏀?25919) 鍏?20856) .(46) m(109) d(100)
annotationRoot锛?F:\GitHub\NEXUS\src\annotations
articlePathWithoutExt锛?鏀垮吀涔嬩功/78-姹変功/02-姹夋枃甯濇斂鍏?eventsPath锛?F:\GitHub\NEXUS\src\annotations\鏀垮吀涔嬩功\78-姹変功\02-姹夋枃甯濇斂鍏?events.md
relationsPath锛?F:\GitHub\NEXUS\src\annotations\鏀垮吀涔嬩功\78-姹変功\02-姹夋枃甯濇斂鍏?relations.md
eventsPath 瀛樺湪锛?false
relationsPath 瀛樺湪锛?false
鍔犺浇鐨勬爣娉ㄦ枃浠舵暟閲忥細 0
鍔犺浇鐨勬爣娉ㄦ枃浠讹細 []
浼犻€掔粰鍓嶇鐨勬爣娉ㄦ暟鎹細 { files: [] }
 [2m(+13ms)[22m
[2m10:07:05[22m   [34m鈹溾攢[39m [2m/鍒跺害涓庡垱閫?04-姹夋甯濇斂鍏?index.html[22m========== 鏍囨敞鏂囦欢鍔犺浇璋冭瘯 ==========
article.id 鍘熷鍊硷細 鏀垮吀涔嬩功/78-姹変功/04-姹夋甯濇斂鍏?md
article.id 绫诲瀷锛?string
article.id 闀垮害锛?22
article.id 瀛楃浠ｇ爜锛?鏀?25919) 鍏?20856) 涔?20043) 涔?20070) /(47) 7(55) 8(56) -(45) 姹?27721) 涔?20070) /(47) 0(48) 4(52) -(45) 姹?27721) 姝?27494) 甯?24093) 鏀?25919) 鍏?20856) .(46) m(109) d(100)
annotationRoot锛?F:\GitHub\NEXUS\src\annotations
articlePathWithoutExt锛?鏀垮吀涔嬩功/78-姹変功/04-姹夋甯濇斂鍏?eventsPath锛?F:\GitHub\NEXUS\src\annotations\鏀垮吀涔嬩功\78-姹変功\04-姹夋甯濇斂鍏?events.md
relationsPath锛?F:\GitHub\NEXUS\src\annotations\鏀垮吀涔嬩功\78-姹変功\04-姹夋甯濇斂鍏?relations.md
eventsPath 瀛樺湪锛?false
relationsPath 瀛樺湪锛?false
鍔犺浇鐨勬爣娉ㄦ枃浠舵暟閲忥細 0
鍔犺浇鐨勬爣娉ㄦ枃浠讹細 []
浼犻€掔粰鍓嶇鐨勬爣娉ㄦ暟鎹細 { files: [] }
 [2m(+7ms)[22m
[2m10:07:05[22m   [34m鈹溾攢[39m [2m/鍒跺害涓庡垱閫?03-姹夋櫙甯濇斂鍏?index.html[22m========== 鏍囨敞鏂囦欢鍔犺浇璋冭瘯 ==========
article.id 鍘熷鍊硷細 鏀垮吀涔嬩功/78-姹変功/03-姹夋櫙甯濇斂鍏?md
article.id 绫诲瀷锛?string
article.id 闀垮害锛?22
article.id 瀛楃浠ｇ爜锛?鏀?25919) 鍏?20856) 涔?20043) 涔?20070) /(47) 7(55) 8(56) -(45) 姹?27721) 涔?20070) /(47) 0(48) 3(51) -(45) 姹?27721) 鏅?26223) 甯?24093) 鏀?25919) 鍏?20856) .(46) m(109) d(100)
annotationRoot锛?F:\GitHub\NEXUS\src\annotations
articlePathWithoutExt锛?鏀垮吀涔嬩功/78-姹変功/03-姹夋櫙甯濇斂鍏?eventsPath锛?F:\GitHub\NEXUS\src\annotations\鏀垮吀涔嬩功\78-姹変功\03-姹夋櫙甯濇斂鍏?events.md
relationsPath锛?F:\GitHub\NEXUS\src\annotations\鏀垮吀涔嬩功\78-姹変功\03-姹夋櫙甯濇斂鍏?relations.md
eventsPath 瀛樺湪锛?false
relationsPath 瀛樺湪锛?false
鍔犺浇鐨勬爣娉ㄦ枃浠舵暟閲忥細 0
鍔犺浇鐨勬爣娉ㄦ枃浠讹細 []
浼犻€掔粰鍓嶇鐨勬爣娉ㄦ暟鎹細 { files: [] }
 [2m(+6ms)[22m
[2m10:07:05[22m   [34m鈹溾攢[39m [2m/鍒跺害涓庡垱閫?01-鏄庡お绁栨斂鍏?index.html[22m========== 鏍囨敞鏂囦欢鍔犺浇璋冭瘯 ==========
article.id 鍘熷鍊硷細 鏀垮吀涔嬩功/82-鏄庝功/01-鏄庡お绁栨斂鍏?md
article.id 绫诲瀷锛?string
article.id 闀垮害锛?22
article.id 瀛楃浠ｇ爜锛?鏀?25919) 鍏?20856) 涔?20043) 涔?20070) /(47) 8(56) 2(50) -(45) 鏄?26126) 涔?20070) /(47) 0(48) 1(49) -(45) 鏄?26126) 澶?22826) 绁?31062) 鏀?25919) 鍏?20856) .(46) m(109) d(100)
annotationRoot锛?F:\GitHub\NEXUS\src\annotations
articlePathWithoutExt锛?鏀垮吀涔嬩功/82-鏄庝功/01-鏄庡お绁栨斂鍏?eventsPath锛?F:\GitHub\NEXUS\src\annotations\鏀垮吀涔嬩功\82-鏄庝功\01-鏄庡お绁栨斂鍏?events.md
relationsPath锛?F:\GitHub\NEXUS\src\annotations\鏀垮吀涔嬩功\82-鏄庝功\01-鏄庡お绁栨斂鍏?relations.md
eventsPath 瀛樺湪锛?false
relationsPath 瀛樺湪锛?false
鍔犺浇鐨勬爣娉ㄦ枃浠舵暟閲忥細 0
鍔犺浇鐨勬爣娉ㄦ枃浠讹細 []
浼犻€掔粰鍓嶇鐨勬爣娉ㄦ暟鎹細 { files: [] }
 [2m(+5ms)[22m
[2m10:07:05[22m   [34m鈹溾攢[39m [2m/鍒跺害涓庡垱閫?01-娓呭お绁栨斂鍏?index.html[22m========== 鏍囨敞鏂囦欢鍔犺浇璋冭瘯 ==========
article.id 鍘熷鍊硷細 鏀垮吀涔嬩功/83-娓呬功/01-娓呭お绁栨斂鍏?md
article.id 绫诲瀷锛?string
article.id 闀垮害锛?22
article.id 瀛楃浠ｇ爜锛?鏀?25919) 鍏?20856) 涔?20043) 涔?20070) /(47) 8(56) 3(51) -(45) 娓?28165) 涔?20070) /(47) 0(48) 1(49) -(45) 娓?28165) 澶?22826) 绁?31062) 鏀?25919) 鍏?20856) .(46) m(109) d(100)
annotationRoot锛?F:\GitHub\NEXUS\src\annotations
articlePathWithoutExt锛?鏀垮吀涔嬩功/83-娓呬功/01-娓呭お绁栨斂鍏?eventsPath锛?F:\GitHub\NEXUS\src\annotations\鏀垮吀涔嬩功\83-娓呬功\01-娓呭お绁栨斂鍏?events.md
relationsPath锛?F:\GitHub\NEXUS\src\annotations\鏀垮吀涔嬩功\83-娓呬功\01-娓呭お绁栨斂鍏?relations.md
eventsPath 瀛樺湪锛?false
relationsPath 瀛樺湪锛?false
鍔犺浇鐨勬爣娉ㄦ枃浠舵暟閲忥細 0
鍔犺浇鐨勬爣娉ㄦ枃浠讹細 []
浼犻€掔粰鍓嶇鐨勬爣娉ㄦ暟鎹細 { files: [] }
 [2m(+6ms)[22m
[2m10:07:05[22m   [34m鈹溾攢[39m [2m/鍒跺害涓庡垱閫?02-娓呭お瀹楁斂鍏?index.html[22m========== 鏍囨敞鏂囦欢鍔犺浇璋冭瘯 ==========
article.id 鍘熷鍊硷細 鏀垮吀涔嬩功/83-娓呬功/02-娓呭お瀹楁斂鍏?md
article.id 绫诲瀷锛?string
article.id 闀垮害锛?22
article.id 瀛楃浠ｇ爜锛?鏀?25919) 鍏?20856) 涔?20043) 涔?20070) /(47) 8(56) 3(51) -(45) 娓?28165) 涔?20070) /(47) 0(48) 2(50) -(45) 娓?28165) 澶?22826) 瀹?23447) 鏀?25919) 鍏?20856) .(46) m(109) d(100)
annotationRoot锛?F:\GitHub\NEXUS\src\annotations
articlePathWithoutExt锛?鏀垮吀涔嬩功/83-娓呬功/02-娓呭お瀹楁斂鍏?eventsPath锛?F:\GitHub\NEXUS\src\annotations\鏀垮吀涔嬩功\83-娓呬功\02-娓呭お瀹楁斂鍏?events.md
relationsPath锛?F:\GitHub\NEXUS\src\annotations\鏀垮吀涔嬩功\83-娓呬功\02-娓呭お瀹楁斂鍏?relations.md
eventsPath 瀛樺湪锛?false
relationsPath 瀛樺湪锛?false
鍔犺浇鐨勬爣娉ㄦ枃浠舵暟閲忥細 0
鍔犺浇鐨勬爣娉ㄦ枃浠讹細 []
浼犻€掔粰鍓嶇鐨勬爣娉ㄦ暟鎹細 { files: [] }
 [2m(+5ms)[22m
[2m10:07:05[22m   [34m鈹溾攢[39m [2m/鍒跺害涓庡垱閫?03-娓呬笘绁栨斂鍏?index.html[22m========== 鏍囨敞鏂囦欢鍔犺浇璋冭瘯 ==========
article.id 鍘熷鍊硷細 鏀垮吀涔嬩功/83-娓呬功/03-娓呬笘绁栨斂鍏?md
article.id 绫诲瀷锛?string
article.id 闀垮害锛?22
article.id 瀛楃浠ｇ爜锛?鏀?25919) 鍏?20856) 涔?20043) 涔?20070) /(47) 8(56) 3(51) -(45) 娓?28165) 涔?20070) /(47) 0(48) 3(51) -(45) 娓?28165) 涓?19990) 绁?31062) 鏀?25919) 鍏?20856) .(46) m(109) d(100)
annotationRoot锛?F:\GitHub\NEXUS\src\annotations
articlePathWithoutExt锛?鏀垮吀涔嬩功/83-娓呬功/03-娓呬笘绁栨斂鍏?eventsPath锛?F:\GitHub\NEXUS\src\annotations\鏀垮吀涔嬩功\83-娓呬功\03-娓呬笘绁栨斂鍏?events.md
relationsPath锛?F:\GitHub\NEXUS\src\annotations\鏀垮吀涔嬩功\83-娓呬功\03-娓呬笘绁栨斂鍏?relations.md
eventsPath 瀛樺湪锛?false
relationsPath 瀛樺湪锛?false
鍔犺浇鐨勬爣娉ㄦ枃浠舵暟閲忥細 0
鍔犺浇鐨勬爣娉ㄦ枃浠讹細 []
浼犻€掔粰鍓嶇鐨勬爣娉ㄦ暟鎹細 { files: [] }
 [2m(+5ms)[22m
[2m10:07:05[22m   [34m鈹溾攢[39m [2m/鍒跺害涓庡垱閫?08-娓呭瀹楁斂鍏?index.html[22m========== 鏍囨敞鏂囦欢鍔犺浇璋冭瘯 ==========
article.id 鍘熷鍊硷細 鏀垮吀涔嬩功/83-娓呬功/08-娓呭瀹楁斂鍏?md
article.id 绫诲瀷锛?string
article.id 闀垮害锛?22
article.id 瀛楃浠ｇ爜锛?鏀?25919) 鍏?20856) 涔?20043) 涔?20070) /(47) 8(56) 3(51) -(45) 娓?28165) 涔?20070) /(47) 0(48) 8(56) -(45) 娓?28165) 瀹?23459) 瀹?23447) 鏀?25919) 鍏?20856) .(46) m(109) d(100)
annotationRoot锛?F:\GitHub\NEXUS\src\annotations
articlePathWithoutExt锛?鏀垮吀涔嬩功/83-娓呬功/08-娓呭瀹楁斂鍏?eventsPath锛?F:\GitHub\NEXUS\src\annotations\鏀垮吀涔嬩功\83-娓呬功\08-娓呭瀹楁斂鍏?events.md
relationsPath锛?F:\GitHub\NEXUS\src\annotations\鏀垮吀涔嬩功\83-娓呬功\08-娓呭瀹楁斂鍏?relations.md
eventsPath 瀛樺湪锛?false
relationsPath 瀛樺湪锛?false
鍔犺浇鐨勬爣娉ㄦ枃浠舵暟閲忥細 0
鍔犺浇鐨勬爣娉ㄦ枃浠讹細 []
浼犻€掔粰鍓嶇鐨勬爣娉ㄦ暟鎹細 { files: [] }
 [2m(+8ms)[22m
[2m10:07:05[22m   [34m鈹溾攢[39m [2m/鍒跺害涓庡垱閫?11-娓呭痉瀹楁斂鍏?index.html[22m========== 鏍囨敞鏂囦欢鍔犺浇璋冭瘯 ==========
article.id 鍘熷鍊硷細 鏀垮吀涔嬩功/83-娓呬功/11-娓呭痉瀹楁斂鍏?md
article.id 绫诲瀷锛?string
article.id 闀垮害锛?22
article.id 瀛楃浠ｇ爜锛?鏀?25919) 鍏?20856) 涔?20043) 涔?20070) /(47) 8(56) 3(51) -(45) 娓?28165) 涔?20070) /(47) 1(49) 1(49) -(45) 娓?28165) 寰?24503) 瀹?23447) 鏀?25919) 鍏?20856) .(46) m(109) d(100)
annotationRoot锛?F:\GitHub\NEXUS\src\annotations
articlePathWithoutExt锛?鏀垮吀涔嬩功/83-娓呬功/11-娓呭痉瀹楁斂鍏?eventsPath锛?F:\GitHub\NEXUS\src\annotations\鏀垮吀涔嬩功\83-娓呬功\11-娓呭痉瀹楁斂鍏?events.md
relationsPath锛?F:\GitHub\NEXUS\src\annotations\鏀垮吀涔嬩功\83-娓呬功\11-娓呭痉瀹楁斂鍏?relations.md
eventsPath 瀛樺湪锛?false
relationsPath 瀛樺湪锛?false
鍔犺浇鐨勬爣娉ㄦ枃浠舵暟閲忥細 0
鍔犺浇鐨勬爣娉ㄦ枃浠讹細 []
浼犻€掔粰鍓嶇鐨勬爣娉ㄦ暟鎹細 { files: [] }
 [2m(+10ms)[22m
[2m10:07:05[22m   [34m鈹溾攢[39m [2m/鍒跺害涓庡垱閫?12-娓呭缁熸斂鍏?index.html[22m========== 鏍囨敞鏂囦欢鍔犺浇璋冭瘯 ==========
article.id 鍘熷鍊硷細 鏀垮吀涔嬩功/83-娓呬功/12-娓呭缁熸斂鍏?md
article.id 绫诲瀷锛?string
article.id 闀垮害锛?22
article.id 瀛楃浠ｇ爜锛?鏀?25919) 鍏?20856) 涔?20043) 涔?20070) /(47) 8(56) 3(51) -(45) 娓?28165) 涔?20070) /(47) 1(49) 2(50) -(45) 娓?28165) 瀹?23459) 缁?32479) 鏀?25919) 鍏?20856) .(46) m(109) d(100)
annotationRoot锛?F:\GitHub\NEXUS\src\annotations
articlePathWithoutExt锛?鏀垮吀涔嬩功/83-娓呬功/12-娓呭缁熸斂鍏?eventsPath锛?F:\GitHub\NEXUS\src\annotations\鏀垮吀涔嬩功\83-娓呬功\12-娓呭缁熸斂鍏?events.md
relationsPath锛?F:\GitHub\NEXUS\src\annotations\鏀垮吀涔嬩功\83-娓呬功\12-娓呭缁熸斂鍏?relations.md
eventsPath 瀛樺湪锛?false
relationsPath 瀛樺湪锛?false
鍔犺浇鐨勬爣娉ㄦ枃浠舵暟閲忥細 0
鍔犺浇鐨勬爣娉ㄦ枃浠讹細 []
浼犻€掔粰鍓嶇鐨勬爣娉ㄦ暟鎹細 { files: [] }
 [2m(+12ms)[22m
[2m10:07:05[22m   [34m鈹溾攢[39m [2m/鍒跺害涓庡垱閫?02-鍚岀洘浼氭斂鍏?index.html[22m========== 鏍囨敞鏂囦欢鍔犺浇璋冭瘯 ==========
article.id 鍘熷鍊硷細 鏀垮吀涔嬩功/84-姘戜功/02-鍚岀洘浼氭斂鍏?md
article.id 绫诲瀷锛?string
article.id 闀垮害锛?22
article.id 瀛楃浠ｇ爜锛?鏀?25919) 鍏?20856) 涔?20043) 涔?20070) /(47) 8(56) 4(52) -(45) 姘?27665) 涔?20070) /(47) 0(48) 2(50) -(45) 鍚?21516) 鐩?30431) 浼?20250) 鏀?25919) 鍏?20856) .(46) m(109) d(100)
annotationRoot锛?F:\GitHub\NEXUS\src\annotations
articlePathWithoutExt锛?鏀垮吀涔嬩功/84-姘戜功/02-鍚岀洘浼氭斂鍏?eventsPath锛?F:\GitHub\NEXUS\src\annotations\鏀垮吀涔嬩功\84-姘戜功\02-鍚岀洘浼氭斂鍏?events.md
relationsPath锛?F:\GitHub\NEXUS\src\annotations\鏀垮吀涔嬩功\84-姘戜功\02-鍚岀洘浼氭斂鍏?relations.md
eventsPath 瀛樺湪锛?false
relationsPath 瀛樺湪锛?false
鍔犺浇鐨勬爣娉ㄦ枃浠舵暟閲忥細 0
鍔犺浇鐨勬爣娉ㄦ枃浠讹細 []
浼犻€掔粰鍓嶇鐨勬爣娉ㄦ暟鎹細 { files: [] }
 [2m(+12ms)[22m
[2m10:07:05[22m   [34m鈹溾攢[39m [2m/鍒跺害涓庡垱閫?01-鍥界埗瀛欎腑灞辨斂鍏?index.html[22m========== 鏍囨敞鏂囦欢鍔犺浇璋冭瘯 ==========
article.id 鍘熷鍊硷細 鏀垮吀涔嬩功/84-姘戜功/01-鍥界埗瀛欎腑灞辨斂鍏?md
article.id 绫诲瀷锛?string
article.id 闀垮害锛?24
article.id 瀛楃浠ｇ爜锛?鏀?25919) 鍏?20856) 涔?20043) 涔?20070) /(47) 8(56) 4(52) -(45) 姘?27665) 涔?20070) /(47) 0(48) 1(49) -(45) 鍥?22269) 鐖?29238) 瀛?23385) 涓?20013) 灞?23665) 鏀?25919) 鍏?20856) .(46) m(109) d(100)
annotationRoot锛?F:\GitHub\NEXUS\src\annotations
articlePathWithoutExt锛?鏀垮吀涔嬩功/84-姘戜功/01-鍥界埗瀛欎腑灞辨斂鍏?eventsPath锛?F:\GitHub\NEXUS\src\annotations\鏀垮吀涔嬩功\84-姘戜功\01-鍥界埗瀛欎腑灞辨斂鍏?events.md
relationsPath锛?F:\GitHub\NEXUS\src\annotations\鏀垮吀涔嬩功\84-姘戜功\01-鍥界埗瀛欎腑灞辨斂鍏?relations.md
eventsPath 瀛樺湪锛?false
relationsPath 瀛樺湪锛?false
鍔犺浇鐨勬爣娉ㄦ枃浠舵暟閲忥細 0
鍔犺浇鐨勬爣娉ㄦ枃浠讹細 []
浼犻€掔粰鍓嶇鐨勬爣娉ㄦ暟鎹細 { files: [] }
 [2m(+9ms)[22m
[2m10:07:05[22m   [34m鈹溾攢[39m [2m/鍒跺害涓庡垱閫?03-涓崕姘戝浗鍐涙斂搴滄斂鍏?index.html[22m========== 鏍囨敞鏂囦欢鍔犺浇璋冭瘯 ==========
article.id 鍘熷鍊硷細 鏀垮吀涔嬩功/84-姘戜功/03-涓崕姘戝浗鍐涙斂搴滄斂鍏?md
article.id 绫诲瀷锛?string
article.id 闀垮害锛?26
article.id 瀛楃浠ｇ爜锛?鏀?25919) 鍏?20856) 涔?20043) 涔?20070) /(47) 8(56) 4(52) -(45) 姘?27665) 涔?20070) /(47) 0(48) 3(51) -(45) 涓?20013) 鍗?21326) 姘?27665) 鍥?22269) 鍐?20891) 鏀?25919) 搴?24220) 鏀?25919) 鍏?20856) .(46) m(109) d(100)
annotationRoot锛?F:\GitHub\NEXUS\src\annotations
articlePathWithoutExt锛?鏀垮吀涔嬩功/84-姘戜功/03-涓崕姘戝浗鍐涙斂搴滄斂鍏?eventsPath锛?F:\GitHub\NEXUS\src\annotations\鏀垮吀涔嬩功\84-姘戜功\03-涓崕姘戝浗鍐涙斂搴滄斂鍏?events.md
relationsPath锛?F:\GitHub\NEXUS\src\annotations\鏀垮吀涔嬩功\84-姘戜功\03-涓崕姘戝浗鍐涙斂搴滄斂鍏?relations.md
eventsPath 瀛樺湪锛?false
relationsPath 瀛樺湪锛?false
鍔犺浇鐨勬爣娉ㄦ枃浠舵暟閲忥細 0
鍔犺浇鐨勬爣娉ㄦ枃浠讹細 []
浼犻€掔粰鍓嶇鐨勬爣娉ㄦ暟鎹細 { files: [] }
 [2m(+5ms)[22m
[2m10:07:05[22m   [34m鈹溾攢[39m [2m/鍒跺害涓庡垱閫?05-涓浗鍥芥皯鍏氬厛鎬荤悊瀛欓€镐粰鏀垮吀/index.html[22m========== 鏍囨敞鏂囦欢鍔犺浇璋冭瘯 ==========
article.id 鍘熷鍊硷細 鏀垮吀涔嬩功/84-姘戜功/05-涓浗鍥芥皯鍏氬厛鎬荤悊瀛欓€镐粰鏀垮吀.md
article.id 绫诲瀷锛?string
article.id 闀垮害锛?30
article.id 瀛楃浠ｇ爜锛?鏀?25919) 鍏?20856) 涔?20043) 涔?20070) /(47) 8(56) 4(52) -(45) 姘?27665) 涔?20070) /(47) 0(48) 5(53) -(45) 涓?20013) 鍥?22269) 鍥?22269) 姘?27665) 鍏?20826) 鍏?20808) 鎬?24635) 鐞?29702) 瀛?23385) 閫?36920) 浠?20185) 鏀?25919) 鍏?20856) .(46) m(109) d(100)
annotationRoot锛?F:\GitHub\NEXUS\src\annotations
articlePathWithoutExt锛?鏀垮吀涔嬩功/84-姘戜功/05-涓浗鍥芥皯鍏氬厛鎬荤悊瀛欓€镐粰鏀垮吀
eventsPath锛?F:\GitHub\NEXUS\src\annotations\鏀垮吀涔嬩功\84-姘戜功\05-.events.json��芥皯鍏氬厛鎬荤悊瀛欓€镐粰鏀垮吀.events.md
relationsPath锛?F:\GitHub\NEXUS\src\annotations\鏀垮吀涔嬩功\84-姘戜功\05-.relations.json��皯鍏氬厛鎬荤悊瀛欓€镐粰鏀垮吀.relations.md
eventsPath 瀛樺湪锛?false
relationsPath 瀛樺湪锛?false
鍔犺浇鐨勬爣娉ㄦ枃浠舵暟閲忥細 0
鍔犺浇鐨勬爣娉ㄦ枃浠讹細 []
浼犻€掔粰鍓嶇鐨勬爣娉ㄦ暟鎹細 { files: [] }
 [2m(+5ms)[22m
[2m10:07:05[22m   [34m鈹溾攢[39m [2m/鍒跺害涓庡垱閫?04-涓崕姘戝浗涓存椂鏀垮簻鏀垮吀/index.html[22m========== 鏍囨敞鏂囦欢鍔犺浇璋冭瘯 ==========
article.id 鍘熷鍊硷細 鏀垮吀涔嬩功/84-姘戜功/04-涓崕姘戝浗涓存椂鏀垮簻鏀垮吀.md
article.id 绫诲瀷锛?string
article.id 闀垮害锛?27
article.id 瀛楃浠ｇ爜锛?鏀?25919) 鍏?20856) 涔?20043) 涔?20070) /(47) 8(56) 4(52) -(45) 姘?27665) 涔?20070) /(47) 0(48) 4(52) -(45) 涓?20013) 鍗?21326) 姘?27665) 鍥?22269) 涓?20020) 鏃?26102) 鏀?25919) 搴?24220) 鏀?25919) 鍏?20856) .(46) m(109) d(100)
annotationRoot锛?F:\GitHub\NEXUS\src\annotations
articlePathWithoutExt锛?鏀垮吀涔嬩功/84-姘戜功/04-涓崕姘戝浗涓存椂鏀垮簻鏀垮吀
eventsPath锛?F:\GitHub\NEXUS\src\annotations\鏀垮吀涔嬩功\84-姘戜�.events.json�崕姘戝浗涓存椂鏀垮簻鏀垮吀.events.md
relationsPath锛?F:\GitHub\NEXUS\src\annotations\鏀垮吀涔嬩功\84-姘戜�.relations.json�姘戝浗涓存椂鏀垮簻鏀垮吀.relations.md
eventsPath 瀛樺湪锛?false
relationsPath 瀛樺湪锛?false
鍔犺浇鐨勬爣娉ㄦ枃浠舵暟閲忥細 0
鍔犺浇鐨勬爣娉ㄦ枃浠讹細 []
浼犻€掔粰鍓嶇鐨勬爣娉ㄦ暟鎹細 { files: [] }
 [2m(+10ms)[22m
[2m10:07:05[22m   [34m鈹溾攢[39m [2m/鍒跺害涓庡垱閫?06-涓浗鍥芥皯鍏氳拫涓鏀垮吀/index.html[22m========== 鏍囨敞鏂囦欢鍔犺浇璋冭瘯 ==========
article.id 鍘熷鍊硷細 鏀垮吀涔嬩功/84-姘戜功/06-涓浗鍥芥皯鍏氳拫涓鏀垮吀.md
article.id 绫诲瀷锛?string
article.id 闀垮害锛?27
article.id 瀛楃浠ｇ爜锛?鏀?25919) 鍏?20856) 涔?20043) 涔?20070) /(47) 8(56) 4(52) -(45) 姘?27665) 涔?20070) /(47) 0(48) 6(54) -(45) 涓?20013) 鍥?22269) 鍥?22269) 姘?27665) 鍏?20826) 钂?33931) 涓?20013) 姝?27491) 鏀?25919) 鍏?20856) .(46) m(109) d(100)
annotationRoot锛?F:\GitHub\NEXUS\src\annotations
articlePathWithoutExt锛?鏀垮吀涔嬩功/84-姘戜功/06-涓浗鍥芥皯鍏氳拫涓鏀垮吀
eventsPath锛?F:\GitHub\NEXUS\src\annotations\鏀垮吀涔嬩功\84-姘戜�.events.json�浗鍥芥皯鍏氳拫涓鏀垮吀.events.md
relationsPath锛?F:\GitHub\NEXUS\src\annotations\鏀垮吀涔嬩功\84-姘戜�.relations.json�鍥芥皯鍏氳拫涓鏀垮吀.relations.md
eventsPath 瀛樺湪锛?false
relationsPath 瀛樺湪锛?false
鍔犺浇鐨勬爣娉ㄦ枃浠舵暟閲忥細 0
鍔犺浇鐨勬爣娉ㄦ枃浠讹細 []
浼犻€掔粰鍓嶇鐨勬爣娉ㄦ暟鎹細 { files: [] }
 [2m(+8ms)[22m
[2m10:07:05[22m   [34m鈹溾攢[39m [2m/鍒跺害涓庡垱閫?椹厠鎬濅富涔夋枃搴?index.html[22m========== 鏍囨敞鏂囦欢鍔犺浇璋冭瘯 ==========
article.id 鍘熷鍊硷細 鎬濇兂娴?椹厠鎬濅富涔?椹厠鎬濅富涔夋枃搴?md
article.id 绫诲瀷锛?string
article.id 闀垮害锛?20
article.id 瀛楃浠ｇ爜锛?鎬?24605) 鎯?24819) 娴?27969) /(47) 椹?39532) 鍏?20811) 鎬?24605) 涓?20027) 涔?20041) /(47) 椹?39532) 鍏?20811) 鎬?24605) 涓?20027) 涔?20041) 鏂?25991) 搴?24211) .(46) m(109) d(100)
annotationRoot锛?F:\GitHub\NEXUS\src\annotations
articlePathWithoutExt锛?鎬濇兂娴?椹厠鎬濅富涔?椹厠鎬濅富涔夋枃搴?eventsPath锛?F:\GitHub\NEXUS\src\annotations\鎬濇兂娴乗椹厠鎬濅富涔塡椹厠鎬濅富涔夋枃搴?events.md
relationsPath锛?F:\GitHub\NEXUS\src\annotations\鎬濇兂娴乗椹厠鎬濅富涔塡椹厠鎬濅富涔夋枃搴?relations.md
eventsPath 瀛樺湪锛?false
relationsPath 瀛樺湪锛?false
鍔犺浇鐨勬爣娉ㄦ枃浠舵暟閲忥細 0
鍔犺浇鐨勬爣娉ㄦ枃浠讹細 []
浼犻€掔粰鍓嶇鐨勬爣娉ㄦ暟鎹細 { files: [] }
 [2m(+6ms)[22m
[2m10:07:05[22m   [34m鈹溾攢[39m [2m/鍒跺害涓庡垱閫?16-榻愭亽鍏/index.html[22m========== 鏍囨敞鏂囦欢鍔犺浇璋冭瘯 ==========
article.id 鍘熷鍊硷細 鏀垮吀涔嬩功/75-鍛ㄤ功/02-榻愯/16-榻愭亽鍏.md
article.id 绫诲瀷锛?string
article.id 闀垮害锛?27
article.id 瀛楃浠ｇ爜锛?鏀?25919) 鍏?20856) 涔?20043) 涔?20070) /(47) 7(55) 5(53) -(45) 鍛?21608) 涔?20070) /(47) 0(48) 2(50) -(45) 榻?40784) 璇?35821) /(47) 1(49) 6(54) -(45) 榻?40784) 鎭?24658) 鍏?20844) 璇?35821) .(46) m(109) d(100)
annotationRoot锛?F:\GitHub\NEXUS\src\annotations
articlePathWithoutExt锛?鏀垮吀涔嬩功/75-鍛ㄤ功/02-榻愯/16-榻愭亽鍏
eventsPath锛?F:\GitHub\NEXUS\src\annotations\鏀垮吀涔嬩功\75-鍛ㄤ.events.json愯\16-榻愭亽鍏.events.md
relationsPath锛?F:\GitHub\NEXUS\src\annotations\鏀垮吀涔嬩功\75-鍛ㄤ.relations.json\16-榻愭亽鍏.relations.md
eventsPath 瀛樺湪锛?false
relationsPath 瀛樺湪锛?false
鍔犺浇鐨勬爣娉ㄦ枃浠舵暟閲忥細 0
鍔犺浇鐨勬爣娉ㄦ枃浠讹細 []
浼犻€掔粰鍓嶇鐨勬爣娉ㄦ暟鎹細 { files: [] }
 [2m(+18ms)[22m
[2m10:07:05[22m   [34m鈹溾攢[39m [2m/鍒跺害涓庡垱閫?01-鏅嬫鍏/index.html[22m========== 鏍囨敞鏂囦欢鍔犺浇璋冭瘯 ==========
article.id 鍘熷鍊硷細 鏀垮吀涔嬩功/75-鍛ㄤ功/03-鏅嬭/01-鏅嬫鍏.md
article.id 绫诲瀷锛?string
article.id 闀垮害锛?27
article.id 瀛楃浠ｇ爜锛?鏀?25919) 鍏?20856) 涔?20043) 涔?20070) /(47) 7(55) 5(53) -(45) 鍛?21608) 涔?20070) /(47) 0(48) 3(51) -(45) 鏅?26187) 璇?35821) /(47) 0(48) 1(49) -(45) 鏅?26187) 姝?27494) 鍏?20844) 璇?35821) .(46) m(109) d(100)
annotationRoot锛?F:\GitHub\NEXUS\src\annotations
articlePathWithoutExt锛?鏀垮吀涔嬩功/75-鍛ㄤ功/03-鏅嬭/01-鏅嬫鍏
eventsPath锛?F:\GitHub\NEXUS\src\annotations\鏀垮吀涔嬩功\75-鍛ㄤ.events.json嬭\01-鏅嬫鍏.events.md
relationsPath锛?F:\GitHub\NEXUS\src\annotations\鏀垮吀涔嬩功\75-鍛ㄤ.relations.json\01-鏅嬫鍏.relations.md
eventsPath 瀛樺湪锛?false
relationsPath 瀛樺湪锛?false
鍔犺浇鐨勬爣娉ㄦ枃浠舵暟閲忥細 0
鍔犺浇鐨勬爣娉ㄦ枃浠讹細 []
浼犻€掔粰鍓嶇鐨勬爣娉ㄦ暟鎹細 { files: [] }
 [2m(+8ms)[22m
[2m10:07:05[22m   [34m鈹溾攢[39m [2m/鍒跺害涓庡垱閫?03-鏅嬫儬鍏/index.html[22m========== 鏍囨敞鏂囦欢鍔犺浇璋冭瘯 ==========
article.id 鍘熷鍊硷細 鏀垮吀涔嬩功/75-鍛ㄤ功/03-鏅嬭/03-鏅嬫儬鍏.md
article.id 绫诲瀷锛?string
article.id 闀垮害锛?27
article.id 瀛楃浠ｇ爜锛?鏀?25919) 鍏?20856) 涔?20043) 涔?20070) /(47) 7(55) 5(53) -(45) 鍛?21608) 涔?20070) /(47) 0(48) 3(51) -(45) 鏅?26187) 璇?35821) /(47) 0(48) 3(51) -(45) 鏅?26187) 鎯?24800) 鍏?20844) 璇?35821) .(46) m(109) d(100)
annotationRoot锛?F:\GitHub\NEXUS\src\annotations
articlePathWithoutExt锛?鏀垮吀涔嬩功/75-鍛ㄤ功/03-鏅嬭/03-鏅嬫儬鍏
eventsPath锛?F:\GitHub\NEXUS\src\annotations\鏀垮吀涔嬩功\75-鍛ㄤ.events.json嬭\03-鏅嬫儬鍏.events.md
relationsPath锛?F:\GitHub\NEXUS\src\annotations\鏀垮吀涔嬩功\75-鍛ㄤ.relations.json\03-鏅嬫儬鍏.relations.md
eventsPath 瀛樺湪锛?false
relationsPath 瀛樺湪锛?false
鍔犺浇鐨勬爣娉ㄦ枃浠舵暟閲忥細 0
鍔犺浇鐨勬爣娉ㄦ枃浠讹細 []
浼犻€掔粰鍓嶇鐨勬爣娉ㄦ暟鎹細 { files: [] }
 [2m(+7ms)[22m
[2m10:07:05[22m   [34m鈹溾攢[39m [2m/鍒跺害涓庡垱閫?04-鏅嬫枃鍏/index.html[22m========== 鏍囨敞鏂囦欢鍔犺浇璋冭瘯 ==========
article.id 鍘熷鍊硷細 鏀垮吀涔嬩功/75-鍛ㄤ功/03-鏅嬭/04-鏅嬫枃鍏.md
article.id 绫诲瀷锛?string
article.id 闀垮害锛?27
article.id 瀛楃浠ｇ爜锛?鏀?25919) 鍏?20856) 涔?20043) 涔?20070) /(47) 7(55) 5(53) -(45) 鍛?21608) 涔?20070) /(47) 0(48) 3(51) -(45) 鏅?26187) 璇?35821) /(47) 0(48) 4(52) -(45) 鏅?26187) 鏂?25991) 鍏?20844) 璇?35821) .(46) m(109) d(100)
annotationRoot锛?F:\GitHub\NEXUS\src\annotations
articlePathWithoutExt锛?鏀垮吀涔嬩功/75-鍛ㄤ功/03-鏅嬭/04-鏅嬫枃鍏
eventsPath锛?F:\GitHub\NEXUS\src\annotations\鏀垮吀涔嬩功\75-鍛ㄤ.events.json嬭\04-鏅嬫枃鍏.events.md
relationsPath锛?F:\GitHub\NEXUS\src\annotations\鏀垮吀涔嬩功\75-鍛ㄤ.relations.json\04-鏅嬫枃鍏.relations.md
eventsPath 瀛樺湪锛?false
relationsPath 瀛樺湪锛?false
鍔犺浇鐨勬爣娉ㄦ枃浠舵暟閲忥細 0
鍔犺浇鐨勬爣娉ㄦ枃浠讹細 []
浼犻€掔粰鍓嶇鐨勬爣娉ㄦ暟鎹細 { files: [] }
 [2m(+9ms)[22m
[2m10:07:05[22m   [34m鈹溾攢[39m [2m/鍒跺害涓庡垱閫?02-鏅嬬尞鍏/index.html[22m========== 鏍囨敞鏂囦欢鍔犺浇璋冭瘯 ==========
article.id 鍘熷鍊硷細 鏀垮吀涔嬩功/75-鍛ㄤ功/03-鏅嬭/02-鏅嬬尞鍏.md
article.id 绫诲瀷锛?string
article.id 闀垮害锛?27
article.id 瀛楃浠ｇ爜锛?鏀?25919) 鍏?20856) 涔?20043) 涔?20070) /(47) 7(55) 5(53) -(45) 鍛?21608) 涔?20070) /(47) 0(48) 3(51) -(45) 鏅?26187) 璇?35821) /(47) 0(48) 2(50) -(45) 鏅?26187) 鐚?29486) 鍏?20844) 璇?35821) .(46) m(109) d(100)
annotationRoot锛?F:\GitHub\NEXUS\src\annotations
articlePathWithoutExt锛?鏀垮吀涔嬩功/75-鍛ㄤ功/03-鏅嬭/02-鏅嬬尞鍏
eventsPath锛?F:\GitHub\NEXUS\src\annotations\鏀垮吀涔嬩功\75-鍛ㄤ.events.json嬭\02-鏅嬬尞鍏.events.md
relationsPath锛?F:\GitHub\NEXUS\src\annotations\鏀垮吀涔嬩功\75-鍛ㄤ.relations.json\02-鏅嬬尞鍏.relations.md
eventsPath 瀛樺湪锛?false
relationsPath 瀛樺湪锛?false
鍔犺浇鐨勬爣娉ㄦ枃浠舵暟閲忥細 0
鍔犺浇鐨勬爣娉ㄦ枃浠讹細 []
浼犻€掔粰鍓嶇鐨勬爣娉ㄦ暟鎹細 { files: [] }
 [2m(+32ms)[22m
[2m10:07:05[22m   [34m鈹溾攢[39m [2m/鍒跺害涓庡垱閫?06-鏅嬬伒鍏/index.html[22m========== 鏍囨敞鏂囦欢鍔犺浇璋冭瘯 ==========
article.id 鍘熷鍊硷細 鏀垮吀涔嬩功/75-鍛ㄤ功/03-鏅嬭/06-鏅嬬伒鍏.md
article.id 绫诲瀷锛?string
article.id 闀垮害锛?27
article.id 瀛楃浠ｇ爜锛?鏀?25919) 鍏?20856) 涔?20043) 涔?20070) /(47) 7(55) 5(53) -(45) 鍛?21608) 涔?20070) /(47) 0(48) 3(51) -(45) 鏅?26187) 璇?35821) /(47) 0(48) 6(54) -(45) 鏅?26187) 鐏?28789) 鍏?20844) 璇?35821) .(46) m(109) d(100)
annotationRoot锛?F:\GitHub\NEXUS\src\annotations
articlePathWithoutExt锛?鏀垮吀涔嬩功/75-鍛ㄤ功/03-鏅嬭/06-鏅嬬伒鍏
eventsPath锛?F:\GitHub\NEXUS\src\annotations\鏀垮吀涔嬩功\75-鍛ㄤ.events.json嬭\06-鏅嬬伒鍏.events.md
relationsPath锛?F:\GitHub\NEXUS\src\annotations\鏀垮吀涔嬩功\75-鍛ㄤ.relations.json\06-鏅嬬伒鍏.relations.md
eventsPath 瀛樺湪锛?false
relationsPath 瀛樺湪锛?false
鍔犺浇鐨勬爣娉ㄦ枃浠舵暟閲忥細 0
鍔犺浇鐨勬爣娉ㄦ枃浠讹細 []
浼犻€掔粰鍓嶇鐨勬爣娉ㄦ暟鎹細 { files: [] }
 [2m(+7ms)[22m
[2m10:07:05[22m   [34m鈹溾攢[39m [2m/鍒跺害涓庡垱閫?05-鏅嬭鍏/index.html[22m========== 鏍囨敞鏂囦欢鍔犺浇璋冭瘯 ==========
article.id 鍘熷鍊硷細 鏀垮吀涔嬩功/75-鍛ㄤ功/03-鏅嬭/05-鏅嬭鍏.md
article.id 绫诲瀷锛?string
article.id 闀垮害锛?27
article.id 瀛楃浠ｇ爜锛?鏀?25919) 鍏?20856) 涔?20043) 涔?20070) /(47) 7(55) 5(53) -(45) 鍛?21608) 涔?20070) /(47) 0(48) 3(51) -(45) 鏅?26187) 璇?35821) /(47) 0(48) 5(53) -(45) 鏅?26187) 瑗?35140) 鍏?20844) 璇?35821) .(46) m(109) d(100)
annotationRoot锛?F:\GitHub\NEXUS\src\annotations
articlePathWithoutExt锛?鏀垮吀涔嬩功/75-鍛ㄤ功/03-鏅嬭/05-鏅嬭鍏
eventsPath锛?F:\GitHub\NEXUS\src\annotations\鏀垮吀涔嬩功\75-鍛ㄤ.events.json嬭\05-鏅嬭鍏.events.md
relationsPath锛?F:\GitHub\NEXUS\src\annotations\鏀垮吀涔嬩功\75-鍛ㄤ.relations.json\05-鏅嬭鍏.relations.md
eventsPath 瀛樺湪锛?false
relationsPath 瀛樺湪锛?false
鍔犺浇鐨勬爣娉ㄦ枃浠舵暟閲忥細 0
鍔犺浇鐨勬爣娉ㄦ枃浠讹細 []
浼犻€掔粰鍓嶇鐨勬爣娉ㄦ暟鎹細 { files: [] }
 [2m(+8ms)[22m
[2m10:07:05[22m   [34m鈹溾攢[39m [2m/鍒跺害涓庡垱閫?07-鏅嬫垚鍏/index.html[22m========== 鏍囨敞鏂囦欢鍔犺浇璋冭瘯 ==========
article.id 鍘熷鍊硷細 鏀垮吀涔嬩功/75-鍛ㄤ功/03-鏅嬭/07-鏅嬫垚鍏.md
article.id 绫诲瀷锛?string
article.id 闀垮害锛?27
article.id 瀛楃浠ｇ爜锛?鏀?25919) 鍏?20856) 涔?20043) 涔?20070) /(47) 7(55) 5(53) -(45) 鍛?21608) 涔?20070) /(47) 0(48) 3(51) -(45) 鏅?26187) 璇?35821) /(47) 0(48) 7(55) -(45) 鏅?26187) 鎴?25104) 鍏?20844) 璇?35821) .(46) m(109) d(100)
annotationRoot锛?F:\GitHub\NEXUS\src\annotations
articlePathWithoutExt锛?鏀垮吀涔嬩功/75-鍛ㄤ功/03-鏅嬭/07-鏅嬫垚鍏
eventsPath锛?F:\GitHub\NEXUS\src\annotations\鏀垮吀涔嬩功\75-鍛ㄤ.events.json嬭\07-鏅嬫垚鍏.events.md
relationsPath锛?F:\GitHub\NEXUS\src\annotations\鏀垮吀涔嬩功\75-鍛ㄤ.relations.json\07-鏅嬫垚鍏.relations.md
eventsPath 瀛樺湪锛?false
relationsPath 瀛樺湪锛?false
鍔犺浇鐨勬爣娉ㄦ枃浠舵暟閲忥細 0
鍔犺浇鐨勬爣娉ㄦ枃浠讹細 []
浼犻€掔粰鍓嶇鐨勬爣娉ㄦ暟鎹細 { files: [] }
 [2m(+4ms)[22m
[2m10:07:05[22m   [34m鈹溾攢[39m [2m/鍒跺害涓庡垱閫?08-鏅嬫櫙鍏/index.html[22m========== 鏍囨敞鏂囦欢鍔犺浇璋冭瘯 ==========
article.id 鍘熷鍊硷細 鏀垮吀涔嬩功/75-鍛ㄤ功/03-鏅嬭/08-鏅嬫櫙鍏.md
article.id 绫诲瀷锛?string
article.id 闀垮害锛?27
article.id 瀛楃浠ｇ爜锛?鏀?25919) 鍏?20856) 涔?20043) 涔?20070) /(47) 7(55) 5(53) -(45) 鍛?21608) 涔?20070) /(47) 0(48) 3(51) -(45) 鏅?26187) 璇?35821) /(47) 0(48) 8(56) -(45) 鏅?26187) 鏅?26223) 鍏?20844) 璇?35821) .(46) m(109) d(100)
annotationRoot锛?F:\GitHub\NEXUS\src\annotations
articlePathWithoutExt锛?鏀垮吀涔嬩功/75-鍛ㄤ功/03-鏅嬭/08-鏅嬫櫙鍏
eventsPath锛?F:\GitHub\NEXUS\src\annotations\鏀垮吀涔嬩功\75-鍛ㄤ.events.json嬭\08-鏅嬫櫙鍏.events.md
relationsPath锛?F:\GitHub\NEXUS\src\annotations\鏀垮吀涔嬩功\75-鍛ㄤ.relations.json\08-鏅嬫櫙鍏.relations.md
eventsPath 瀛樺湪锛?false
relationsPath 瀛樺湪锛?false
鍔犺浇鐨勬爣娉ㄦ枃浠舵暟閲忥細 0
鍔犺浇鐨勬爣娉ㄦ枃浠讹細 []
浼犻€掔粰鍓嶇鐨勬爣娉ㄦ暟鎹細 { files: [] }
 [2m(+4ms)[22m
[2m10:07:05[22m   [34m鈹溾攢[39m [2m/鍒跺害涓庡垱閫?09-鏅嬪帀鍏/index.html[22m========== 鏍囨敞鏂囦欢鍔犺浇璋冭瘯 ==========
article.id 鍘熷鍊硷細 鏀垮吀涔嬩功/75-鍛ㄤ功/03-鏅嬭/09-鏅嬪帀鍏.md
article.id 绫诲瀷锛?string
article.id 闀垮害锛?27
article.id 瀛楃浠ｇ爜锛?鏀?25919) 鍏?20856) 涔?20043) 涔?20070) /(47) 7(55) 5(53) -(45) 鍛?21608) 涔?20070) /(47) 0(48) 3(51) -(45) 鏅?26187) 璇?35821) /(47) 0(48) 9(57) -(45) 鏅?26187) 鍘?21385) 鍏?20844) 璇?35821) .(46) m(109) d(100)
annotationRoot锛?F:\GitHub\NEXUS\src\annotations
articlePathWithoutExt锛?鏀垮吀涔嬩功/75-鍛ㄤ功/03-鏅嬭/09-鏅嬪帀鍏
eventsPath锛?F:\GitHub\NEXUS\src\annotations\鏀垮吀涔嬩功\75-鍛ㄤ.events.json嬭\09-鏅嬪帀鍏.events.md
relationsPath锛?F:\GitHub\NEXUS\src\annotations\鏀垮吀涔嬩功\75-鍛ㄤ.relations.json\09-鏅嬪帀鍏.relations.md
eventsPath 瀛樺湪锛?false
relationsPath 瀛樺湪锛?false
鍔犺浇鐨勬爣娉ㄦ枃浠舵暟閲忥細 0
鍔犺浇鐨勬爣娉ㄦ枃浠讹細 []
浼犻€掔粰鍓嶇鐨勬爣娉ㄦ暟鎹細 { files: [] }
 [2m(+4ms)[22m
[2m10:07:05[22m   [34m鈹溾攢[39m [2m/鍒跺害涓庡垱閫?10-鏅嬫偧鍏/index.html[22m========== 鏍囨敞鏂囦欢鍔犺浇璋冭瘯 ==========
article.id 鍘熷鍊硷細 鏀垮吀涔嬩功/75-鍛ㄤ功/03-鏅嬭/10-鏅嬫偧鍏.md
article.id 绫诲瀷锛?string
article.id 闀垮害锛?27
article.id 瀛楃浠ｇ爜锛?鏀?25919) 鍏?20856) 涔?20043) 涔?20070) /(47) 7(55) 5(53) -(45) 鍛?21608) 涔?20070) /(47) 0(48) 3(51) -(45) 鏅?26187) 璇?35821) /(47) 1(49) 0(48) -(45) 鏅?26187) 鎮?24764) 鍏?20844) 璇?35821) .(46) m(109) d(100)
annotationRoot锛?F:\GitHub\NEXUS\src\annotations
articlePathWithoutExt锛?鏀垮吀涔嬩功/75-鍛ㄤ功/03-鏅嬭/10-鏅嬫偧鍏
eventsPath锛?F:\GitHub\NEXUS\src\annotations\鏀垮吀涔嬩功\75-鍛ㄤ.events.json嬭\10-鏅嬫偧鍏.events.md
relationsPath锛?F:\GitHub\NEXUS\src\annotations\鏀垮吀涔嬩功\75-鍛ㄤ.relations.json\10-鏅嬫偧鍏.relations.md
eventsPath 瀛樺湪锛?false
relationsPath 瀛樺湪锛?false
鍔犺浇鐨勬爣娉ㄦ枃浠舵暟閲忥細 0
鍔犺浇鐨勬爣娉ㄦ枃浠讹細 []
浼犻€掔粰鍓嶇鐨勬爣娉ㄦ暟鎹細 { files: [] }
 [2m(+4ms)[22m
[2m10:07:05[22m   [34m鈹溾攢[39m [2m/鍒跺害涓庡垱閫?11-鏅嬪钩鍏/index.html[22m========== 鏍囨敞鏂囦欢鍔犺浇璋冭瘯 ==========
article.id 鍘熷鍊硷細 鏀垮吀涔嬩功/75-鍛ㄤ功/03-鏅嬭/11-鏅嬪钩鍏.md
article.id 绫诲瀷锛?string
article.id 闀垮害锛?27
article.id 瀛楃浠ｇ爜锛?鏀?25919) 鍏?20856) 涔?20043) 涔?20070) /(47) 7(55) 5(53) -(45) 鍛?21608) 涔?20070) /(47) 0(48) 3(51) -(45) 鏅?26187) 璇?35821) /(47) 1(49) 1(49) -(45) 鏅?26187) 骞?24179) 鍏?20844) 璇?35821) .(46) m(109) d(100)
annotationRoot锛?F:\GitHub\NEXUS\src\annotations
articlePathWithoutExt锛?鏀垮吀涔嬩功/75-鍛ㄤ功/03-鏅嬭/11-鏅嬪钩鍏
eventsPath锛?F:\GitHub\NEXUS\src\annotations\鏀垮吀涔嬩功\75-鍛ㄤ.events.json嬭\11-鏅嬪钩鍏.events.md
relationsPath锛?F:\GitHub\NEXUS\src\annotations\鏀垮吀涔嬩功\75-鍛ㄤ.relations.json\11-鏅嬪钩鍏.relations.md
eventsPath 瀛樺湪锛?false
relationsPath 瀛樺湪锛?false
鍔犺浇鐨勬爣娉ㄦ枃浠舵暟閲忥細 0
鍔犺浇鐨勬爣娉ㄦ枃浠讹細 []
浼犻€掔粰鍓嶇鐨勬爣娉ㄦ暟鎹細 { files: [] }
 [2m(+4ms)[22m
[2m10:07:05[22m   [34m鈹溾攢[39m [2m/鍒跺害涓庡垱閫?13-鏅嬮》鍏/index.html[22m========== 鏍囨敞鏂囦欢鍔犺浇璋冭瘯 ==========
article.id 鍘熷鍊硷細 鏀垮吀涔嬩功/75-鍛ㄤ功/03-鏅嬭/13-鏅嬮》鍏.md
article.id 绫诲瀷锛?string
article.id 闀垮害锛?27
article.id 瀛楃浠ｇ爜锛?鏀?25919) 鍏?20856) 涔?20043) 涔?20070) /(47) 7(55) 5(53) -(45) 鍛?21608) 涔?20070) /(47) 0(48) 3(51) -(45) 鏅?26187) 璇?35821) /(47) 1(49) 3(51) -(45) 鏅?26187) 椤?39031) 鍏?20844) 璇?35821) .(46) m(109) d(100)
annotationRoot锛?F:\GitHub\NEXUS\src\annotations
articlePathWithoutExt锛?鏀垮吀涔嬩功/75-鍛ㄤ功/03-鏅嬭/13-鏅嬮》鍏
eventsPath锛?F:\GitHub\NEXUS\src\annotations\鏀垮吀涔嬩功\75-鍛ㄤ.events.json嬭\13-鏅嬮》鍏.events.md
relationsPath锛?F:\GitHub\NEXUS\src\annotations\鏀垮吀涔嬩功\75-鍛ㄤ.relations.json\13-鏅嬮》鍏.relations.md
eventsPath 瀛樺湪锛?false
relationsPath 瀛樺湪锛?false
鍔犺浇鐨勬爣娉ㄦ枃浠舵暟閲忥細 0
鍔犺浇鐨勬爣娉ㄦ枃浠讹細 []
浼犻€掔粰鍓嶇鐨勬爣娉ㄦ暟鎹細 { files: [] }
 [2m(+5ms)[22m
[2m10:07:05[22m   [34m鈹溾攢[39m [2m/鍒跺害涓庡垱閫?15-鏅嬪嚭鍏/index.html[22m========== 鏍囨敞鏂囦欢鍔犺浇璋冭瘯 ==========
article.id 鍘熷鍊硷細 鏀垮吀涔嬩功/75-鍛ㄤ功/03-鏅嬭/15-鏅嬪嚭鍏.md
article.id 绫诲瀷锛?string
article.id 闀垮害锛?27
article.id 瀛楃浠ｇ爜锛?鏀?25919) 鍏?20856) 涔?20043) 涔?20070) /(47) 7(55) 5(53) -(45) 鍛?21608) 涔?20070) /(47) 0(48) 3(51) -(45) 鏅?26187) 璇?35821) /(47) 1(49) 5(53) -(45) 鏅?26187) 鍑?20986) 鍏?20844) 璇?35821) .(46) m(109) d(100)
annotationRoot锛?F:\GitHub\NEXUS\src\annotations
articlePathWithoutExt锛?鏀垮吀涔嬩功/75-鍛ㄤ功/03-鏅嬭/15-鏅嬪嚭鍏
eventsPath锛?F:\GitHub\NEXUS\src\annotations\鏀垮吀涔嬩功\75-鍛ㄤ.events.json嬭\15-鏅嬪嚭鍏.events.md
relationsPath锛?F:\GitHub\NEXUS\src\annotations\鏀垮吀涔嬩功\75-鍛ㄤ.relations.json\15-鏅嬪嚭鍏.relations.md
eventsPath 瀛樺湪锛?false
relationsPath 瀛樺湪锛?false
鍔犺浇鐨勬爣娉ㄦ枃浠舵暟閲忥細 0
鍔犺浇鐨勬爣娉ㄦ枃浠讹細 []
浼犻€掔粰鍓嶇鐨勬爣娉ㄦ暟鎹細 { files: [] }
 [2m(+5ms)[22m
[2m10:07:05[22m   [34m鈹溾攢[39m [2m/鍒跺害涓庡垱閫?12-鏅嬫槶鍏/index.html[22m========== 鏍囨敞鏂囦欢鍔犺浇璋冭瘯 ==========
article.id 鍘熷鍊硷細 鏀垮吀涔嬩功/75-鍛ㄤ功/03-鏅嬭/12-鏅嬫槶鍏.md
article.id 绫诲瀷锛?string
article.id 闀垮害锛?27
article.id 瀛楃浠ｇ爜锛?鏀?25919) 鍏?20856) 涔?20043) 涔?20070) /(47) 7(55) 5(53) -(45) 鍛?21608) 涔?20070) /(47) 0(48) 3(51) -(45) 鏅?26187) 璇?35821) /(47) 1(49) 2(50) -(45) 鏅?26187) 鏄?26157) 鍏?20844) 璇?35821) .(46) m(109) d(100)
annotationRoot锛?F:\GitHub\NEXUS\src\annotations
articlePathWithoutExt锛?鏀垮吀涔嬩功/75-鍛ㄤ功/03-鏅嬭/12-鏅嬫槶鍏
eventsPath锛?F:\GitHub\NEXUS\src\annotations\鏀垮吀涔嬩功\75-鍛ㄤ.events.json嬭\12-鏅嬫槶鍏.events.md
relationsPath锛?F:\GitHub\NEXUS\src\annotations\鏀垮吀涔嬩功\75-鍛ㄤ.relations.json\12-鏅嬫槶鍏.relations.md
eventsPath 瀛樺湪锛?false
relationsPath 瀛樺湪锛?false
鍔犺浇鐨勬爣娉ㄦ枃浠舵暟閲忥細 0
鍔犺浇鐨勬爣娉ㄦ枃浠讹細 []
浼犻€掔粰鍓嶇鐨勬爣娉ㄦ暟鎹細 { files: [] }
 [2m(+8ms)[22m
[2m10:07:05[22m   [34m鈹溾攢[39m [2m/鍒跺害涓庡垱閫?14-鏅嬪畾鍏/index.html[22m========== 鏍囨敞鏂囦欢鍔犺浇璋冭瘯 ==========
article.id 鍘熷鍊硷細 鏀垮吀涔嬩功/75-鍛ㄤ功/03-鏅嬭/14-鏅嬪畾鍏.md
article.id 绫诲瀷锛?string
article.id 闀垮害锛?27
article.id 瀛楃浠ｇ爜锛?鏀?25919) 鍏?20856) 涔?20043) 涔?20070) /(47) 7(55) 5(53) -(45) 鍛?21608) 涔?20070) /(47) 0(48) 3(51) -(45) 鏅?26187) 璇?35821) /(47) 1(49) 4(52) -(45) 鏅?26187) 瀹?23450) 鍏?20844) 璇?35821) .(46) m(109) d(100)
annotationRoot锛?F:\GitHub\NEXUS\src\annotations
articlePathWithoutExt锛?鏀垮吀涔嬩功/75-鍛ㄤ功/03-鏅嬭/14-鏅嬪畾鍏
eventsPath锛?F:\GitHub\NEXUS\src\annotations\鏀垮吀涔嬩功\75-鍛ㄤ.events.json嬭\14-鏅嬪畾鍏.events.md
relationsPath锛?F:\GitHub\NEXUS\src\annotations\鏀垮吀涔嬩功\75-鍛ㄤ.relations.json\14-鏅嬪畾鍏.relations.md
eventsPath 瀛樺湪锛?false
relationsPath 瀛樺湪锛?false
鍔犺浇鐨勬爣娉ㄦ枃浠舵暟閲忥細 0
鍔犺浇鐨勬爣娉ㄦ枃浠讹細 []
浼犻€掔粰鍓嶇鐨勬爣娉ㄦ暟鎹細 { files: [] }
 [2m(+14ms)[22m
[2m10:07:05[22m   [34m鈹溾攢[39m [2m/鍒跺害涓庡垱閫?01-閮戞亽鍏/index.html[22m========== 鏍囨敞鏂囦欢鍔犺浇璋冭瘯 ==========
article.id 鍘熷鍊硷細 鏀垮吀涔嬩功/75-鍛ㄤ功/04-閮戣/01-閮戞亽鍏.md
article.id 绫诲瀷锛?string
article.id 闀垮害锛?27
article.id 瀛楃浠ｇ爜锛?鏀?25919) 鍏?20856) 涔?20043) 涔?20070) /(47) 7(55) 5(53) -(45) 鍛?21608) 涔?20070) /(47) 0(48) 4(52) -(45) 閮?37073) 璇?35821) /(47) 0(48) 1(49) -(45) 閮?37073) 鎭?24658) 鍏?20844) 璇?35821) .(46) m(109) d(100)
annotationRoot锛?F:\GitHub\NEXUS\src\annotations
articlePathWithoutExt锛?鏀垮吀涔嬩功/75-鍛ㄤ功/04-閮戣/01-閮戞亽鍏
eventsPath锛?F:\GitHub\NEXUS\src\annotations\鏀垮吀涔嬩功\75-鍛ㄤ.events.json戣\01-閮戞亽鍏.events.md
relationsPath锛?F:\GitHub\NEXUS\src\annotations\鏀垮吀涔嬩功\75-鍛ㄤ.relations.json\01-閮戞亽鍏.relations.md
eventsPath 瀛樺湪锛?false
relationsPath 瀛樺湪锛?false
鍔犺浇鐨勬爣娉ㄦ枃浠舵暟閲忥細 0
鍔犺浇鐨勬爣娉ㄦ枃浠讹細 []
浼犻€掔粰鍓嶇鐨勬爣娉ㄦ暟鎹細 { files: [] }
 [2m(+6ms)[22m
[2m10:07:05[22m   [34m鈹溾攢[39m [2m/鍒跺害涓庡垱閫?16-鏅嬭“鍏/index.html[22m========== 鏍囨敞鏂囦欢鍔犺浇璋冭瘯 ==========
article.id 鍘熷鍊硷細 鏀垮吀涔嬩功/75-鍛ㄤ功/03-鏅嬭/16-鏅嬭“鍏.md
article.id 绫诲瀷锛?string
article.id 闀垮害锛?27
article.id 瀛楃浠ｇ爜锛?鏀?25919) 鍏?20856) 涔?20043) 涔?20070) /(47) 7(55) 5(53) -(45) 鍛?21608) 涔?20070) /(47) 0(48) 3(51) -(45) 鏅?26187) 璇?35821) /(47) 1(49) 6(54) -(45) 鏅?26187) 琛?34928) 鍏?20844) 璇?35821) .(46) m(109) d(100)
annotationRoot锛?F:\GitHub\NEXUS\src\annotations
articlePathWithoutExt锛?鏀垮吀涔嬩功/75-鍛ㄤ功/03-鏅嬭/16-鏅嬭“鍏
eventsPath锛?F:\GitHub\NEXUS\src\annotations\鏀垮吀涔嬩功\75-鍛ㄤ.events.json嬭\16-鏅嬭“鍏.events.md
relationsPath锛?F:\GitHub\NEXUS\src\annotations\鏀垮吀涔嬩功\75-鍛ㄤ.relations.json\16-鏅嬭“鍏.relations.md
eventsPath 瀛樺湪锛?false
relationsPath 瀛樺湪锛?false
鍔犺浇鐨勬爣娉ㄦ枃浠舵暟閲忥細 0
鍔犺浇鐨勬爣娉ㄦ枃浠讹細 []
浼犻€掔粰鍓嶇鐨勬爣娉ㄦ暟鎹細 { files: [] }
 [2m(+5ms)[22m
[2m10:07:05[22m   [34m鈹溾攢[39m [2m/鍒跺害涓庡垱閫?23-妤氬叡鐜嬭/index.html[22m========== 鏍囨敞鏂囦欢鍔犺浇璋冭瘯 ==========
article.id 鍘熷鍊硷細 鏀垮吀涔嬩功/75-鍛ㄤ功/05-妤氳/23-妤氬叡鐜嬭.md
article.id 绫诲瀷锛?string
article.id 闀垮害锛?27
article.id 瀛楃浠ｇ爜锛?鏀?25919) 鍏?20856) 涔?20043) 涔?20070) /(47) 7(55) 5(53) -(45) 鍛?21608) 涔?20070) /(47) 0(48) 5(53) -(45) 妤?26970) 璇?35821) /(47) 2(50) 3(51) -(45) 妤?26970) 鍏?20849) 鐜?29579) 璇?35821) .(46) m(109) d(100)
annotationRoot锛?F:\GitHub\NEXUS\src\annotations
articlePathWithoutExt锛?鏀垮吀涔嬩功/75-鍛ㄤ功/05-妤氳/23-妤氬叡鐜嬭
eventsPath锛?F:\GitHub\NEXUS\src\annotations\鏀垮吀涔嬩功\75-鍛ㄤ.events.json氳\23-妤氬叡鐜嬭.events.md
relationsPath锛?F:\GitHub\NEXUS\src\annotations\鏀垮吀涔嬩功\75-鍛ㄤ.relations.json\23-妤氬叡鐜嬭.relations.md
eventsPath 瀛樺湪锛?false
relationsPath 瀛樺湪锛?false
鍔犺浇鐨勬爣娉ㄦ枃浠舵暟閲忥細 0
鍔犺浇鐨勬爣娉ㄦ枃浠讹細 []
浼犻€掔粰鍓嶇鐨勬爣娉ㄦ暟鎹細 { files: [] }
 [2m(+5ms)[22m
[2m10:07:05[22m   [34m鈹溾攢[39m [2m/鍒跺害涓庡垱閫?22-妤氬簞鐜嬭/index.html[22m========== 鏍囨敞鏂囦欢鍔犺浇璋冭瘯 ==========
article.id 鍘熷鍊硷細 鏀垮吀涔嬩功/75-鍛ㄤ功/05-妤氳/22-妤氬簞鐜嬭.md
article.id 绫诲瀷锛?string
article.id 闀垮害锛?27
article.id 瀛楃浠ｇ爜锛?鏀?25919) 鍏?20856) 涔?20043) 涔?20070) /(47) 7(55) 5(53) -(45) 鍛?21608) 涔?20070) /(47) 0(48) 5(53) -(45) 妤?26970) 璇?35821) /(47) 2(50) 2(50) -(45) 妤?26970) 搴?24196) 鐜?29579) 璇?35821) .(46) m(109) d(100)
annotationRoot锛?F:\GitHub\NEXUS\src\annotations
articlePathWithoutExt锛?鏀垮吀涔嬩功/75-鍛ㄤ功/05-妤氳/22-妤氬簞鐜嬭
eventsPath锛?F:\GitHub\NEXUS\src\annotations\鏀垮吀涔嬩功\75-鍛ㄤ.events.json氳\22-妤氬簞鐜嬭.events.md
relationsPath锛?F:\GitHub\NEXUS\src\annotations\鏀垮吀涔嬩功\75-鍛ㄤ.relations.json\22-妤氬簞鐜嬭.relations.md
eventsPath 瀛樺湪锛?false
relationsPath 瀛樺湪锛?false
鍔犺浇鐨勬爣娉ㄦ枃浠舵暟閲忥細 0
鍔犺浇鐨勬爣娉ㄦ枃浠讹細 []
浼犻€掔粰鍓嶇鐨勬爣娉ㄦ暟鎹細 { files: [] }
 [2m(+5ms)[22m
[2m10:07:05[22m   [34m鈹溾攢[39m [2m/鍒跺害涓庡垱閫?30-妤氭儬鐜嬭/index.html[22m========== 鏍囨敞鏂囦欢鍔犺浇璋冭瘯 ==========
article.id 鍘熷鍊硷細 鏀垮吀涔嬩功/75-鍛ㄤ功/05-妤氳/30-妤氭儬鐜嬭.md
article.id 绫诲瀷锛?string
article.id 闀垮害锛?27
article.id 瀛楃浠ｇ爜锛?鏀?25919) 鍏?20856) 涔?20043) 涔?20070) /(47) 7(55) 5(53) -(45) 鍛?21608) 涔?20070) /(47) 0(48) 5(53) -(45) 妤?26970) 璇?35821) /(47) 3(51) 0(48) -(45) 妤?26970) 鎯?24800) 鐜?29579) 璇?35821) .(46) m(109) d(100)
annotationRoot锛?F:\GitHub\NEXUS\src\annotations
articlePathWithoutExt锛?鏀垮吀涔嬩功/75-鍛ㄤ功/05-妤氳/30-妤氭儬鐜嬭
eventsPath锛?F:\GitHub\NEXUS\src\annotations\鏀垮吀涔嬩功\75-鍛ㄤ.events.json氳\30-妤氭儬鐜嬭.events.md
relationsPath锛?F:\GitHub\NEXUS\src\annotations\鏀垮吀涔嬩功\75-鍛ㄤ.relations.json\30-妤氭儬鐜嬭.relations.md
eventsPath 瀛樺湪锛?false
relationsPath 瀛樺湪锛?false
鍔犺浇鐨勬爣娉ㄦ枃浠舵暟閲忥細 0
鍔犺浇鐨勬爣娉ㄦ枃浠讹細 []
浼犻€掔粰鍓嶇鐨勬爣娉ㄦ暟鎹細 { files: [] }
 [2m(+5ms)[22m
[2m10:07:05[22m   [34m鈹溾攢[39m [2m/鍒跺害涓庡垱閫?26-妤氱伒鐜嬭/index.html[22m========== 鏍囨敞鏂囦欢鍔犺浇璋冭瘯 ==========
article.id 鍘熷鍊硷細 鏀垮吀涔嬩功/75-鍛ㄤ功/05-妤氳/26-妤氱伒鐜嬭.md
article.id 绫诲瀷锛?string
article.id 闀垮害锛?27
article.id 瀛楃浠ｇ爜锛?鏀?25919) 鍏?20856) 涔?20043) 涔?20070) /(47) 7(55) 5(53) -(45) 鍛?21608) 涔?20070) /(47) 0(48) 5(53) -(45) 妤?26970) 璇?35821) /(47) 2(50) 6(54) -(45) 妤?26970) 鐏?28789) 鐜?29579) 璇?35821) .(46) m(109) d(100)
annotationRoot锛?F:\GitHub\NEXUS\src\annotations
articlePathWithoutExt锛?鏀垮吀涔嬩功/75-鍛ㄤ功/05-妤氳/26-妤氱伒鐜嬭
eventsPath锛?F:\GitHub\NEXUS\src\annotations\鏀垮吀涔嬩功\75-鍛ㄤ.events.json氳\26-妤氱伒鐜嬭.events.md
relationsPath锛?F:\GitHub\NEXUS\src\annotations\鏀垮吀涔嬩功\75-鍛ㄤ.relations.json\26-妤氱伒鐜嬭.relations.md
eventsPath 瀛樺湪锛?false
relationsPath 瀛樺湪锛?false
鍔犺浇鐨勬爣娉ㄦ枃浠舵暟閲忥細 0
鍔犺浇鐨勬爣娉ㄦ枃浠讹細 []
浼犻€掔粰鍓嶇鐨勬爣娉ㄦ暟鎹細 { files: [] }
 [2m(+6ms)[22m
[2m10:07:05[22m   [34m鈹溾攢[39m [2m/鍒跺害涓庡垱閫?29-妤氭槶鐜嬭/index.html[22m========== 鏍囨敞鏂囦欢鍔犺浇璋冭瘯 ==========
article.id 鍘熷鍊硷細 鏀垮吀涔嬩功/75-鍛ㄤ功/05-妤氳/29-妤氭槶鐜嬭.md
article.id 绫诲瀷锛?string
article.id 闀垮害锛?27
article.id 瀛楃浠ｇ爜锛?鏀?25919) 鍏?20856) 涔?20043) 涔?20070) /(47) 7(55) 5(53) -(45) 鍛?21608) 涔?20070) /(47) 0(48) 5(53) -(45) 妤?26970) 璇?35821) /(47) 2(50) 9(57) -(45) 妤?26970) 鏄?26157) 鐜?29579) 璇?35821) .(46) m(109) d(100)
annotationRoot锛?F:\GitHub\NEXUS\src\annotations
articlePathWithoutExt锛?鏀垮吀涔嬩功/75-鍛ㄤ功/05-妤氳/29-妤氭槶鐜嬭
eventsPath锛?F:\GitHub\NEXUS\src\annotations\鏀垮吀涔嬩功\75-鍛ㄤ.events.json氳\29-妤氭槶鐜嬭.events.md
relationsPath锛?F:\GitHub\NEXUS\src\annotations\鏀垮吀涔嬩功\75-鍛ㄤ.relations.json\29-妤氭槶鐜嬭.relations.md
eventsPath 瀛樺湪锛?false
relationsPath 瀛樺湪锛?false
鍔犺浇鐨勬爣娉ㄦ枃浠舵暟閲忥細 0
鍔犺浇鐨勬爣娉ㄦ枃浠讹細 []
浼犻€掔粰鍓嶇鐨勬爣娉ㄦ暟鎹細 { files: [] }
 [2m(+30ms)[22m
[2m10:07:05[22m   [34m鈹溾攢[39m [2m/鍒跺害涓庡垱閫?01-椴佷警浼璇?index.html[22m========== 鏍囨敞鏂囦欢鍔犺浇璋冭瘯 ==========
article.id 鍘熷鍊硷細 鏀垮吀涔嬩功/75-鍛ㄤ功/01-椴佽/01-椴佷警浼璇?md
article.id 绫诲瀷锛?string
article.id 闀垮害锛?28
article.id 瀛楃浠ｇ爜锛?鏀?25919) 鍏?20856) 涔?20043) 涔?20070) /(47) 7(55) 5(53) -(45) 鍛?21608) 涔?20070) /(47) 0(48) 1(49) -(45) 椴?40065) 璇?35821) /(47) 0(48) 1(49) -(45) 椴?40065) 渚?20399) 浼?20271) 绂?31165) 璇?35821) .(46) m(109) d(100)
annotationRoot锛?F:\GitHub\NEXUS\src\annotations
articlePathWithoutExt锛?鏀垮吀涔嬩功/75-鍛ㄤ功/01-椴佽/01-椴佷警浼璇?eventsPath锛?F:\GitHub\NEXUS\src\annotations\鏀垮吀涔嬩功\75-鍛ㄤ功\01-椴佽\01-椴佷警浼璇?events.md
relationsPath锛?F:\GitHub\NEXUS\src\annotations\鏀垮吀涔嬩功\75-鍛ㄤ功\01-椴佽\01-椴佷警浼璇?relations.md
eventsPath 瀛樺湪锛?false
relationsPath 瀛樺湪锛?false
鍔犺浇鐨勬爣娉ㄦ枃浠舵暟閲忥細 0
鍔犺浇鐨勬爣娉ㄦ枃浠讹細 []
浼犻€掔粰鍓嶇鐨勬爣娉ㄦ暟鎹細 { files: [] }
 [2m(+7ms)[22m
[2m10:07:05[22m   [34m鈹溾攢[39m [2m/鍒跺害涓庡垱閫?16-椴佸簞鍏/index.html[22m========== 鏍囨敞鏂囦欢鍔犺浇璋冭瘯 ==========
article.id 鍘熷鍊硷細 鏀垮吀涔嬩功/75-鍛ㄤ功/01-椴佽/16-椴佸簞鍏.md
article.id 绫诲瀷锛?string
article.id 闀垮害锛?27
article.id 瀛楃浠ｇ爜锛?鏀?25919) 鍏?20856) 涔?20043) 涔?20070) /(47) 7(55) 5(53) -(45) 鍛?21608) 涔?20070) /(47) 0(48) 1(49) -(45) 椴?40065) 璇?35821) /(47) 1(49) 6(54) -(45) 椴?40065) 搴?24196) 鍏?20844) 璇?35821) .(46) m(109) d(100)
annotationRoot锛?F:\GitHub\NEXUS\src\annotations
articlePathWithoutExt锛?鏀垮吀涔嬩功/75-鍛ㄤ功/01-椴佽/16-椴佸簞鍏
eventsPath锛?F:\GitHub\NEXUS\src\annotations\鏀垮吀涔嬩功\75-鍛ㄤ.events.json佽\16-椴佸簞鍏.events.md
relationsPath锛?F:\GitHub\NEXUS\src\annotations\鏀垮吀涔嬩功\75-鍛ㄤ.relations.json\16-椴佸簞鍏.relations.md
eventsPath 瀛樺湪锛?false
relationsPath 瀛樺湪锛?false
鍔犺浇鐨勬爣娉ㄦ枃浠舵暟閲忥細 0
鍔犺浇鐨勬爣娉ㄦ枃浠讹細 []
浼犻€掔粰鍓嶇鐨勬爣娉ㄦ暟鎹細 { files: [] }
 [2m(+9ms)[22m
[2m10:07:05[22m   [34m鈹溾攢[39m [2m/鍒跺害涓庡垱閫?24-妤氬悍鐜嬭/index.html[22m========== 鏍囨敞鏂囦欢鍔犺浇璋冭瘯 ==========
article.id 鍘熷鍊硷細 鏀垮吀涔嬩功/75-鍛ㄤ功/05-妤氳/24-妤氬悍鐜嬭.md
article.id 绫诲瀷锛?string
article.id 闀垮害锛?27
article.id 瀛楃浠ｇ爜锛?鏀?25919) 鍏?20856) 涔?20043) 涔?20070) /(47) 7(55) 5(53) -(45) 鍛?21608) 涔?20070) /(47) 0(48) 5(53) -(45) 妤?26970) 璇?35821) /(47) 2(50) 4(52) -(45) 妤?26970) 搴?24247) 鐜?29579) 璇?35821) .(46) m(109) d(100)
annotationRoot锛?F:\GitHub\NEXUS\src\annotations
articlePathWithoutExt锛?鏀垮吀涔嬩功/75-鍛ㄤ功/05-妤氳/24-妤氬悍鐜嬭
eventsPath锛?F:\GitHub\NEXUS\src\annotations\鏀垮吀涔嬩功\75-鍛ㄤ.events.json氳\24-妤氬悍鐜嬭.events.md
relationsPath锛?F:\GitHub\NEXUS\src\annotations\鏀垮吀涔嬩功\75-鍛ㄤ.relations.json\24-妤氬悍鐜嬭.relations.md
eventsPath 瀛樺湪锛?false
relationsPath 瀛樺湪锛?false
鍔犺浇鐨勬爣娉ㄦ枃浠舵暟閲忥細 0
鍔犺浇鐨勬爣娉ㄦ枃浠讹細 []
浼犻€掔粰鍓嶇鐨勬爣娉ㄦ暟鎹細 { files: [] }
 [2m(+7ms)[22m
[2m10:07:05[22m   [34m鈹溾攢[39m [2m/鍒跺害涓庡垱閫?18-椴佸儢鍏/index.html[22m========== 鏍囨敞鏂囦欢鍔犺浇璋冭瘯 ==========
article.id 鍘熷鍊硷細 鏀垮吀涔嬩功/75-鍛ㄤ功/01-椴佽/18-椴佸儢鍏.md
article.id 绫诲瀷锛?string
article.id 闀垮害锛?27
article.id 瀛楃浠ｇ爜锛?鏀?25919) 鍏?20856) 涔?20043) 涔?20070) /(47) 7(55) 5(53) -(45) 鍛?21608) 涔?20070) /(47) 0(48) 1(49) -(45) 椴?40065) 璇?35821) /(47) 1(49) 8(56) -(45) 椴?40065) 鍍?20694) 鍏?20844) 璇?35821) .(46) m(109) d(100)
annotationRoot锛?F:\GitHub\NEXUS\src\annotations
articlePathWithoutExt锛?鏀垮吀涔嬩功/75-鍛ㄤ功/01-椴佽/18-椴佸儢鍏
eventsPath锛?F:\GitHub\NEXUS\src\annotations\鏀垮吀涔嬩功\75-鍛ㄤ.events.json佽\18-椴佸儢鍏.events.md
relationsPath锛?F:\GitHub\NEXUS\src\annotations\鏀垮吀涔嬩功\75-鍛ㄤ.relations.json\18-椴佸儢鍏.relations.md
eventsPath 瀛樺湪锛?false
relationsPath 瀛樺湪锛?false
鍔犺浇鐨勬爣娉ㄦ枃浠舵暟閲忥細 0
鍔犺浇鐨勬爣娉ㄦ枃浠讹細 []
浼犻€掔粰鍓嶇鐨勬爣娉ㄦ暟鎹細 { files: [] }
 [2m(+7ms)[22m
[2m10:07:05[22m   [34m鈹溾攢[39m [2m/鍒跺害涓庡垱閫?19-椴佹枃鍏/index.html[22m========== 鏍囨敞鏂囦欢鍔犺浇璋冭瘯 ==========
article.id 鍘熷鍊硷細 鏀垮吀涔嬩功/75-鍛ㄤ功/01-椴佽/19-椴佹枃鍏.md
article.id 绫诲瀷锛?string
article.id 闀垮害锛?27
article.id 瀛楃浠ｇ爜锛?鏀?25919) 鍏?20856) 涔?20043) 涔?20070) /(47) 7(55) 5(53) -(45) 鍛?21608) 涔?20070) /(47) 0(48) 1(49) -(45) 椴?40065) 璇?35821) /(47) 1(49) 9(57) -(45) 椴?40065) 鏂?25991) 鍏?20844) 璇?35821) .(46) m(109) d(100)
annotationRoot锛?F:\GitHub\NEXUS\src\annotations
articlePathWithoutExt锛?鏀垮吀涔嬩功/75-鍛ㄤ功/01-椴佽/19-椴佹枃鍏
eventsPath锛?F:\GitHub\NEXUS\src\annotations\鏀垮吀涔嬩功\75-鍛ㄤ.events.json佽\19-椴佹枃鍏.events.md
relationsPath锛?F:\GitHub\NEXUS\src\annotations\鏀垮吀涔嬩功\75-鍛ㄤ.relations.json\19-椴佹枃鍏.relations.md
eventsPath 瀛樺湪锛?false
relationsPath 瀛樺湪锛?false
鍔犺浇鐨勬爣娉ㄦ枃浠舵暟閲忥細 0
鍔犺浇鐨勬爣娉ㄦ枃浠讹細 []
浼犻€掔粰鍓嶇鐨勬爣娉ㄦ暟鎹細 { files: [] }
 [2m(+5ms)[22m
[2m10:07:05[22m   [34m鈹溾攢[39m [2m/鍒跺害涓庡垱閫?20-椴佸鍏/index.html[22m========== 鏍囨敞鏂囦欢鍔犺浇璋冭瘯 ==========
article.id 鍘熷鍊硷細 鏀垮吀涔嬩功/75-鍛ㄤ功/01-椴佽/20-椴佸鍏.md
article.id 绫诲瀷锛?string
article.id 闀垮害锛?27
article.id 瀛楃浠ｇ爜锛?鏀?25919) 鍏?20856) 涔?20043) 涔?20070) /(47) 7(55) 5(53) -(45) 鍛?21608) 涔?20070) /(47) 0(48) 1(49) -(45) 椴?40065) 璇?35821) /(47) 2(50) 0(48) -(45) 椴?40065) 瀹?23459) 鍏?20844) 璇?35821) .(46) m(109) d(100)
annotationRoot锛?F:\GitHub\NEXUS\src\annotations
articlePathWithoutExt锛?鏀垮吀涔嬩功/75-鍛ㄤ功/01-椴佽/20-椴佸鍏
eventsPath锛?F:\GitHub\NEXUS\src\annotations\鏀垮吀涔嬩功\75-鍛ㄤ.events.json佽\20-椴佸鍏.events.md
relationsPath锛?F:\GitHub\NEXUS\src\annotations\鏀垮吀涔嬩功\75-鍛ㄤ.relations.json\20-椴佸鍏.relations.md
eventsPath 瀛樺湪锛?false
relationsPath 瀛樺湪锛?false
鍔犺浇鐨勬爣娉ㄦ枃浠舵暟閲忥細 0
鍔犺浇鐨勬爣娉ㄦ枃浠讹細 []
浼犻€掔粰鍓嶇鐨勬爣娉ㄦ暟鎹細 { files: [] }
 [2m(+6ms)[22m
[2m10:07:05[22m   [34m鈹溾攢[39m [2m/鍒跺害涓庡垱閫?21-椴佹垚鍏/index.html[22m========== 鏍囨敞鏂囦欢鍔犺浇璋冭瘯 ==========
article.id 鍘熷鍊硷細 鏀垮吀涔嬩功/75-鍛ㄤ功/01-椴佽/21-椴佹垚鍏.md
article.id 绫诲瀷锛?string
article.id 闀垮害锛?27
article.id 瀛楃浠ｇ爜锛?鏀?25919) 鍏?20856) 涔?20043) 涔?20070) /(47) 7(55) 5(53) -(45) 鍛?21608) 涔?20070) /(47) 0(48) 1(49) -(45) 椴?40065) 璇?35821) /(47) 2(50) 1(49) -(45) 椴?40065) 鎴?25104) 鍏?20844) 璇?35821) .(46) m(109) d(100)
annotationRoot锛?F:\GitHub\NEXUS\src\annotations
articlePathWithoutExt锛?鏀垮吀涔嬩功/75-鍛ㄤ功/01-椴佽/21-椴佹垚鍏
eventsPath锛?F:\GitHub\NEXUS\src\annotations\鏀垮吀涔嬩功\75-鍛ㄤ.events.json佽\21-椴佹垚鍏.events.md
relationsPath锛?F:\GitHub\NEXUS\src\annotations\鏀垮吀涔嬩功\75-鍛ㄤ.relations.json\21-椴佹垚鍏.relations.md
eventsPath 瀛樺湪锛?false
relationsPath 瀛樺湪锛?false
鍔犺浇鐨勬爣娉ㄦ枃浠舵暟閲忥細 0
鍔犺浇鐨勬爣娉ㄦ枃浠讹細 []
浼犻€掔粰鍓嶇鐨勬爣娉ㄦ暟鎹細 { files: [] }
 [2m(+9ms)[22m
[2m10:07:05[22m   [34m鈹溾攢[39m [2m/鍒跺害涓庡垱閫?22-椴佽鍏/index.html[22m========== 鏍囨敞鏂囦欢鍔犺浇璋冭瘯 ==========
article.id 鍘熷鍊硷細 鏀垮吀涔嬩功/75-鍛ㄤ功/01-椴佽/22-椴佽鍏.md
article.id 绫诲瀷锛?string
article.id 闀垮害锛?27
article.id 瀛楃浠ｇ爜锛?鏀?25919) 鍏?20856) 涔?20043) 涔?20070) /(47) 7(55) 5(53) -(45) 鍛?21608) 涔?20070) /(47) 0(48) 1(49) -(45) 椴?40065) 璇?35821) /(47) 2(50) 2(50) -(45) 椴?40065) 瑗?35140) 鍏?20844) 璇?35821) .(46) m(109) d(100)
annotationRoot锛?F:\GitHub\NEXUS\src\annotations
articlePathWithoutExt锛?鏀垮吀涔嬩功/75-鍛ㄤ功/01-椴佽/22-椴佽鍏
eventsPath锛?F:\GitHub\NEXUS\src\annotations\鏀垮吀涔嬩功\75-鍛ㄤ.events.json佽\22-椴佽鍏.events.md
relationsPath锛?F:\GitHub\NEXUS\src\annotations\鏀垮吀涔嬩功\75-鍛ㄤ.relations.json\22-椴佽鍏.relations.md
eventsPath 瀛樺湪锛?false
relationsPath 瀛樺湪锛?false
鍔犺浇鐨勬爣娉ㄦ枃浠舵暟閲忥細 0
鍔犺浇鐨勬爣娉ㄦ枃浠讹細 []
浼犻€掔粰鍓嶇鐨勬爣娉ㄦ暟鎹細 { files: [] }
 [2m(+14ms)[22m
[2m10:07:05[22m   [34m鈹溾攢[39m [2m/鍒跺害涓庡垱閫?23-椴佹槶鍏/index.html[22m========== 鏍囨敞鏂囦欢鍔犺浇璋冭瘯 ==========
article.id 鍘熷鍊硷細 鏀垮吀涔嬩功/75-鍛ㄤ功/01-椴佽/23-椴佹槶鍏.md
article.id 绫诲瀷锛?string
article.id 闀垮害锛?27
article.id 瀛楃浠ｇ爜锛?鏀?25919) 鍏?20856) 涔?20043) 涔?20070) /(47) 7(55) 5(53) -(45) 鍛?21608) 涔?20070) /(47) 0(48) 1(49) -(45) 椴?40065) 璇?35821) /(47) 2(50) 3(51) -(45) 椴?40065) 鏄?26157) 鍏?20844) 璇?35821) .(46) m(109) d(100)
annotationRoot锛?F:\GitHub\NEXUS\src\annotations
articlePathWithoutExt锛?鏀垮吀涔嬩功/75-鍛ㄤ功/01-椴佽/23-椴佹槶鍏
eventsPath锛?F:\GitHub\NEXUS\src\annotations\鏀垮吀涔嬩功\75-鍛ㄤ.events.json佽\23-椴佹槶鍏.events.md
relationsPath锛?F:\GitHub\NEXUS\src\annotations\鏀垮吀涔嬩功\75-鍛ㄤ.relations.json\23-椴佹槶鍏.relations.md
eventsPath 瀛樺湪锛?false
relationsPath 瀛樺湪锛?false
鍔犺浇鐨勬爣娉ㄦ枃浠舵暟閲忥細 0
鍔犺浇鐨勬爣娉ㄦ枃浠讹細 []
浼犻€掔粰鍓嶇鐨勬爣娉ㄦ暟鎹細 { files: [] }
 [2m(+8ms)[22m
[2m10:07:05[22m   [34m鈹溾攢[39m [2m/鍒跺害涓庡垱閫?24-椴佸畾鍏/index.html[22m========== 鏍囨敞鏂囦欢鍔犺浇璋冭瘯 ==========
article.id 鍘熷鍊硷細 鏀垮吀涔嬩功/75-鍛ㄤ功/01-椴佽/24-椴佸畾鍏.md
article.id 绫诲瀷锛?string
article.id 闀垮害锛?27
article.id 瀛楃浠ｇ爜锛?鏀?25919) 鍏?20856) 涔?20043) 涔?20070) /(47) 7(55) 5(53) -(45) 鍛?21608) 涔?20070) /(47) 0(48) 1(49) -(45) 椴?40065) 璇?35821) /(47) 2(50) 4(52) -(45) 椴?40065) 瀹?23450) 鍏?20844) 璇?35821) .(46) m(109) d(100)
annotationRoot锛?F:\GitHub\NEXUS\src\annotations
articlePathWithoutExt锛?鏀垮吀涔嬩功/75-鍛ㄤ功/01-椴佽/24-椴佸畾鍏
eventsPath锛?F:\GitHub\NEXUS\src\annotations\鏀垮吀涔嬩功\75-鍛ㄤ.events.json佽\24-椴佸畾鍏.events.md
relationsPath锛?F:\GitHub\NEXUS\src\annotations\鏀垮吀涔嬩功\75-鍛ㄤ.relations.json\24-椴佸畾鍏.relations.md
eventsPath 瀛樺湪锛?false
relationsPath 瀛樺湪锛?false
鍔犺浇鐨勬爣娉ㄦ枃浠舵暟閲忥細 0
鍔犺浇鐨勬爣娉ㄦ枃浠讹細 []
浼犻€掔粰鍓嶇鐨勬爣娉ㄦ暟鎹細 { files: [] }
 [2m(+8ms)[22m
[2m10:07:05[22m   [34m鈹溾攢[39m [2m/鍒跺害涓庡垱閫?25-椴佸搥鍏/index.html[22m========== 鏍囨敞鏂囦欢鍔犺浇璋冭瘯 ==========
article.id 鍘熷鍊硷細 鏀垮吀涔嬩功/75-鍛ㄤ功/01-椴佽/25-椴佸搥鍏.md
article.id 绫诲瀷锛?string
article.id 闀垮害锛?27
article.id 瀛楃浠ｇ爜锛?鏀?25919) 鍏?20856) 涔?20043) 涔?20070) /(47) 7(55) 5(53) -(45) 鍛?21608) 涔?20070) /(47) 0(48) 1(49) -(45) 椴?40065) 璇?35821) /(47) 2(50) 5(53) -(45) 椴?40065) 鍝€(21696) 鍏?20844) 璇?35821) .(46) m(109) d(100)
annotationRoot锛?F:\GitHub\NEXUS\src\annotations
articlePathWithoutExt锛?鏀垮吀涔嬩功/75-鍛ㄤ功/01-椴佽/25-椴佸搥鍏
eventsPath锛?F:\GitHub\NEXUS\src\annotations\鏀垮吀涔嬩功\75-鍛ㄤ.events.json佽\25-椴佸搥鍏.events.md
relationsPath锛?F:\GitHub\NEXUS\src\annotations\鏀垮吀涔嬩功\75-鍛ㄤ.relations.json\25-椴佸搥鍏.relations.md
eventsPath 瀛樺湪锛?false
relationsPath 瀛樺湪锛?false
鍔犺浇鐨勬爣娉ㄦ枃浠舵暟閲忥細 0
鍔犺浇鐨勬爣娉ㄦ枃浠讹細 []
浼犻€掔粰鍓嶇鐨勬爣娉ㄦ暟鎹細 { files: [] }
 [2m(+7ms)[22m
[2m10:07:05[22m   [34m鈹溾攢[39m [2m/鍒跺害涓庡垱閫?01-鍚寸帇澶樊璇?index.html[22m========== 鏍囨敞鏂囦欢鍔犺浇璋冭瘯 ==========
article.id 鍘熷鍊硷細 鏀垮吀涔嬩功/75-鍛ㄤ功/06-鍚磋/01-鍚寸帇澶樊璇?md
article.id 绫诲瀷锛?string
article.id 闀垮害锛?28
article.id 瀛楃浠ｇ爜锛?鏀?25919) 鍏?20856) 涔?20043) 涔?20070) /(47) 7(55) 5(53) -(45) 鍛?21608) 涔?20070) /(47) 0(48) 6(54) -(45) 鍚?21556) 璇?35821) /(47) 0(48) 1(49) -(45) 鍚?21556) 鐜?29579) 澶?22827) 宸?24046) 璇?35821) .(46) m(109) d(100)
annotationRoot锛?F:\GitHub\NEXUS\src\annotations
articlePathWithoutExt锛?鏀垮吀涔嬩功/75-鍛ㄤ功/06-鍚磋/01-鍚寸帇澶樊璇?eventsPath锛?F:\GitHub\NEXUS\src\annotations\鏀垮吀涔嬩功\75-鍛ㄤ功\06-鍚磋\01-鍚寸帇澶樊璇?events.md
relationsPath锛?F:\GitHub\NEXUS\src\annotations\鏀垮吀涔嬩功\75-鍛ㄤ功\06-鍚磋\01-鍚寸帇澶樊璇?relations.md
eventsPath 瀛樺湪锛?false
relationsPath 瀛樺湪锛?false
鍔犺浇鐨勬爣娉ㄦ枃浠舵暟閲忥細 0
鍔犺浇鐨勬爣娉ㄦ枃浠讹細 []
浼犻€掔粰鍓嶇鐨勬爣娉ㄦ暟鎹細 { files: [] }
 [2m(+7ms)[22m
[2m10:07:05[22m   [34m鈹溾攢[39m [2m/鍒跺害涓庡垱閫?25-瓒婄帇鍙ヨ返璇?index.html[22m========== 鏍囨敞鏂囦欢鍔犺浇璋冭瘯 ==========
article.id 鍘熷鍊硷細 鏀垮吀涔嬩功/75-鍛ㄤ功/07-瓒婅/25-瓒婄帇鍙ヨ返璇?md
article.id 绫诲瀷锛?string
article.id 闀垮害锛?28
article.id 瀛楃浠ｇ爜锛?鏀?25919) 鍏?20856) 涔?20043) 涔?20070) /(47) 7(55) 5(53) -(45) 鍛?21608) 涔?20070) /(47) 0(48) 7(55) -(45) 瓒?36234) 璇?35821) /(47) 2(50) 5(53) -(45) 瓒?36234) 鐜?29579) 鍙?21477) 璺?36341) 璇?35821) .(46) m(109) d(100)
annotationRoot锛?F:\GitHub\NEXUS\src\annotations
articlePathWithoutExt锛?鏀垮吀涔嬩功/75-鍛ㄤ功/07-瓒婅/25-瓒婄帇鍙ヨ返璇?eventsPath锛?F:\GitHub\NEXUS\src\annotations\鏀垮吀涔嬩功\75-鍛ㄤ功\07-瓒婅\25-瓒婄帇鍙ヨ返璇?events.md
relationsPath锛?F:\GitHub\NEXUS\src\annotations\鏀垮吀涔嬩功\75-鍛ㄤ功\07-瓒婅\25-瓒婄帇鍙ヨ返璇?relations.md
eventsPath 瀛樺湪锛?false
relationsPath 瀛樺湪锛?false
鍔犺浇鐨勬爣娉ㄦ枃浠舵暟閲忥細 0
鍔犺浇鐨勬爣娉ㄦ枃浠讹細 []
浼犻€掔粰鍓嶇鐨勬爣娉ㄦ暟鎹細 { files: [] }
 [2m(+8ms)[22m
[2m10:07:05[22m   [34m鈹溾攢[39m [2m/鍒跺害涓庡垱閫?01-涓浗鍏变骇鍏氭斂鍏?index.html[22m========== 鏍囨敞鏂囦欢鍔犺浇璋冭瘯 ==========
article.id 鍘熷鍊硷細 鏀垮吀涔嬩功/85-鍏变功/01-鏀垮吀/01-涓浗鍏变骇鍏氭斂鍏?md
article.id 绫诲瀷锛?string
article.id 闀垮害锛?30
article.id 瀛楃浠ｇ爜锛?鏀?25919) 鍏?20856) 涔?20043) 涔?20070) /(47) 8(56) 5(53) -(45) 鍏?20849) 涔?20070) /(47) 0(48) 1(49) -(45) 鏀?25919) 鍏?20856) /(47) 0(48) 1(49) -(45) 涓?20013) 鍥?22269) 鍏?20849) 浜?20135) 鍏?20826) 鏀?25919) 鍏?20856) .(46) m(109) d(100)
annotationRoot锛?F:\GitHub\NEXUS\src\annotations
articlePathWithoutExt锛?鏀垮吀涔嬩功/85-鍏变功/01-鏀垮吀/01-涓浗鍏变骇鍏氭斂鍏?eventsPath锛?F:\GitHub\NEXUS\src\annotations\鏀垮吀涔嬩功\85-鍏变功\01-鏀垮吀\01-涓浗鍏变骇鍏氭斂鍏?events.md
relationsPath锛?F:\GitHub\NEXUS\src\annotations\鏀垮吀涔嬩功\85-鍏变功\01-鏀垮吀\01-涓浗鍏变骇鍏氭斂鍏?relations.md
eventsPath 瀛樺湪锛?false
relationsPath 瀛樺湪锛?false
鍔犺浇鐨勬爣娉ㄦ枃浠舵暟閲忥細 0
鍔犺浇鐨勬爣娉ㄦ枃浠讹細 []
浼犻€掔粰鍓嶇鐨勬爣娉ㄦ暟鎹細 { files: [] }
 [2m(+11ms)[22m
[2m10:07:05[22m   [34m鈹溾攢[39m [2m/鍒跺害涓庡垱閫?01-绉︾﹩鍏/index.html[22m========== 鏍囨敞鏂囦欢鍔犺浇璋冭瘯 ==========
article.id 鍘熷鍊硷細 鏀垮吀涔嬩功/75-鍛ㄤ功/08-绉﹁/01-绉︾﹩鍏.md
article.id 绫诲瀷锛?string
article.id 闀垮害锛?27
article.id 瀛楃浠ｇ爜锛?鏀?25919) 鍏?20856) 涔?20043) 涔?20070) /(47) 7(55) 5(53) -(45) 鍛?21608) 涔?20070) /(47) 0(48) 8(56) -(45) 绉?31206) 璇?35821) /(47) 0(48) 1(49) -(45) 绉?31206) 绌?31302) 鍏?20844) 璇?35821) .(46) m(109) d(100)
annotationRoot锛?F:\GitHub\NEXUS\src\annotations
articlePathWithoutExt锛?鏀垮吀涔嬩功/75-鍛ㄤ功/08-绉﹁/01-绉︾﹩鍏
eventsPath锛?F:\GitHub\NEXUS\src\annotations\鏀垮吀涔嬩功\75-鍛ㄤ.events.json﹁\01-绉︾﹩鍏.events.md
relationsPath锛?F:\GitHub\NEXUS\src\annotations\鏀垮吀涔嬩功\75-鍛ㄤ.relations.json\01-绉︾﹩鍏.relations.md
eventsPath 瀛樺湪锛?false
relationsPath 瀛樺湪锛?false
鍔犺浇鐨勬爣娉ㄦ枃浠舵暟閲忥細 0
鍔犺浇鐨勬爣娉ㄦ枃浠讹細 []
浼犻€掔粰鍓嶇鐨勬爣娉ㄦ暟鎹細 { files: [] }
 [2m(+22ms)[22m
[2m10:07:05[22m   [34m鈹溾攢[39m [2m/鍒跺害涓庡垱閫?姣涙辰涓滆憲浣滈泦/index.html[22m========== 鏍囨敞鏂囦欢鍔犺浇璋冭瘯 ==========
article.id 鍘熷鍊硷細 鏀垮吀涔嬩功/85-鍏变功/02-璇綍/01-姣涙辰涓滆/姣涙辰涓滆憲浣滈泦.md
article.id 绫诲瀷锛?string
article.id 闀垮害锛?34
article.id 瀛楃浠ｇ爜锛?鏀?25919) 鍏?20856) 涔?20043) 涔?20070) /(47) 8(56) 5(53) -(45) 鍏?20849) 涔?20070) /(47) 0(48) 2(50) -(45) 璇?35821) 褰?24405) /(47) 0(48) 1(49) -(45) 姣?27611) 娉?27901) 涓?19996) 璇?35821) /(47) 姣?27611) 娉?27901) 涓?19996) 钁?33879) 浣?20316) 闆?38598) .(46) m(109) d(100)
annotationRoot锛?F:\GitHub\NEXUS\src\annotations
articlePathWithoutExt锛?鏀垮吀涔嬩功/85-鍏变功/02-璇綍/01-姣涙辰涓滆/姣涙辰涓滆憲浣滈泦
eventsPath锛?F:\GitHub\NEXUS\src\annotations\鏀垮吀涔嬩功\85-鍏变功\02-璇.events.json姣涙辰涓滆\姣涙辰涓滆憲浣滈泦.events.md
relationsPath锛?F:\GitHub\NEXUS\src\annotations\鏀垮吀涔嬩功\85-鍏变功\02-璇.relations.json涙辰涓滆\姣涙辰涓滆憲浣滈泦.relations.md
eventsPath 瀛樺湪锛?false
relationsPath 瀛樺湪锛?false
鍔犺浇鐨勬爣娉ㄦ枃浠舵暟閲忥細 0
鍔犺浇鐨勬爣娉ㄦ枃浠讹細 []
浼犻€掔粰鍓嶇鐨勬爣娉ㄦ暟鎹細 { files: [] }
 [2m(+9ms)[22m
[2m10:07:05[22m   [34m鈹溾攢[39m [2m/鍒跺害涓庡垱閫?姣涙辰涓滈€夐泦/index.html[22m========== 鏍囨敞鏂囦欢鍔犺浇璋冭瘯 ==========
article.id 鍘熷鍊硷細 鏀垮吀涔嬩功/85-鍏变功/02-璇綍/01-姣涙辰涓滆/姣涙辰涓滈€夐泦.md
article.id 绫诲瀷锛?string
article.id 闀垮害锛?33
article.id 瀛楃浠ｇ爜锛?鏀?25919) 鍏?20856) 涔?20043) 涔?20070) /(47) 8(56) 5(53) -(45) 鍏?20849) 涔?20070) /(47) 0(48) 2(50) -(45) 璇?35821) 褰?24405) /(47) 0(48) 1(49) -(45) 姣?27611) 娉?27901) 涓?19996) 璇?35821) /(47) 姣?27611) 娉?27901) 涓?19996) 閫?36873) 闆?38598) .(46) m(109) d(100)
annotationRoot锛?F:\GitHub\NEXUS\src\annotations
articlePathWithoutExt锛?鏀垮吀涔嬩功/85-鍏变功/02-璇綍/01-姣涙辰涓滆/姣涙辰涓滈€夐泦
eventsPath锛?F:\GitHub\NEXUS\src\annotations\鏀垮吀涔嬩功\85-鍏变功\02-�.events.json-姣涙辰涓滆\姣涙辰涓滈€夐泦.events.md
relationsPath锛?F:\GitHub\NEXUS\src\annotations\鏀垮吀涔嬩功\85-鍏变功\02-�.relations.json�涙辰涓滆\姣涙辰涓滈€夐泦.relations.md
eventsPath 瀛樺湪锛?false
relationsPath 瀛樺湪锛?false
鍔犺浇鐨勬爣娉ㄦ枃浠舵暟閲忥細 0
鍔犺浇鐨勬爣娉ㄦ枃浠讹細 []
浼犻€掔粰鍓嶇鐨勬爣娉ㄦ暟鎹細 { files: [] }
 [2m(+30ms)[22m
[2m10:07:05[22m   [34m鈹溾攢[39m [2m/涓讳綋涓庢湭鏉?娴嬭瘯鏂囩珷/index.html[22m========== 鏍囨敞鏂囦欢鍔犺浇璋冭瘯 ==========
article.id 鍘熷鍊硷細 娴嬭瘯鏂囦欢澶?娴嬭瘯鏂囩珷.md
article.id 绫诲瀷锛?string
article.id 闀垮害锛?13
article.id 瀛楃浠ｇ爜锛?娴?27979) 璇?35797) 鏂?25991) 浠?20214) 澶?22841) /(47) 娴?27979) 璇?35797) 鏂?25991) 绔?31456) .(46) m(109) d(100)
annotationRoot锛?F:\GitHub\NEXUS\src\annotations
articlePathWithoutExt锛?娴嬭瘯鏂囦欢澶?娴嬭瘯鏂囩珷
eventsPath锛?F:\GitHub\NEXUS\src\annotations\娴嬭瘯鏂.events.json��娴嬭瘯鏂囩珷.events.md
relationsPath锛?F:\GitHub\NEXUS\src\annotations\娴嬭瘯鏂.relations.json��嬭瘯鏂囩珷.relations.md
eventsPath 瀛樺湪锛?false
relationsPath 瀛樺湪锛?false
鍔犺浇鐨勬爣娉ㄦ枃浠舵暟閲忥細 0
鍔犺浇鐨勬爣娉ㄦ枃浠讹細 []
浼犻€掔粰鍓嶇鐨勬爣娉ㄦ暟鎹細 { files: [] }
 [2m(+6ms)[22m
[2m10:07:05[22m   [34m鈹斺攢[39m [2m/涓讳綋涓庢湭鏉?0-閮ㄥ簭/index.html[22m========== 鏍囨敞鏂囦欢鍔犺浇璋冭瘯 ==========
article.id 鍘熷鍊硷細 0-閮ㄥ簭.md
article.id 绫诲瀷锛?string
article.id 闀垮害锛?7
article.id 瀛楃浠ｇ爜锛?0(48) -(45) 閮?37096) 搴?24207) .(46) m(109) d(100)
annotationRoot锛?F:\GitHub\NEXUS\src\annotations
articlePathWithoutExt锛?0-閮ㄥ簭
eventsPath锛?F:\GitHub\NEXUS\src\annotations\0-�.events.jsonvents.md
relationsPath锛?F:\GitHub\NEXUS\src\annotations\0-�.relations.jsontions.md
eventsPath 瀛樺湪锛?false
relationsPath 瀛樺湪锛?false
鍔犺浇鐨勬爣娉ㄦ枃浠舵暟閲忥細 0
鍔犺浇鐨勬爣娉ㄦ枃浠讹細 []
浼犻€掔粰鍓嶇鐨勬爣娉ㄦ暟鎹細 { files: [] }
 [2m(+5ms)[22m
[2m10:07:05[22m [32m鈻?[39m src/pages/[category]/index.astro
[2m10:07:05[22m   [34m鈹溾攢[39m [2m/鏂囨槑鏍瑰熀/index.html[22m鏂囨槑鏍瑰熀 articles: [
  '澶╁.md',
  '娴嬭瘯鏂囦欢澶?澶╂枃浼?md',
  '娴嬭瘯鏂囦欢澶?浜烘璁?md',
  '娴嬭瘯鏂囦欢澶?娴嬭瘯椤圭洰绗﹀彿鍒楄〃.md',
  '娴嬭瘯鏂囦欢澶?鍦扮悊蹇?md',
  '娴嬭瘯鏂囦欢澶?娴嬭瘯鏍囨敞绀轰緥.md',
  '娴嬭瘯鏂囦欢澶?绀轰緥-鏍囨敞婕旂ず.md',
  '娴嬭瘯鏂囦欢澶?test-markdown.md'
]
Built directory tree: {
  '澶╁': {
    type: 'file',
    article: {
      id: '澶╁.md',
      data: [Object],
      body: '# 澶╂枃浼燶r\n' +
        '\r\n' +
        '## 瑙傜┕璞★紝姝ュお铏歕r\n' +
        '\r\n' +
        '鑷療鏄熸巿鏃惰嚦瀹囧畽涔嬫ā锛岃嚜椋炶垷鑷虫槦娌充箣閬擄紝鍏兼敹澶╁涔嬪彉銆佹秹鏄熶箣褰曪紝绾话瑙備刊瀵熶箣绋嬨€俓r\n' +
        '\r\n' +
        '### 瀵熸槦鎺堟椂\r\n' +
        '\r\n' +
        '澶╂枃瑙傛祴鏄汉绫绘渶鏃╃殑绉戝娲诲姩涔嬩竴銆傚彜浜洪€氳繃瑙傚療鏃ユ湀鏄熻景鐨勮繍琛岃寰嬶紝鍒跺畾浜嗗巻娉曪紝鎸囧浜嗗啘涓氱敓浜у拰绀句細鐢熸椿銆備粠涓浗鐨勪簩鍗佸洓鑺傛皵鍒拌タ鏂圭殑鏍奸噷楂樺埄鍘嗭紝鍘嗘硶鐨勫彂灞曞弽鏄犱簡浜虹被瀵瑰ぉ鏂囩幇璞¤璇嗙殑涓嶆柇娣卞叆銆俓r\n' +
        '\r\n' +
        '### 瀹囧畽涔嬫ā\r\n' +
        '\r\n' +
        '闅忕潃绉戝鎶€鏈殑鍙戝睍锛屼汉绫诲瀹囧畽鐨勮璇嗕笉鏂繁鍖栥€備粠鍦板績璇村埌鏃ュ績璇达紝浠庣墰椤垮姏瀛﹀埌鐩稿璁猴紝浠庨噺瀛愬姏瀛﹀埌寮︾悊璁猴紝浜虹被閫愭鏋勫缓璧蜂簡瀵瑰畤瀹欑殑绉戝妯″瀷銆傝繖浜涙ā鍨嬩笉浠呰В閲婁簡宸茬煡鐨勫ぉ鏂囩幇璞★紝涔熼娴嬩簡鏈煡鐨勫ぉ浣撳拰鐜拌薄銆俓r\n' +
        '\r\n' +
        '### 椋炶垷鎺㈢┖\r\n' +
        '\r\n' +
        '20涓栫邯浠ユ潵锛屼汉绫诲紑濮嬩簡澶┖鎺㈢储鐨勬柊绾厓銆備粠绗竴棰椾汉閫犲崼鏄熺殑鍙戝皠鍒颁汉绫荤櫥鏈堬紝浠庣伀鏄熸帰娴嬪櫒鍒版繁绌烘帰娴嬪櫒锛屼汉绫荤殑瓒宠抗閫愭笎寤朵几鍒板お闃崇郴鐨勫悇涓钀姐€傚お绌烘帰绱笉浠呮嫇灞曚簡浜虹被鐨勮閲庯紝涔熶績杩涗簡绉戞妧鐨勫彂灞曞拰浜虹被鏂囨槑鐨勮繘姝ャ€俓r\n' +
        '\r\n' +
        '### 鏄熸渤涔嬮亾\r\n' +
        '\r\n' +
        '瀹囧畽涓瓨鍦ㄧ潃鏃犳暟鐨勬槦绯伙紝閾舵渤绯诲彧鏄叾涓箣涓€銆傛槦绯讳箣闂撮€氳繃寮曞姏鐩镐簰浣滅敤锛屽舰鎴愪簡瀹囧畽鐨勫ぇ灏哄害缁撴瀯銆傞粦娲炪€佷腑瀛愭槦銆佽秴鏂版槦绛夋瀬绔ぉ浣撶殑鍙戠幇锛岃鎴戜滑瀵瑰畤瀹欑殑鏈川鏈変簡鏇存繁鍒荤殑璁よ瘑銆傛殫鐗╄川鍜屾殫鑳介噺鐨勫瓨鍦紝鏇存槸鎸戞垬浜嗘垜浠幇鏈夌殑鐗╃悊鐞嗚銆俓r\n' +
        '\r\n' +
        '### 澶╁涔嬪彉\r\n' +
        '\r\n' +
        '澶╂枃瀛︽槸涓€闂ㄤ笉鏂彂灞曠殑绉戝銆傞殢鐫€瑙傛祴鎶€鏈殑杩涙锛屾柊鐨勫ぉ浣撳拰鐜拌薄涓嶆柇琚彂鐜帮紝鏃х殑鐞嗚涓嶆柇琚慨姝ｃ€備粠鍏夊鏈涜繙闀滃埌灏勭數鏈涜繙闀滐紝浠嶺灏勭嚎鏈涜繙闀滃埌寮曞姏娉㈡帰娴嬪櫒锛岃娴嬫墜娈电殑闈╂柊鎺ㄥ姩浜嗗ぉ鏂囧鐨勫彂灞曘€俓r\n' +
        '\r\n' +
        '### 娑夋槦涔嬪綍\r\n' +
        '\r\n' +
        '闅忕潃浜虹被鎺㈢储澶┖鐨勬浼愪笉鏂姞蹇紝鎴戜滑闇€瑕佹€濊€冨浣曚笌鍏朵粬鍙兘瀛樺湪鐨勬櫤鎱х敓鍛界浉澶勩€係ETI锛堟悳瀵诲湴澶栨枃鏄庤鍒掞級鐨勫疄鏂斤紝鏍囧織鐫€浜虹被寮€濮嬩富鍔ㄥ鎵惧湴澶栨枃鏄庛€傚悓鏃讹紝鎴戜滑涔熼渶瑕佸埗瀹氱浉鍏崇殑浼︾悊鍑嗗垯锛岀‘淇濆お绌烘帰绱㈢殑鍜屽钩涓庡彲鎸佺画鍙戝睍銆俓r\n' +
        '\r\n' +
        '## 缁撹\r\n' +
        '\r\n' +
        '澶╂枃浼犺€咃紝绾汉绫绘帰绱㈠畤瀹欎箣鍘嗙▼涔熴€傞€氳繃瀵瑰ぉ鏂囪娴嬨€佸畤瀹欐ā鍨嬨€佸お绌烘帰绱€佹槦绯荤粨鏋勩€佸ぉ鏂囧鍙戝睍鍜屽湴澶栨枃鏄庣殑鎬濊€冿紝鎴戜滑鍙互鏇村ソ鍦扮悊瑙ｅ畤瀹欑殑鏈川鍜屼汉绫诲湪瀹囧畽涓殑鍦颁綅锛屼负鏂囨槑鐨勫彂灞曟彁渚涙洿骞块様鐨勮閲庛€?,
      filePath: 'src/content/鏂囨槑鏍瑰熀/澶╁.md',
      digest: '99c2deb39f1bb877',
      rendered: [Object],
      collection: '鏂囨槑鏍瑰熀',
      slug: '澶╁',
      render: [Function: render]
    }
  },
  '娴嬭瘯鏂囦欢澶?: {
    type: 'directory',
    children: {
      '澶╂枃浼?: [Object],
      '浜烘璁?: [Object],
      '娴嬭瘯椤圭洰绗﹀彿鍒楄〃': [Object],
      '鍦扮悊蹇?: [Object],
      '娴嬭瘯鏍囨敞绀轰緥': [Object],
      '绀轰緥-鏍囨敞婕旂ず': [Object],
      'test-markdown': [Object]
    }
  }
}
Directory tree: {
  '澶╁': {
    type: 'file',
    article: {
      id: '澶╁.md',
      data: [Object],
      body: '# 澶╂枃浼燶r\n' +
        '\r\n' +
        '## 瑙傜┕璞★紝姝ュお铏歕r\n' +
        '\r\n' +
        '鑷療鏄熸巿鏃惰嚦瀹囧畽涔嬫ā锛岃嚜椋炶垷鑷虫槦娌充箣閬擄紝鍏兼敹澶╁涔嬪彉銆佹秹鏄熶箣褰曪紝绾话瑙備刊瀵熶箣绋嬨€俓r\n' +
        '\r\n' +
        '### 瀵熸槦鎺堟椂\r\n' +
        '\r\n' +
        '澶╂枃瑙傛祴鏄汉绫绘渶鏃╃殑绉戝娲诲姩涔嬩竴銆傚彜浜洪€氳繃瑙傚療鏃ユ湀鏄熻景鐨勮繍琛岃寰嬶紝鍒跺畾浜嗗巻娉曪紝鎸囧浜嗗啘涓氱敓浜у拰绀句細鐢熸椿銆備粠涓浗鐨勪簩鍗佸洓鑺傛皵鍒拌タ鏂圭殑鏍奸噷楂樺埄鍘嗭紝鍘嗘硶鐨勫彂灞曞弽鏄犱簡浜虹被瀵瑰ぉ鏂囩幇璞¤璇嗙殑涓嶆柇娣卞叆銆俓r\n' +
        '\r\n' +
        '### 瀹囧畽涔嬫ā\r\n' +
        '\r\n' +
        '闅忕潃绉戝鎶€鏈殑鍙戝睍锛屼汉绫诲瀹囧畽鐨勮璇嗕笉鏂繁鍖栥€備粠鍦板績璇村埌鏃ュ績璇达紝浠庣墰椤垮姏瀛﹀埌鐩稿璁猴紝浠庨噺瀛愬姏瀛﹀埌寮︾悊璁猴紝浜虹被閫愭鏋勫缓璧蜂簡瀵瑰畤瀹欑殑绉戝妯″瀷銆傝繖浜涙ā鍨嬩笉浠呰В閲婁簡宸茬煡鐨勫ぉ鏂囩幇璞★紝涔熼娴嬩簡鏈煡鐨勫ぉ浣撳拰鐜拌薄銆俓r\n' +
        '\r\n' +
        '### 椋炶垷鎺㈢┖\r\n' +
        '\r\n' +
        '20涓栫邯浠ユ潵锛屼汉绫诲紑濮嬩簡澶┖鎺㈢储鐨勬柊绾厓銆備粠绗竴棰椾汉閫犲崼鏄熺殑鍙戝皠鍒颁汉绫荤櫥鏈堬紝浠庣伀鏄熸帰娴嬪櫒鍒版繁绌烘帰娴嬪櫒锛屼汉绫荤殑瓒宠抗閫愭笎寤朵几鍒板お闃崇郴鐨勫悇涓钀姐€傚お绌烘帰绱笉浠呮嫇灞曚簡浜虹被鐨勮閲庯紝涔熶績杩涗簡绉戞妧鐨勫彂灞曞拰浜虹被鏂囨槑鐨勮繘姝ャ€俓r\n' +
        '\r\n' +
        '### 鏄熸渤涔嬮亾\r\n' +
        '\r\n' +
        '瀹囧畽涓瓨鍦ㄧ潃鏃犳暟鐨勬槦绯伙紝閾舵渤绯诲彧鏄叾涓箣涓€銆傛槦绯讳箣闂撮€氳繃寮曞姏鐩镐簰浣滅敤锛屽舰鎴愪簡瀹囧畽鐨勫ぇ灏哄害缁撴瀯銆傞粦娲炪€佷腑瀛愭槦銆佽秴鏂版槦绛夋瀬绔ぉ浣撶殑鍙戠幇锛岃鎴戜滑瀵瑰畤瀹欑殑鏈川鏈変簡鏇存繁鍒荤殑璁よ瘑銆傛殫鐗╄川鍜屾殫鑳介噺鐨勫瓨鍦紝鏇存槸鎸戞垬浜嗘垜浠幇鏈夌殑鐗╃悊鐞嗚銆俓r\n' +
        '\r\n' +
        '### 澶╁涔嬪彉\r\n' +
        '\r\n' +
        '澶╂枃瀛︽槸涓€闂ㄤ笉鏂彂灞曠殑绉戝銆傞殢鐫€瑙傛祴鎶€鏈殑杩涙锛屾柊鐨勫ぉ浣撳拰鐜拌薄涓嶆柇琚彂鐜帮紝鏃х殑鐞嗚涓嶆柇琚慨姝ｃ€備粠鍏夊鏈涜繙闀滃埌灏勭數鏈涜繙闀滐紝浠嶺灏勭嚎鏈涜繙闀滃埌寮曞姏娉㈡帰娴嬪櫒锛岃娴嬫墜娈电殑闈╂柊鎺ㄥ姩浜嗗ぉ鏂囧鐨勫彂灞曘€俓r\n' +
        '\r\n' +
        '### 娑夋槦涔嬪綍\r\n' +
        '\r\n' +
        '闅忕潃浜虹被鎺㈢储澶┖鐨勬浼愪笉鏂姞蹇紝鎴戜滑闇€瑕佹€濊€冨浣曚笌鍏朵粬鍙兘瀛樺湪鐨勬櫤鎱х敓鍛界浉澶勩€係ETI锛堟悳瀵诲湴澶栨枃鏄庤鍒掞級鐨勫疄鏂斤紝鏍囧織鐫€浜虹被寮€濮嬩富鍔ㄥ鎵惧湴澶栨枃鏄庛€傚悓鏃讹紝鎴戜滑涔熼渶瑕佸埗瀹氱浉鍏崇殑浼︾悊鍑嗗垯锛岀‘淇濆お绌烘帰绱㈢殑鍜屽钩涓庡彲鎸佺画鍙戝睍銆俓r\n' +
        '\r\n' +
        '## 缁撹\r\n' +
        '\r\n' +
        '澶╂枃浼犺€咃紝绾汉绫绘帰绱㈠畤瀹欎箣鍘嗙▼涔熴€傞€氳繃瀵瑰ぉ鏂囪娴嬨€佸畤瀹欐ā鍨嬨€佸お绌烘帰绱€佹槦绯荤粨鏋勩€佸ぉ鏂囧鍙戝睍鍜屽湴澶栨枃鏄庣殑鎬濊€冿紝鎴戜滑鍙互鏇村ソ鍦扮悊瑙ｅ畤瀹欑殑鏈川鍜屼汉绫诲湪瀹囧畽涓殑鍦颁綅锛屼负鏂囨槑鐨勫彂灞曟彁渚涙洿骞块様鐨勮閲庛€?,
      filePath: 'src/content/鏂囨槑鏍瑰熀/澶╁.md',
      digest: '99c2deb39f1bb877',
      rendered: [Object],
      collection: '鏂囨槑鏍瑰熀',
      slug: '澶╁',
      render: [Function: render]
    }
  },
  '娴嬭瘯鏂囦欢澶?: {
    type: 'directory',
    children: {
      '澶╂枃浼?: [Object],
      '浜烘璁?: [Object],
      '娴嬭瘯椤圭洰绗﹀彿鍒楄〃': [Object],
      '鍦扮悊蹇?: [Object],
      '娴嬭瘯鏍囨敞绀轰緥': [Object],
      '绀轰緥-鏍囨敞婕旂ず': [Object],
      'test-markdown': [Object]
    }
  }
}
Directory tree has keys: [ '澶╁', '娴嬭瘯鏂囦欢澶? ]
 [2m(+10ms)[22m
[2m10:07:05[22m   [34m鈹溾攢[39m [2m/婕旇繘杞ㄨ抗/index.html[22m婕旇繘杞ㄨ抗 articles: [
  '鏃跺簭绾?md',
  '浜嬪唽涔嬭浇/01-鍏冨绾?鍏冨绾翰.md',
  '浜嬪唽涔嬭浇/06-鍚堥洅绾?鍚堥洅绾翰.md',
  '浜嬪唽涔嬭浇/02-浜岄潏绾?浜岄潏绾翰.md',
  '浜嬪唽涔嬭浇/02-浜岄潏绾?02-鍦扮殗浠?鍦扮殗涓栨湰.md',
  '浜嬪唽涔嬭浇/11-绂€氱邯/02-榄侀殫鏈濅唬/00-鐐庡ぉ涓栨湰.md',
  '浜嬪唽涔嬭浇/浜嬪唽绾?md',
  '浜嬪唽涔嬭浇/02-浜岄潏绾?01-澶╃殗浠?澶╃殗涓栨湰.md',
  '浜嬪唽涔嬭浇/03-涔濋牠绾?02-浜虹殗浠?浜虹殗涓栨湰.md',
  '浜嬪唽涔嬭浇/11-绂€氱邯/01-浼忕静鏈濅唬/00-澶槉涓栨湰.md',
  '浜嬪唽涔嬭浇/12-鐤忎弧绾?01-杌掕絽鏈濅唬/00-榛勫ぉ涓栨湰.md',
  '浜嬪唽涔嬭浇/12-鐤忎弧绾?01-杌掕絽鏈濅唬/03-銆婂彶璁般€嬩簲甯濇湰绾烽粍甯?md',
  '浜嬪唽涔嬭浇/12-鐤忎弧绾?03-楂橀櫧鏈濅唬/01-棰涢〖涓栨湰.md',
  '浜嬪唽涔嬭浇/12-鐤忎弧绾?02-閲戝ぉ鏈濅唬/01-灏戞槉涓栨湰.md',
  '浜嬪唽涔嬭浇/12-鐤忎弧绾?04-楂樿緵鏈濅唬/01-鍠惧ぉ涓栨湰.md',
  '浜嬪唽涔嬭浇/12-鐤忎弧绾?04-楂樿緵鏈濅唬/03-銆婂彶璁般€嬩簲甯濇湰绾峰笣鍠?md',
  '浜嬪唽涔嬭浇/12-鐤忎弧绾?05-闈掗櫧鏈濅唬/01-鎸氬ぉ涓栨湰.md',
  '浜嬪唽涔嬭浇/12-鐤忎弧绾?06-闄跺攼鏈濅唬/01-灏уぉ涓栨湰.md',
  '浜嬪唽涔嬭浇/12-鐤忎弧绾?03-楂橀櫧鏈濅唬/03-銆婂彶璁般€嬩簲甯濇湰绾烽椤?md',
  '浜嬪唽涔嬭浇/12-鐤忎弧绾?06-闄跺攼鏈濅唬/03-銆婂彶璁般€嬩簲甯濇湰绾峰笣灏?md',
  '浜嬪唽涔嬭浇/12-鐤忎弧绾?08-澶忓悗鏈濅唬/01-澶忎笘鏈?md',
  '浜嬪唽涔嬭浇/12-鐤忎弧绾?09-娈峰晢鏈濅唬/03-銆婂彶璁般€嬫鏈邯.md',
  '浜嬪唽涔嬭浇/12-鐤忎弧绾?08-澶忓悗鏈濅唬/03-銆婂彶璁般€嬪鏈邯.md',
  '浜嬪唽涔嬭浇/12-鐤忎弧绾?07-鏈夎櫈鏈濅唬/01-鑸滃ぉ涓栨湰.md',
  '浜嬪唽涔嬭浇/12-鐤忎弧绾?07-鏈夎櫈鏈濅唬/03-銆婂彶璁般€嬩簲甯濇湰绾峰笣鑸?md',
  '浜嬪唽涔嬭浇/12-鐤忎弧绾?10-瑗垮懆鏈濅唬/03-銆婂彶璁般€嬪懆鏈邯-瑗垮懆.md',
  '浜嬪唽涔嬭浇/13-闂ㄩ榾绾?02-绉︽湞浠?03-銆婂彶璁般€嬬Е鏈邯.md',
  '浜嬪唽涔嬭浇/12-鐤忎弧绾?10-瑗垮懆鏈濅唬/绌嗗ぉ瀛愪紶.md',
  '浜嬪唽涔嬭浇/12-鐤忎弧绾?11-鏉卞懆鏈濅唬/03-銆婂彶璁般€嬪懆鏈邯-涓滃懆.md',
  '浜嬪唽涔嬭浇/03-涔濋牠绾?01-娉扮殗浠?01-浜虹殗姘?浜虹殗姘忓垪.md',
  '浜嬪唽涔嬭浇/03-涔濋牠绾?02-浜虹殗浠?澶╀换姘?澶╀换姘忓垪.md',
  '浜嬪唽涔嬭浇/03-涔濋牠绾?02-浜虹殗浠?澶╁績姘?澶╁績姘忓垪.md',
  '浜嬪唽涔嬭浇/03-涔濋牠绾?02-浜虹殗浠?澶╂煴姘?澶╂煴姘忓垪.md',
  '浜嬪唽涔嬭浇/03-涔濋牠绾?02-浜虹殗浠?澶╄嫳姘?澶╄嫳姘忓垪.md',
  '浜嬪唽涔嬭浇/03-涔濋牠绾?02-浜虹殗浠?澶╄姰姘?澶╄姰姘忓垪.md',
  '浜嬪唽涔嬭浇/03-涔濋牠绾?02-浜虹殗浠?澶╃姘?澶╃姘忓垪.md',
  '浜嬪唽涔嬭浇/03-涔濋牠绾?02-浜虹殗浠?澶╂矕姘?澶╂矕姘忓垪.md',
  '浜嬪唽涔嬭浇/03-涔濋牠绾?02-浜虹殗浠?澶╄紨姘?澶╄紨姘忓垪.md',
  '浜嬪唽涔嬭浇/03-涔濋牠绾?02-浜虹殗浠?澶╄摤姘?澶╄摤姘忓垪.md',
  '浜嬪唽涔嬭浇/02-浜岄潏绾?02-鍦扮殗浠?鍦板垱姘?鍦板垱姘忓垪.md',
  '浜嬪唽涔嬭浇/02-浜岄潏绾?02-鍦扮殗浠?鍦颁笘姘?鍦颁笘姘忓垪.md',
  '浜嬪唽涔嬭浇/01-鍏冨绾?07-涔濆浠?1-鐩樺彜姘?1-鐩樺彜涓栨湰.md',
  '浜嬪唽涔嬭浇/02-浜岄潏绾?02-鍦扮殗浠?鍦板埗姘?鍦板埗姘忓垪.md',
  '浜嬪唽涔嬭浇/02-浜岄潏绾?02-鍦扮殗浠?鍦板瀭姘?鍦板瀭姘忓垪.md',
  '浜嬪唽涔嬭浇/02-浜岄潏绾?02-鍦扮殗浠?鍦版案姘?鍦版案姘忓垪.md',
  '浜嬪唽涔嬭浇/02-浜岄潏绾?02-鍦扮殗浠?鍦版啿姘?鍦版啿姘忓垪.md',
  '浜嬪唽涔嬭浇/02-浜岄潏绾?02-鍦扮殗浠?鍦版硶姘?鍦版硶姘忓垪.md',
  '浜嬪唽涔嬭浇/02-浜岄潏绾?02-鍦扮殗浠?鍦拌惉姘?鍦拌惉姘忓垪.md',
  '浜嬪唽涔嬭浇/02-浜岄潏绾?02-鍦扮殗浠?鍦拌姘?鍦拌姘忓垪.md',
  '浜嬪唽涔嬭浇/02-浜岄潏绾?02-鍦扮殗浠?鍦伴摽姘?鍦伴摽姘忓垪.md',
  '浜嬪唽涔嬭浇/02-浜岄潏绾?02-鍦扮殗浠?鍦拌景姘?鍦拌景姘忓垪.md',
  '浜嬪唽涔嬭浇/01-鍏冨绾?08-鍏冪殗浠?1-鎻愭尯姘?1-鎻愭尯涓栨湰.md',
  '浜嬪唽涔嬭浇/02-浜岄潏绾?01-澶╃殗浠?涓婄珷姘?涓婄珷姘忓垪.md',
  '浜嬪唽涔嬭浇/02-浜岄潏绾?01-澶╃殗浠?宸炵尞姘?宸炵尞姘忓垪.md',
  '浜嬪唽涔嬭浇/02-浜岄潏绾?01-澶╃殗浠?灞犵淮姘?灞犵淮姘忓垪.md',
  '浜嬪唽涔嬭浇/02-浜岄潏绾?01-澶╃殗浠?寮哄湁姘?寮哄湁姘忓垪.md',
  '浜嬪唽涔嬭浇/02-浜岄潏绾?01-澶╃殗浠?鏃冭挋姘?鏃冭挋姘忓垪.md',
  '浜嬪唽涔嬭浇/02-浜岄潏绾?01-澶╃殗浠?鏄櫧姘?鏄櫧姘忓垪.md',
  '浜嬪唽涔嬭浇/02-浜岄潏绾?01-澶╃殗浠?鏌斿厗姘?鏌斿厗姘忓垪.md',
  '浜嬪唽涔嬭浇/02-浜岄潏绾?01-澶╃殗浠?閲嶅厜姘?閲嶅厜姘忓垪.md',
  '浜嬪唽涔嬭浇/02-浜岄潏绾?01-澶╃殗浠?钁楅泹姘?钁楅泹姘忓垪.md',
  '浜嬪唽涔嬭浇/02-浜岄潏绾?01-澶╃殗浠?闃忛€㈡皬/闃忛€㈡皬鍒?md',
  '浜嬪唽涔嬭浇/02-浜岄潏绾?01-澶╃殗浠?闃夎寕姘?闃夎寕姘忓垪.md',
  '浜嬪唽涔嬭浇/04-浜旈緧绾?01-浜旈緧浠?浼姘?浼姘忓垪.md',
  '浜嬪唽涔嬭浇/02-浜岄潏绾?01-澶╃殗浠?鐜勯粨姘?鐜勯粨姘忓垪.md',
  '浜嬪唽涔嬭浇/04-浜旈緧绾?01-浜旈緧浠?浠插镜姘?浠插镜姘忓垪.md',
  '浜嬪唽涔嬭浇/04-浜旈緧绾?01-浜旈緧浠?鍙斿晢姘?鍙斿晢姘忓垪.md',
  '浜嬪唽涔嬭浇/04-浜旈緧绾?01-浜旈緧浠?灏戝姘?灏戝姘忓垪.md',
  '浜嬪唽涔嬭浇/04-浜旈緧绾?01-浜旈緧浠?瀛ｇ窘姘?瀛ｇ窘姘忓垪.md',
  '浜嬪唽涔嬭浇/05-鎽勬彁绾?01-浜斾節浠?涔濇笭姘?涔濇笭姘忓垪.md',
  '浜嬪唽涔嬭浇/05-鎽勬彁绾?01-浜斾節浠?浼婅€嗘皬/浼婅€嗘皬鍒?md',
  '浜嬪唽涔嬭浇/05-鎽勬彁绾?01-浜斾節浠?浼婄姘?浼婄姘忓垪.md',
  '浜嬪唽涔嬭浇/05-鎽勬彁绾?01-浜斾節浠?浠茶姘?浠茶姘忓垪.md',
  '浜嬪唽涔嬭浇/05-鎽勬彁绾?01-浜斾節浠?淇熸枻姘?淇熸枻姘忓垪.md',
  '浜嬪唽涔嬭浇/05-鎽勬彁绾?01-浜斾節浠?浣曟嫈姘?浣曟嫈姘忓垪.md',
  '浜嬪唽涔嬭浇/05-鎽勬彁绾?01-浜斾節浠?鍏皻姘?鍏皻姘忓垪.md',
  '浜嬪唽涔嬭浇/05-鎽勬彁绾?01-浜斾節浠?鍏剙姘?鍏剙姘忓垪.md',
  '浜嬪唽涔嬭浇/05-鎽勬彁绾?01-浜斾節浠?鍏鼎姘?鍏鼎姘忓垪.md',
  '浜嬪唽涔嬭浇/05-鎽勬彁绾?01-浜斾節浠?鍓炲妭姘?鍓炲妭姘忓垪.md',
  '浜嬪唽涔嬭浇/05-鎽勬彁绾?01-浜斾節浠?鍙斿厛姘?鍙斿厛姘忓垪.md',
  '浜嬪唽涔嬭浇/05-鎽勬彁绾?01-浜斾節浠?鍙叉姘?鍙叉姘忓垪.md',
  '浜嬪唽涔嬭浇/05-鎽勬彁绾?01-浜斾節浠?鍚堟柟姘?鍚堟柟姘忓垪.md',
  '浜嬪唽涔嬭浇/05-鎽勬彁绾?01-浜斾節浠?澶殗姘?澶殗姘忓垪.md',
  '浜嬪唽涔嬭浇/05-鎽勬彁绾?01-浜斾節浠?澶繁姘?澶繁姘忓垪.md',
  '浜嬪唽涔嬭浇/05-鎽勬彁绾?01-浜斾節浠?濂崇殗姘?濂崇殗姘忓垪.md',
  '浜嬪唽涔嬭浇/05-鎽勬彁绾?01-浜斾節浠?濡歌嵎姘?濡歌嵎姘忓垪.md',
  '浜嬪唽涔嬭浇/05-鎽勬彁绾?01-浜斾節浠?瀹氶€ｆ皬/瀹氶€ｆ皬鍒?md',
  '浜嬪唽涔嬭浇/05-鎽勬彁绾?01-浜斾節浠?瀹扮埗姘?瀹扮埗姘忓垪.md',
  '浜嬪唽涔嬭浇/05-鎽勬彁绾?01-浜斾節浠?瀹规垚姘?瀹规垚姘忓垪.md',
  '浜嬪唽涔嬭浇/05-鎽勬彁绾?01-浜斾節浠?宸ㄥ噷姘?宸ㄥ噷姘忓垪.md',
  '浜嬪唽涔嬭浇/05-鎽勬彁绾?01-浜斾節浠?骞鹃伣姘?骞鹃伣姘忓垪.md',
  '浜嬪唽涔嬭浇/05-鎽勬彁绾?01-浜斾節浠?褰㈡柟姘?褰㈡柟姘忓垪.md',
  '浜嬪唽涔嬭浇/05-鎽勬彁绾?01-浜斾節浠?寮嬮棬姘?寮嬮棬姘忓垪.md',
  '浜嬪唽涔嬭浇/05-鎽勬彁绾?01-浜斾節浠?鏂归浄姘?鏂归浄姘忓垪.md',
  '浜嬪唽涔嬭浇/05-鎽勬彁绾?01-浜斾節浠?鎷掗偙姘?鎷掗偙姘忓垪.md',
  '浜嬪唽涔嬭浇/05-鎽勬彁绾?01-浜斾節浠?鏄嗛€ｆ皬/鏄嗛€ｆ皬鍒?md',
  '浜嬪唽涔嬭浇/05-鎽勬彁绾?01-浜斾節浠?鏄婅嫳姘?鏄婅嫳姘忓垪.md',
  '浜嬪唽涔嬭浇/05-鎽勬彁绾?01-浜斾節浠?鏈辫姘?鏈辫姘忓垪.md',
  '浜嬪唽涔嬭浇/05-鎽勬彁绾?01-浜斾節浠?妫樺９姘?妫樺９姘忓垪.md',
  '浜嬪唽涔嬭浇/05-鎽勬彁绾?01-浜斾節浠?妫樻増姘?妫樻増姘忓垪.md',
  ... 251 more items
]
Built directory tree: {
  '鏃跺簭绾?: {
    type: 'file',
    article: {
      id: '鏃跺簭绾?md',
      data: [Object],
      body: '# 鏃跺簭绾瞈r\n' +
        '## 闅跺彜寤虹粺瀹氱邯鍒嗕唬鑱屾柟杈戜簨琛╘r\n' +
        '|鍏?12浼?|浼?30杩?|杩?12涓?|涓?30骞?|骞磡鍙缁焲绾獆浠鏂箌浜媩\r\n' +
        '|-|--|--|--|--|---|-----|-----|-------|------|------|\r\n' +
        '|0| 1| 1| 1| 1|鏋佸彜|鍏冨垵缁焲鏃犲厓绾獆  澶崚浠娲崚姘?||\r\n' +
        '|0| 2|11| 1| 1|鏋佸彜|鍏冨垵缁焲鍏冨绾獆  澶浠娣锋矊姘?||\r\n' +
        '|0| 3|25| 1| 1|澶彜|鍏冨垵缁焲鍏冨绾獆  澶瀬浠娣锋矊姘?||\r\n' +
        '|0| 4|19| 1| 1|澶彜|鍏冨垵缁焲鍏冨绾獆  澶槗浠娣锋矊姘?||\r\n' +
        '|0| 5| 4| 1| 1|澶彜|鍏冨垵缁焲鍏冨绾獆  澶垵浠娣锋矊姘?||\r\n' +
        '|0| 6| 3| 1| 1|澶彜|鍏冨垵缁焲鍏冨绾獆  澶礌浠娣锋矊姘?||\r\n' +
        '|0| 7|26| 1| 1|澶彜|鍏冨垵缁焲鍏冨绾獆  涓夋墠浠娣锋矊姘?||\r\n' +
        '|0| 8|16| 1| 1|鍏冨彜|鍏冨垵缁焲鍏冨绾獆  涔濆浠鐩樺彜姘?||\r\n' +
        '|0| 8|19| 1| 1|鍏冨彜|鍏冨垵缁焲鍏冨绾獆  鍏冪殗浠鎻愭尯姘?||\r\n' +
        '|0| 9|20| 1| 1|杩滃彜|澶╃殗缁焲浜岄潏绾獆  澶╃殗浠鍗佷簩姘忓苟绔嬶細闃忛€㈡皬銆佹梼钂欐皬銆佹煍鍏嗘皬銆佸己鍦夋皬銆佽憲闆嶆皬銆佸睜缁存皬銆佷笂绔犳皬銆侀噸鍏夋皬銆佺巹榛撴皬銆佹槶闄芥皬銆侀槈鑼傛皬銆佸窞鐚皬 ||\r\n' +
        '|0|11|10| 1| 1|杩滃彜|鍦扮殗缁焲浜岄潏绾獆  鍦扮殗浠鍗佷竴姘忓苟绔嬶細鍦伴摽姘忋€佸湴鍒涙皬銆佸湴鍒舵皬銆佸湴璇告皬銆佸湴杈版皬銆佸湴娉曟皬銆佸湴姘告皬銆佸湴鍨傛皬銆佸湴鎲叉皬銆佸湴钀皬銆佸湴涓栨皬 ||\r\n' +
        '|1| 1| 1| 1| 1|杩滃彜|浜虹殗缁焲涔濋牠绾獆  娉扮殗浠娉扮殗姘?||\r\n' +
        '|1| 2| 6|11| 1|杩滃彜|浜虹殗缁焲涔濋牠绾獆  浜虹殗浠涔濇皬骞剁珛锛氬ぉ鑻辨皬銆佸ぉ浠绘皬銆佸ぉ鏌辨皬銆佸ぉ蹇冩皬銆佸ぉ绂芥皬銆佸ぉ杓旀皬銆佸ぉ娌栨皬銆佸ぉ鑺皬銆佸ぉ钃皬 ||\r\n' +
        '|1| 2| 8| 4| 1|杩滃彜|浜虹殗缁焲浜旈緧绾獆  浜旈緧浠浜旀皬骞剁珛锛氫集瑙掓皬銆佷徊寰垫皬銆佸彅鍟嗘皬銆佸缇芥皬銆佸皯瀹皬 ||\r\n' +
        '|1| 2| 9| 5| 1|杩滃彜|浜虹殗缁焲鎽勬彁绾獆  浜斾節浠鐨囬泟姘?br>浜斿崄涔濇皬骞剁珛锛氱妬鐩ф皬銆佸Ω鑽锋皬銆佹閮芥皬銆佸鎴愭皬銆佷綍鎷旀皬銆佽胺娓炬皬銆佸彅鍏堟皬銆佹妇鏁︽皬銆侀噾澶╂皬銆侀潚槌ユ皬銆佸鐖舵皬銆佸畾閫ｆ皬銆佸舰鏂规皬銆佹Ξ浼皬銆佹Ξ浼皬銆佸コ鐨囨皬銆佷繜鏂ゆ皬銆侀儕灏规皬銆佽但鑳ユ皬銆佺爞浣楁皬銆佺鍏舵皬銆侀樋缇呮皬銆佽睍闊嬫皬銆佹竻闄芥皬銆侀櫢缁堟皬銆侀儚鏁栨皬銆佷紛鑰嗘皬銆佹嫆閭辨皬銆佹碃娣皬銆佷徊琛屾皬銆佸ぎ鐨囨皬銆佸叕缍︽皬銆佹鎵堟皬銆佸叕鍎€姘忋€佸墳鍔傛皬銆佹嘲閬嬫皬銆佹槉鑻辨皬銆佷紛绁佹皬銆佸彶妗戞皬銆佺敱婧栨皬銆侀榄佹皬銆侀殏搴锋皬銆佹湵瑗勬皬銆佹鐙兼皬銆佺寳闊嬫皬銆佸悎鏂规皬銆佺浉鐨囨皬銆佸紜闂ㄦ皬銆佹槅閫ｆ皬銆佷節娓犳皬銆佸咕閬芥皬銆佸か宸辨皬銆佹柟闆锋皬銆侀灝闉绘皬銆佹犊鏂规皬銆佸法鍑屾皬銆佽睏闅楁皬銆佹澹规皬銆佸叕灏氭皬 ||\r\n' +
        '|1| 2|10| 1| 1|杩滃彜|宸㈢殗缁焲鍚堥洅绾獆娉板９鏈濅唬|鏈夊发姘?|鏈夊发姘忔瀯鏈ㄤ负宸€倈\r\n' +
        '|1| 2|12|10| 1|杩滃彜|宸㈢殗缁焲鍚堥洅绾獆闈堥櫧鏈濅唬|闈堥櫧姘?||\r\n' +
        '|1| 2|13| 6| 1|杩滃彜|宸㈢殗缁焲鍚堥洅绾獆娑垮厜鏈濅唬|娑垮厜姘?||\r\n' +
        '|1| 2|14| 9| 1|杩滃彜|宸㈢殗缁焲閫ｉ€氱邯|鐚楀笣鏈濅唬|鐚楀笣姘?||\r\n' +
        '|1| 2|15|12| 1|杩滃彜|宸㈢殗缁焲閫ｉ€氱邯|楝奸殫鏈濅唬|楝奸殫姘?||\r\n' +
        '|1| 2|16|10| 1|杩滃彜|宸㈢殗缁焲閫ｉ€氱邯|鍐夌浉鏈濅唬|鍐夌浉姘?||\r\n' +
        '|1| 2|17| 7| 1|杩滃彜|宸㈢殗缁焲閫ｉ€氱邯|鐨囩鏈濅唬|鐨囩姘?||\r\n' +
        '|1| 2|18| 4|13|杩滃彜|鐕х殗缁焲閫ｉ€氱邯|鐕т汉鏈濅唬|鐕т汉姘?|鐕т汉姘忛捇鏈ㄥ彇鐏€倈\r\n' +
        '|1| 5|25| 6|21|杩滃彜|鐕х殗缁焲閫ｉ€氱邯|澶竴鏈濅唬|澶竴姘?||\r\n' +
        '|1| 5|25| 7|19|杩滃彜|鐕х殗缁焲鏁樺懡绾獆钃嬬泩鏈濅唬|钃嬬泩姘?||\r\n' +
        '|1| 5|25| 8| 7|杩滃彜|鐕х殗缁焲鏁樺懡绾獆娆′汉鏈濅唬|娆′汉姘?||\r\n' +
        '|1| 5|25| 9| 2|杩滃彜|鐕х殗缁焲鏁樺懡绾獆澶箼鏈濅唬|澶箼姘?||\r\n' +
        '|1| 5|25|10| 5|杩滃彜|鐕х殗缁焲鏁樺懡绾獆榛庣洤鏈濅唬|榛庣洤姘?||\r\n' +
        '|1| 5|25|11| 9|杩滃彜|鐕х殗缁焲寰湚绾?鍏?3涓?|閴呴潏鏈濅唬|閴呴潏姘?灏告埃鐨?||\r\n' +
        '|1| 5|29|11|28|杩滃彜|鐕х殗缁焲寰湚绾獆鍙ュ己鏈濅唬|鍙ュ己姘?||\r\n' +
        '|1| 5|29|12| 6|杩滃彜|鐕х殗缁焲寰湚绾獆璀欒儭鏈濅唬|璀欒儭姘?||\r\n' +
        '|1| 5|30| 8|17|杩滃彜|鐕х殗缁焲寰湚绾獆婵佸厜鏈濅唬|婵佸厜姘?||\r\n' +
        '|1| 5|30|10|21|杩滃彜|鐕х殗缁焲寰湚绾獆鍕鹃櫝鏈濅唬|鍕鹃櫝姘?||\r\n' +
        '|1| 6| 1| 1| 4|杩滃彜|鐕х殗缁焲寰湚绾獆榛勭鏈濅唬|榛勭姘?娌?40宀? ||\r\n' +
        '|1| 6| 2| 1| 9|杩滃彜|鐕х殗缁焲寰湚绾獆宸ㄧ鏈濅唬|宸ㄧ姘?||\r\n' +
        '|1| 6| 2| 4|16|杩滃彜|鐕х殗缁焲寰湚绾獆榛庨潏鏈濅唬|榛庨潏姘?||\r\n' +
        '|1| 6| 2| 6|23|杩滃彜|鐕х殗缁焲寰湚绾獆澶чī鏈濅唬|澶чī姘?||\r\n' +
        '|1| 6| 2| 9|10|杩滃彜|鐕х殗缁焲寰湚绾獆楝奸殫鏈濅唬|楝奸殫姘?||\r\n' +
        '|1| 6| 3|11| 1|杩滃彜|鐕х殗缁焲寰湚绾獆寮囪尣鏈濅唬|寮囪尣姘?||\r\n' +
        '|1| 6| 3| 3|27|杩滃彜|鐕х殗缁焲寰湚绾獆娉伴€㈡湞浠娉伴€㈡皬 ||\r\n' +
        '|1| 6| 3| 6|18|杩滃彜|鐕х殗缁焲寰湚绾獆鑻掔浉鏈濅唬|鑻掔浉姘?||\r\n' +
        '|1| 6| 4| 7| 5|杩滃彜|鐕х殗缁焲寰湚绾獆鍠勭泩鏈濅唬|鍠勭泩姘?||\r\n' +
        '|1| 6| 4| 9|10|杩滃彜|鐕х殗缁焲寰湚绾獆澶ф暒鏈濅唬|澶ф暒姘?||\r\n' +
        '|1| 6| 5| 2| 9|杩滃彜|鐕х殗缁焲寰湚绾獆闆查櫧鏈濅唬|闆查櫧姘?||\r\n' +
        '|1| 6| 5| 5| 3|杩滃彜|鐕х殗缁焲寰湚绾獆宸父鏈濅唬|宸父姘?||\r\n' +
        '|1| 6| 6| 8| 8|杩滃彜|鐕х殗缁焲寰湚绾獆娉颁竴鏈濅唬|娉颁竴姘?||\r\n' +
        '|1| 6| 6| 9|13|杩滃彜|鐕х殗缁焲寰湚绾獆绌烘鏈濅唬|绌烘姘?||\r\n' +
        '|1| 6| 6|12|19|杩滃彜|鐕х殗缁焲寰湚绾獆绁炴皯鏈濅唬|绁炴皯姘?娌?00宀? ||\r\n' +
        '|1| 6| 7| 2| 6|杩滃彜|鐕х殗缁焲寰湚绾獆鍊氬笣鏈濅唬|缍ㄥ笣姘?||\r\n' +
        '|1| 6| 7| 4| 4|杩滃彜|鐕х殗缁焲寰湚绾獆娆℃皯鏈濅唬|娆℃皯姘?||\r\n' +
        '|1| 6| 8| 6|12|涓婂彜|鐕х殗缁焲鍥犳彁绾獆杈版斁鏈濅唬|杈版斁姘?浼?涓栵紝娌?50杞?銆佽渶灞辨皬(4涓栨椂鐜? ||\r\n' +
        '|1| 6| 9| 3| 8|涓婂彜|鐕х殗缁焲鍥犳彁绾獆铏哄個鏈濅唬|铏哄個姘?浼?涓? ||\r\n' +
        '|1| 6| 9| 9|10|涓婂彜|鐕х殗缁焲鍥犳彁绾獆娣锋矊鏈濅唬|娣锋矊姘?浼?涓? ||\r\n' +
        '|1| 6|10| 4|15|涓婂彜|鐕х殗缁焲鍥犳彁绾獆鏉辨埛鏈濅唬|鏉辨埛姘?浼?7涓? ||\r\n' +
        '|1| 6|11| 9|17|涓婂彜|鐕х殗缁焲鍥犳彁绾獆鐨囨牀鏈濅唬|鐨囪姘?浼?涓栵紝娌?50杞? ||\r\n' +
        '|1| 6|12| 6| 3|涓婂彜|鐕х殗缁焲鍥犳彁绾獆鍟熺粺鏈濅唬|鍟熺粺姘?浼?涓? ||\r\n' +
        '|1| 6|12| 9| 1|涓婂彜|鐕х殗缁焲鍥犳彁绾獆鍚夊し鏈濅唬|鍚夊し姘?浼?涓? ||\r\n' +
        '|1| 6|13| 2| 1|涓婂彜|鐕х殗缁焲鍥犳彁绾獆鍑犻伣鏈濅唬|鍑犻伣姘?||\r\n' +
        '|1| 6|13| 3| 8|涓婂彜|鐕х殗缁焲鍥犳彁绾獆甯岄煁鏈濅唬|甯岄煁姘?浼?涓? ||\r\n' +
        '|1| 6|13| 7| 8|涓婂彜|鐕х殗缁焲鍥犳彁绾獆鏈夊发鏈濅唬|铚氶箍姘?浼?涓栵紝娌?02杞? ||\r\n' +
        '|1| 6|14| 5|10|涓婂彜|鐕х殗缁焲鍥犳彁绾獆鐕т汉鏈濅唬|鐕т汉姘?浼?涓栵紝娌?30杞? ||\r\n' +
        '|1| 6|15| 1| 1|涓婂彜|鐕х殗缁焲鍥犳彁绾獆搴告垚鏈濅唬|搴告垚姘?浼?涓? ||\r\n' +
        '|1| 6|15| 9| 1|鍓嶅彜|甯濈殗缁焲绂€氱邯|浼忕静鏈濅唬|寤夸竷姘忕浉缁э細浼忕静姘忋€佸コ濞叉皬銆佷紡缇叉皬銆佸ぇ搴皬銆佹煆鐨囨皬銆佷紡缇叉皬銆佷腑澶皬銆佷紡缇叉皬銆佹牀闄嗘皬銆佷紡缇叉皬銆侀獖杩炴皬銆佽但鑳ユ皬銆佷紡缇叉皬銆佸皧鍗㈡皬銆佺铻嶆皬銆佷紡缇叉皬銆佹贩娌屾皬銆佹槉鑻辨皬銆佷紡缇叉皬銆佹湁宸㈡皬銆佽憶澶╂皬銆侀槾搴锋皬銆佷紡缇叉皬銆佹湵瑗勬皬銆佷紡缇叉皬銆佹棤鎬€姘忋€佷紡缇叉皬 ||\r\n' +
        '|1| 6|23| 3|30|鍓嶅彜|甯濈殗缁焲绂€氱邯|榄侀殫鏈濅唬|榄侀殫姘?||\r\n' +
        '|1| 6|23|12| 2|鍓嶅彜|甯濈殗缁焲绂€氱邯|绁炶静鏈濅唬|绁炶静姘?||\r\n' +
        '|1| 6|24| 8|15|鍓嶅彜|甯濈殗缁焲鐤忎弧绾獆杌掕絽鏈濅唬|杌掕絽姘?||\r\n' +
        '|1| 6|25|11|25|鍓嶅彜|甯濈殗缁焲鐤忎弧绾獆閲戝ぉ鏈濅唬|閲戝ぉ姘?||\r\n' +
        '|1| 6|26| 8| 8|涓彜|甯濈殗缁焲鐤忎弧绾獆楂橀櫧鏈濅唬|楂橀櫧姘?||\r\n' +
        '|1| 6|27|10| 7|涓彜|甯濈殗缁焲鐤忎弧绾獆楂樿緵鏈濅唬|楂樿緵姘?||\r\n' +
        '|1| 6|29| 5|19|涓彜|甯濈殗缁焲鐤忎弧绾獆闈掗櫧鏈濅唬|闈掗櫧姘?||\r\n' +
        '|1| 6|30| 8|11|涓彜|甯濈殗缁焲鐤忎弧绾獆闄跺攼鏈濅唬|闄跺攼姘?||\r\n' +
        '|1| 7| 1| 4| 1|涓彜|甯濈殗缁焲鐤忎弧绾獆鏈夎櫈鏈濅唬|鏈夎櫈姘?||\r\n' +
        '|1| 7| 1| 5|28|涓嬪彜|甯濈殗缁焲鐤忎弧绾獆澶忓悗鏈濅唬|澶忓悗姘?||\r\n' +
        '|1| 7| 2| 9|18|涓嬪彜|甯濈殗缁焲鐤忎弧绾獆娈峰晢鏈濅唬| ||\r\n' +
        '|1| 7| 4| 4| 2|涓嬪彜|甯濈殗缁焲鐤忎弧绾獆瑗垮懆鏈濅唬| ||\r\n' +
        '|1| 7| 5| 1| 8|涓嬪彜|甯濈殗缁焲鐤忎弧绾獆鏉卞懆鏈濅唬| ||\r\n' +
        '|1| 7| 6| 1|15|涓嬪彜|甯濈殗缁焲鐤忎弧绾獆鏄ョ鏃朵唬|浜旈湼锛氶綈銆佹檵銆佺Е銆佸畫銆佹 ||\r\n' +
        '|1| 7| 6| 6|19|涓嬪彜|甯濈殗缁焲闂ㄩ榾绾獆鎴樺浗鏃朵唬|涓冮泟锛氱Е銆佹銆侀綈銆佺嚂銆佽档銆侀瓘銆侀煩 ||\r\n' +
        '|1| 7| 6| 7|17|杩戝彜|甯濈殗缁焲闂ㄩ榾绾獆澶хЕ鏈濅唬| ||\r\n' +
        '|1| 7| 6| 8| 2|杩戝彜|甯濈殗缁焲闂ㄩ榾绾獆瑗挎饥鏈濅唬| ||\r\n' +
        '|1| 7| 7| 3| 5|杩戝彜|甯濈殗缁焲闂ㄩ榾绾獆鏀规柊鏈濅唬| ||\r\n' +
        '|1| 7| 7| 3|20|杩戝彜|甯濈殗缁焲闂ㄩ榾绾獆缁饥鏈濅唬| ||\r\n' +
        '|1| 7| 7| 3|22|杩戝彜|甯濈殗缁焲闂ㄩ榾绾獆鏉辨饥鏈濅唬| ||\r\n' +
        '|1| 7| 7|10|17|杩戝彜|甯濈殗缁焲闂ㄩ榾绾獆涓夊浗鏃朵唬|涓夊浗骞剁珛锛氶瓘銆佽渶銆佸惔||\r\n' +
        '|1| 7| 7|11|22|杩戝彜|甯濈殗缁焲闂ㄩ榾绾獆瑗挎檵鏈濅唬| ||\r\n' +
        '|1| 7| 8| 1|14|杩戝彜|甯濈殗缁焲闂ㄩ榾绾獆鏉辨檵鏈濅唬|涓庝簲鑳″崄鍏浗骞剁珛锛氬墠璧点€佹垚姹夈€佸墠鍑夈€佸悗璧点€佸墠鐕曘€佸墠绉︺€佸悗绉︺€佸悗鐕曘€佽タ绉︺€佸悗鍑夈€佸崡鐕曘€佽タ鍑夈€佽儭澶忋€佸寳鐕曘€佸寳鍑夈€佸唹榄忋€佽タ鐕曘€佸悗铚€||\r\n' +
        '|1| 7| 8| 4|27|杩戝彜|甯濈殗缁焲闂ㄩ榾绾獆鍗楁湞瀹嬩唬|涓庡厓榄忓苟绔媩|\r\n' +
        '|1| 7| 8| 6|26|杩戝彜|甯濈殗缁焲闂ㄩ榾绾獆鍗楁湞榻婁唬|涓庡厓榄忓苟绔媩|\r\n' +
        '|1| 7| 8| 7|19|杩戝彜|甯濈殗缁焲闂ㄩ榾绾獆鍗楁湞姊佷唬|涓庝笢榄忋€佽タ榄忋€佸寳榻愬苟绔媩|\r\n' +
        '|1| 7| 8| 9|14|杩戝彜|甯濈殗缁焲闂ㄩ榾绾獆鍗楁湞闄充唬|涓庡寳鍛ㄥ苟绔媩|\r\n' +
        '|1| 7| 8|10|16|杩戝彜|甯濈殗缁焲钘╁儦绾獆澶ч殝鏈濅唬| ||\r\n' +
        '|1| 7| 8|11|15|杩戝彜|甯濈殗缁焲钘╁儦绾獆澶у攼鏈濅唬| ||\r\n' +
        '|1| 7| 9| 9| 4|杩戝彜|甯濈殗缁焲钘╁儦绾獆鍚庢鏈濅唬|涓庡墠铚€銆佹潹鍚淬€佸崡鍞愩€佸惔瓒娿€侀椊鍥姐€侀┈妤氥€佸崡姹夈€佸崡骞冲苟绔媩|\r\n' +
        '|1| 7| 9| 9|20|杩戝彜|甯濈殗缁焲钘╁儦绾獆鍚庡攼鏈濅唬| ||\r\n' +
        '|1| 7| 9|10| 3|杩戝彜|甯濈殗缁焲钘╁儦绾獆鍚庢檵鏈濅唬| ||\r\n' +
        '|1| 7| 9|10|14|杩戝彜|甯濈殗缁焲钘╁儦绾獆鍚庢眽鏈濅唬| ||\r\n' +
        '|1| 7| 9|10|18|杩戝彜|甯濈殗缁焲钘╁儦绾獆鍚庡懆鏈濅唬| ||\r\n' +
        '|1| 7| 9|10|27|鐜板彜|甯濈殗缁焲鏋㈤榿绾獆鍖楀畫鏈濅唬|涓庤窘銆佸ぇ鐞嗗苟绔媩|\r\n' +
        '|1| 7|10| 4|14|鐜板彜|甯濈殗缁焲鏋㈤榿绾獆鍗楀畫鏈濅唬|涓庨噾銆佸厓銆佽タ澶忓苟绔媩|\r\n' +
        '|1| 7|10| 9|16|鐜板彜|甯濈殗缁焲鏋㈤榿绾獆鍏冩嵁鏃舵湡| ||\r\n' +
        '|1| 7|10|12|15|鐜板彜|甯濈殗缁焲鏋㈤榿绾獆澶ф槑鏈濅唬| ||\r\n' +
        '|1| 7|11| 9|21|鐜板彜|甯濈殗缁焲鏋㈤榿绾獆娓呮嵁鏃舵湡| ||\r\n' +
        '|1| 7|12| 4| 7|浠婂彜|姘戠殗缁焲鏋㈤榿绾獆鍓у彉鏃朵唬|鍒楀浗骞剁珛锛氳嫳鍥姐€佹硶鍥姐€佸痉鍥姐€佹剰澶у埄銆佹棩鏈浗銆佺編鍥姐€佽嫃鑱斻€佷腑鍥解€︹€︺€?br>鑱旂洘骞剁珛锛氬浗闄呰仈鐩熴€佸浗闄呭姵宸ョ粍缁囥€佸叕鍏卞浗闄呰仈鐩焲|\r\n' +
        '|1| 7|12| 7|26|浠婂彜|姘戠殗缁焲鏋㈤榿绾獆绔炲悎鏃朵唬|鍒楀浗骞剁珛锛氳嫃鑱斻€佺編鍥姐€佷腑鍥姐€佹鐩熴€佷縿缃楁柉銆佹棩鏈€佸嵃搴︹€︹€︺€?br>涓栫晫缁勭粐锛氳仈鍚堝浗銆佷笘鐣岃锤鏄撶粍缁囥€佸浗闄呰揣甯佸熀閲戠粍缁囥€佷笘鐣岄摱琛屻€佹娲茶仈鐩熴€佸寳澶цタ娲嬪叕绾︾粍缁囥€佸崕娌欐潯绾︾粍缁囥€佷笢鍗椾簹鍥藉鑱旂洘銆佷笂娴峰悎浣滅粍缁囥€侀潪娲茶仈鐩焲|\r\n' +
        '|1|  |  |  |  |鏉ュ彜|姘戠殗缁焲澶у悓绾獆鍏卞懡鏈濅唬|浜虹被鍛借繍鍏卞悓浣搢|\r\n' +
        '---\r\n' +
        '\r\n' +
        '## 鍘嗕唬姝孿r\n' +
        '\r\n' +
        '### 銆愬畫銆戠粛鍏存矆鏂愬┖宸炲窞瀛﹀埢鏈€婂彜涓夊潫涔︺€嬭浇銆婂お鍙ゆ渤鍥句唬濮撶邯銆嬩簯锛歕r\n' +
        '娓呮皵鏈崌锛屾祳姘旀湭娌夛紝娓哥鏈伒锛屼簲鑹叉湭鍒嗭紝涓湁鍏剁墿锛屽啣鍐ヨ€屾€у瓨锛岃皳涔嬫贩娌屻€?br>\r\n' +
        '娣锋矊涓哄お濮嬨€傚お濮嬭€咃紝鍏冭儙涔嬭悓涔熴€傚お濮嬩箣鏁颁竴锛屼竴涓哄お鏋併€傚お鏋佽€咃紝澶╁湴涔嬬埗姣嶄篃銆?br>\r\n' +
        '涓€鏋佹槗锛屽ぉ楂樻槑鑰屾竻锛屽湴鍗氬帤鑰屾祳锛岃皳涔嬪お鏄撱€傚お鏄撹€咃紝澶╁湴涔嬪彉涔熴€?br>\r\n' +
        '澶槗涔嬫暟浜岋紝浜屼负涓や华銆備袱浠€咃紝闃撮槼涔嬪舰涔燂紝璋撲箣澶垵銆傚お鍒濊€咃紝澶╁湴涔嬩氦涔熴€?br>\r\n' +
        '澶垵涔嬫暟鍥涳紝鍥涚泩鏄擄紝鍥涜薄鍙樿€屾垚涓囩墿锛岃皳涔嬪お绱犮€傚お绱犺€咃紝涓夋墠涔嬪涔熴€?br>\r\n' +
        '澶礌涔嬫暟涓夛紝涓夌泩鏄擄紝澶╁湴瀛曡€岀敓鐢峰コ锛岃皳涔嬩笁鎵嶃€備笁鎵嶈€咃紝澶╁湴涔嬪涔熴€?br>\r\n' +
        '娓哥鍔ㄨ€岀伒锛屾晠椋炪€佽蛋銆佹綔銆佸寲銆佸姩銆佹銆佽櫕銆侀奔涔嬬被锛屽繀澶囦簬澶╁湴涔嬮棿锛岃皳涔嬪お鍙ゃ€傚お鍙よ€咃紝鐢熸皯涔嬪涔熴€?br>\r\n' +
        '澶彜涔嬩汉锛岀殕瀵跨泩鏄擄紝濮嬩笁鐢蜂笁濂筹紝鍐仛澶忔暎锛岄楦熴€佸吔銆佽櫕銆侀奔銆佽崏銆佹湪涔嬪疄锛岃€岀敺濂虫瀯绮撅紝浠ュコ鐢熶负濮撱€傚涓夊ご锛岃皳涔嬪悎闆勭邯銆?br>\r\n' +
        '鐢熷瓙涓変笘銆傚悎闆勬皬娌★紝瀛愬瓩鐩镐紶锛岃鍏跺鍛斤紝璋撲箣鍙欏懡绾€傞€氱邯鍥涘锛岀敓瀛愪簩涓栥€傜敺濂充紬澶氾紝缇ゅ眳杩為€嬶紝浠庡己鑰岃锛屾槸璋撹繛閫嬬邯銆?br>\r\n' +
        '鐢熷瓙涓€涓栵紝閫氱邯浜斿锛屾槸璋撲簲濮撶邯銆傚ぉ涓嬬兢灞咃紝浠ョ被鐩镐翰锛岀敺濂充紬澶氾紝鍒嗕负涔濆ご锛屽悇鏈夊眳鏂癸紝鏁呭彿灞呮柟姘忋€?br>\r\n' +
        '灞呮柟姘忔病锛岀敓瀛愪笁鍗佷簩涓栵紝寮哄急鐩歌揩锛屾鐢熷悶瀹炽€備腑鏈夌浜猴紝鎻愭尯鑰屾不锛屾晠鍙锋彁鎸烘皬銆傛彁鎸烘皬鐢熷瓙涓夊崄浜旂邯锛岄€氱邯涓冨崄浜屽锛屾晠鍙烽€氬姘忋€?br>\r\n' +
        '鏈夊发姘忕敓锛屽お鍙や箣鍏堣锛岃瘑浜庡ぉ鍦拌崏銆佹湪銆佽櫕銆侀奔銆侀笩銆佸吔锛屼烤浜哄眳宸㈢┐锛岀Н楦熷吔涔嬭倝锛岃仛鑽夋湪涔嬪疄锛屽ぉ涓嬩節澶村捀褰掋€傛湁宸㈠鍚涗篃锛屽姩姝紝缇ょ兢鐩歌仛鑰屽皧浜嬩箣銆傚涓€澶槗锛屾湰閫氬姘忎箣鍚庝篃銆?br>\r\n' +
        '鐕т汉姘忥紝鏈夊发瀛愪篃锛岀敓鑰岀鐏碉紝鏁欎汉鐐锛岄捇鏈ㄥ彇鐏紝澶╀笅鐢熺伒灏婁簨涔嬨€傚鏈夋棩涓箣甯傦紝浜ゆ槗鍏剁墿锛屾湁浼犳暀涔嬪彴锛屾湁缁撶怀涔嬫斂锛屽涓€澶槗锛屾湰閫氬姘忎箣鍚庝篃銆?br>\r\n' +
        '浼忕静姘忥紝鐕т汉瀛愪篃锛屽洜椋庤€岀敓锛屾晠椋庡銆傛湯鐢插叓澶竷鎴愶紝涓夊崄浜屾槗鑽夋湪锛岃崏鐢熸湀锛岄洦闄嶆棩锛屾渤娉涙椂锛岄緳椹礋鍥撅紝鐩栧垎浜旇壊锛屾枃寮€浜旀槗锛岀敳璞″磭灞便€傚ぉ鐨囧鐢诲叓鍗︼紝鐨嗚繛灞憋紝鍚嶃€婃槗銆嬨€傚悰鑷ｆ皯鐗╅槾闃冲叺璞★紝濮嬫槑浜庝笘銆傚浘鍑哄悗浜屾垚涓夊崄浜屾槗鑽夋湪锛屾湪鏋湀锛屽懡鑷ｉ榫欐皬閫犲叚涔︺€傚悗鑽夋湪涓€鏄擄紝鏈ㄧ帇鏈堬紝鍛借嚕娼滈緳姘忎綔鐢插巻銆備紡鍒剁壓鐗涳紝鍐堕噾鎴愬櫒锛屾暀姘戠偖椋熴€傛槗涔濆ご涓轰節鐗э紝鍥犲皧浜嬩负绀间华锛屽洜榫欏嚭鑰岀邯瀹橈紝鍥犻鏉ヨ€屼綔涔愩€傚懡闄嶉緳姘忎綍鐜囦竾姘戯紝鍛芥按榫欐皬骞虫不姘村湡锛屽懡鐏緳姘忕偖娌诲櫒鐢紝鍥犲眳鏂硅€岀疆鍩庨儹銆傚ぉ涓嬩箣姘戝彿鏇板ぉ鐨囥€佸お鏄娿€佷紡鐗恒€佹湁搴栥€佸崌榫欐皬锛屾湰閫氬姘忎箣鍚庝篃銆?br>\r\n' +
        '\r\n' +
        '\r\n' +
        '### 銆愬崡瀹嬨€戠帇搴旈簾 缂栥€婁笁瀛楃粡銆嬩簯锛歕r\n' +
        '鑷静鍐滐紝鑷抽粍甯濓紝鍙蜂笁鐨囷紝灞呬笂涓栥€傚攼鏈夎櫈锛屽彿浜屽笣锛岀浉鎻栭€婏紝绉扮洓涓栥€?br>\r\n' +
        '澶忔湁绂癸紝鍟嗘湁姹わ紝鍛ㄦ枃姝︼紝绉颁笁鐜嬨€傚浼犲瓙锛屽澶╀笅锛屽洓鐧捐浇锛岃縼澶忕ぞ銆?br>\r\n' +
        '姹や紣澶忥紝鍥藉彿鍟嗭紝鍏櫨杞斤紝鑷崇海浜°€傚懆姝︾帇锛屽璇涚海锛屽叓鐧捐浇锛屾渶闀夸箙銆?br>\r\n' +
        '鍛ㄨ緳涓滐紝鐜嬬翰鍧狅紝閫炲共鎴堬紝灏氭父璇淬€傚鏄ョ锛岀粓鎴樺浗锛屼簲闇稿己锛屼竷闆勫嚭銆?br>\r\n' +
        '瀣寸Е姘忥紝濮嬪吋骞讹紝浼犱簩涓栵紝妤氭眽浜夈€傞珮绁栧叴锛屾眽涓氬缓锛岃嚦瀛濆钩锛岀帇鑾界銆?br>\r\n' +
        '鍏夋鍏达紝涓轰笢姹夛紝鍥涚櫨骞达紝缁堜簬鐚€傞瓘铚€鍚达紝浜夋眽榧庯紝鍙蜂笁鍥斤紝杩勪袱鏅嬨€?br>\r\n' +
        '瀹嬮綈缁э紝姊侀檲鎵匡紝涓哄崡鏈濓紝閮介噾闄点€傚寳鍏冮瓘锛屽垎涓滆タ锛屽畤鏂囧懆锛屼笌楂橀綈銆?br>\r\n' +
        '杩ㄨ嚦闅嬶紝涓€鍦熷畤锛屼笉鍐嶄紶锛屽け缁熺华銆傚攼楂樼锛岃捣涔夊笀锛岄櫎闅嬩贡锛屽垱鍥藉熀銆?br>\r\n' +
        '浜屽崄浼狅紝涓夌櫨杞斤紝姊佺伃涔嬶紝鍥戒箖鏀广€傞縿鍞愭檵锛屽強姹夊懆锛岀О浜斾唬锛岀殕鏈夌敱銆?br>\r\n' +
        '鐐庡畫鍏达紝鍙楀懆绂咃紝鍗佸叓浼狅紝鍗楀寳娣枫€傚崄涓冨彶锛屽叏鍦ㄥ吂锛岃浇娌讳贡锛岀煡鍏磋“銆?br>\r\n' +
        '> 銆愭皯銆戝垹鈥濆崄涓冨彶锛屽叏鍦ㄥ吂锛岃浇娌讳贡锛岀煡鍏磋“銆傗€滐紝琛ワ細\r\n' +
        '\r\n' +
        '杈戒笌閲戯紝鐨嗙О甯濄€傚厓鐏噾锛岀粷瀹嬩笘銆傝垎鍥惧箍锛岃秴鍓嶄唬銆備節鍗佸勾锛屽浗绁氬簾銆?br>\r\n' +
        '澶鍏达紝鍥藉ぇ鏄庛€傚彿娲锛岄兘閲戦櫟銆傝卡鎴愮锛岃縼鐕曚含銆傚崄鍏笘锛岃嚦宕囩ク銆?br>\r\n' +
        '鏉冮槈鑲嗭紝瀵囧鏋椼€傛潕闂嚭锛岀鍣ㄧ剼銆傛竻涓栫锛岃喓鏅懡銆傞潠鍥涙柟锛屽厠澶у畾銆?br>\r\n' +
        '鐢卞悍闆嶏紝鍘嗕咕鍢夈€傛皯瀹夊瘜锛屾不缁╁じ銆傞亾鍜搁棿锛屽彉涔辫捣銆傚鑻辨硶锛屾壈閮介剻銆?br>\r\n' +
        '鍚屽厜鍚庯紝瀹ｇ粺寮便€備紶涔濆笣锛屾弧娓呮畞銆傞潻鍛藉叴锛屽簾甯濆埗銆傜珛瀹硶锛屽缓姘戝浗銆?br>\r\n' +
        '鍙や粖鍙诧紝鍏ㄥ湪鍏广€傝浇娌讳贡锛岀煡鍏磋“銆?br>\r\n' +
        '\r\n' +
        '### 銆愬厓銆戝簮闄靛墠杩涘＋鏇惧厛涔?缂栥€婂彜浠婂巻浠ｅ崄鍏彶鐣ャ€嬪綍銆婂巻浠ｅ浗鍙锋瓕銆嬩簯锛歕r\n' +
        '澶槉鐐庡笣榛勫笣姘忥紝鍚嶆洶涓夌殗灞呬笂涓栥€傞噾澶╅珮闃冲強楂樿緵锛屽攼铏炵粛涔嬩负浜斿笣銆?br>\r\n' +
        '澶忓晢鍛ㄧЕ鍓嶅悗姹夛紝涓夊浗榧庡硻濯胯渶鍚淬€傝渶浜′簬濯垮绂呮檵锛屾檵鍙堝钩鍚村ぉ涓嬫贩銆?br>\r\n' +
        '鎵拌タ鏅嬭€呬负浜旇儭锛屽ぉ涓嬬摐鍒嗗崡鍖楅殔銆傚崡鍒欎笢鏅嬭繃姹熷乏锛屽畫榻愭闄堣傅鍏堕兘銆?br>\r\n' +
        '鍖楀垯浜旇儭鑰屽悗濯匡紝涓滃瑗垮鍒嗕负浜屻€備笢浼犲寳榻愯タ鍚庡懆锛屽懆鍙堢伃榻愮闅嬪笣銆?br>\r\n' +
        '闅嬭兘骞抽檲鍗楀寳涓€锛屾浘鍑犱綍鏃剁鍞愬銆傚攼瀹や互鍚庝负浜斿锛岄縿鍞愭檵姹夊懆鐩哥户銆?br>\r\n' +
        '缁у懆鑰呭畫澶╀笅骞筹紝杩畫鍗楄縼鏄ぇ閲戙€傚厛鍙栧ぇ閲戝悗鍙栧畫锛屽ぉ鍖楀ぉ鍗椾粖涓€缁熴€?br>\r\n' +
        '\r\n' +
        '### 銆愬厓銆戝簮闄靛墠杩涘＋鏇惧厛涔?缂栥€婂彜浠婂巻浠ｅ崄鍏彶鐣ャ€嬪綍銆婂巻浠ｄ笘骞存瓕銆嬩簯锛歕r\n' +
        '鍑垮紑娣锋矊鍒嗗ぉ鍦帮紝澶╁湴鍒嗕粠鎽勬彁宀侊紝鏄敓涓囩墿浜烘渶鐏点€傛柉浜轰箣鍒濈洏鍙ゆ皬銆?br>\r\n' +
        '澶╃殗鍏勫紵鍗佷簩澶达紝鍚勫瞾涓€涓囧叓鍗冨懆锛屽湴鐨囧崄涓€澶村厔寮燂紝浜﹀悇涓€涓囧叓鍗冪Ι銆?br>\r\n' +
        '浜虹殗姘忓叜鍑′節澶达紝涔濆厔寮熻€呭垎涔濆窞锛岀浉鎵夸竴鐧句簲鍗佷笘锛屽洓涓囦簲鍗冨叚鐧剧銆?br>\r\n' +
        '涓夌殗浠ュ悗鏈夊发鍑猴紝鏋勬湪涓哄发椋熸湪瀹烇紝鏈夊发浠ュ悗鐕т汉鏉ワ紝閽荤嚙鏀圭伀鏁欐皯椋熴€?br>\r\n' +
        '浠ｄ互澶槉搴栫姞姘忥紝棣栨樇鍏崷閫犱功濂戯紝濂冲ú鍏卞伐鍙婂ぇ搴紝鏌忕殗涓ぎ馉獤闄嗙户銆?br>\r\n' +
        '楠婅繛璧儱杩ㄥ皧鍗紝娣锋矊鏄婅嫳鏈辫娆★紝钁涘ぉ闃村悍鏆ㄦ棤鎬€锛岄濮撶浉鎵垮崄浜斾笘銆?br>\r\n' +
        '鍚庢湁绁炲啘鍙风値甯濓紝濮嬪皾鐧捐嵂鏁欒€掕€滐紝甯濇壙甯濅复浼犲笣鍒欙紝甯濈櫨甯濇潵浜﹀叾瑁斻€?br>\r\n' +
        '甯濊甯濇濮滃缁堬紝鍏笘浜旂櫨浜屽崄宀侊紝榛勫笣鍏瓩鍚嶈僵杈曪紝琛ｈ３鑰屽喍娉曚咕鍧ゃ€?br>\r\n' +
        '閲戝ぉ灏戞槉鏄叾瀛愶紝楂橀槼棰涢〖鏄叾瀛欙紝鏇惧瓩甯濆柧鍙烽珮杈涳紝鐜勫瓩浼婄鍚嶆斁鍕嬨€?br>\r\n' +
        '鏀惧媼鏄负闄跺攼灏э紝绂呬簬鏈夎櫈鍏跺濮氾紝濮氬悕閲嶅崕鑸滃叾璋ワ紝鑸滃張绂呬簬澶忓悗姘忋€?br>\r\n' +
        '濮掓枃鍛戒负澶忕鐜嬶紝浼犲瓙鏇板惎閫お搴凤紝浠插悍鐜嬬浉灏戝悍绔嬶紝鐜嬪畞鐜嬫鑷崇帇鑺掋€?br>\r\n' +
        '鐜嬫硠涔嬪悗鐜嬩笉闄嶏紝鐜嬫墐鐜嬪粦瀛旂敳鐢燂紝鐜嬬殝鐜嬪彂鐜嬪饱鐧革紝澶嶇櫢鍙锋鏃￠亾浜°€?br>\r\n' +
        '鍥涚櫨涓夊崄鏈変簩宀侊紝澶忓崄涓冧笘榧庤縼鍟嗭紝娈峰晢鎴愭堡鐜嬪瓙灞ワ紝澶栦笝浠插，鍏朵簩瀛愩€?br>\r\n' +
        '澶敳娌冧竵鑷冲お搴氾紝灏忕敵闆嶅烦澶垔鍏达紝浠蹭竵澶栶兼渤浜剁敳锛岀涔欑杈涙矁鐢叉壙銆?br>\r\n' +
        '绁栦竵鍗楀簹鍙婇槼鐢诧紝鐩樺簹灏忚緵灏忎箼鐢燂紝姝︿竵绁栧簹鍙婄鐢诧紝寤緵搴氫竵姝︿箼绉般€?br>\r\n' +
        '澶т竵甯濅箼鐙か鍙楋紝鍙楀彿鏇扮海鍏跺悕杈涳紝鍏櫨鍥涘崄鏈変簲杞斤紝鍟嗕笁鍗佷笘鍛ㄥ叾浠ｃ€?br>\r\n' +
        '鍛ㄦ枃鐜嬭€呬负濮槍锛屽瓙姝︾帇鍙戜紶鎴愬悍锛屾槶绌嗗叡鎳垮瓭澶峰帀锛屽骞戒腑妗撶户浠ュ簞銆?br>\r\n' +
        '鍠滄儬瑗勯》鍖″畾绠€锛岀伒鏅偧鏁嚦鍏冪帇锛岃礊瀹氬搥鎬濊€冨▉鐑堬紝瀹夌帇澶风儓娴稿井鐏€?br>\r\n' +
        '鏄惧湥椤洪潛璧х帇寤讹紝涓夊崄涓冧紶鍛ㄧ粺缁濓紝鍏櫨鍏崄鏈変竷骞达紝涓湁鏄ョ涓庢垬鍥姐€?br>\r\n' +
        '濮嬬殗甯濇斂鍚曡€屽锛屽苟鍚炲叚鍥藉ぉ涓嬬Е锛屽笣绉︿粎鑳藉崄浜旇浇锛屼簩涓栬儭浜ョ帇瀛愬┐銆?br>\r\n' +
        '濮撳垬鍚嶉偊姹夐珮绁栵紝鐏Е鏈嚑鐏」缇斤紝浼犳儬鍚曞悗鏂囨櫙姝︼紝鐓у鍏冩垚绾傚叾缁€?br>\r\n' +
        '鍝€骞宠嚦浜庡瀛愬┐锛岀帇鑾界浣嶅浗鍙锋柊锛屽崄浜斿勾璇涙洿濮嬬珛锛屽厜姝﹀垬绉€鎴愪腑鍏淬€?br>\r\n' +
        '鏄庣珷鍜屾畤瀹変笌椤猴紝鍐茶川涔嬩笅涓烘鐏碉紝鑷崇尞甯濆崝涓嶅鎸紝浜屽崄鍥涗紶姹夌鍊俱€?br>\r\n' +
        '姹夊勾鍥涚櫨浜屽崄鍏紝澶╀笅涓夊垎榄忓惔铚€锛岃渶鍏堜富澶囪哎鏄儓锛屼互鏅繙瀛欐壙姹変笟銆?br>\r\n' +
        '鑷冲悗涓荤瀹変箰鍏紝鍥涘崄涓夊勾涓哄鐏紝濯挎鐜嬫搷濮撴浌姘忥紝瀛愪笉绡℃眽濯夸负甯濄€?br>\r\n' +
        '涓曚负鏂囧笣瀛愪负鏄庯紝閭甸櫟楂樿吹鍏殕搴燂紝闄堢暀鐜夌挏绗簲浼狅紝绁氭鍥涘崄鏈夊叚宀併€?br>\r\n' +
        '鏈瞾鍚嶄负濯跨伃铚€锛屽浜︾浜庡徃椹皬锛屽惔璧峰瓩绛栭暱娌欑帇锛屽紵鏉冨笣鍚翠负澶х殗銆?br>\r\n' +
        '瀛愪細绋界帇鍙婃櫙甯濓紝涔岀▼渚殦鍥界牬闄嶏紝鍥涘笣鍘嗗勾浜斿崄浜岋紝姣斾簬铚€榄忎负鍚庝骸銆?br>\r\n' +
        '铚€浜′簬榄忛瓘绂呮檵锛屾檵鍙堝钩鍚翠笁鍥藉敖锛屽徃椹皬璧锋嚳甯堟槶锛岃嚦姝﹀笣鐐庤タ鏅嬫湞銆?br>\r\n' +
        '鎯犲笣浠ヨ€掍簲鑳¤捣锛屽垬鐭虫厱瀹规郸涓庡锛岀偨鎬€涓氭剭鍚庡垬姘忥紝瑗挎檵閬備骸鍥涙捣娌搞€?br>\r\n' +
        '涓€缁熶簲鍗佹湁浜屽勾锛屽崡鍖楃摐鍒嗕粠姝ゅ锛屽崡鍒欎笢鏅嬪厓甯濈澘锛屽寳鑰屽徃椹壙鏅嬬銆?br>\r\n' +
        '鏄庢垚搴风﹩鍝€涓庡簾锛岀畝鏂囧瓭姝﹀強瀹夊笣锛岃嚦鎭緱鏂囩櫨浜斿勾锛屼笢鏅嬪張浜″垬瀹嬬户銆?br>\r\n' +
        '鍒樺畫楂樼瓠攦濂磋锛岃惀闃虫枃甯濅紶瀛濇锛屽墠搴熷笣浜℃枃甯濈珛锛屽悗搴熷笣浜℃槑甯濊銆?br>\r\n' +
        '鍏崄骞撮棿鍑″叓涓栵紝榻愯惂閬撴垚浠ｈ€屽笣锛岄亾鎴愰珮绁栦紶涔嬫锛屾瑤鏋楁捣闄垫槑甯濆彇銆?br>\r\n' +
        '涓滄槒渚悗鍜屽疂铻嶏紝浜屽崄鍥涘勾鏇翠竷涓伙紝钀ц楂樼姊佹甯濓紝绠€鏂囧強鍏冩暚鍔涙櫤銆?br>\r\n' +
        '鍥涗紶浜斿崄鏈変竷骞达紝涓烘浠ｈ€呴檲闇稿厛锛岄湼鍏堥珮绁栭檲姝﹀笣锛屾枃甯濅复娴风户浠ュ銆?br>\r\n' +
        '鍚庝富鍙斿疂闀垮煄鍏紝涓夊崄涓夎浇鍥戒簲浼狅紝姹熶笢鍒嗙帇姝簬姝わ紝浜嬪湪鏅嬩功涓庡崡鍙层€?br>\r\n' +
        '鍖楀垯浜旇儭鐩稿悶骞讹紝浜旇儭杩“鎷撹穻鐩涳紝鎷撹穻绉板笣鏅嬪畨鏃讹紝涓哄閬撴鍏跺悕鍦€?br>\r\n' +
        '鏄庡厓澶ф涓轰箣鍚庯紝鏂囨垚鐚枃缁嶅叾鍩猴紝閫簬瀛濇枃鏀瑰厓姘忥紝瀹ｆ瀛濇槑濯垮琛般€?br>\r\n' +
        '瀛濆簞鑺傞椀鑷冲瓭姝︼紝杩簬楂樺徆閫冨幓涔嬶紝濯垮勾涓€鐧惧洓鍗佷節锛屾搴熷垎涓轰笢涓庤タ銆?br>\r\n' +
        '涓滃瀛濋潤鍏冨杽瑙侊紝涓€鍗佷竷骞寸鍖楅綈锛屽寳榻愰珮娲嬫涔嬪瓙锛屽笣鍙锋枃瀹ｅ叾鍡ｅ簾銆?br>\r\n' +
        '瀛濇槶姝︽垚鍚庝富绾紝浜屽崄鍏勾榻愬洓涓栵紝瑗垮杩佺敱瀛濇淇紝渚濆畤鏂囨嘲缈讳负闆犮€?br>\r\n' +
        '鏂囧笣搴熷笣鎭笣寤擄紝浜屽崄鍏勾绂呭悗鍛紝鍚庡懆涔嬩笟鐢辨嘲浣滐紝鍏跺瓙闂靛笣瀹囨枃瑙夈€?br>\r\n' +
        '鍘嗘槑鑷虫鑳界伃榻愶紝瀹ｈ嚦闈欓槓鍛ㄤ害琛帮紝浜斾紶浜屽崄鏈変簲宀侊紝绂呬簬鏉ㄥ潥鍥藉彿闅嬨€?br>\r\n' +
        '鏉ㄥ潥楂樼闅嬫枃甯濓紝绡″懆涔濆勾鐏檲姘忥紝娣蜂笁鍗佹湁鍏勾搴燂紝鐒箍鎭緫鍐嶄笁涓栥€?br>\r\n' +
        '浠ｉ殝鑰屽笣鍞愰珮绁栵紝鍏跺悕涓烘笂鍏跺鏉庯紝鏈夊瓙涓栨皯鍗冲ぇ瀹楋紝鍙栧ぉ涓嬭€呯殕鍏惰銆?br>\r\n' +
        '楂樺畻姝﹀悗涓澘鐜勶紝鑲冧唬寰烽『瀹﹩缁э紝鏁枃姝﹀鎳垮儢鏄紝鏅畻绁濈粓浜屽崄涓栥€?br>\r\n' +
        '澶у攼涓夌櫨涔濆崄骞达紝鍚庨縿鏈辨俯绡″叾浣嶏紝璧愬悕鍏ㄥ繝甯濆悕鏅冿紝涓洪縿澶浼犲啀涓栥€?br>\r\n' +
        '鍧囩帇鍙嬭礊鏀瑰悕鐟憋紝榭勪骸涓€鍗佸叚骞磋€筹紝鍚庡攼鏈嚜娌欓檧璧凤紝鏈辫€跺綊鍞愯祼濮撴潕銆?br>\r\n' +
        '鍏堢帇鍏嬬敤鐙溂榫欙紝浜氬瓙瀛樺嫋鍞愬簞瀹楋紝搴勫畻鐏縿鍗抽亣涔憋紝鍡ｆ簮缁т箣鏀瑰悕浜躲€?br>\r\n' +
        '浜舵湰鑳′汉閭堜蕉鐑堬紝鍙锋洶鏄庡畻缁у攼缁濓紝鏄庡畻涔嬪瓙闂靛笣搴燂紝娼炵帇浠庣弬鏈帇姘忋€?br>\r\n' +
        '涓夊鍥涗笘鍑犱綍鏃讹紝涓嶈繃鍘嗗勾涓€鍗佸洓锛屽悗鏅嬮珮绁栫煶鏁锛屽叾浜烘湰浜︽矙闄€绫汇€?br>\r\n' +
        '鍊熷叺濂戜腹闄ゆ綖鐜嬶紝鍑哄笣浠ｄ箣鍚嶉噸璐碉紝鍙斾緞涓や笘鍗佷簩骞达紝鑰跺緥寰峰厜韫傚叾鍦般€?br>\r\n' +
        '鍒橀珮绁栨殸涓哄悗姹夛紝鏆犲嵆娌欓檧鍒樼煡杩滐紝鍐嶅嚭闅愬笣鍚嶆壙绁愶紝鍥涘勾鍗充负鍚庡懆绡°€?br>\r\n' +
        '閮▉澶鍒涘懆瀹わ紝绔嬪瓙鍚嶈崳鏌村悗濮紝鑽ｇ湡鑻变富鍙蜂笘瀹楋紝鍡ｄ富瀹楄璋ユ洶鎭€?br>\r\n' +
        '涓変笘鍗佸勾瀹炰簩濮擄紝缁у懆鑰呰皝璧靛尅鑳わ紝鍖¤儰寮€鍩哄畫澶锛屽墛骞冲儹浼竴鍖哄畤銆?br>\r\n' +
        '澶畻鐪熶粊鑻辩鍝诧紝寰戒蕉閽︽閲戞墍铏忥紝澶╀笅鑷鍙堝崡鍖楋紝鍖椾负濂崇湡澶ч噾鍥姐€?br>\r\n' +
        '閲戞鍏冨笣瀹岄鏃伙紝寮熸櫉鎵夸箣璋ユ枃鐑堬紝闂靛畻璧愮帇鍙婁笘瀹楋紝绔犲畻濯跨帇鑷冲瀹椼€?br>\r\n' +
        '涔夊畻瀹堢华寮熶節涓伙紝涓€鐧句竴鍗佷竷宀佺粓锛屽崡涓哄悗瀹嬭縼姹熻〃锛屽窘瀛愰挦寮熼珮瀹楁瀯銆?br>\r\n' +
        '瀛濆厜瀹佸畻鑷崇悊瀹楋紝姝ゆ椂鍑芥潵瀹堢华棣栵紝搴﹀畻浠ュ悗澶╁懡鏀癸紝鐎涘浗鍏瑤骞村痉绁愩€?br>\r\n' +
        '瀹嬪涓夌櫨鍗佷竷骞达紝涔濅笘灞呭墠涓冧笘鍚庯紝绂忓窞闊虫骞跨珛鏄猴紝绔嬪浗娉啺鐨嗕笉涔呫€?br>\r\n' +
        '涓婂ぉ鐪峰懡灞炲綋浠婏紝涓€涓栧啀涓栧厛鍙栭噾锛屾毃浜庡叚涓栧彇鍗楀畫锛屽洓娴峰叓鑽掑綊澶х粺銆?br>\r\n' +
        '鍦ｄ互缁у湥寰℃櫘澶╋紝涔呭畨闀挎不涓囦嚎骞淬€?br>\r\n' +
        '\r\n' +
        '### 銆愬厓銆戦檲鏍?璀斻€婂巻浠ｈ挋姹傘€嬩簯锛歕r\n' +
        '澶瀬鏃㈠垽锛岄珮涓嬪畾浣嶏紝杞绘竻涓哄ぉ锛岄噸娴婁负鍦帮紝涓鑰呬汉锛屽繀绔嬩箣鍚涖€?br>\r\n' +
        '涓夌殗浜斿笣锛屼笘璐ㄦ皯娣筹紝浼忕静鐢诲崷锛屾洿閫犱功濂戯紝鐐庡笣绁炲啘锛屾暀姘戞潵鑰溿€?br>\r\n' +
        '榛勫笣杞╄緯锛岀鍖栧疁姘戯紝濮嬪瀭琛ｈ３锛岀殗椋庢剤鎯囷紝鐨囬檷鑰屽笣锛屽皯鏄婃湁浣溿€?br>\r\n' +
        '棰涢〖缁т箣锛屾巿浜庡笣鍠撅紝鍞愬笣鏇板哀锛岃垗瀛愪腹鏈憋紝璇ｄ簨鑰冭█锛岃浜庢湁铏炪€?br>\r\n' +
        '鑸滃痉閲嶅崕锛屼箰鏇伴煻鑸烇紝浜﹁垗鍟嗗潎锛岃浜庡ぇ绂癸紝鎯熸浜斿笣锛屽疄瀹樺ぉ涓嬨€?br>\r\n' +
        '瀹跺ぉ涓嬭€咃紝濮嬩簬鏈夊锛屽惎璐よ兘缁э紝绂瑰洜浼犲惎锛屼笁鐜嬩紶瀛愶紝瀹炲浜庢銆?br>\r\n' +
        '妗€铏愯€屼骸锛屽叡鍗佷竷鍚涳紝绁氬洓鐧惧勾锛屽晢姹や唬鍏达紝澶敳澶垔锛岀洏搴氭涓併€?br>\r\n' +
        '鍑″叚涓冨悰锛岃搐鍦ｆ尯鐢燂紝绾ｄ负鏃犻亾锛岀姜娴簬妗€锛岀鍏櫨骞达紝涓哄懆鎵€鐏€?br>\r\n' +
        '鍛ㄨ嚜鍚庣ǚ锛岀Н寰风疮浠侊紝鏂囩帇瀹滅帇锛岀姽鏈嶄簨娈凤紝姝︾帇浼愮海锛屽ぉ涓嬪綊鍛ㄣ€?br>\r\n' +
        '鍗滀笘鍗滃勾锛屽彜浠婃棤绁凤紝鎴愬悍淇辫搐锛屾嘲鍜屾瀬娌伙紝骞崇帇涓滆縼锛屾槬绉嬫敻娌汇€?br>\r\n' +
        '浜旈湼鐩哥户锛屽皧鍛ㄤ负鍚嶏紝闄嶄负鎴樺浗锛屼竷楦藉垎浜夛紝璧х帇鍏ョЕ锛屽懆鍘嗛亗璁€?br>\r\n' +
        '浜勾鏈€姘革紝鍏櫨涓冨崄锛岀Е骞跺叚鍥斤紝鐙煎悶铏庡櫖锛岃皳鏃犱笁浜旓紝濮嬬О鐨囧笣銆?br>\r\n' +
        '灏芥壂鑹硶锛岀剼涔﹀潙鍎掞紝浜屼笘鑰屼骸锛屽捀闃充负澧燂紝姹夐珮鍕冨叴锛屽浠佸ぇ搴︺€?br>\r\n' +
        '璇涚Е韫欓」锛屽厜鍚値鏌烇紝褰撴椂鑲¤偙锛岃惂浣曟浌鍙傦紝钀т笌寮犻煩锛屼汉鏉颁负涓夈€?br>\r\n' +
        '鏂囨櫙鎭凯锛屼紤鍏荤敓鎭紝姝﹀笣绌烽哗'... 8317 more characters,
      filePath: 'src/content/婕旇繘杞ㄨ抗/鏃跺簭绾?md',
      digest: 'a0db813941f2ce58',
      rendered: [Object],
      collection: '婕旇繘杞ㄨ抗',
      slug: '鏃跺簭绾?,
      render: [Function: render]
    }
  },
  '浜嬪唽涔嬭浇': {
    type: 'directory',
    children: {
      '01-鍏冨绾?: [Object],
      '06-鍚堥洅绾?: [Object],
      '02-浜岄潏绾?: [Object],
      '11-绂€氱邯': [Object],
      '浜嬪唽绾?: [Object],
      '03-涔濋牠绾?: [Object],
      '12-鐤忎弧绾?: [Object],
      '13-闂ㄩ榾绾?: [Object],
      '04-浜旈緧绾?: [Object],
      '05-鎽勬彁绾?: [Object],
      '07-閫ｉ€氱邯': [Object]
    }
  }
}
Directory tree: {
  '鏃跺簭绾?: {
    type: 'file',
    article: {
      id: '鏃跺簭绾?md',
      data: [Object],
      body: '# 鏃跺簭绾瞈r\n' +
        '## 闅跺彜寤虹粺瀹氱邯鍒嗕唬鑱屾柟杈戜簨琛╘r\n' +
        '|鍏?12浼?|浼?30杩?|杩?12涓?|涓?30骞?|骞磡鍙缁焲绾獆浠鏂箌浜媩\r\n' +
        '|-|--|--|--|--|---|-----|-----|-------|------|------|\r\n' +
        '|0| 1| 1| 1| 1|鏋佸彜|鍏冨垵缁焲鏃犲厓绾獆  澶崚浠娲崚姘?||\r\n' +
        '|0| 2|11| 1| 1|鏋佸彜|鍏冨垵缁焲鍏冨绾獆  澶浠娣锋矊姘?||\r\n' +
        '|0| 3|25| 1| 1|澶彜|鍏冨垵缁焲鍏冨绾獆  澶瀬浠娣锋矊姘?||\r\n' +
        '|0| 4|19| 1| 1|澶彜|鍏冨垵缁焲鍏冨绾獆  澶槗浠娣锋矊姘?||\r\n' +
        '|0| 5| 4| 1| 1|澶彜|鍏冨垵缁焲鍏冨绾獆  澶垵浠娣锋矊姘?||\r\n' +
        '|0| 6| 3| 1| 1|澶彜|鍏冨垵缁焲鍏冨绾獆  澶礌浠娣锋矊姘?||\r\n' +
        '|0| 7|26| 1| 1|澶彜|鍏冨垵缁焲鍏冨绾獆  涓夋墠浠娣锋矊姘?||\r\n' +
        '|0| 8|16| 1| 1|鍏冨彜|鍏冨垵缁焲鍏冨绾獆  涔濆浠鐩樺彜姘?||\r\n' +
        '|0| 8|19| 1| 1|鍏冨彜|鍏冨垵缁焲鍏冨绾獆  鍏冪殗浠鎻愭尯姘?||\r\n' +
        '|0| 9|20| 1| 1|杩滃彜|澶╃殗缁焲浜岄潏绾獆  澶╃殗浠鍗佷簩姘忓苟绔嬶細闃忛€㈡皬銆佹梼钂欐皬銆佹煍鍏嗘皬銆佸己鍦夋皬銆佽憲闆嶆皬銆佸睜缁存皬銆佷笂绔犳皬銆侀噸鍏夋皬銆佺巹榛撴皬銆佹槶闄芥皬銆侀槈鑼傛皬銆佸窞鐚皬 ||\r\n' +
        '|0|11|10| 1| 1|杩滃彜|鍦扮殗缁焲浜岄潏绾獆  鍦扮殗浠鍗佷竴姘忓苟绔嬶細鍦伴摽姘忋€佸湴鍒涙皬銆佸湴鍒舵皬銆佸湴璇告皬銆佸湴杈版皬銆佸湴娉曟皬銆佸湴姘告皬銆佸湴鍨傛皬銆佸湴鎲叉皬銆佸湴钀皬銆佸湴涓栨皬 ||\r\n' +
        '|1| 1| 1| 1| 1|杩滃彜|浜虹殗缁焲涔濋牠绾獆  娉扮殗浠娉扮殗姘?||\r\n' +
        '|1| 2| 6|11| 1|杩滃彜|浜虹殗缁焲涔濋牠绾獆  浜虹殗浠涔濇皬骞剁珛锛氬ぉ鑻辨皬銆佸ぉ浠绘皬銆佸ぉ鏌辨皬銆佸ぉ蹇冩皬銆佸ぉ绂芥皬銆佸ぉ杓旀皬銆佸ぉ娌栨皬銆佸ぉ鑺皬銆佸ぉ钃皬 ||\r\n' +
        '|1| 2| 8| 4| 1|杩滃彜|浜虹殗缁焲浜旈緧绾獆  浜旈緧浠浜旀皬骞剁珛锛氫集瑙掓皬銆佷徊寰垫皬銆佸彅鍟嗘皬銆佸缇芥皬銆佸皯瀹皬 ||\r\n' +
        '|1| 2| 9| 5| 1|杩滃彜|浜虹殗缁焲鎽勬彁绾獆  浜斾節浠鐨囬泟姘?br>浜斿崄涔濇皬骞剁珛锛氱妬鐩ф皬銆佸Ω鑽锋皬銆佹閮芥皬銆佸鎴愭皬銆佷綍鎷旀皬銆佽胺娓炬皬銆佸彅鍏堟皬銆佹妇鏁︽皬銆侀噾澶╂皬銆侀潚槌ユ皬銆佸鐖舵皬銆佸畾閫ｆ皬銆佸舰鏂规皬銆佹Ξ浼皬銆佹Ξ浼皬銆佸コ鐨囨皬銆佷繜鏂ゆ皬銆侀儕灏规皬銆佽但鑳ユ皬銆佺爞浣楁皬銆佺鍏舵皬銆侀樋缇呮皬銆佽睍闊嬫皬銆佹竻闄芥皬銆侀櫢缁堟皬銆侀儚鏁栨皬銆佷紛鑰嗘皬銆佹嫆閭辨皬銆佹碃娣皬銆佷徊琛屾皬銆佸ぎ鐨囨皬銆佸叕缍︽皬銆佹鎵堟皬銆佸叕鍎€姘忋€佸墳鍔傛皬銆佹嘲閬嬫皬銆佹槉鑻辨皬銆佷紛绁佹皬銆佸彶妗戞皬銆佺敱婧栨皬銆侀榄佹皬銆侀殏搴锋皬銆佹湵瑗勬皬銆佹鐙兼皬銆佺寳闊嬫皬銆佸悎鏂规皬銆佺浉鐨囨皬銆佸紜闂ㄦ皬銆佹槅閫ｆ皬銆佷節娓犳皬銆佸咕閬芥皬銆佸か宸辨皬銆佹柟闆锋皬銆侀灝闉绘皬銆佹犊鏂规皬銆佸法鍑屾皬銆佽睏闅楁皬銆佹澹规皬銆佸叕灏氭皬 ||\r\n' +
        '|1| 2|10| 1| 1|杩滃彜|宸㈢殗缁焲鍚堥洅绾獆娉板９鏈濅唬|鏈夊发姘?|鏈夊发姘忔瀯鏈ㄤ负宸€倈\r\n' +
        '|1| 2|12|10| 1|杩滃彜|宸㈢殗缁焲鍚堥洅绾獆闈堥櫧鏈濅唬|闈堥櫧姘?||\r\n' +
        '|1| 2|13| 6| 1|杩滃彜|宸㈢殗缁焲鍚堥洅绾獆娑垮厜鏈濅唬|娑垮厜姘?||\r\n' +
        '|1| 2|14| 9| 1|杩滃彜|宸㈢殗缁焲閫ｉ€氱邯|鐚楀笣鏈濅唬|鐚楀笣姘?||\r\n' +
        '|1| 2|15|12| 1|杩滃彜|宸㈢殗缁焲閫ｉ€氱邯|楝奸殫鏈濅唬|楝奸殫姘?||\r\n' +
        '|1| 2|16|10| 1|杩滃彜|宸㈢殗缁焲閫ｉ€氱邯|鍐夌浉鏈濅唬|鍐夌浉姘?||\r\n' +
        '|1| 2|17| 7| 1|杩滃彜|宸㈢殗缁焲閫ｉ€氱邯|鐨囩鏈濅唬|鐨囩姘?||\r\n' +
        '|1| 2|18| 4|13|杩滃彜|鐕х殗缁焲閫ｉ€氱邯|鐕т汉鏈濅唬|鐕т汉姘?|鐕т汉姘忛捇鏈ㄥ彇鐏€倈\r\n' +
        '|1| 5|25| 6|21|杩滃彜|鐕х殗缁焲閫ｉ€氱邯|澶竴鏈濅唬|澶竴姘?||\r\n' +
        '|1| 5|25| 7|19|杩滃彜|鐕х殗缁焲鏁樺懡绾獆钃嬬泩鏈濅唬|钃嬬泩姘?||\r\n' +
        '|1| 5|25| 8| 7|杩滃彜|鐕х殗缁焲鏁樺懡绾獆娆′汉鏈濅唬|娆′汉姘?||\r\n' +
        '|1| 5|25| 9| 2|杩滃彜|鐕х殗缁焲鏁樺懡绾獆澶箼鏈濅唬|澶箼姘?||\r\n' +
        '|1| 5|25|10| 5|杩滃彜|鐕х殗缁焲鏁樺懡绾獆榛庣洤鏈濅唬|榛庣洤姘?||\r\n' +
        '|1| 5|25|11| 9|杩滃彜|鐕х殗缁焲寰湚绾?鍏?3涓?|閴呴潏鏈濅唬|閴呴潏姘?灏告埃鐨?||\r\n' +
        '|1| 5|29|11|28|杩滃彜|鐕х殗缁焲寰湚绾獆鍙ュ己鏈濅唬|鍙ュ己姘?||\r\n' +
        '|1| 5|29|12| 6|杩滃彜|鐕х殗缁焲寰湚绾獆璀欒儭鏈濅唬|璀欒儭姘?||\r\n' +
        '|1| 5|30| 8|17|杩滃彜|鐕х殗缁焲寰湚绾獆婵佸厜鏈濅唬|婵佸厜姘?||\r\n' +
        '|1| 5|30|10|21|杩滃彜|鐕х殗缁焲寰湚绾獆鍕鹃櫝鏈濅唬|鍕鹃櫝姘?||\r\n' +
        '|1| 6| 1| 1| 4|杩滃彜|鐕х殗缁焲寰湚绾獆榛勭鏈濅唬|榛勭姘?娌?40宀? ||\r\n' +
        '|1| 6| 2| 1| 9|杩滃彜|鐕х殗缁焲寰湚绾獆宸ㄧ鏈濅唬|宸ㄧ姘?||\r\n' +
        '|1| 6| 2| 4|16|杩滃彜|鐕х殗缁焲寰湚绾獆榛庨潏鏈濅唬|榛庨潏姘?||\r\n' +
        '|1| 6| 2| 6|23|杩滃彜|鐕х殗缁焲寰湚绾獆澶чī鏈濅唬|澶чī姘?||\r\n' +
        '|1| 6| 2| 9|10|杩滃彜|鐕х殗缁焲寰湚绾獆楝奸殫鏈濅唬|楝奸殫姘?||\r\n' +
        '|1| 6| 3|11| 1|杩滃彜|鐕х殗缁焲寰湚绾獆寮囪尣鏈濅唬|寮囪尣姘?||\r\n' +
        '|1| 6| 3| 3|27|杩滃彜|鐕х殗缁焲寰湚绾獆娉伴€㈡湞浠娉伴€㈡皬 ||\r\n' +
        '|1| 6| 3| 6|18|杩滃彜|鐕х殗缁焲寰湚绾獆鑻掔浉鏈濅唬|鑻掔浉姘?||\r\n' +
        '|1| 6| 4| 7| 5|杩滃彜|鐕х殗缁焲寰湚绾獆鍠勭泩鏈濅唬|鍠勭泩姘?||\r\n' +
        '|1| 6| 4| 9|10|杩滃彜|鐕х殗缁焲寰湚绾獆澶ф暒鏈濅唬|澶ф暒姘?||\r\n' +
        '|1| 6| 5| 2| 9|杩滃彜|鐕х殗缁焲寰湚绾獆闆查櫧鏈濅唬|闆查櫧姘?||\r\n' +
        '|1| 6| 5| 5| 3|杩滃彜|鐕х殗缁焲寰湚绾獆宸父鏈濅唬|宸父姘?||\r\n' +
        '|1| 6| 6| 8| 8|杩滃彜|鐕х殗缁焲寰湚绾獆娉颁竴鏈濅唬|娉颁竴姘?||\r\n' +
        '|1| 6| 6| 9|13|杩滃彜|鐕х殗缁焲寰湚绾獆绌烘鏈濅唬|绌烘姘?||\r\n' +
        '|1| 6| 6|12|19|杩滃彜|鐕х殗缁焲寰湚绾獆绁炴皯鏈濅唬|绁炴皯姘?娌?00宀? ||\r\n' +
        '|1| 6| 7| 2| 6|杩滃彜|鐕х殗缁焲寰湚绾獆鍊氬笣鏈濅唬|缍ㄥ笣姘?||\r\n' +
        '|1| 6| 7| 4| 4|杩滃彜|鐕х殗缁焲寰湚绾獆娆℃皯鏈濅唬|娆℃皯姘?||\r\n' +
        '|1| 6| 8| 6|12|涓婂彜|鐕х殗缁焲鍥犳彁绾獆杈版斁鏈濅唬|杈版斁姘?浼?涓栵紝娌?50杞?銆佽渶灞辨皬(4涓栨椂鐜? ||\r\n' +
        '|1| 6| 9| 3| 8|涓婂彜|鐕х殗缁焲鍥犳彁绾獆铏哄個鏈濅唬|铏哄個姘?浼?涓? ||\r\n' +
        '|1| 6| 9| 9|10|涓婂彜|鐕х殗缁焲鍥犳彁绾獆娣锋矊鏈濅唬|娣锋矊姘?浼?涓? ||\r\n' +
        '|1| 6|10| 4|15|涓婂彜|鐕х殗缁焲鍥犳彁绾獆鏉辨埛鏈濅唬|鏉辨埛姘?浼?7涓? ||\r\n' +
        '|1| 6|11| 9|17|涓婂彜|鐕х殗缁焲鍥犳彁绾獆鐨囨牀鏈濅唬|鐨囪姘?浼?涓栵紝娌?50杞? ||\r\n' +
        '|1| 6|12| 6| 3|涓婂彜|鐕х殗缁焲鍥犳彁绾獆鍟熺粺鏈濅唬|鍟熺粺姘?浼?涓? ||\r\n' +
        '|1| 6|12| 9| 1|涓婂彜|鐕х殗缁焲鍥犳彁绾獆鍚夊し鏈濅唬|鍚夊し姘?浼?涓? ||\r\n' +
        '|1| 6|13| 2| 1|涓婂彜|鐕х殗缁焲鍥犳彁绾獆鍑犻伣鏈濅唬|鍑犻伣姘?||\r\n' +
        '|1| 6|13| 3| 8|涓婂彜|鐕х殗缁焲鍥犳彁绾獆甯岄煁鏈濅唬|甯岄煁姘?浼?涓? ||\r\n' +
        '|1| 6|13| 7| 8|涓婂彜|鐕х殗缁焲鍥犳彁绾獆鏈夊发鏈濅唬|铚氶箍姘?浼?涓栵紝娌?02杞? ||\r\n' +
        '|1| 6|14| 5|10|涓婂彜|鐕х殗缁焲鍥犳彁绾獆鐕т汉鏈濅唬|鐕т汉姘?浼?涓栵紝娌?30杞? ||\r\n' +
        '|1| 6|15| 1| 1|涓婂彜|鐕х殗缁焲鍥犳彁绾獆搴告垚鏈濅唬|搴告垚姘?浼?涓? ||\r\n' +
        '|1| 6|15| 9| 1|鍓嶅彜|甯濈殗缁焲绂€氱邯|浼忕静鏈濅唬|寤夸竷姘忕浉缁э細浼忕静姘忋€佸コ濞叉皬銆佷紡缇叉皬銆佸ぇ搴皬銆佹煆鐨囨皬銆佷紡缇叉皬銆佷腑澶皬銆佷紡缇叉皬銆佹牀闄嗘皬銆佷紡缇叉皬銆侀獖杩炴皬銆佽但鑳ユ皬銆佷紡缇叉皬銆佸皧鍗㈡皬銆佺铻嶆皬銆佷紡缇叉皬銆佹贩娌屾皬銆佹槉鑻辨皬銆佷紡缇叉皬銆佹湁宸㈡皬銆佽憶澶╂皬銆侀槾搴锋皬銆佷紡缇叉皬銆佹湵瑗勬皬銆佷紡缇叉皬銆佹棤鎬€姘忋€佷紡缇叉皬 ||\r\n' +
        '|1| 6|23| 3|30|鍓嶅彜|甯濈殗缁焲绂€氱邯|榄侀殫鏈濅唬|榄侀殫姘?||\r\n' +
        '|1| 6|23|12| 2|鍓嶅彜|甯濈殗缁焲绂€氱邯|绁炶静鏈濅唬|绁炶静姘?||\r\n' +
        '|1| 6|24| 8|15|鍓嶅彜|甯濈殗缁焲鐤忎弧绾獆杌掕絽鏈濅唬|杌掕絽姘?||\r\n' +
        '|1| 6|25|11|25|鍓嶅彜|甯濈殗缁焲鐤忎弧绾獆閲戝ぉ鏈濅唬|閲戝ぉ姘?||\r\n' +
        '|1| 6|26| 8| 8|涓彜|甯濈殗缁焲鐤忎弧绾獆楂橀櫧鏈濅唬|楂橀櫧姘?||\r\n' +
        '|1| 6|27|10| 7|涓彜|甯濈殗缁焲鐤忎弧绾獆楂樿緵鏈濅唬|楂樿緵姘?||\r\n' +
        '|1| 6|29| 5|19|涓彜|甯濈殗缁焲鐤忎弧绾獆闈掗櫧鏈濅唬|闈掗櫧姘?||\r\n' +
        '|1| 6|30| 8|11|涓彜|甯濈殗缁焲鐤忎弧绾獆闄跺攼鏈濅唬|闄跺攼姘?||\r\n' +
        '|1| 7| 1| 4| 1|涓彜|甯濈殗缁焲鐤忎弧绾獆鏈夎櫈鏈濅唬|鏈夎櫈姘?||\r\n' +
        '|1| 7| 1| 5|28|涓嬪彜|甯濈殗缁焲鐤忎弧绾獆澶忓悗鏈濅唬|澶忓悗姘?||\r\n' +
        '|1| 7| 2| 9|18|涓嬪彜|甯濈殗缁焲鐤忎弧绾獆娈峰晢鏈濅唬| ||\r\n' +
        '|1| 7| 4| 4| 2|涓嬪彜|甯濈殗缁焲鐤忎弧绾獆瑗垮懆鏈濅唬| ||\r\n' +
        '|1| 7| 5| 1| 8|涓嬪彜|甯濈殗缁焲鐤忎弧绾獆鏉卞懆鏈濅唬| ||\r\n' +
        '|1| 7| 6| 1|15|涓嬪彜|甯濈殗缁焲鐤忎弧绾獆鏄ョ鏃朵唬|浜旈湼锛氶綈銆佹檵銆佺Е銆佸畫銆佹 ||\r\n' +
        '|1| 7| 6| 6|19|涓嬪彜|甯濈殗缁焲闂ㄩ榾绾獆鎴樺浗鏃朵唬|涓冮泟锛氱Е銆佹銆侀綈銆佺嚂銆佽档銆侀瓘銆侀煩 ||\r\n' +
        '|1| 7| 6| 7|17|杩戝彜|甯濈殗缁焲闂ㄩ榾绾獆澶хЕ鏈濅唬| ||\r\n' +
        '|1| 7| 6| 8| 2|杩戝彜|甯濈殗缁焲闂ㄩ榾绾獆瑗挎饥鏈濅唬| ||\r\n' +
        '|1| 7| 7| 3| 5|杩戝彜|甯濈殗缁焲闂ㄩ榾绾獆鏀规柊鏈濅唬| ||\r\n' +
        '|1| 7| 7| 3|20|杩戝彜|甯濈殗缁焲闂ㄩ榾绾獆缁饥鏈濅唬| ||\r\n' +
        '|1| 7| 7| 3|22|杩戝彜|甯濈殗缁焲闂ㄩ榾绾獆鏉辨饥鏈濅唬| ||\r\n' +
        '|1| 7| 7|10|17|杩戝彜|甯濈殗缁焲闂ㄩ榾绾獆涓夊浗鏃朵唬|涓夊浗骞剁珛锛氶瓘銆佽渶銆佸惔||\r\n' +
        '|1| 7| 7|11|22|杩戝彜|甯濈殗缁焲闂ㄩ榾绾獆瑗挎檵鏈濅唬| ||\r\n' +
        '|1| 7| 8| 1|14|杩戝彜|甯濈殗缁焲闂ㄩ榾绾獆鏉辨檵鏈濅唬|涓庝簲鑳″崄鍏浗骞剁珛锛氬墠璧点€佹垚姹夈€佸墠鍑夈€佸悗璧点€佸墠鐕曘€佸墠绉︺€佸悗绉︺€佸悗鐕曘€佽タ绉︺€佸悗鍑夈€佸崡鐕曘€佽タ鍑夈€佽儭澶忋€佸寳鐕曘€佸寳鍑夈€佸唹榄忋€佽タ鐕曘€佸悗铚€||\r\n' +
        '|1| 7| 8| 4|27|杩戝彜|甯濈殗缁焲闂ㄩ榾绾獆鍗楁湞瀹嬩唬|涓庡厓榄忓苟绔媩|\r\n' +
        '|1| 7| 8| 6|26|杩戝彜|甯濈殗缁焲闂ㄩ榾绾獆鍗楁湞榻婁唬|涓庡厓榄忓苟绔媩|\r\n' +
        '|1| 7| 8| 7|19|杩戝彜|甯濈殗缁焲闂ㄩ榾绾獆鍗楁湞姊佷唬|涓庝笢榄忋€佽タ榄忋€佸寳榻愬苟绔媩|\r\n' +
        '|1| 7| 8| 9|14|杩戝彜|甯濈殗缁焲闂ㄩ榾绾獆鍗楁湞闄充唬|涓庡寳鍛ㄥ苟绔媩|\r\n' +
        '|1| 7| 8|10|16|杩戝彜|甯濈殗缁焲钘╁儦绾獆澶ч殝鏈濅唬| ||\r\n' +
        '|1| 7| 8|11|15|杩戝彜|甯濈殗缁焲钘╁儦绾獆澶у攼鏈濅唬| ||\r\n' +
        '|1| 7| 9| 9| 4|杩戝彜|甯濈殗缁焲钘╁儦绾獆鍚庢鏈濅唬|涓庡墠铚€銆佹潹鍚淬€佸崡鍞愩€佸惔瓒娿€侀椊鍥姐€侀┈妤氥€佸崡姹夈€佸崡骞冲苟绔媩|\r\n' +
        '|1| 7| 9| 9|20|杩戝彜|甯濈殗缁焲钘╁儦绾獆鍚庡攼鏈濅唬| ||\r\n' +
        '|1| 7| 9|10| 3|杩戝彜|甯濈殗缁焲钘╁儦绾獆鍚庢檵鏈濅唬| ||\r\n' +
        '|1| 7| 9|10|14|杩戝彜|甯濈殗缁焲钘╁儦绾獆鍚庢眽鏈濅唬| ||\r\n' +
        '|1| 7| 9|10|18|杩戝彜|甯濈殗缁焲钘╁儦绾獆鍚庡懆鏈濅唬| ||\r\n' +
        '|1| 7| 9|10|27|鐜板彜|甯濈殗缁焲鏋㈤榿绾獆鍖楀畫鏈濅唬|涓庤窘銆佸ぇ鐞嗗苟绔媩|\r\n' +
        '|1| 7|10| 4|14|鐜板彜|甯濈殗缁焲鏋㈤榿绾獆鍗楀畫鏈濅唬|涓庨噾銆佸厓銆佽タ澶忓苟绔媩|\r\n' +
        '|1| 7|10| 9|16|鐜板彜|甯濈殗缁焲鏋㈤榿绾獆鍏冩嵁鏃舵湡| ||\r\n' +
        '|1| 7|10|12|15|鐜板彜|甯濈殗缁焲鏋㈤榿绾獆澶ф槑鏈濅唬| ||\r\n' +
        '|1| 7|11| 9|21|鐜板彜|甯濈殗缁焲鏋㈤榿绾獆娓呮嵁鏃舵湡| ||\r\n' +
        '|1| 7|12| 4| 7|浠婂彜|姘戠殗缁焲鏋㈤榿绾獆鍓у彉鏃朵唬|鍒楀浗骞剁珛锛氳嫳鍥姐€佹硶鍥姐€佸痉鍥姐€佹剰澶у埄銆佹棩鏈浗銆佺編鍥姐€佽嫃鑱斻€佷腑鍥解€︹€︺€?br>鑱旂洘骞剁珛锛氬浗闄呰仈鐩熴€佸浗闄呭姵宸ョ粍缁囥€佸叕鍏卞浗闄呰仈鐩焲|\r\n' +
        '|1| 7|12| 7|26|浠婂彜|姘戠殗缁焲鏋㈤榿绾獆绔炲悎鏃朵唬|鍒楀浗骞剁珛锛氳嫃鑱斻€佺編鍥姐€佷腑鍥姐€佹鐩熴€佷縿缃楁柉銆佹棩鏈€佸嵃搴︹€︹€︺€?br>涓栫晫缁勭粐锛氳仈鍚堝浗銆佷笘鐣岃锤鏄撶粍缁囥€佸浗闄呰揣甯佸熀閲戠粍缁囥€佷笘鐣岄摱琛屻€佹娲茶仈鐩熴€佸寳澶цタ娲嬪叕绾︾粍缁囥€佸崕娌欐潯绾︾粍缁囥€佷笢鍗椾簹鍥藉鑱旂洘銆佷笂娴峰悎浣滅粍缁囥€侀潪娲茶仈鐩焲|\r\n' +
        '|1|  |  |  |  |鏉ュ彜|姘戠殗缁焲澶у悓绾獆鍏卞懡鏈濅唬|浜虹被鍛借繍鍏卞悓浣搢|\r\n' +
        '---\r\n' +
        '\r\n' +
        '## 鍘嗕唬姝孿r\n' +
        '\r\n' +
        '### 銆愬畫銆戠粛鍏存矆鏂愬┖宸炲窞瀛﹀埢鏈€婂彜涓夊潫涔︺€嬭浇銆婂お鍙ゆ渤鍥句唬濮撶邯銆嬩簯锛歕r\n' +
        '娓呮皵鏈崌锛屾祳姘旀湭娌夛紝娓哥鏈伒锛屼簲鑹叉湭鍒嗭紝涓湁鍏剁墿锛屽啣鍐ヨ€屾€у瓨锛岃皳涔嬫贩娌屻€?br>\r\n' +
        '娣锋矊涓哄お濮嬨€傚お濮嬭€咃紝鍏冭儙涔嬭悓涔熴€傚お濮嬩箣鏁颁竴锛屼竴涓哄お鏋併€傚お鏋佽€咃紝澶╁湴涔嬬埗姣嶄篃銆?br>\r\n' +
        '涓€鏋佹槗锛屽ぉ楂樻槑鑰屾竻锛屽湴鍗氬帤鑰屾祳锛岃皳涔嬪お鏄撱€傚お鏄撹€咃紝澶╁湴涔嬪彉涔熴€?br>\r\n' +
        '澶槗涔嬫暟浜岋紝浜屼负涓や华銆備袱浠€咃紝闃撮槼涔嬪舰涔燂紝璋撲箣澶垵銆傚お鍒濊€咃紝澶╁湴涔嬩氦涔熴€?br>\r\n' +
        '澶垵涔嬫暟鍥涳紝鍥涚泩鏄擄紝鍥涜薄鍙樿€屾垚涓囩墿锛岃皳涔嬪お绱犮€傚お绱犺€咃紝涓夋墠涔嬪涔熴€?br>\r\n' +
        '澶礌涔嬫暟涓夛紝涓夌泩鏄擄紝澶╁湴瀛曡€岀敓鐢峰コ锛岃皳涔嬩笁鎵嶃€備笁鎵嶈€咃紝澶╁湴涔嬪涔熴€?br>\r\n' +
        '娓哥鍔ㄨ€岀伒锛屾晠椋炪€佽蛋銆佹綔銆佸寲銆佸姩銆佹銆佽櫕銆侀奔涔嬬被锛屽繀澶囦簬澶╁湴涔嬮棿锛岃皳涔嬪お鍙ゃ€傚お鍙よ€咃紝鐢熸皯涔嬪涔熴€?br>\r\n' +
        '澶彜涔嬩汉锛岀殕瀵跨泩鏄擄紝濮嬩笁鐢蜂笁濂筹紝鍐仛澶忔暎锛岄楦熴€佸吔銆佽櫕銆侀奔銆佽崏銆佹湪涔嬪疄锛岃€岀敺濂虫瀯绮撅紝浠ュコ鐢熶负濮撱€傚涓夊ご锛岃皳涔嬪悎闆勭邯銆?br>\r\n' +
        '鐢熷瓙涓変笘銆傚悎闆勬皬娌★紝瀛愬瓩鐩镐紶锛岃鍏跺鍛斤紝璋撲箣鍙欏懡绾€傞€氱邯鍥涘锛岀敓瀛愪簩涓栥€傜敺濂充紬澶氾紝缇ゅ眳杩為€嬶紝浠庡己鑰岃锛屾槸璋撹繛閫嬬邯銆?br>\r\n' +
        '鐢熷瓙涓€涓栵紝閫氱邯浜斿锛屾槸璋撲簲濮撶邯銆傚ぉ涓嬬兢灞咃紝浠ョ被鐩镐翰锛岀敺濂充紬澶氾紝鍒嗕负涔濆ご锛屽悇鏈夊眳鏂癸紝鏁呭彿灞呮柟姘忋€?br>\r\n' +
        '灞呮柟姘忔病锛岀敓瀛愪笁鍗佷簩涓栵紝寮哄急鐩歌揩锛屾鐢熷悶瀹炽€備腑鏈夌浜猴紝鎻愭尯鑰屾不锛屾晠鍙锋彁鎸烘皬銆傛彁鎸烘皬鐢熷瓙涓夊崄浜旂邯锛岄€氱邯涓冨崄浜屽锛屾晠鍙烽€氬姘忋€?br>\r\n' +
        '鏈夊发姘忕敓锛屽お鍙や箣鍏堣锛岃瘑浜庡ぉ鍦拌崏銆佹湪銆佽櫕銆侀奔銆侀笩銆佸吔锛屼烤浜哄眳宸㈢┐锛岀Н楦熷吔涔嬭倝锛岃仛鑽夋湪涔嬪疄锛屽ぉ涓嬩節澶村捀褰掋€傛湁宸㈠鍚涗篃锛屽姩姝紝缇ょ兢鐩歌仛鑰屽皧浜嬩箣銆傚涓€澶槗锛屾湰閫氬姘忎箣鍚庝篃銆?br>\r\n' +
        '鐕т汉姘忥紝鏈夊发瀛愪篃锛岀敓鑰岀鐏碉紝鏁欎汉鐐锛岄捇鏈ㄥ彇鐏紝澶╀笅鐢熺伒灏婁簨涔嬨€傚鏈夋棩涓箣甯傦紝浜ゆ槗鍏剁墿锛屾湁浼犳暀涔嬪彴锛屾湁缁撶怀涔嬫斂锛屽涓€澶槗锛屾湰閫氬姘忎箣鍚庝篃銆?br>\r\n' +
        '浼忕静姘忥紝鐕т汉瀛愪篃锛屽洜椋庤€岀敓锛屾晠椋庡銆傛湯鐢插叓澶竷鎴愶紝涓夊崄浜屾槗鑽夋湪锛岃崏鐢熸湀锛岄洦闄嶆棩锛屾渤娉涙椂锛岄緳椹礋鍥撅紝鐩栧垎浜旇壊锛屾枃寮€浜旀槗锛岀敳璞″磭灞便€傚ぉ鐨囧鐢诲叓鍗︼紝鐨嗚繛灞憋紝鍚嶃€婃槗銆嬨€傚悰鑷ｆ皯鐗╅槾闃冲叺璞★紝濮嬫槑浜庝笘銆傚浘鍑哄悗浜屾垚涓夊崄浜屾槗鑽夋湪锛屾湪鏋湀锛屽懡鑷ｉ榫欐皬閫犲叚涔︺€傚悗鑽夋湪涓€鏄擄紝鏈ㄧ帇鏈堬紝鍛借嚕娼滈緳姘忎綔鐢插巻銆備紡鍒剁壓鐗涳紝鍐堕噾鎴愬櫒锛屾暀姘戠偖椋熴€傛槗涔濆ご涓轰節鐗э紝鍥犲皧浜嬩负绀间华锛屽洜榫欏嚭鑰岀邯瀹橈紝鍥犻鏉ヨ€屼綔涔愩€傚懡闄嶉緳姘忎綍鐜囦竾姘戯紝鍛芥按榫欐皬骞虫不姘村湡锛屽懡鐏緳姘忕偖娌诲櫒鐢紝鍥犲眳鏂硅€岀疆鍩庨儹銆傚ぉ涓嬩箣姘戝彿鏇板ぉ鐨囥€佸お鏄娿€佷紡鐗恒€佹湁搴栥€佸崌榫欐皬锛屾湰閫氬姘忎箣鍚庝篃銆?br>\r\n' +
        '\r\n' +
        '\r\n' +
        '### 銆愬崡瀹嬨€戠帇搴旈簾 缂栥€婁笁瀛楃粡銆嬩簯锛歕r\n' +
        '鑷静鍐滐紝鑷抽粍甯濓紝鍙蜂笁鐨囷紝灞呬笂涓栥€傚攼鏈夎櫈锛屽彿浜屽笣锛岀浉鎻栭€婏紝绉扮洓涓栥€?br>\r\n' +
        '澶忔湁绂癸紝鍟嗘湁姹わ紝鍛ㄦ枃姝︼紝绉颁笁鐜嬨€傚浼犲瓙锛屽澶╀笅锛屽洓鐧捐浇锛岃縼澶忕ぞ銆?br>\r\n' +
        '姹や紣澶忥紝鍥藉彿鍟嗭紝鍏櫨杞斤紝鑷崇海浜°€傚懆姝︾帇锛屽璇涚海锛屽叓鐧捐浇锛屾渶闀夸箙銆?br>\r\n' +
        '鍛ㄨ緳涓滐紝鐜嬬翰鍧狅紝閫炲共鎴堬紝灏氭父璇淬€傚鏄ョ锛岀粓鎴樺浗锛屼簲闇稿己锛屼竷闆勫嚭銆?br>\r\n' +
        '瀣寸Е姘忥紝濮嬪吋骞讹紝浼犱簩涓栵紝妤氭眽浜夈€傞珮绁栧叴锛屾眽涓氬缓锛岃嚦瀛濆钩锛岀帇鑾界銆?br>\r\n' +
        '鍏夋鍏达紝涓轰笢姹夛紝鍥涚櫨骞达紝缁堜簬鐚€傞瓘铚€鍚达紝浜夋眽榧庯紝鍙蜂笁鍥斤紝杩勪袱鏅嬨€?br>\r\n' +
        '瀹嬮綈缁э紝姊侀檲鎵匡紝涓哄崡鏈濓紝閮介噾闄点€傚寳鍏冮瓘锛屽垎涓滆タ锛屽畤鏂囧懆锛屼笌楂橀綈銆?br>\r\n' +
        '杩ㄨ嚦闅嬶紝涓€鍦熷畤锛屼笉鍐嶄紶锛屽け缁熺华銆傚攼楂樼锛岃捣涔夊笀锛岄櫎闅嬩贡锛屽垱鍥藉熀銆?br>\r\n' +
        '浜屽崄浼狅紝涓夌櫨杞斤紝姊佺伃涔嬶紝鍥戒箖鏀广€傞縿鍞愭檵锛屽強姹夊懆锛岀О浜斾唬锛岀殕鏈夌敱銆?br>\r\n' +
        '鐐庡畫鍏达紝鍙楀懆绂咃紝鍗佸叓浼狅紝鍗楀寳娣枫€傚崄涓冨彶锛屽叏鍦ㄥ吂锛岃浇娌讳贡锛岀煡鍏磋“銆?br>\r\n' +
        '> 銆愭皯銆戝垹鈥濆崄涓冨彶锛屽叏鍦ㄥ吂锛岃浇娌讳贡锛岀煡鍏磋“銆傗€滐紝琛ワ細\r\n' +
        '\r\n' +
        '杈戒笌閲戯紝鐨嗙О甯濄€傚厓鐏噾锛岀粷瀹嬩笘銆傝垎鍥惧箍锛岃秴鍓嶄唬銆備節鍗佸勾锛屽浗绁氬簾銆?br>\r\n' +
        '澶鍏达紝鍥藉ぇ鏄庛€傚彿娲锛岄兘閲戦櫟銆傝卡鎴愮锛岃縼鐕曚含銆傚崄鍏笘锛岃嚦宕囩ク銆?br>\r\n' +
        '鏉冮槈鑲嗭紝瀵囧鏋椼€傛潕闂嚭锛岀鍣ㄧ剼銆傛竻涓栫锛岃喓鏅懡銆傞潠鍥涙柟锛屽厠澶у畾銆?br>\r\n' +
        '鐢卞悍闆嶏紝鍘嗕咕鍢夈€傛皯瀹夊瘜锛屾不缁╁じ銆傞亾鍜搁棿锛屽彉涔辫捣銆傚鑻辨硶锛屾壈閮介剻銆?br>\r\n' +
        '鍚屽厜鍚庯紝瀹ｇ粺寮便€備紶涔濆笣锛屾弧娓呮畞銆傞潻鍛藉叴锛屽簾甯濆埗銆傜珛瀹硶锛屽缓姘戝浗銆?br>\r\n' +
        '鍙や粖鍙诧紝鍏ㄥ湪鍏广€傝浇娌讳贡锛岀煡鍏磋“銆?br>\r\n' +
        '\r\n' +
        '### 銆愬厓銆戝簮闄靛墠杩涘＋鏇惧厛涔?缂栥€婂彜浠婂巻浠ｅ崄鍏彶鐣ャ€嬪綍銆婂巻浠ｅ浗鍙锋瓕銆嬩簯锛歕r\n' +
        '澶槉鐐庡笣榛勫笣姘忥紝鍚嶆洶涓夌殗灞呬笂涓栥€傞噾澶╅珮闃冲強楂樿緵锛屽攼铏炵粛涔嬩负浜斿笣銆?br>\r\n' +
        '澶忓晢鍛ㄧЕ鍓嶅悗姹夛紝涓夊浗榧庡硻濯胯渶鍚淬€傝渶浜′簬濯垮绂呮檵锛屾檵鍙堝钩鍚村ぉ涓嬫贩銆?br>\r\n' +
        '鎵拌タ鏅嬭€呬负浜旇儭锛屽ぉ涓嬬摐鍒嗗崡鍖楅殔銆傚崡鍒欎笢鏅嬭繃姹熷乏锛屽畫榻愭闄堣傅鍏堕兘銆?br>\r\n' +
        '鍖楀垯浜旇儭鑰屽悗濯匡紝涓滃瑗垮鍒嗕负浜屻€備笢浼犲寳榻愯タ鍚庡懆锛屽懆鍙堢伃榻愮闅嬪笣銆?br>\r\n' +
        '闅嬭兘骞抽檲鍗楀寳涓€锛屾浘鍑犱綍鏃剁鍞愬銆傚攼瀹や互鍚庝负浜斿锛岄縿鍞愭檵姹夊懆鐩哥户銆?br>\r\n' +
        '缁у懆鑰呭畫澶╀笅骞筹紝杩畫鍗楄縼鏄ぇ閲戙€傚厛鍙栧ぇ閲戝悗鍙栧畫锛屽ぉ鍖楀ぉ鍗椾粖涓€缁熴€?br>\r\n' +
        '\r\n' +
        '### 銆愬厓銆戝簮闄靛墠杩涘＋鏇惧厛涔?缂栥€婂彜浠婂巻浠ｅ崄鍏彶鐣ャ€嬪綍銆婂巻浠ｄ笘骞存瓕銆嬩簯锛歕r\n' +
        '鍑垮紑娣锋矊鍒嗗ぉ鍦帮紝澶╁湴鍒嗕粠鎽勬彁宀侊紝鏄敓涓囩墿浜烘渶鐏点€傛柉浜轰箣鍒濈洏鍙ゆ皬銆?br>\r\n' +
        '澶╃殗鍏勫紵鍗佷簩澶达紝鍚勫瞾涓€涓囧叓鍗冨懆锛屽湴鐨囧崄涓€澶村厔寮燂紝浜﹀悇涓€涓囧叓鍗冪Ι銆?br>\r\n' +
        '浜虹殗姘忓叜鍑′節澶达紝涔濆厔寮熻€呭垎涔濆窞锛岀浉鎵夸竴鐧句簲鍗佷笘锛屽洓涓囦簲鍗冨叚鐧剧銆?br>\r\n' +
        '涓夌殗浠ュ悗鏈夊发鍑猴紝鏋勬湪涓哄发椋熸湪瀹烇紝鏈夊发浠ュ悗鐕т汉鏉ワ紝閽荤嚙鏀圭伀鏁欐皯椋熴€?br>\r\n' +
        '浠ｄ互澶槉搴栫姞姘忥紝棣栨樇鍏崷閫犱功濂戯紝濂冲ú鍏卞伐鍙婂ぇ搴紝鏌忕殗涓ぎ馉獤闄嗙户銆?br>\r\n' +
        '楠婅繛璧儱杩ㄥ皧鍗紝娣锋矊鏄婅嫳鏈辫娆★紝钁涘ぉ闃村悍鏆ㄦ棤鎬€锛岄濮撶浉鎵垮崄浜斾笘銆?br>\r\n' +
        '鍚庢湁绁炲啘鍙风値甯濓紝濮嬪皾鐧捐嵂鏁欒€掕€滐紝甯濇壙甯濅复浼犲笣鍒欙紝甯濈櫨甯濇潵浜﹀叾瑁斻€?br>\r\n' +
        '甯濊甯濇濮滃缁堬紝鍏笘浜旂櫨浜屽崄宀侊紝榛勫笣鍏瓩鍚嶈僵杈曪紝琛ｈ３鑰屽喍娉曚咕鍧ゃ€?br>\r\n' +
        '閲戝ぉ灏戞槉鏄叾瀛愶紝楂橀槼棰涢〖鏄叾瀛欙紝鏇惧瓩甯濆柧鍙烽珮杈涳紝鐜勫瓩浼婄鍚嶆斁鍕嬨€?br>\r\n' +
        '鏀惧媼鏄负闄跺攼灏э紝绂呬簬鏈夎櫈鍏跺濮氾紝濮氬悕閲嶅崕鑸滃叾璋ワ紝鑸滃張绂呬簬澶忓悗姘忋€?br>\r\n' +
        '濮掓枃鍛戒负澶忕鐜嬶紝浼犲瓙鏇板惎閫お搴凤紝浠插悍鐜嬬浉灏戝悍绔嬶紝鐜嬪畞鐜嬫鑷崇帇鑺掋€?br>\r\n' +
        '鐜嬫硠涔嬪悗鐜嬩笉闄嶏紝鐜嬫墐鐜嬪粦瀛旂敳鐢燂紝鐜嬬殝鐜嬪彂鐜嬪饱鐧革紝澶嶇櫢鍙锋鏃￠亾浜°€?br>\r\n' +
        '鍥涚櫨涓夊崄鏈変簩宀侊紝澶忓崄涓冧笘榧庤縼鍟嗭紝娈峰晢鎴愭堡鐜嬪瓙灞ワ紝澶栦笝浠插，鍏朵簩瀛愩€?br>\r\n' +
        '澶敳娌冧竵鑷冲お搴氾紝灏忕敵闆嶅烦澶垔鍏达紝浠蹭竵澶栶兼渤浜剁敳锛岀涔欑杈涙矁鐢叉壙銆?br>\r\n' +
        '绁栦竵鍗楀簹鍙婇槼鐢诧紝鐩樺簹灏忚緵灏忎箼鐢燂紝姝︿竵绁栧簹鍙婄鐢诧紝寤緵搴氫竵姝︿箼绉般€?br>\r\n' +
        '澶т竵甯濅箼鐙か鍙楋紝鍙楀彿鏇扮海鍏跺悕杈涳紝鍏櫨鍥涘崄鏈変簲杞斤紝鍟嗕笁鍗佷笘鍛ㄥ叾浠ｃ€?br>\r\n' +
        '鍛ㄦ枃鐜嬭€呬负濮槍锛屽瓙姝︾帇鍙戜紶鎴愬悍锛屾槶绌嗗叡鎳垮瓭澶峰帀锛屽骞戒腑妗撶户浠ュ簞銆?br>\r\n' +
        '鍠滄儬瑗勯》鍖″畾绠€锛岀伒鏅偧鏁嚦鍏冪帇锛岃礊瀹氬搥鎬濊€冨▉鐑堬紝瀹夌帇澶风儓娴稿井鐏€?br>\r\n' +
        '鏄惧湥椤洪潛璧х帇寤讹紝涓夊崄涓冧紶鍛ㄧ粺缁濓紝鍏櫨鍏崄鏈変竷骞达紝涓湁鏄ョ涓庢垬鍥姐€?br>\r\n' +
        '濮嬬殗甯濇斂鍚曡€屽锛屽苟鍚炲叚鍥藉ぉ涓嬬Е锛屽笣绉︿粎鑳藉崄浜旇浇锛屼簩涓栬儭浜ョ帇瀛愬┐銆?br>\r\n' +
        '濮撳垬鍚嶉偊姹夐珮绁栵紝鐏Е鏈嚑鐏」缇斤紝浼犳儬鍚曞悗鏂囨櫙姝︼紝鐓у鍏冩垚绾傚叾缁€?br>\r\n' +
        '鍝€骞宠嚦浜庡瀛愬┐锛岀帇鑾界浣嶅浗鍙锋柊锛屽崄浜斿勾璇涙洿濮嬬珛锛屽厜姝﹀垬绉€鎴愪腑鍏淬€?br>\r\n' +
        '鏄庣珷鍜屾畤瀹変笌椤猴紝鍐茶川涔嬩笅涓烘鐏碉紝鑷崇尞甯濆崝涓嶅鎸紝浜屽崄鍥涗紶姹夌鍊俱€?br>\r\n' +
        '姹夊勾鍥涚櫨浜屽崄鍏紝澶╀笅涓夊垎榄忓惔铚€锛岃渶鍏堜富澶囪哎鏄儓锛屼互鏅繙瀛欐壙姹変笟銆?br>\r\n' +
        '鑷冲悗涓荤瀹変箰鍏紝鍥涘崄涓夊勾涓哄鐏紝濯挎鐜嬫搷濮撴浌姘忥紝瀛愪笉绡℃眽濯夸负甯濄€?br>\r\n' +
        '涓曚负鏂囧笣瀛愪负鏄庯紝閭甸櫟楂樿吹鍏殕搴燂紝闄堢暀鐜夌挏绗簲浼狅紝绁氭鍥涘崄鏈夊叚宀併€?br>\r\n' +
        '鏈瞾鍚嶄负濯跨伃铚€锛屽浜︾浜庡徃椹皬锛屽惔璧峰瓩绛栭暱娌欑帇锛屽紵鏉冨笣鍚翠负澶х殗銆?br>\r\n' +
        '瀛愪細绋界帇鍙婃櫙甯濓紝涔岀▼渚殦鍥界牬闄嶏紝鍥涘笣鍘嗗勾浜斿崄浜岋紝姣斾簬铚€榄忎负鍚庝骸銆?br>\r\n' +
        '铚€浜′簬榄忛瓘绂呮檵锛屾檵鍙堝钩鍚翠笁鍥藉敖锛屽徃椹皬璧锋嚳甯堟槶锛岃嚦姝﹀笣鐐庤タ鏅嬫湞銆?br>\r\n' +
        '鎯犲笣浠ヨ€掍簲鑳¤捣锛屽垬鐭虫厱瀹规郸涓庡锛岀偨鎬€涓氭剭鍚庡垬姘忥紝瑗挎檵閬備骸鍥涙捣娌搞€?br>\r\n' +
        '涓€缁熶簲鍗佹湁浜屽勾锛屽崡鍖楃摐鍒嗕粠姝ゅ锛屽崡鍒欎笢鏅嬪厓甯濈澘锛屽寳鑰屽徃椹壙鏅嬬銆?br>\r\n' +
        '鏄庢垚搴风﹩鍝€涓庡簾锛岀畝鏂囧瓭姝﹀強瀹夊笣锛岃嚦鎭緱鏂囩櫨浜斿勾锛屼笢鏅嬪張浜″垬瀹嬬户銆?br>\r\n' +
        '鍒樺畫楂樼瓠攦濂磋锛岃惀闃虫枃甯濅紶瀛濇锛屽墠搴熷笣浜℃枃甯濈珛锛屽悗搴熷笣浜℃槑甯濊銆?br>\r\n' +
        '鍏崄骞撮棿鍑″叓涓栵紝榻愯惂閬撴垚浠ｈ€屽笣锛岄亾鎴愰珮绁栦紶涔嬫锛屾瑤鏋楁捣闄垫槑甯濆彇銆?br>\r\n' +
        '涓滄槒渚悗鍜屽疂铻嶏紝浜屽崄鍥涘勾鏇翠竷涓伙紝钀ц楂樼姊佹甯濓紝绠€鏂囧強鍏冩暚鍔涙櫤銆?br>\r\n' +
        '鍥涗紶浜斿崄鏈変竷骞达紝涓烘浠ｈ€呴檲闇稿厛锛岄湼鍏堥珮绁栭檲姝﹀笣锛屾枃甯濅复娴风户浠ュ銆?br>\r\n' +
        '鍚庝富鍙斿疂闀垮煄鍏紝涓夊崄涓夎浇鍥戒簲浼狅紝姹熶笢鍒嗙帇姝簬姝わ紝浜嬪湪鏅嬩功涓庡崡鍙层€?br>\r\n' +
        '鍖楀垯浜旇儭鐩稿悶骞讹紝浜旇儭杩“鎷撹穻鐩涳紝鎷撹穻绉板笣鏅嬪畨鏃讹紝涓哄閬撴鍏跺悕鍦€?br>\r\n' +
        '鏄庡厓澶ф涓轰箣鍚庯紝鏂囨垚鐚枃缁嶅叾鍩猴紝閫簬瀛濇枃鏀瑰厓姘忥紝瀹ｆ瀛濇槑濯垮琛般€?br>\r\n' +
        '瀛濆簞鑺傞椀鑷冲瓭姝︼紝杩簬楂樺徆閫冨幓涔嬶紝濯垮勾涓€鐧惧洓鍗佷節锛屾搴熷垎涓轰笢涓庤タ銆?br>\r\n' +
        '涓滃瀛濋潤鍏冨杽瑙侊紝涓€鍗佷竷骞寸鍖楅綈锛屽寳榻愰珮娲嬫涔嬪瓙锛屽笣鍙锋枃瀹ｅ叾鍡ｅ簾銆?br>\r\n' +
        '瀛濇槶姝︽垚鍚庝富绾紝浜屽崄鍏勾榻愬洓涓栵紝瑗垮杩佺敱瀛濇淇紝渚濆畤鏂囨嘲缈讳负闆犮€?br>\r\n' +
        '鏂囧笣搴熷笣鎭笣寤擄紝浜屽崄鍏勾绂呭悗鍛紝鍚庡懆涔嬩笟鐢辨嘲浣滐紝鍏跺瓙闂靛笣瀹囨枃瑙夈€?br>\r\n' +
        '鍘嗘槑鑷虫鑳界伃榻愶紝瀹ｈ嚦闈欓槓鍛ㄤ害琛帮紝浜斾紶浜屽崄鏈変簲宀侊紝绂呬簬鏉ㄥ潥鍥藉彿闅嬨€?br>\r\n' +
        '鏉ㄥ潥楂樼闅嬫枃甯濓紝绡″懆涔濆勾鐏檲姘忥紝娣蜂笁鍗佹湁鍏勾搴燂紝鐒箍鎭緫鍐嶄笁涓栥€?br>\r\n' +
        '浠ｉ殝鑰屽笣鍞愰珮绁栵紝鍏跺悕涓烘笂鍏跺鏉庯紝鏈夊瓙涓栨皯鍗冲ぇ瀹楋紝鍙栧ぉ涓嬭€呯殕鍏惰銆?br>\r\n' +
        '楂樺畻姝﹀悗涓澘鐜勶紝鑲冧唬寰烽『瀹﹩缁э紝鏁枃姝﹀鎳垮儢鏄紝鏅畻绁濈粓浜屽崄涓栥€?br>\r\n' +
        '澶у攼涓夌櫨涔濆崄骞达紝鍚庨縿鏈辨俯绡″叾浣嶏紝璧愬悕鍏ㄥ繝甯濆悕鏅冿紝涓洪縿澶浼犲啀涓栥€?br>\r\n' +
        '鍧囩帇鍙嬭礊鏀瑰悕鐟憋紝榭勪骸涓€鍗佸叚骞磋€筹紝鍚庡攼鏈嚜娌欓檧璧凤紝鏈辫€跺綊鍞愯祼濮撴潕銆?br>\r\n' +
        '鍏堢帇鍏嬬敤鐙溂榫欙紝浜氬瓙瀛樺嫋鍞愬簞瀹楋紝搴勫畻鐏縿鍗抽亣涔憋紝鍡ｆ簮缁т箣鏀瑰悕浜躲€?br>\r\n' +
        '浜舵湰鑳′汉閭堜蕉鐑堬紝鍙锋洶鏄庡畻缁у攼缁濓紝鏄庡畻涔嬪瓙闂靛笣搴燂紝娼炵帇浠庣弬鏈帇姘忋€?br>\r\n' +
        '涓夊鍥涗笘鍑犱綍鏃讹紝涓嶈繃鍘嗗勾涓€鍗佸洓锛屽悗鏅嬮珮绁栫煶鏁锛屽叾浜烘湰浜︽矙闄€绫汇€?br>\r\n' +
        '鍊熷叺濂戜腹闄ゆ綖鐜嬶紝鍑哄笣浠ｄ箣鍚嶉噸璐碉紝鍙斾緞涓や笘鍗佷簩骞达紝鑰跺緥寰峰厜韫傚叾鍦般€?br>\r\n' +
        '鍒橀珮绁栨殸涓哄悗姹夛紝鏆犲嵆娌欓檧鍒樼煡杩滐紝鍐嶅嚭闅愬笣鍚嶆壙绁愶紝鍥涘勾鍗充负鍚庡懆绡°€?br>\r\n' +
        '閮▉澶鍒涘懆瀹わ紝绔嬪瓙鍚嶈崳鏌村悗濮紝鑽ｇ湡鑻变富鍙蜂笘瀹楋紝鍡ｄ富瀹楄璋ユ洶鎭€?br>\r\n' +
        '涓変笘鍗佸勾瀹炰簩濮擄紝缁у懆鑰呰皝璧靛尅鑳わ紝鍖¤儰寮€鍩哄畫澶锛屽墛骞冲儹浼竴鍖哄畤銆?br>\r\n' +
        '澶畻鐪熶粊鑻辩鍝诧紝寰戒蕉閽︽閲戞墍铏忥紝澶╀笅鑷鍙堝崡鍖楋紝鍖椾负濂崇湡澶ч噾鍥姐€?br>\r\n' +
        '閲戞鍏冨笣瀹岄鏃伙紝寮熸櫉鎵夸箣璋ユ枃鐑堬紝闂靛畻璧愮帇鍙婁笘瀹楋紝绔犲畻濯跨帇鑷冲瀹椼€?br>\r\n' +
        '涔夊畻瀹堢华寮熶節涓伙紝涓€鐧句竴鍗佷竷宀佺粓锛屽崡涓哄悗瀹嬭縼姹熻〃锛屽窘瀛愰挦寮熼珮瀹楁瀯銆?br>\r\n' +
        '瀛濆厜瀹佸畻鑷崇悊瀹楋紝姝ゆ椂鍑芥潵瀹堢华棣栵紝搴﹀畻浠ュ悗澶╁懡鏀癸紝鐎涘浗鍏瑤骞村痉绁愩€?br>\r\n' +
        '瀹嬪涓夌櫨鍗佷竷骞达紝涔濅笘灞呭墠涓冧笘鍚庯紝绂忓窞闊虫骞跨珛鏄猴紝绔嬪浗娉啺鐨嗕笉涔呫€?br>\r\n' +
        '涓婂ぉ鐪峰懡灞炲綋浠婏紝涓€涓栧啀涓栧厛鍙栭噾锛屾毃浜庡叚涓栧彇鍗楀畫锛屽洓娴峰叓鑽掑綊澶х粺銆?br>\r\n' +
        '鍦ｄ互缁у湥寰℃櫘澶╋紝涔呭畨闀挎不涓囦嚎骞淬€?br>\r\n' +
        '\r\n' +
        '### 銆愬厓銆戦檲鏍?璀斻€婂巻浠ｈ挋姹傘€嬩簯锛歕r\n' +
        '澶瀬鏃㈠垽锛岄珮涓嬪畾浣嶏紝杞绘竻涓哄ぉ锛岄噸娴婁负鍦帮紝涓鑰呬汉锛屽繀绔嬩箣鍚涖€?br>\r\n' +
        '涓夌殗浜斿笣锛屼笘璐ㄦ皯娣筹紝浼忕静鐢诲崷锛屾洿閫犱功濂戯紝鐐庡笣绁炲啘锛屾暀姘戞潵鑰溿€?br>\r\n' +
        '榛勫笣杞╄緯锛岀鍖栧疁姘戯紝濮嬪瀭琛ｈ３锛岀殗椋庢剤鎯囷紝鐨囬檷鑰屽笣锛屽皯鏄婃湁浣溿€?br>\r\n' +
        '棰涢〖缁т箣锛屾巿浜庡笣鍠撅紝鍞愬笣鏇板哀锛岃垗瀛愪腹鏈憋紝璇ｄ簨鑰冭█锛岃浜庢湁铏炪€?br>\r\n' +
        '鑸滃痉閲嶅崕锛屼箰鏇伴煻鑸烇紝浜﹁垗鍟嗗潎锛岃浜庡ぇ绂癸紝鎯熸浜斿笣锛屽疄瀹樺ぉ涓嬨€?br>\r\n' +
        '瀹跺ぉ涓嬭€咃紝濮嬩簬鏈夊锛屽惎璐よ兘缁э紝绂瑰洜浼犲惎锛屼笁鐜嬩紶瀛愶紝瀹炲浜庢銆?br>\r\n' +
        '妗€铏愯€屼骸锛屽叡鍗佷竷鍚涳紝绁氬洓鐧惧勾锛屽晢姹や唬鍏达紝澶敳澶垔锛岀洏搴氭涓併€?br>\r\n' +
        '鍑″叚涓冨悰锛岃搐鍦ｆ尯鐢燂紝绾ｄ负鏃犻亾锛岀姜娴簬妗€锛岀鍏櫨骞达紝涓哄懆鎵€鐏€?br>\r\n' +
        '鍛ㄨ嚜鍚庣ǚ锛岀Н寰风疮浠侊紝鏂囩帇瀹滅帇锛岀姽鏈嶄簨娈凤紝姝︾帇浼愮海锛屽ぉ涓嬪綊鍛ㄣ€?br>\r\n' +
        '鍗滀笘鍗滃勾锛屽彜浠婃棤绁凤紝鎴愬悍淇辫搐锛屾嘲鍜屾瀬娌伙紝骞崇帇涓滆縼锛屾槬绉嬫敻娌汇€?br>\r\n' +
        '浜旈湼鐩哥户锛屽皧鍛ㄤ负鍚嶏紝闄嶄负鎴樺浗锛屼竷楦藉垎浜夛紝璧х帇鍏ョЕ锛屽懆鍘嗛亗璁€?br>\r\n' +
        '浜勾鏈€姘革紝鍏櫨涓冨崄锛岀Е骞跺叚鍥斤紝鐙煎悶铏庡櫖锛岃皳鏃犱笁浜旓紝濮嬬О鐨囧笣銆?br>\r\n' +
        '灏芥壂鑹硶锛岀剼涔﹀潙鍎掞紝浜屼笘鑰屼骸锛屽捀闃充负澧燂紝姹夐珮鍕冨叴锛屽浠佸ぇ搴︺€?br>\r\n' +
        '璇涚Е韫欓」锛屽厜鍚値鏌烇紝褰撴椂鑲¤偙锛岃惂浣曟浌鍙傦紝钀т笌寮犻煩锛屼汉鏉颁负涓夈€?br>\r\n' +
        '鏂囨櫙鎭凯锛屼紤鍏荤敓鎭紝姝﹀笣绌烽哗'... 8317 more characters,
      filePath: 'src/content/婕旇繘杞ㄨ抗/鏃跺簭绾?md',
      digest: 'a0db813941f2ce58',
      rendered: [Object],
      collection: '婕旇繘杞ㄨ抗',
      slug: '鏃跺簭绾?,
      render: [Function: render]
    }
  },
  '浜嬪唽涔嬭浇': {
    type: 'directory',
    children: {
      '01-鍏冨绾?: [Object],
      '06-鍚堥洅绾?: [Object],
      '02-浜岄潏绾?: [Object],
      '11-绂€氱邯': [Object],
      '浜嬪唽绾?: [Object],
      '03-涔濋牠绾?: [Object],
      '12-鐤忎弧绾?: [Object],
      '13-闂ㄩ榾绾?: [Object],
      '04-浜旈緧绾?: [Object],
      '05-鎽勬彁绾?: [Object],
      '07-閫ｉ€氱邯': [Object]
    }
  }
}
Directory tree has keys: [ '鏃跺簭绾?, '浜嬪唽涔嬭浇' ]
 [2m(+38ms)[22m
[2m10:07:05[22m   [34m鈹溾攢[39m [2m/鍒跺害涓庡垱閫?index.html[22m鍒跺害涓庡垱閫?articles: [
  '鏀垮吀涔嬩功/63-鏄婂ぉ鍧?01-缇茬殗鏀垮吀.md',
  '鏀垮吀涔嬩功/61-鐕уぉ鍧?鐕х殗鏀垮吀.md',
  '鏀垮吀涔嬩功/63-鏄婂ぉ鍧?02-濂冲ú鏀垮吀.md',
  '鏀垮吀涔嬩功/63-鏄婂ぉ鍧?03-鏍楅檰姘忔斂鍏?md',
  '鏀垮吀涔嬩功/63-鏄婂ぉ鍧?12-璧儱姘忔斂鍏?md',
  '鏀垮吀涔嬩功/63-鏄婂ぉ鍧?11-楠婅繛姘忔斂鍏?md',
  '鏀垮吀涔嬩功/63-鏄婂ぉ鍧?14-灏婂崲姘忔斂鍏?md',
  '鏀垮吀涔嬩功/63-鏄婂ぉ鍧?13-浼忕静姘忔斂鍏?md',
  '鏀垮吀涔嬩功/63-鏄婂ぉ鍧?17-娣锋矊姘忔斂鍏?md',
  '鏀垮吀涔嬩功/63-鏄婂ぉ鍧?23-浼忕静姘忔斂鍏?md',
  '鏀垮吀涔嬩功/63-鏄婂ぉ鍧?18-鏄婅嫳姘忔斂鍏?md',
  '鏀垮吀涔嬩功/63-鏄婂ぉ鍧?26-鏃犳€€姘忔斂鍏?md',
  '鏀垮吀涔嬩功/65-鐐庡ぉ鍧?01-绁炲啘姘忔斂鍏?md',
  '鏀垮吀涔嬩功/63-鏄婂ぉ鍧?27-浼忕静姘忔斂鍏?md',
  '鏀垮吀涔嬩功/66-榛勫ぉ涔?01-杞╄緯姘忔斂鍏?md',
  '鏀垮吀涔嬩功/69-鍠惧ぉ涔?01-楂樿緵姘忔斂鍏?md',
  '鏀垮吀涔嬩功/70-鎸氬ぉ涔?01-闈掗槼姘忔斂鍏?md',
  '鏀垮吀涔嬩功/68-棰涢〖涔?01-楂橀槼姘忔斂鍏?md',
  '鏀垮吀涔嬩功/71-灏уぉ涔?01-闄跺攼姘忔斂鍏?md',
  '鏀垮吀涔嬩功/72-铏炰功/01-鏈夎櫈姘忔斂鍏?md',
  '鏀垮吀涔嬩功/73-澶忎功/01-澶忓悗姘忔斂鍏?md',
  '鏀垮吀涔嬩功/74-鍟嗕功/01-鍟嗘斂鍏?md',
  '鏀垮吀涔嬩功/75-鍛ㄤ功/00-鍛ㄦ枃鐜嬫斂鍏?md',
  '鏀垮吀涔嬩功/75-鍛ㄤ功/01-鍛ㄦ鐜嬫斂鍏?md',
  '鏀垮吀涔嬩功/75-鍛ㄤ功/03-鍛ㄥ悍鐜嬫斂鍏?md',
  '鏀垮吀涔嬩功/75-鍛ㄤ功/04-鍛ㄦ槶鐜嬫斂鍏?md',
  '鏀垮吀涔嬩功/75-鍛ㄤ功/02-鍛ㄦ垚鐜嬫斂鍏?md',
  '鏀垮吀涔嬩功/75-鍛ㄤ功/05-鍛ㄧ﹩鐜嬫斂鍏?md',
  '鏀垮吀涔嬩功/75-鍛ㄤ功/06-鍛ㄦ伃鐜嬫斂鍏?md',
  '鏀垮吀涔嬩功/75-鍛ㄤ功/07-鍛ㄦ嚳鐜嬫斂鍏?md',
  '鏀垮吀涔嬩功/75-鍛ㄤ功/08-鍛ㄥ瓭鐜嬫斂鍏?md',
  '鏀垮吀涔嬩功/75-鍛ㄤ功/11-鍛ㄥ鐜嬫斂鍏?md',
  '鏀垮吀涔嬩功/75-鍛ㄤ功/10-鍛ㄥ帀鐜嬫斂鍏?md',
  '鏀垮吀涔嬩功/75-鍛ㄤ功/09-鍛ㄥし鐜嬫斂鍏?md',
  '鏀垮吀涔嬩功/75-鍛ㄤ功/12-鍛ㄥ菇鐜嬫斂鍏?md',
  '鏀垮吀涔嬩功/75-鍛ㄤ功/13-鍛ㄥ钩鐜嬫斂鍏?md',
  '鏀垮吀涔嬩功/75-鍛ㄤ功/17-鍛ㄦ儬鐜嬫斂鍏?md',
  '鏀垮吀涔嬩功/75-鍛ㄤ功/19-鍛ㄨ鐜嬫斂鍏?md',
  '鏀垮吀涔嬩功/75-鍛ㄤ功/22-鍛ㄥ畾鐜嬫斂鍏?md',
  '鏀垮吀涔嬩功/75-鍛ㄤ功/24-鍛ㄧ伒鐜嬫斂鍏?md',
  '鏀垮吀涔嬩功/75-鍛ㄤ功/23-鍛ㄧ畝鐜嬫斂鍏?md',
  '鏀垮吀涔嬩功/75-鍛ㄤ功/25-鍛ㄦ櫙鐜嬫斂鍏?md',
  '鏀垮吀涔嬩功/75-鍛ㄤ功/27-鍛ㄦ暚鐜嬫斂鍏?md',
  '鏀垮吀涔嬩功/77-绉︿功/01-绉﹀鐨囨斂鍏?md',
  '鏀垮吀涔嬩功/78-姹変功/02-姹夋枃甯濇斂鍏?md',
  '鏀垮吀涔嬩功/78-姹変功/04-姹夋甯濇斂鍏?md',
  '鏀垮吀涔嬩功/78-姹変功/03-姹夋櫙甯濇斂鍏?md',
  '鏀垮吀涔嬩功/82-鏄庝功/01-鏄庡お绁栨斂鍏?md',
  '鏀垮吀涔嬩功/83-娓呬功/01-娓呭お绁栨斂鍏?md',
  '鏀垮吀涔嬩功/83-娓呬功/02-娓呭お瀹楁斂鍏?md',
  '鏀垮吀涔嬩功/83-娓呬功/03-娓呬笘绁栨斂鍏?md',
  '鏀垮吀涔嬩功/83-娓呬功/08-娓呭瀹楁斂鍏?md',
  '鏀垮吀涔嬩功/83-娓呬功/11-娓呭痉瀹楁斂鍏?md',
  '鏀垮吀涔嬩功/83-娓呬功/12-娓呭缁熸斂鍏?md',
  '鏀垮吀涔嬩功/84-姘戜功/02-鍚岀洘浼氭斂鍏?md',
  '鏀垮吀涔嬩功/84-姘戜功/01-鍥界埗瀛欎腑灞辨斂鍏?md',
  '鏀垮吀涔嬩功/84-姘戜功/03-涓崕姘戝浗鍐涙斂搴滄斂鍏?md',
  '鏀垮吀涔嬩功/84-姘戜功/05-涓浗鍥芥皯鍏氬厛鎬荤悊瀛欓€镐粰鏀垮吀.md',
  '鏀垮吀涔嬩功/84-姘戜功/04-涓崕姘戝浗涓存椂鏀垮簻鏀垮吀.md',
  '鏀垮吀涔嬩功/84-姘戜功/06-涓浗鍥芥皯鍏氳拫涓鏀垮吀.md',
  '鎬濇兂娴?椹厠鎬濅富涔?椹厠鎬濅富涔夋枃搴?md',
  '鏀垮吀涔嬩功/75-鍛ㄤ功/02-榻愯/16-榻愭亽鍏.md',
  '鏀垮吀涔嬩功/75-鍛ㄤ功/03-鏅嬭/01-鏅嬫鍏.md',
  '鏀垮吀涔嬩功/75-鍛ㄤ功/03-鏅嬭/03-鏅嬫儬鍏.md',
  '鏀垮吀涔嬩功/75-鍛ㄤ功/03-鏅嬭/04-鏅嬫枃鍏.md',
  '鏀垮吀涔嬩功/75-鍛ㄤ功/03-鏅嬭/02-鏅嬬尞鍏.md',
  '鏀垮吀涔嬩功/75-鍛ㄤ功/03-鏅嬭/06-鏅嬬伒鍏.md',
  '鏀垮吀涔嬩功/75-鍛ㄤ功/03-鏅嬭/05-鏅嬭鍏.md',
  '鏀垮吀涔嬩功/75-鍛ㄤ功/03-鏅嬭/07-鏅嬫垚鍏.md',
  '鏀垮吀涔嬩功/75-鍛ㄤ功/03-鏅嬭/08-鏅嬫櫙鍏.md',
  '鏀垮吀涔嬩功/75-鍛ㄤ功/03-鏅嬭/09-鏅嬪帀鍏.md',
  '鏀垮吀涔嬩功/75-鍛ㄤ功/03-鏅嬭/10-鏅嬫偧鍏.md',
  '鏀垮吀涔嬩功/75-鍛ㄤ功/03-鏅嬭/11-鏅嬪钩鍏.md',
  '鏀垮吀涔嬩功/75-鍛ㄤ功/03-鏅嬭/13-鏅嬮》鍏.md',
  '鏀垮吀涔嬩功/75-鍛ㄤ功/03-鏅嬭/15-鏅嬪嚭鍏.md',
  '鏀垮吀涔嬩功/75-鍛ㄤ功/03-鏅嬭/12-鏅嬫槶鍏.md',
  '鏀垮吀涔嬩功/75-鍛ㄤ功/03-鏅嬭/14-鏅嬪畾鍏.md',
  '鏀垮吀涔嬩功/75-鍛ㄤ功/04-閮戣/01-閮戞亽鍏.md',
  '鏀垮吀涔嬩功/75-鍛ㄤ功/03-鏅嬭/16-鏅嬭“鍏.md',
  '鏀垮吀涔嬩功/75-鍛ㄤ功/05-妤氳/23-妤氬叡鐜嬭.md',
  '鏀垮吀涔嬩功/75-鍛ㄤ功/05-妤氳/22-妤氬簞鐜嬭.md',
  '鏀垮吀涔嬩功/75-鍛ㄤ功/05-妤氳/30-妤氭儬鐜嬭.md',
  '鏀垮吀涔嬩功/75-鍛ㄤ功/05-妤氳/26-妤氱伒鐜嬭.md',
  '鏀垮吀涔嬩功/75-鍛ㄤ功/05-妤氳/29-妤氭槶鐜嬭.md',
  '鏀垮吀涔嬩功/75-鍛ㄤ功/01-椴佽/01-椴佷警浼璇?md',
  '鏀垮吀涔嬩功/75-鍛ㄤ功/01-椴佽/16-椴佸簞鍏.md',
  '鏀垮吀涔嬩功/75-鍛ㄤ功/05-妤氳/24-妤氬悍鐜嬭.md',
  '鏀垮吀涔嬩功/75-鍛ㄤ功/01-椴佽/18-椴佸儢鍏.md',
  '鏀垮吀涔嬩功/75-鍛ㄤ功/01-椴佽/19-椴佹枃鍏.md',
  '鏀垮吀涔嬩功/75-鍛ㄤ功/01-椴佽/20-椴佸鍏.md',
  '鏀垮吀涔嬩功/75-鍛ㄤ功/01-椴佽/21-椴佹垚鍏.md',
  '鏀垮吀涔嬩功/75-鍛ㄤ功/01-椴佽/22-椴佽鍏.md',
  '鏀垮吀涔嬩功/75-鍛ㄤ功/01-椴佽/23-椴佹槶鍏.md',
  '鏀垮吀涔嬩功/75-鍛ㄤ功/01-椴佽/24-椴佸畾鍏.md',
  '鏀垮吀涔嬩功/75-鍛ㄤ功/01-椴佽/25-椴佸搥鍏.md',
  '鏀垮吀涔嬩功/75-鍛ㄤ功/06-鍚磋/01-鍚寸帇澶樊璇?md',
  '鏀垮吀涔嬩功/75-鍛ㄤ功/07-瓒婅/25-瓒婄帇鍙ヨ返璇?md',
  '鏀垮吀涔嬩功/85-鍏变功/01-鏀垮吀/01-涓浗鍏变骇鍏氭斂鍏?md',
  '鏀垮吀涔嬩功/75-鍛ㄤ功/08-绉﹁/01-绉︾﹩鍏.md',
  '鏀垮吀涔嬩功/85-鍏变功/02-璇綍/01-姣涙辰涓滆/姣涙辰涓滆憲浣滈泦.md',
  ... 1 more item
]
Built directory tree: {
  '鏀垮吀涔嬩功': {
    type: 'directory',
    children: {
      '63-鏄婂ぉ鍧?: [Object],
      '61-鐕уぉ鍧?: [Object],
      '65-鐐庡ぉ鍧?: [Object],
      '66-榛勫ぉ涔?: [Object],
      '69-鍠惧ぉ涔?: [Object],
      '70-鎸氬ぉ涔?: [Object],
      '68-棰涢〖涔?: [Object],
      '71-灏уぉ涔?: [Object],
      '72-铏炰功': [Object],
      '73-澶忎功': [Object],
      '74-鍟嗕功': [Object],
      '75-鍛ㄤ功': [Object],
      '77-绉︿功': [Object],
      '78-姹変功': [Object],
      '82-鏄庝功': [Object],
      '83-娓呬功': [Object],
      '84-姘戜功': [Object],
      '85-鍏变功': [Object]
    }
  },
  '鎬濇兂娴?: { type: 'directory', children: { '椹厠鎬濅富涔?: [Object] } }
}
Directory tree: {
  '鏀垮吀涔嬩功': {
    type: 'directory',
    children: {
      '63-鏄婂ぉ鍧?: [Object],
      '61-鐕уぉ鍧?: [Object],
      '65-鐐庡ぉ鍧?: [Object],
      '66-榛勫ぉ涔?: [Object],
      '69-鍠惧ぉ涔?: [Object],
      '70-鎸氬ぉ涔?: [Object],
      '68-棰涢〖涔?: [Object],
      '71-灏уぉ涔?: [Object],
      '72-铏炰功': [Object],
      '73-澶忎功': [Object],
      '74-鍟嗕功': [Object],
      '75-鍛ㄤ功': [Object],
      '77-绉︿功': [Object],
      '78-姹変功': [Object],
      '82-鏄庝功': [Object],
      '83-娓呬功': [Object],
      '84-姘戜功': [Object],
      '85-鍏变功': [Object]
    }
  },
  '鎬濇兂娴?: { type: 'directory', children: { '椹厠鎬濅富涔?: [Object] } }
}
Directory tree has keys: [ '鏀垮吀涔嬩功', '鎬濇兂娴? ]
 [2m(+9ms)[22m
[2m10:07:05[22m   [34m鈹斺攢[39m [2m/涓讳綋涓庢湭鏉?index.html[22m涓讳綋涓庢湭鏉?articles: [ '娴嬭瘯鏂囦欢澶?娴嬭瘯鏂囩珷.md' ]
Built directory tree: { '娴嬭瘯鏂囦欢澶?: { type: 'directory', children: { '娴嬭瘯鏂囩珷': [Object] } } }
Directory tree: { '娴嬭瘯鏂囦欢澶?: { type: 'directory', children: { '娴嬭瘯鏂囩珷': [Object] } } }
Directory tree has keys: [ '娴嬭瘯鏂囦欢澶? ]
 [2m(+3ms)[22m
[2m10:07:05[22m [32m鈻?[39m src/pages/index.astro
[2m10:07:05[22m   [34m鈹斺攢[39m [2m/index.html[22m [2m(+2ms)[22m
[2m10:07:05[22m [32m鉁?Completed in 2.98s.
[39m
[2m10:07:05[22m [34m[build][39m Rearranging server assets...
[2m10:07:05[22m [34m[build][39m Server built in [1m10.40s[22m
[2m10:07:05[22m [34m[build][39m [1mComplete![22m
